[INFO][AppLauncher]: Using device: cuda:0
[INFO][AppLauncher]: Loading experience file: /workspace/isaaclab/apps/isaaclab.python.headless.kit
stage= /root/gpufree-data/tandem_hrl_620d798/source/quadruped_arm/quadruped_arm/robots/assets/quadruped_arm_V3.usd
default_prim= /quadruped_arm
prim= /quadruped_arm/joints type= Scope body0= [] body1= [] axis= None joint_pos= None joint_vel= None
prim= /quadruped_arm/joints/FL_hip_joint type= PhysicsRevoluteJoint body0= ['/quadruped_arm/base'] body1= ['/quadruped_arm/FL_hip'] axis= X joint_pos= 0.0 joint_vel= 0.0
  attr= drive:angular:physics:damping value= 0.7171396017074585
  attr= drive:angular:physics:maxForce value= 200.0
  attr= drive:angular:physics:stiffness value= 1792.8489990234375
  attr= drive:angular:physics:targetPosition value= 0.0
  attr= drive:angular:physics:targetVelocity value= 0.0
  attr= drive:angular:physics:type value= force
  attr= physics:lowerLimit value= -49.84732437133789
  attr= physics:upperLimit value= 49.84732437133789
  attr= physxJoint:maxJointVelocity value= 1317.8028564453125
  attr= state:angular:physics:velocity value= 0.0
prim= /quadruped_arm/joints/FL_thigh_joint type= PhysicsRevoluteJoint body0= ['/quadruped_arm/FL_hip'] body1= ['/quadruped_arm/FL_thigh'] axis= Y joint_pos= 0.0 joint_vel= 0.0
  attr= drive:angular:physics:damping value= 0.4392099976539612
  attr= drive:angular:physics:maxForce value= 200.0
  attr= drive:angular:physics:stiffness value= 1098.0250244140625
  attr= drive:angular:physics:targetPosition value= 0.0
  attr= drive:angular:physics:targetVelocity value= 0.0
  attr= drive:angular:physics:type value= force
  attr= physics:lowerLimit value= -5385.802734375
  attr= physics:upperLimit value= 268.7171936035156
  attr= physxJoint:maxJointVelocity value= 1317.8028564453125
  attr= state:angular:physics:velocity value= 0.0
prim= /quadruped_arm/joints/FL_calf_joint type= PhysicsRevoluteJoint body0= ['/quadruped_arm/FL_thigh'] body1= ['/quadruped_arm/FL_calf'] axis= Y joint_pos= 0.0 joint_vel= 0.0
  attr= drive:angular:physics:damping value= 0.40784722566604614
  attr= drive:angular:physics:maxForce value= 320.0
  attr= drive:angular:physics:stiffness value= 1019.6180419921875
  attr= drive:angular:physics:targetPosition value= 0.0
  attr= drive:angular:physics:targetVelocity value= 0.0
  attr= drive:angular:physics:type value= force
  attr= physics:lowerLimit value= -161.57408142089844
  attr= physics:upperLimit value= -24.637184143066406
  attr= physxJoint:maxJointVelocity value= 802.140869140625
  attr= state:angular:physics:velocity value= 0.0
prim= /quadruped_arm/joints/FL_foot_wheel_joint type= PhysicsRevoluteJoint body0= ['/quadruped_arm/FL_calf'] body1= ['/quadruped_arm/FL_foot'] axis= Y joint_pos= None joint_vel= None
  attr= drive:angular:physics:damping value= 0.03987564519047737
  attr= drive:angular:physics:maxForce value= 3.4028234663852886e+38
  attr= drive:angular:physics:stiffness value= 99.68911743164062
  attr= drive:angular:physics:targetPosition value= 0.0
  attr= drive:angular:physics:targetVelocity value= 0.0
  attr= drive:angular:physics:type value= force
  attr= physics:lowerLimit value= -inf
  attr= physics:upperLimit value= inf
  attr= physxJoint:maxJointVelocity value= inf
prim= /quadruped_arm/joints/FR_hip_joint type= PhysicsRevoluteJoint body0= ['/quadruped_arm/base'] body1= ['/quadruped_arm/FR_hip'] axis= X joint_pos= 0.0 joint_vel= 0.0
  attr= drive:angular:physics:damping value= 0.7118923664093018
  attr= drive:angular:physics:maxForce value= 200.0
  attr= drive:angular:physics:stiffness value= 1779.73095703125
  attr= drive:angular:physics:targetPosition value= 0.0
  attr= drive:angular:physics:targetVelocity value= 0.0
  attr= drive:angular:physics:type value= force
  attr= physics:lowerLimit value= -49.84732437133789
  attr= physics:upperLimit value= 49.84732437133789
  attr= physxJoint:maxJointVelocity value= 1317.8028564453125
  attr= state:angular:physics:velocity value= 0.0
prim= /quadruped_arm/joints/FR_thigh_joint type= PhysicsRevoluteJoint body0= ['/quadruped_arm/FR_hip'] body1= ['/quadruped_arm/FR_thigh'] axis= Y joint_pos= 0.0 joint_vel= 0.0
  attr= drive:angular:physics:damping value= 0.43557247519493103
  attr= drive:angular:physics:maxForce value= 200.0
  attr= drive:angular:physics:stiffness value= 1088.93115234375
  attr= drive:angular:physics:targetPosition value= 0.0
  attr= drive:angular:physics:targetVelocity value= 0.0
  attr= drive:angular:physics:type value= force
  attr= physics:lowerLimit value= -5385.802734375
  attr= physics:upperLimit value= 268.7171936035156
  attr= physxJoint:maxJointVelocity value= 1317.8028564453125
  attr= state:angular:physics:velocity value= 0.0
prim= /quadruped_arm/joints/FR_calf_joint type= PhysicsRevoluteJoint body0= ['/quadruped_arm/FR_thigh'] body1= ['/quadruped_arm/FR_calf'] axis= Y joint_pos= 0.0 joint_vel= 0.0
  attr= drive:angular:physics:damping value= 0.4079848527908325
  attr= drive:angular:physics:maxForce value= 320.0
  attr= drive:angular:physics:stiffness value= 1019.9620971679688
  attr= drive:angular:physics:targetPosition value= 0.0
  attr= drive:angular:physics:targetVelocity value= 0.0
  attr= drive:angular:physics:type value= force
  attr= physics:lowerLimit value= -161.57408142089844
  attr= physics:upperLimit value= -24.637184143066406
  attr= physxJoint:maxJointVelocity value= 802.140869140625
  attr= state:angular:physics:velocity value= 0.0
prim= /quadruped_arm/joints/FR_foot_wheel_joint type= PhysicsRevoluteJoint body0= ['/quadruped_arm/FR_calf'] body1= ['/quadruped_arm/FR_foot'] axis= Y joint_pos= None joint_vel= None
  attr= drive:angular:physics:damping value= 0.039875999093055725
  attr= drive:angular:physics:maxForce value= 3.4028234663852886e+38
  attr= drive:angular:physics:stiffness value= 99.68999481201172
  attr= drive:angular:physics:targetPosition value= 0.0
  attr= drive:angular:physics:targetVelocity value= 0.0
  attr= drive:angular:physics:type value= force
  attr= physics:lowerLimit value= -inf
  attr= physics:upperLimit value= inf
  attr= physxJoint:maxJointVelocity value= inf
prim= /quadruped_arm/joints/RL_hip_joint type= PhysicsRevoluteJoint body0= ['/quadruped_arm/base'] body1= ['/quadruped_arm/RL_hip'] axis= X joint_pos= 0.0 joint_vel= 0.0
  attr= drive:angular:physics:damping value= 0.7182188034057617
  attr= drive:angular:physics:maxForce value= 200.0
  attr= drive:angular:physics:stiffness value= 1795.547119140625
  attr= drive:angular:physics:targetPosition value= 0.0
  attr= drive:angular:physics:targetVelocity value= 0.0
  attr= drive:angular:physics:type value= force
  attr= physics:lowerLimit value= -49.84732437133789
  attr= physics:upperLimit value= 49.84732437133789
  attr= physxJoint:maxJointVelocity value= 1317.8028564453125
  attr= state:angular:physics:velocity value= 0.0
prim= /quadruped_arm/joints/RL_thigh_joint type= PhysicsRevoluteJoint body0= ['/quadruped_arm/RL_hip'] body1= ['/quadruped_arm/RL_thigh'] axis= Y joint_pos= 0.0 joint_vel= 0.0
  attr= drive:angular:physics:damping value= 0.4394327700138092
  attr= drive:angular:physics:maxForce value= 200.0
  attr= drive:angular:physics:stiffness value= 1098.5819091796875
  attr= drive:angular:physics:targetPosition value= 0.0
  attr= drive:angular:physics:targetVelocity value= 0.0
  attr= drive:angular:physics:type value= force
  attr= physics:lowerLimit value= -5385.802734375
  attr= physics:upperLimit value= 268.7171936035156
  attr= physxJoint:maxJointVelocity value= 1317.8028564453125
  attr= state:angular:physics:velocity value= 0.0
prim= /quadruped_arm/joints/RL_calf_joint type= PhysicsRevoluteJoint body0= ['/quadruped_arm/RL_thigh'] body1= ['/quadruped_arm/RL_calf'] axis= Y joint_pos= 0.0 joint_vel= 0.0
  attr= drive:angular:physics:damping value= 0.40795156359672546
  attr= drive:angular:physics:maxForce value= 320.0
  attr= drive:angular:physics:stiffness value= 1019.8788452148438
  attr= drive:angular:physics:targetPosition value= 0.0
  attr= drive:angular:physics:targetVelocity value= 0.0
  attr= drive:angular:physics:type value= force
  attr= physics:lowerLimit value= -161.57408142089844
  attr= physics:upperLimit value= -24.637184143066406
  attr= physxJoint:maxJointVelocity value= 802.140869140625
  attr= state:angular:physics:velocity value= 0.0
prim= /quadruped_arm/joints/RL_foot_wheel_joint type= PhysicsRevoluteJoint body0= ['/quadruped_arm/RL_calf'] body1= ['/quadruped_arm/RL_foot'] axis= Y joint_pos= None joint_vel= None
  attr= drive:angular:physics:damping value= 0.03987589851021767
  attr= drive:angular:physics:maxForce value= 3.4028234663852886e+38
  attr= drive:angular:physics:stiffness value= 99.68974304199219
  attr= drive:angular:physics:targetPosition value= 0.0
  attr= drive:angular:physics:targetVelocity value= 0.0
  attr= drive:angular:physics:type value= force
  attr= physics:lowerLimit value= -inf
  attr= physics:upperLimit value= inf
  attr= physxJoint:maxJointVelocity value= inf
prim= /quadruped_arm/joints/RR_hip_joint type= PhysicsRevoluteJoint body0= ['/quadruped_arm/base'] body1= ['/quadruped_arm/RR_hip'] axis= X joint_pos= 0.0 joint_vel= 0.0
  attr= drive:angular:physics:damping value= 0.7129482626914978
  attr= drive:angular:physics:maxForce value= 200.0
  attr= drive:angular:physics:stiffness value= 1782.37060546875
  attr= drive:angular:physics:targetPosition value= 0.0
  attr= drive:angular:physics:targetVelocity value= 0.0
  attr= drive:angular:physics:type value= force
  attr= physics:lowerLimit value= -49.84732437133789
  attr= physics:upperLimit value= 49.84732437133789
  attr= physxJoint:maxJointVelocity value= 1317.8028564453125
  attr= state:angular:physics:velocity value= 0.0
prim= /quadruped_arm/joints/RR_thigh_joint type= PhysicsRevoluteJoint body0= ['/quadruped_arm/RR_hip'] body1= ['/quadruped_arm/RR_thigh'] axis= Y joint_pos= 0.0 joint_vel= 0.0
  attr= drive:angular:physics:damping value= 0.43578723073005676
  attr= drive:angular:physics:maxForce value= 200.0
  attr= drive:angular:physics:stiffness value= 1089.4681396484375
  attr= drive:angular:physics:targetPosition value= 0.0
  attr= drive:angular:physics:targetVelocity value= 0.0
  attr= drive:angular:physics:type value= force
  attr= physics:lowerLimit value= -5385.802734375
  attr= physics:upperLimit value= 268.7171936035156
  attr= physxJoint:maxJointVelocity value= 1317.8028564453125
  attr= state:angular:physics:velocity value= 0.0
prim= /quadruped_arm/joints/RR_calf_joint type= PhysicsRevoluteJoint body0= ['/quadruped_arm/RR_thigh'] body1= ['/quadruped_arm/RR_calf'] axis= Y joint_pos= 0.0 joint_vel= 0.0
  attr= drive:angular:physics:damping value= 0.4080878794193268
  attr= drive:angular:physics:maxForce value= 320.0
  attr= drive:angular:physics:stiffness value= 1020.2197265625
  attr= drive:angular:physics:targetPosition value= 0.0
  attr= drive:angular:physics:targetVelocity value= 0.0
  attr= drive:angular:physics:type value= force
  attr= physics:lowerLimit value= -161.57408142089844
  attr= physics:upperLimit value= -24.637184143066406
  attr= physxJoint:maxJointVelocity value= 802.140869140625
  attr= state:angular:physics:velocity value= 0.0
prim= /quadruped_arm/joints/RR_foot_wheel_joint type= PhysicsRevoluteJoint body0= ['/quadruped_arm/RR_calf'] body1= ['/quadruped_arm/RR_foot'] axis= Y joint_pos= None joint_vel= None
  attr= drive:angular:physics:damping value= 0.03987624868750572
  attr= drive:angular:physics:maxForce value= 3.4028234663852886e+38
  attr= drive:angular:physics:stiffness value= 99.69062042236328
  attr= drive:angular:physics:targetPosition value= 0.0
  attr= drive:angular:physics:targetVelocity value= 0.0
  attr= drive:angular:physics:type value= force
  attr= physics:lowerLimit value= -inf
  attr= physics:upperLimit value= inf
  attr= physxJoint:maxJointVelocity value= inf
prim= /quadruped_arm/joints/joint1 type= PhysicsRevoluteJoint body0= ['/quadruped_arm/base'] body1= ['/quadruped_arm/link1'] axis= Z joint_pos= 0.0 joint_vel= 0.0
  attr= drive:angular:physics:damping value= 0.07755757868289948
  attr= drive:angular:physics:maxForce value= 100.0
  attr= drive:angular:physics:stiffness value= 193.89395141601562
  attr= drive:angular:physics:targetPosition value= 0.0
  attr= drive:angular:physics:targetVelocity value= 0.0
  attr= drive:angular:physics:type value= force
  attr= physics:lowerLimit value= -150.00035095214844
  attr= physics:upperLimit value= 150.00035095214844
  attr= physxJoint:maxJointVelocity value= 286.4788818359375
  attr= state:angular:physics:velocity value= 0.0
prim= /quadruped_arm/joints/joint2 type= PhysicsRevoluteJoint body0= ['/quadruped_arm/link1'] body1= ['/quadruped_arm/link2'] axis= Z joint_pos= 0.0 joint_vel= 0.0
  attr= drive:angular:physics:damping value= 0.051619961857795715
  attr= drive:angular:physics:maxForce value= 100.0
  attr= drive:angular:physics:stiffness value= 129.04991149902344
  attr= drive:angular:physics:targetPosition value= 0.0
  attr= drive:angular:physics:targetVelocity value= 0.0
  attr= drive:angular:physics:type value= force
  attr= physics:lowerLimit value= -inf
  attr= physics:upperLimit value= inf
  attr= physxJoint:maxJointVelocity value= 286.4788818359375
  attr= state:angular:physics:velocity value= 0.0
prim= /quadruped_arm/joints/joint3 type= PhysicsRevoluteJoint body0= ['/quadruped_arm/link2'] body1= ['/quadruped_arm/link3'] axis= Z joint_pos= 0.0 joint_vel= 0.0
  attr= drive:angular:physics:damping value= 0.014147809706628323
  attr= drive:angular:physics:maxForce value= 100.0
  attr= drive:angular:physics:stiffness value= 35.36952590942383
  attr= drive:angular:physics:targetPosition value= 0.0
  attr= drive:angular:physics:targetVelocity value= 0.0
  attr= drive:angular:physics:type value= force
  attr= physics:lowerLimit value= -169.99656677246094
  attr= physics:upperLimit value= 0.0
  attr= physxJoint:maxJointVelocity value= 286.4788818359375
  attr= state:angular:physics:velocity value= 0.0
prim= /quadruped_arm/joints/joint4 type= PhysicsRevoluteJoint body0= ['/quadruped_arm/link3'] body1= ['/quadruped_arm/link4'] axis= Z joint_pos= 0.0 joint_vel= 0.0
  attr= drive:angular:physics:damping value= 0.04760254919528961
  attr= drive:angular:physics:maxForce value= 100.0
  attr= drive:angular:physics:stiffness value= 119.0063705444336
  attr= drive:angular:physics:targetPosition value= 0.0
  attr= drive:angular:physics:targetVelocity value= 0.0
  attr= drive:angular:physics:type value= force
  attr= physics:lowerLimit value= -99.98113250732422
  attr= physics:upperLimit value= 99.98113250732422
  attr= physxJoint:maxJointVelocity value= 286.4788818359375
  attr= state:angular:physics:velocity value= 0.0
prim= /quadruped_arm/joints/joint5 type= PhysicsRevoluteJoint body0= ['/quadruped_arm/link4'] body1= ['/quadruped_arm/link5'] axis= Z joint_pos= 0.0 joint_vel= 0.0
  attr= drive:angular:physics:damping value= 0.004120646044611931
  attr= drive:angular:physics:maxForce value= 100.0
  attr= drive:angular:physics:stiffness value= 10.301615715026855
  attr= drive:angular:physics:targetPosition value= 0.0
  attr= drive:angular:physics:targetVelocity value= 0.0
  attr= drive:angular:physics:type value= force
  attr= physics:lowerLimit value= -69.90084838867188
  attr= physics:upperLimit value= 69.90084838867188
  attr= physxJoint:maxJointVelocity value= 286.4788818359375
  attr= state:angular:physics:velocity value= 0.0
prim= /quadruped_arm/joints/joint6 type= PhysicsRevoluteJoint body0= ['/quadruped_arm/link5'] body1= ['/quadruped_arm/link6'] axis= Z joint_pos= 0.0 joint_vel= 0.0
  attr= drive:angular:physics:damping value= 0.0032830643467605114
  attr= drive:angular:physics:maxForce value= 100.0
  attr= drive:angular:physics:stiffness value= 8.207660675048828
  attr= drive:angular:physics:targetPosition value= 0.0
  attr= drive:angular:physics:targetVelocity value= 0.0
  attr= drive:angular:physics:type value= force
  attr= physics:lowerLimit value= -120.0002670288086
  attr= physics:upperLimit value= 120.0002670288086
  attr= physxJoint:maxJointVelocity value= 171.8873291015625
  attr= state:angular:physics:velocity value= 0.0
prim= /quadruped_arm/joints/joint7 type= PhysicsPrismaticJoint body0= ['/quadruped_arm/link6'] body1= ['/quadruped_arm/link7'] axis= Z joint_pos= None joint_vel= None
  attr= drive:linear:physics:damping value= 8.42945883050561e-05
  attr= drive:linear:physics:maxForce value= 10.0
  attr= drive:linear:physics:stiffness value= 0.2107364535331726
  attr= drive:linear:physics:targetPosition value= 0.0
  attr= drive:linear:physics:targetVelocity value= 0.0
  attr= drive:linear:physics:type value= force
  attr= physics:lowerLimit value= 0.0
  attr= physics:upperLimit value= 0.03500000014901161
  attr= physxJoint:maxJointVelocity value= 1.0
  attr= state:linear:physics:velocity value= 0.0
prim= /quadruped_arm/joints/joint8 type= PhysicsPrismaticJoint body0= ['/quadruped_arm/link6'] body1= ['/quadruped_arm/link8'] axis= Z joint_pos= None joint_vel= None
  attr= drive:linear:physics:damping value= 8.514773071510717e-05
  attr= drive:linear:physics:maxForce value= 10.0
  attr= drive:linear:physics:stiffness value= 0.212869331240654
  attr= drive:linear:physics:targetPosition value= 0.0
  attr= drive:linear:physics:targetVelocity value= 0.0
  attr= drive:linear:physics:type value= force
  attr= physics:lowerLimit value= -0.03500000014901161
  attr= physics:upperLimit value= 0.0
  attr= physxJoint:maxJointVelocity value= 1.0
  attr= state:linear:physics:velocity value= 0.0
prim= /quadruped_arm/FL_foot type= Xform body0= [] body1= [] axis= None joint_pos= None joint_vel= None
  attr= physics:angularVelocity value= (0, 0, 0)
  attr= physics:velocity value= (0, 0, 0)
  mass= 0.9179999828338623 diag_inertia= (0.00058752, 0.00058752, 0.00058752) com= (-inf, -inf, -inf)
  rigid_body= True kinematic= False
prim= /quadruped_arm/FR_foot type= Xform body0= [] body1= [] axis= None joint_pos= None joint_vel= None
  attr= physics:angularVelocity value= (0, 0, 0)
  attr= physics:velocity value= (0, 0, 0)
  mass= 0.9179999828338623 diag_inertia= (0.00058752, 0.00058752, 0.00058752) com= (-inf, -inf, -inf)
  rigid_body= True kinematic= False
prim= /quadruped_arm/RL_foot type= Xform body0= [] body1= [] axis= None joint_pos= None joint_vel= None
  attr= physics:angularVelocity value= (0, 0, 0)
  attr= physics:velocity value= (0, 0, 0)
  mass= 0.9179999828338623 diag_inertia= (0.00058752, 0.00058752, 0.00058752) com= (-inf, -inf, -inf)
  rigid_body= True kinematic= False
prim= /quadruped_arm/RR_foot type= Xform body0= [] body1= [] axis= None joint_pos= None joint_vel= None
  attr= physics:angularVelocity value= (0, 0, 0)
  attr= physics:velocity value= (0, 0, 0)
  mass= 0.9179999828338623 diag_inertia= (0.00058752, 0.00058752, 0.00058752) com= (-inf, -inf, -inf)
  rigid_body= True kinematic= False
prim= /visuals/FL_foot type= Xform body0= [] body1= [] axis= None joint_pos= None joint_vel= None
prim= /visuals/FL_foot/FL_foot type= Xform body0= [] body1= [] axis= None joint_pos= None joint_vel= None
prim= /visuals/FR_foot type= Xform body0= [] body1= [] axis= None joint_pos= None joint_vel= None
prim= /visuals/FR_foot/FR_foot type= Xform body0= [] body1= [] axis= None joint_pos= None joint_vel= None
prim= /visuals/RL_foot type= Xform body0= [] body1= [] axis= None joint_pos= None joint_vel= None
prim= /visuals/RL_foot/RL_foot type= Xform body0= [] body1= [] axis= None joint_pos= None joint_vel= None
prim= /visuals/RR_foot type= Xform body0= [] body1= [] axis= None joint_pos= None joint_vel= None
prim= /visuals/RR_foot/RR_foot type= Xform body0= [] body1= [] axis= None joint_pos= None joint_vel= None
prim= /colliders/FL_foot type= Xform body0= [] body1= [] axis= None joint_pos= None joint_vel= None
prim= /colliders/FL_foot/FL_foot type= Xform body0= [] body1= [] axis= None joint_pos= None joint_vel= None
prim= /colliders/FR_foot type= Xform body0= [] body1= [] axis= None joint_pos= None joint_vel= None
prim= /colliders/FR_foot/FR_foot type= Xform body0= [] body1= [] axis= None joint_pos= None joint_vel= None
prim= /colliders/RL_foot type= Xform body0= [] body1= [] axis= None joint_pos= None joint_vel= None
prim= /colliders/RL_foot/RL_foot type= Xform body0= [] body1= [] axis= None joint_pos= None joint_vel= None
prim= /colliders/RR_foot type= Xform body0= [] body1= [] axis= None joint_pos= None joint_vel= None
prim= /colliders/RR_foot/RR_foot type= Xform body0= [] body1= [] axis= None joint_pos= None joint_vel= None
prim= /meshes/FL_foot type= Xform body0= [] body1= [] axis= None joint_pos= None joint_vel= None
prim= /meshes/FR_foot type= Xform body0= [] body1= [] axis= None joint_pos= None joint_vel= None
prim= /meshes/RL_foot type= Xform body0= [] body1= [] axis= None joint_pos= None joint_vel= None
prim= /meshes/RR_foot type= Xform body0= [] body1= [] axis= None joint_pos= None joint_vel= None
Loading user config located at: '/isaac-sim/kit/data/Kit/Isaac-Sim/5.1/user.config.json'
[Info] [carb] Logging to file: /isaac-sim/kit/logs/Kit/Isaac-Sim/5.1/kit_20260817_221749.log
2026-08-17T14:17:49Z [511ms] [Warning] [omni.usd_config.extension] Enable omni.materialx.libs extension to use MaterialX
2026-08-17T14:17:50Z [1,068ms] [Warning] [carb] Acquiring non optional plugin interface which is not listed as dependency: [omni::physx::IPhysxBenchmarks v1.0] (plugin: <default plugin>), by client: omni.physics.physx.plugin. Add it to CARB_PLUGIN_IMPL_DEPS() macro of a client.
2026-08-17T14:17:50Z [1,357ms] [Warning] [omni.isaac.dynamic_control] omni.isaac.dynamic_control is deprecated as of Isaac Sim 4.5. No action is needed from end-users.

|---------------------------------------------------------------------------------------------|
| Driver Version: 580.126.09    | Graphics API: Vulkan
|=============================================================================================|
| GPU | Name                             | Active | LDA | GPU Memory | Vendor-ID | LUID       |
|     |                                  |        |     |            | Device-ID | UUID       |
|     |                                  |        |     |            | Bus-ID    |            |
|---------------------------------------------------------------------------------------------|
| 0   | NVIDIA L40                       | Yes: 0 |     | 46068   MB | 10de      | 0          |
|     |                                  |        |     |            | 26b5      | c3c5dcf0.. |
|     |                                  |        |     |            | 37        |            |
|=============================================================================================|
| OS: 24.04.3 LTS (Noble Numbat) ubuntu, Version: 24.04.3, Kernel: 5.15.0-168-generic
| XServer Vendor: The X.Org Foundation, XServer Version: 12101011 (1.21.1.11)
| Processor: Intel(R) Xeon(R) Platinum 8358 CPU @ 2.60GHz
| Bare Metal Cores: 64 | Bare Metal Logical Cores: 128
| Core Usage Quota: 14
|---------------------------------------------------------------------------------------------|
| Total Memory (MB): 122880 | Free Memory: 120356
| Total Page/Swap (MB): 0 | Free Page/Swap: 0
|---------------------------------------------------------------------------------------------|
2026-08-17T14:17:54Z [5,250ms] [Warning] [gpu.foundation.plugin] ECC is enabled on physical device 0
