[INFO][AppLauncher]: Using device: cuda:0
[INFO][AppLauncher]: Loading experience file: /workspace/isaaclab/apps/isaaclab.python.headless.kit
stage /root/gpufree-data/tandem_hrl_620d798/source/quadruped_arm/quadruped_arm/robots/assets/quadruped_arm_V3_tandem_inertia.usd
default /quadruped_arm
root_children ['/World', '/Environment', '/Render', '/physicsScene', '/quadruped_arm', '/visuals', '/colliders', '/meshes']
target /quadruped_arm valid True type Xform children ['/quadruped_arm/Looks', '/quadruped_arm/joints', '/quadruped_arm/base', '/quadruped_arm/FL_hip', '/quadruped_arm/FL_thigh', '/quadruped_arm/FL_calf', '/quadruped_arm/FL_foot', '/quadruped_arm/FR_hip', '/quadruped_arm/FR_thigh', '/quadruped_arm/FR_calf', '/quadruped_arm/FR_foot', '/quadruped_arm/RL_hip', '/quadruped_arm/RL_thigh', '/quadruped_arm/RL_calf', '/quadruped_arm/RL_foot', '/quadruped_arm/RR_hip', '/quadruped_arm/RR_thigh', '/quadruped_arm/RR_calf', '/quadruped_arm/RR_foot', '/quadruped_arm/link1', '/quadruped_arm/link2', '/quadruped_arm/link3', '/quadruped_arm/link4', '/quadruped_arm/link5', '/quadruped_arm/link6', '/quadruped_arm/link7', '/quadruped_arm/link8']
target /quadruped_arm/FL_foot valid True type Xform children ['/quadruped_arm/FL_foot/visuals', '/quadruped_arm/FL_foot/collisions']
target /quadruped_arm/joints/FL_foot_wheel_joint valid True type PhysicsRevoluteJoint children []
target /colliders/FL_foot valid True type Xform children ['/colliders/FL_foot/FL_foot']
target /colliders/FL_foot/FL_foot valid True type Xform children ['/colliders/FL_foot/FL_foot/mesh']
joint FL axis Y body0 ['/quadruped_arm/FL_calf'] body1 ['/quadruped_arm/FL_foot'] localPos0 (0, 0, -0.35) localPos1 (0, 0, 0) localRot0 (1, 0, 0, 0) localRot1 (1, 0, 0, 0)
joint FR axis Y body0 ['/quadruped_arm/FR_calf'] body1 ['/quadruped_arm/FR_foot'] localPos0 (0, 0, -0.35) localPos1 (0, 0, 0) localRot0 (1, 0, 0, 0) localRot1 (1, 0, 0, 0)
joint RL axis Y body0 ['/quadruped_arm/RL_calf'] body1 ['/quadruped_arm/RL_foot'] localPos0 (0, 0, -0.35) localPos1 (0, 0, 0) localRot0 (1, 0, 0, 0) localRot1 (1, 0, 0, 0)
joint RR axis Y body0 ['/quadruped_arm/RR_calf'] body1 ['/quadruped_arm/RR_foot'] localPos0 (0, 0, -0.35) localPos1 (0, 0, 0) localRot0 (1, 0, 0, 0) localRot1 (1, 0, 0, 0)
prim /quadruped_arm/FL_foot type Xform active True radius None height None size None translate (0.32850000262260437, 0.19172999262809753, -0.6699999570846558) scale (1, 1, 1) rotateXYZ None orient (1, 0, 0, 0) xformOrder [xformOp:translate, xformOp:orient, xformOp:scale] body0 [] body1 []
prim /quadruped_arm/FL_foot/visuals type Xform active True radius None height None size None translate None scale None rotateXYZ None orient None xformOrder None body0 [] body1 []
prim /quadruped_arm/FL_foot/collisions type Xform active True radius None height None size None translate None scale None rotateXYZ None orient None xformOrder None body0 [] body1 []
prim /quadruped_arm/FR_foot type Xform active True radius None height None size None translate (0.32850000262260437, -0.19172999262809753, -0.6699999570846558) scale (1, 1, 1) rotateXYZ None orient (1, 0, 0, 0) xformOrder [xformOp:translate, xformOp:orient, xformOp:scale] body0 [] body1 []
prim /quadruped_arm/FR_foot/visuals type Xform active True radius None height None size None translate None scale None rotateXYZ None orient None xformOrder None body0 [] body1 []
prim /quadruped_arm/FR_foot/collisions type Xform active True radius None height None size None translate None scale None rotateXYZ None orient None xformOrder None body0 [] body1 []
prim /quadruped_arm/RL_foot type Xform active True radius None height None size None translate (-0.32850000262260437, 0.19172999262809753, -0.6699999570846558) scale (1, 1, 1) rotateXYZ None orient (1, 0, 0, 0) xformOrder [xformOp:translate, xformOp:orient, xformOp:scale] body0 [] body1 []
prim /quadruped_arm/RL_foot/visuals type Xform active True radius None height None size None translate None scale None rotateXYZ None orient None xformOrder None body0 [] body1 []
prim /quadruped_arm/RL_foot/collisions type Xform active True radius None height None size None translate None scale None rotateXYZ None orient None xformOrder None body0 [] body1 []
prim /quadruped_arm/RR_foot type Xform active True radius None height None size None translate (-0.32850000262260437, -0.19172999262809753, -0.6699999570846558) scale (1, 1, 1) rotateXYZ None orient (1, 0, 0, 0) xformOrder [xformOp:translate, xformOp:orient, xformOp:scale] body0 [] body1 []
prim /quadruped_arm/RR_foot/visuals type Xform active True radius None height None size None translate None scale None rotateXYZ None orient None xformOrder None body0 [] body1 []
prim /quadruped_arm/RR_foot/collisions type Xform active True radius None height None size None translate None scale None rotateXYZ None orient None xformOrder None body0 [] body1 []
prim /colliders/FL_foot type Xform active True radius None height None size None translate None scale None rotateXYZ None orient None xformOrder None body0 [] body1 []
prim /colliders/FL_foot/FL_foot type Xform active True radius None height None size None translate (0, 0, 0) scale (1, 1, 1) rotateXYZ None orient (1, 0, 0, 0) xformOrder [xformOp:translate, xformOp:orient, xformOp:scale] body0 [] body1 []
prim /colliders/FL_foot/FL_foot/mesh type Mesh active True points 22938 local_extent [(-0.112260506, -0.1121141, -0.068192534), (0.1135497, 0.113695905, -0.018192522)] radius None height None size None translate (0, 0, 0) scale (1, 1, 1) rotateXYZ None orient (0.70711, 0.70711, 0, 0) xformOrder [xformOp:translate, xformOp:orient, xformOp:scale] body0 [] body1 []
prim /colliders/FR_foot type Xform active True radius None height None size None translate None scale None rotateXYZ None orient None xformOrder None body0 [] body1 []
prim /colliders/FR_foot/FR_foot type Xform active True radius None height None size None translate (0, 0, 0) scale (1, 1, 1) rotateXYZ None orient (1, 0, 0, 0) xformOrder [xformOp:translate, xformOp:orient, xformOp:scale] body0 [] body1 []
prim /colliders/FR_foot/FR_foot/mesh type Mesh active True points 22218 local_extent [(-0.11228051, -0.11256951, 0.017617844), (0.11352961, 0.11324051, 0.067617856)] radius None height None size None translate (0, 0, 0) scale (1, 1, 1) rotateXYZ None orient (0.70711, 0.70711, 0, 0) xformOrder [xformOp:translate, xformOp:orient, xformOp:scale] body0 [] body1 []
prim /colliders/RL_foot type Xform active True radius None height None size None translate None scale None rotateXYZ None orient None xformOrder None body0 [] body1 []
prim /colliders/RL_foot/RL_foot type Xform active True radius None height None size None translate (0, 0, 0) scale (1, 1, 1) rotateXYZ None orient (1, 0, 0, 0) xformOrder [xformOp:translate, xformOp:orient, xformOp:scale] body0 [] body1 []
prim /colliders/RL_foot/RL_foot/mesh type Mesh active True points 22938 local_extent [(-0.112260506, -0.1121141, -0.068192534), (0.1135497, 0.113695905, -0.018192522)] radius None height None size None translate (0, 0, 0) scale (1, 1, 1) rotateXYZ None orient (0.70711, 0.70711, 0, 0) xformOrder [xformOp:translate, xformOp:orient, xformOp:scale] body0 [] body1 []
prim /colliders/RR_foot type Xform active True radius None height None size None translate None scale None rotateXYZ None orient None xformOrder None body0 [] body1 []
prim /colliders/RR_foot/RR_foot type Xform active True radius None height None size None translate (0, 0, 0) scale (1, 1, 1) rotateXYZ None orient (1, 0, 0, 0) xformOrder [xformOp:translate, xformOp:orient, xformOp:scale] body0 [] body1 []
prim /colliders/RR_foot/RR_foot/mesh type Mesh active True points 22218 local_extent [(-0.11228051, -0.11256951, 0.017617844), (0.11352961, 0.11324051, 0.067617856)] radius None height None size None translate (0, 0, 0) scale (1, 1, 1) rotateXYZ None orient (0.70711, 0.70711, 0, 0) xformOrder [xformOp:translate, xformOp:orient, xformOp:scale] body0 [] body1 []
prim /meshes/FL_foot type Xform active True radius None height None size None translate None scale None rotateXYZ None orient None xformOrder None body0 [] body1 []
prim /meshes/FL_foot/mesh type Mesh active True points 22938 local_extent [(-0.112260506, -0.1121141, -0.068192534), (0.1135497, 0.113695905, -0.018192522)] radius None height None size None translate (0, 0, 0) scale (1, 1, 1) rotateXYZ None orient (0.70711, 0.70711, 0, 0) xformOrder [xformOp:translate, xformOp:orient, xformOp:scale] body0 [] body1 []
prim /meshes/FR_foot type Xform active True radius None height None size None translate None scale None rotateXYZ None orient None xformOrder None body0 [] body1 []
prim /meshes/FR_foot/mesh type Mesh active True points 22218 local_extent [(-0.11228051, -0.11256951, 0.017617844), (0.11352961, 0.11324051, 0.067617856)] radius None height None size None translate (0, 0, 0) scale (1, 1, 1) rotateXYZ None orient (0.70711, 0.70711, 0, 0) xformOrder [xformOp:translate, xformOp:orient, xformOp:scale] body0 [] body1 []
prim /meshes/RL_foot type Xform active True radius None height None size None translate None scale None rotateXYZ None orient None xformOrder None body0 [] body1 []
prim /meshes/RL_foot/mesh type Mesh active True points 22938 local_extent [(-0.112260506, -0.1121141, -0.068192534), (0.1135497, 0.113695905, -0.018192522)] radius None height None size None translate (0, 0, 0) scale (1, 1, 1) rotateXYZ None orient (0.70711, 0.70711, 0, 0) xformOrder [xformOp:translate, xformOp:orient, xformOp:scale] body0 [] body1 []
prim /meshes/RR_foot type Xform active True radius None height None size None translate None scale None rotateXYZ None orient None xformOrder None body0 [] body1 []
prim /meshes/RR_foot/mesh type Mesh active True points 22218 local_extent [(-0.11228051, -0.11256951, 0.017617844), (0.11352961, 0.11324051, 0.067617856)] radius None height None size None translate (0, 0, 0) scale (1, 1, 1) rotateXYZ None orient (0.70711, 0.70711, 0, 0) xformOrder [xformOp:translate, xformOp:orient, xformOp:scale] body0 [] body1 []
matched_prim_count 32
mass FL_foot mass 0.9179999828338623 diag_inertia (0.00312, 0.00585, 0.00312) com (0.00064, 0.04319, 0.00079)
mass FR_foot mass 0.9179999828338623 diag_inertia (0.00312, 0.00585, 0.00312) com (0.00062, -0.04262, 0.00043)
mass RL_foot mass 0.9179999828338623 diag_inertia (0.00312, 0.00585, 0.00312) com (0.00064, 0.04319, 0.00079)
mass RR_foot mass 0.9179999828338623 diag_inertia (0.00312, 0.00585, 0.00312) com (0.00062, -0.04262, 0.00043)
Loading user config located at: '/isaac-sim/kit/data/Kit/Isaac-Sim/5.1/user.config.json'
[Info] [carb] Logging to file: /isaac-sim/kit/logs/Kit/Isaac-Sim/5.1/kit_20260818_025352.log
2026-08-17T18:53:52Z [434ms] [Warning] [omni.usd_config.extension] Enable omni.materialx.libs extension to use MaterialX
2026-08-17T18:53:53Z [958ms] [Warning] [carb] Acquiring non optional plugin interface which is not listed as dependency: [omni::physx::IPhysxBenchmarks v1.0] (plugin: <default plugin>), by client: omni.physics.physx.plugin. Add it to CARB_PLUGIN_IMPL_DEPS() macro of a client.
2026-08-17T18:53:53Z [1,236ms] [Warning] [omni.isaac.dynamic_control] omni.isaac.dynamic_control is deprecated as of Isaac Sim 4.5. No action is needed from end-users.

|---------------------------------------------------------------------------------------------|
| Driver Version: 580.126.09    | Graphics API: Vulkan
|=============================================================================================|
| GPU | Name                             | Active | LDA | GPU Memory | Vendor-ID | LUID       |
|     |                                  |        |     |            | Device-ID | UUID       |
|     |                                  |        |     |            | Bus-ID    |            |
|---------------------------------------------------------------------------------------------|
| 0   | NVIDIA L40                       | Yes: 0 |     | 46068   MB | 10de      | 0          |
|     |                                  |        |     |            | 26b5      | c3c5dcf0.. |
|     |                                  |        |     |            | 37        |            |
|=============================================================================================|
| OS: 24.04.3 LTS (Noble Numbat) ubuntu, Version: 24.04.3, Kernel: 5.15.0-168-generic
| XServer Vendor: The X.Org Foundation, XServer Version: 12101011 (1.21.1.11)
| Processor: Intel(R) Xeon(R) Platinum 8358 CPU @ 2.60GHz
| Bare Metal Cores: 64 | Bare Metal Logical Cores: 128
| Core Usage Quota: 14
|---------------------------------------------------------------------------------------------|
| Total Memory (MB): 122880 | Free Memory: 119571
| Total Page/Swap (MB): 0 | Free Page/Swap: 0
|---------------------------------------------------------------------------------------------|
2026-08-17T18:53:56Z [4,679ms] [Warning] [gpu.foundation.plugin] ECC is enabled on physical device 0
