Loading user config located at: '/isaac-sim/kit/data/Kit/Isaac-Sim/5.1/user.config.json'
[Info] [carb] Logging to file: /isaac-sim/kit/logs/Kit/Isaac-Sim/5.1/kit_20260818_045313.log
[0.055s] [ext: omni.kit.async_engine-0.0.3] startup
[0.524s] [ext: omni.metrics.core-0.0.3] startup
[0.524s] [ext: omni.client.lib-1.1.0] startup
[0.540s] [ext: omni.blobkey-1.1.2] startup
[0.540s] [ext: omni.stats-1.0.1] startup
[0.541s] [ext: omni.datastore-0.0.0] startup
[0.547s] [ext: omni.client-1.3.0] startup
[0.550s] [ext: omni.ujitso.default-1.0.0] startup
[0.552s] [ext: omni.hsscclient-1.1.2] startup
[0.558s] [ext: omni.gpu_foundation.shadercache.vulkan-1.0.0] startup
[0.560s] [ext: omni.assets.plugins-0.0.0] startup
[0.561s] [ext: omni.gpu_foundation-0.0.0] startup
[0.567s] [ext: carb.windowing.plugins-1.0.0] startup
[0.585s] [ext: omni.kit.renderer.init-0.0.0] startup

|---------------------------------------------------------------------------------------------|
| Driver Version: 580.126.09    | Graphics API: Vulkan
|=============================================================================================|
| GPU | Name                             | Active | LDA | GPU Memory | Vendor-ID | LUID       |
|     |                                  |        |     |            | Device-ID | UUID       |
|     |                                  |        |     |            | Bus-ID    |            |
|---------------------------------------------------------------------------------------------|
| 0   | NVIDIA L40                       | Yes: 0 |     | 46068   MB | 10de      | 0          |
|     |                                  |        |     |            | 26b5      | c3c5dcf0.. |
|     |                                  |        |     |            | 37        |            |
|=============================================================================================|
| OS: 24.04.3 LTS (Noble Numbat) ubuntu, Version: 24.04.3, Kernel: 5.15.0-168-generic
| XServer Vendor: The X.Org Foundation, XServer Version: 12101011 (1.21.1.11)
| Processor: Intel(R) Xeon(R) Platinum 8358 CPU @ 2.60GHz
| Bare Metal Cores: 64 | Bare Metal Logical Cores: 128
| Core Usage Quota: 14
|---------------------------------------------------------------------------------------------|
| Total Memory (MB): 122880 | Free Memory: 119965
| Total Page/Swap (MB): 0 | Free Page/Swap: 0
|---------------------------------------------------------------------------------------------|
2026-08-17T20:53:17Z [3,734ms] [Warning] [gpu.foundation.plugin] ECC is enabled on physical device 0
[4.031s] [ext: omni.kit.pipapi-0.0.0] startup
[4.033s] [ext: omni.kit.pip_archive-0.0.0] startup
[4.033s] [ext: omni.pip.compute-1.6.3] startup
[4.033s] [ext: omni.pip.cloud-1.4.3] startup
[4.038s] [ext: omni.isaac.core_archive-3.0.0] startup
[4.038s] [ext: omni.materialx.libs-1.0.7] startup
[4.047s] [ext: omni.kit.loop-isaac-1.3.7] startup
[4.048s] [ext: omni.kit.test-2.0.1] startup
[4.106s] [ext: omni.kit.telemetry-0.5.2] startup
[4.129s] [ext: omni.isaac.ml_archive-3.0.4] startup
[4.129s] [ext: omni.usd.config-1.0.6] startup
[4.134s] [ext: omni.gpucompute.plugins-0.0.0] startup
[4.134s] [ext: omni.usd.libs-1.0.1] startup
[4.218s] [ext: omni.mdl-56.0.3] startup
[4.302s] [ext: omni.iray.libs-0.0.0] startup
[4.356s] [ext: omni.mdl.neuraylib-0.2.12] startup
[4.358s] [ext: omni.kit.usd.mdl-1.1.5] startup
[4.470s] [ext: omni.appwindow-1.1.10] startup
[4.473s] [ext: omni.kit.renderer.core-1.1.0] startup
[4.525s] [ext: omni.kit.renderer.capture-0.0.0] startup
[4.527s] [ext: omni.kit.renderer.imgui-2.0.5] startup
[4.598s] [ext: omni.ui-2.27.1] startup
[4.608s] [ext: omni.kit.mainwindow-1.0.3] startup
[4.610s] [ext: carb.audio-0.1.0] startup
[4.631s] [ext: omni.uiaudio-1.0.0] startup
[4.632s] [ext: omni.kit.uiapp-0.0.0] startup
[4.632s] [ext: omni.usd.schema.metrics.assembler-107.3.1] startup
[4.635s] [ext: omni.usd.schema.anim-0.0.0] startup
[4.657s] [ext: omni.usd.schema.physx-107.3.26] startup
[4.694s] [ext: omni.usd.schema.geospatial-0.0.0] startup
[4.696s] [ext: omni.usd.schema.omniscripting-1.0.0] startup
[4.701s] [ext: omni.usd.schema.audio-0.0.0] startup
[4.704s] [ext: omni.usd.schema.semantics-0.0.0] startup
[4.706s] [ext: omni.usd_resolver-1.0.0] startup
[4.710s] [ext: usdrt.scenegraph-7.6.1] startup
[4.753s] [ext: omni.kit.actions.core-1.0.0] startup
[4.755s] [ext: omni.timeline-1.0.14] startup
[4.757s] [ext: omni.usd.core-1.5.3] startup
[4.760s] [ext: omni.resourcemonitor-107.0.1] startup
[4.762s] [ext: omni.activity.core-1.0.3] startup
[4.763s] [ext: omni.kit.audiodeviceenum-1.0.2] startup
[4.764s] [ext: omni.hydra.usdrt_delegate-7.5.1] startup
[4.771s] [ext: omni.graph.exec-0.9.6] startup
[4.771s] [ext: omni.kit.window.popup_dialog-2.0.24] startup
[4.775s] [ext: omni.kit.exec.core-0.13.4] startup
[4.777s] [ext: omni.kit.widget.nucleus_connector-2.0.1] startup
[4.779s] [ext: omni.kit.usd_undo-0.1.8] startup
[4.780s] [ext: omni.kit.commands-1.4.10] startup
[4.785s] [ext: omni.hydra.scene_delegate-0.3.4] startup
[4.789s] [ext: omni.usd-1.13.10] startup
[4.835s] [ext: omni.kit.asset_converter-5.0.17] startup
[4.848s] [ext: omni.usd.schema.omni_lens_distortion-0.0.0] startup
[4.848s] [ext: omni.usd.schema.omni_sensors-0.0.0] startup
[4.849s] [ext: omni.usd.schema.render_settings.rtx-0.0.0] startup
[4.850s] [ext: omni.usd.schema.omnigraph-1.0.0] startup
[4.856s] [ext: isaacsim.robot.schema-3.6.0] startup
[4.864s] [ext: omni.kit.property.adapter.core-1.0.2] startup
[4.867s] [ext: omni.kit.menu.core-1.1.2] startup
[4.868s] [ext: omni.kit.property.adapter.fabric-1.0.3] startup
[4.869s] [ext: omni.kit.usd.layers-2.2.11] startup
[4.877s] [ext: omni.kit.clipboard-1.0.5] startup
[4.878s] [ext: omni.kit.widget.context_menu-1.2.5] startup
[4.879s] [ext: omni.kit.hotkeys.core-1.3.10] startup
[4.883s] [ext: omni.kit.widget.path_field-2.0.11] startup
[4.884s] [ext: omni.kit.context_menu-1.8.6] startup
[4.886s] [ext: omni.index.libs-380600.8087.0] startup
[4.886s] [ext: omni.kit.widget.browser_bar-2.0.10] startup
[4.887s] [ext: omni.kit.widget.options_menu-1.1.6] startup
[4.890s] [ext: omni.kit.helper.file_utils-0.1.9] startup
[4.892s] [ext: omni.index-1.0.1] startup
[4.892s] [ext: omni.hydra.rtx.shadercache.vulkan-1.0.0] startup
[4.894s] [ext: omni.kit.widget.options_button-1.0.3] startup
[4.894s] [ext: omni.kit.widget.filebrowser-2.12.3] startup
[4.900s] [ext: omni.volume-0.5.2] startup
[4.902s] [ext: omni.ujitso.client-0.0.0] startup
[4.903s] [ext: omni.kit.notification_manager-1.0.10] startup
[4.904s] [ext: omni.hydra.rtx-1.0.0] startup
2026-08-17T20:53:18Z [4,904ms] [Warning] [omni.log] Source: omni.hydra was already registered.
[4.939s] [ext: omni.ui.scene-1.11.5] startup
[4.944s] [ext: omni.kit.widget.searchable_combobox-1.0.6] startup
[4.945s] [ext: omni.kit.window.filepicker-2.13.4] startup
[4.961s] [ext: omni.kit.widget.searchfield-1.1.8] startup
[4.963s] [ext: omni.kit.widget.settings-1.2.6] startup
[4.965s] [ext: omni.kit.menu.utils-2.0.5] startup
[4.970s] [ext: omni.kit.window.file_exporter-1.0.33] startup
[4.972s] [ext: omni.kit.widget.filter-1.1.4] startup
[4.973s] [ext: omni.hydra.engine.stats-1.0.3] startup
[4.976s] [ext: omni.kit.window.preferences-1.8.0] startup
[4.979s] [ext: omni.kit.widget.stage-3.1.4] startup
[4.992s] [ext: omni.kit.window.file_importer-1.1.18] startup
[4.992s] [ext: omni.kit.raycast.query-1.1.0] startup
[4.997s] [ext: omni.kit.viewport.registry-104.0.6] startup
[4.998s] [ext: omni.kit.viewport.legacy_gizmos-1.0.19] startup
[5.000s] [ext: omni.kit.material.library-2.0.7] startup
[5.007s] [ext: omni.kit.property.adapter.usd-1.0.2] startup
[5.008s] [ext: omni.kit.viewport.scene_camera_model-1.0.6] startup
[5.013s] [ext: omni.kit.hydra_texture-1.4.6] startup
[5.016s] [ext: omni.kit.window.drop_support-1.0.5] startup
[5.016s] [ext: omni.kit.widget.viewport-107.1.3] startup
[5.020s] [ext: omni.kit.primitive.mesh-1.0.17] startup
[5.024s] [ext: omni.kit.viewport.window-107.2.0] startup
[5.041s] [ext: omni.kit.manipulator.transform-107.0.0] startup
[5.045s] [ext: omni.kit.stage_template.core-1.1.22] startup
[5.046s] [ext: omni.kit.widget.toolbar-2.0.1] startup
[5.053s] [ext: omni.kit.viewport.utility-1.1.2] startup
[5.054s] [ext: omni.kit.window.content_browser_registry-0.0.6] startup
[5.055s] [ext: omni.kit.widget.highlight_label-1.0.3] startup
[5.055s] [ext: omni.kit.window.file-2.0.5] startup
[5.059s] [ext: omni.kit.manipulator.tool.snap-1.5.13] startup
[5.063s] [ext: omni.kit.manipulator.selector-1.1.3] startup
[5.064s] [ext: omni.kit.window.property-1.12.1] startup
[5.067s] [ext: omni.kit.window.content_browser-3.1.3] startup
[5.080s] [ext: omni.kit.viewport.manipulator.transform-107.0.4] startup
[5.082s] [ext: omni.kit.manipulator.viewport-107.0.1] startup
[5.083s] [ext: omni.kit.property.usd-4.5.12] startup
[5.094s] [ext: omni.kit.manipulator.selection-106.0.1] startup
[5.096s] [ext: omni.fabric.commands-1.1.6] startup
[5.099s] [ext: omni.kvdb-107.3.26] startup
[5.100s] [ext: omni.kit.manipulator.prim.core-107.0.8] startup
[5.107s] [ext: omni.convexdecomposition-107.3.26] startup
[5.110s] [ext: omni.physx.foundation-107.3.26] startup
[5.112s] [ext: omni.localcache-107.3.26] startup
[5.113s] [ext: omni.kit.manipulator.prim.fabric-107.0.4] startup
[5.115s] [ext: omni.kit.viewport.menubar.core-107.2.1] startup
[5.130s] [ext: omni.kit.viewport.actions-107.0.2] startup
[5.135s] [ext: omni.usdphysics-107.3.26] startup
[5.137s] [ext: omni.kit.widget.prompt-1.0.7] startup
[5.138s] [ext: omni.kit.manipulator.prim.usd-107.0.3] startup
[5.139s] [ext: omni.kit.viewport.menubar.display-107.0.3] startup
[5.140s] [ext: omni.physx.cooking-107.3.26] startup
[5.143s] [ext: omni.inspect-1.0.2] startup
[5.145s] [ext: omni.kit.widget.layers-1.8.6] startup
[5.158s] [ext: omni.kit.manipulator.prim-107.0.0] startup
[5.158s] [ext: omni.debugdraw-0.1.4] startup
[5.161s] [ext: omni.physx-107.3.26] startup
[5.171s] [ext: omni.physics-107.3.26] startup
[5.174s] [ext: omni.graph.core-2.184.5] startup
[5.177s] [ext: omni.usdphysics.ui-107.3.26] startup
[5.204s] [ext: omni.physx.commands-107.3.26] startup
[5.210s] [ext: omni.physics.stageupdate-107.3.26] startup
[5.212s] [ext: isaacsim.core.deprecation_manager-0.2.7] startup
[5.213s] [ext: omni.physx.ui-107.3.26] startup
[5.246s] [ext: isaacsim.core.version-2.0.6] startup
[5.246s] [ext: omni.physics.physx-107.3.26] startup
2026-08-17T20:53:19Z [5,228ms] [Warning] [carb] Acquiring non optional plugin interface which is not listed as dependency: [omni::physx::IPhysxBenchmarks v1.0] (plugin: <default plugin>), by client: omni.physics.physx.plugin. Add it to CARB_PLUGIN_IMPL_DEPS() macro of a client.
[5.248s] [ext: isaacsim.storage.native-1.5.1] startup
[5.250s] [ext: omni.usd.metrics.assembler-107.3.1] startup
[5.255s] [ext: omni.kit.numpy.common-0.1.3] startup
[5.257s] [ext: omni.physics.tensors-107.3.26] startup
[5.262s] [ext: omni.warp.core-1.8.2] startup
[5.536s] [ext: omni.usd.metrics.assembler.physics-107.3.26] startup
[5.539s] [ext: omni.isaac.dynamic_control-2.0.7] startup
2026-08-17T20:53:19Z [5,524ms] [Warning] [omni.isaac.dynamic_control] omni.isaac.dynamic_control is deprecated as of Isaac Sim 4.5. No action is needed from end-users.
[5.544s] [ext: omni.physx.tensors-107.3.26] startup
[5.549s] [ext: isaacsim.core.utils-3.5.1] startup
[5.552s] [ext: isaacsim.core.simulation_manager-1.4.4] startup
[7.246s] [ext: omni.kit.widget.stage_icons-1.0.8] startup
[7.248s] [ext: omni.kit.stagerecorder.core-107.0.3] startup
[7.251s] [ext: omni.kit.window.stage-2.6.1] startup
[7.256s] [ext: omni.kit.menu.create-2.0.1] startup
[7.258s] [ext: omni.kit.widget.zoombar-1.0.6] startup
[7.258s] [ext: omni.kit.scripting-107.3.2] startup
[7.263s] [ext: omni.kit.browser.core-2.3.13] startup
[7.268s] [ext: isaacsim.replicator.behavior-1.1.16] startup
[7.269s] [ext: omni.kit.browser.folder.core-1.10.9] startup
[7.274s] [ext: omni.kit.usd.collect-2.4.5] startup
[7.277s] [ext: omni.graph.tools-1.79.2] startup
[7.305s] [ext: omni.kit.usdz_export-1.0.9] startup
[7.308s] [ext: omni.graph.action_core-1.1.7] startup
[7.309s] [ext: omni.graph-1.141.2] startup
[7.362s] [ext: omni.kit.tool.asset_importer-4.3.2] startup
[7.367s] [ext: omni.graph.action_nodes-1.50.4] startup
[7.371s] [ext: omni.kit.widget.text_editor-1.1.1] startup
[7.375s] [ext: omni.ui_query-1.1.8] startup
[7.376s] [ext: omni.graph.action-1.130.0] startup
[7.377s] [ext: omni.kit.window.extensions-1.4.27] startup
[7.392s] [ext: omni.kit.ui_test-1.3.7] startup
[7.395s] [ext: omni.graph.visualization.nodes-2.1.3] startup
[7.427s] [ext: omni.kit.tool.collect-2.2.18] startup
[7.431s] [ext: omni.kit.menu.stage-1.2.7] startup
[7.435s] [ext: isaacsim.gui.components-1.2.1] startup
[7.444s] [ext: isaacsim.examples.browser-0.2.1] startup
[7.449s] [ext: isaacsim.asset.importer.urdf-2.4.31] startup
[7.519s] [ext: isaacsim.core.cloner-1.4.10] startup
[7.523s] [ext: omni.kit.stagerecorder.ui-107.0.1] startup
[7.532s] [ext: isaacsim.asset.browser-1.3.23] startup
[7.620s] [ext: semantics.schema.editor-2.0.2] startup
2026-08-17T20:53:21Z [7,606ms] [Warning] [pxr.Semantics] pxr.Semantics is deprecated - please use Semantics instead
[7.628s] [ext: omni.kit.stagerecorder.bundle-105.0.2] startup
[7.629s] [ext: omni.kit.window.status_bar-0.1.9] startup
[7.633s] [ext: omni.kit.widget.graph-2.0.0] startup
[7.641s] [ext: omni.kit.stage_templates-2.0.0] startup
[7.645s] [ext: omni.graph.image.core-0.6.1] startup
[7.646s] [ext: omni.kit.graph.delegate.default-1.2.3] startup
[7.647s] [ext: isaacsim.core.experimental.utils-0.3.0] startup
[7.649s] [ext: omni.graph.image.nodes-1.3.1] startup
[7.650s] [ext: omni.kit.graph.editor.core-1.5.3] startup
[7.653s] [ext: omni.kit.graph.usd.commands-1.3.1] startup
[7.655s] [ext: omni.graph.nodes-1.170.10] startup
[7.665s] [ext: omni.graph.ui_nodes-1.50.5] startup
[7.669s] [ext: omni.kit.widget.material_preview-1.0.16] startup
[7.673s] [ext: omni.syntheticdata-0.6.13] startup
[7.714s] [ext: omni.videoencoding-0.1.2] startup
[7.718s] [ext: omni.warp-1.8.2] startup
[7.731s] [ext: omni.kit.window.material_graph-1.9.1] startup
[7.764s] [ext: omni.graph.scriptnode-1.50.0] startup
[7.768s] [ext: isaacsim.core.prims-0.6.1] startup
[7.863s] [ext: isaacsim.test.docstring-1.1.0] startup
[7.881s] [ext: omni.replicator.core-1.12.27] startup
2026-08-17T20:53:21Z [8,008ms] [Warning] [omni.graph.core.plugin] Found duplicate of category 'Replicator' - was 'Annotators', adding 'Fabric Reader'
2026-08-17T20:53:21Z [8,008ms] [Warning] [omni.graph.core.plugin] Category 'Replicator' not accepted on node type 'omni.replicator.core.FabricReader' in extension 'omni.replicator.core'
2026-08-17T20:53:21Z [8,009ms] [Warning] [omni.replicator.core.scripts.extension] No material configuration file, adding configuration to material settings directly.
[8.033s] [ext: isaacsim.core.api-4.8.0] startup
[8.069s] [ext: isaacsim.core.experimental.prims-0.8.1] startup
[8.147s] [ext: isaacsim.core.nodes-3.4.3] startup
[8.166s] [ext: isaacsim.robot.surface_gripper-3.3.1] startup
[8.176s] [ext: isaacsim.util.debug_draw-3.1.0] startup
[8.189s] [ext: omni.sensors.nv.common-3.0.0] startup
[8.209s] [ext: isaacsim.robot.manipulators-3.3.6] startup
[8.277s] [ext: isaacsim.sensors.physx-2.3.2] startup
[8.413s] [ext: omni.sensors.nv.materials-2.0.0] startup
[8.427s] [ext: omni.sensors.net-1.0.0] startup
[8.433s] [ext: isaacsim.app.about-2.0.11] startup
[8.448s] [ext: isaacsim.simulation_app-2.12.2] startup
[8.448s] [ext: omni.sensors.nv.ids-2.0.0] startup
[8.461s] [ext: omni.sensors.nv.lidar-3.0.0] startup
[8.489s] [ext: omni.kit.property.audio-1.0.16] startup
[8.541s] [ext: omni.kit.property.camera-1.0.10] startup
[8.581s] [ext: omni.kit.property.geometry-2.0.4] startup
[8.653s] [ext: omni.hydra.scene_api-0.1.2] startup
[8.702s] [ext: omni.kit.property.light-1.0.12] startup
[8.800s] [ext: omni.sensors.nv.wpm-3.0.0] startup
[8.810s] [ext: omni.kit.selection-0.1.6] startup
[8.857s] [ext: omni.kit.property.material-1.11.9] startup
[8.926s] [ext: omni.kit.property.transform-1.5.13] startup
[8.935s] [ext: omni.kit.property.render-1.2.1] startup
[8.940s] [ext: omni.sensors.nv.radar-3.0.0] startup
[8.949s] [ext: isaacsim.gui.menu-2.4.4] startup
[8.963s] [ext: omni.kit.manipulator.camera-106.0.4] startup
[8.976s] [ext: isaacsim.gui.property-1.1.3] startup
[8.983s] [ext: omni.kit.property.bundle-1.4.1] startup
[8.989s] [ext: isaacsim.sensors.rtx-15.8.4] startup
[9.000s] [ext: isaacsim.sensors.physics-0.4.3] startup
[9.015s] [ext: omni.kit.viewport.menubar.camera-107.0.6] startup
[9.043s] [ext: omni.kit.viewport.menubar.lighting-107.3.1] startup
[9.049s] [ext: omni.kit.viewport.menubar.settings-107.0.3] startup
[9.060s] [ext: omni.kit.viewport.menubar.render-107.0.10] startup
[9.072s] [ext: isaacsim.robot.policy.examples-4.1.11] startup
[9.073s] [ext: isaacsim.asset.importer.mjcf-2.5.13] startup
[9.082s] [ext: omni.kit.window.console-1.1.4] startup
[9.088s] [ext: omni.rtx.window.settings-0.6.19] startup
[9.094s] [ext: omni.ocio-0.1.1] startup
[9.096s] [ext: omni.physx.demos-107.3.26] startup
[9.122s] [ext: omni.kit.property.physx-107.3.26] startup
[9.153s] [ext: omni.replicator.replicator_yaml-2.0.11] startup
[9.174s] [ext: omni.asset_validator.core-1.1.6] startup
[9.243s] [ext: omni.rtx.settings.core-0.6.5] startup
[9.248s] [ext: omni.physx.vehicle-107.3.26] startup
[9.269s] [ext: omni.usd.metrics.assembler.ui-107.3.1] startup
[9.283s] [ext: omni.kit.window.script_editor-2.0.1] startup
[9.286s] [ext: isaacsim.robot.wheeled_robots-4.0.24] startup
[9.296s] [ext: omni.physx.asset_validator-107.3.26] startup
[9.306s] [ext: omni.kit.window.toolbar-2.0.0] startup
[9.313s] [ext: omni.physx.camera-107.3.26] startup
[9.331s] [ext: omni.anim.curve.core-1.3.1] startup
[9.348s] [ext: omni.physx.cct-107.3.26] startup
[9.367s] [ext: omni.physx.graph-107.3.26] startup
[9.389s] [ext: omni.physx.supportui-107.3.26] startup
[9.406s] [ext: omni.physx.telemetry-107.3.26] startup
[9.409s] [ext: isaaclab-0.54.2] startup
[9.669s] [ext: isaaclab_contrib-0.0.2] startup
[9.670s] [ext: isaacsim.core.throttling-2.2.2] startup
[9.672s] [ext: omni.kit.ui.actions-1.0.5] startup
[9.675s] [ext: semantics.schema.property-2.0.1] startup
[9.678s] [ext: omni.physx.bundle-107.3.26] startup
[9.679s] [ext: isaacsim.sensors.camera-1.3.6] startup
[9.686s] [ext: isaaclab_assets-0.2.4] startup
[10.083s] [ext: isaaclab_tasks-0.11.12] startup
[10.312s] [ext: omni.kit.menu.common-2.0.1] startup
[10.314s] [ext: isaaclab_rl-0.4.7] startup
[10.315s] [ext: isaaclab_mimic-1.0.16] startup
[10.316s] [ext: isaaclab.python-2.3.2] startup
[10.320s] Simulation App Starting
2026-08-17T20:53:24Z [10,581ms] [Warning] [carb.audio.device] audio device is misconfigured or broken {deviceIndex = 0, name = 'default'} (The device is likely misconfigured, check your $HOME/.asoundrc)
2026-08-17T20:53:24Z [10,581ms] [Warning] [carb.audio.output] failed to retrieve the capabilities for device 0 {result = eDeviceLost (2)}
2026-08-17T20:53:24Z [10,581ms] [Warning] [carb.audio.context] failed to set the requested output during context creation.  Using a null streamer instead {result = eDeviceLost (2)}
2026-08-17T20:53:24Z [10,619ms] [Warning] [omni.fabric.plugin] Warning: attribute viewportHandle not found for bucket id 9

[10.799s] app ready
[INFO][AppLauncher]: Using device: cuda:0
[INFO][AppLauncher]: Loading experience file: /workspace/isaaclab/apps/isaaclab.python.kit
======Missing terms====== 
[]
 =======================

[36m======================================================================================[0m
[36m[1m[INFO][IsaacLab]: Logging to file: /tmp/isaaclab/logs/isaaclab_2026-08-18_04-53-29.log[0m
[36m======================================================================================[0m

[33m04:53:30 [simulation_context.py] WARNING: The `enable_external_forces_every_iteration` parameter in the PhysxCfg is set to False. If you are experiencing noisy velocities, consider enabling this flag. You may need to slightly increase the number of velocity iterations (setting it to 1 or 2 rather than 0), together with this flag, to improve the accuracy of velocity updates.[0m
[INFO]: Base environment:
	Environment device    : cuda:0
	Environment seed      : 42
	Physics step-size     : 0.008333333333333333
	Rendering step-size   : 0.03333333333333333
	Environment step-size : 0.03333333333333333
[33m04:53:30 [terrain_importer.py] WARNING: Visual material specified for ground plane but no diffuse color found. Using default color: (0.0, 0.0, 0.0)[0m
[INFO]: Time taken for scene creation : 3.351600 seconds
[INFO]: Scene manager:  <class InteractiveScene>
	Number of environments: 4
	Environment spacing   : 4.0
	Source prim name      : /World/envs/env_0
	Global prim paths     : ['/World/ground']
	Replicate physics     : True
[INFO]: Starting the simulation. This may take a few seconds. Please wait...
[INFO]: Time taken for simulation start : 8.929143 seconds
[33m04:53:42 [velocity_command.py] WARNING: The velocity command has the 'ranges.heading' attribute set to '(-3.141592653589793, 3.141592653589793)' but the heading command is not active. Consider setting the flag for the heading command to True.[0m
[INFO] Command Manager:  <CommandManager> contains 2 active terms.
+---------------------------------------------+
|             Active Command Terms            |
+-------+------------+------------------------+
| Index | Name       |          Type          |
+-------+------------+------------------------+
|   0   | locomotion | UniformVelocityCommand |
|   1   | ee_goal    | EeSphericalGoalCommand |
+-------+------------+------------------------+

[INFO] Event Manager:  <EventManager> contains 2 active terms.
+--------------------------------------+
| Active Event Terms in Mode: 'reset'  |
+--------+-----------------------------+
| Index  | Name                        |
+--------+-----------------------------+
|   0    | reset_root                  |
|   1    | reset_joints                |
|   2    | init_priv                   |
|   3    | reset_rewards               |
|   4    | reset_object                |
|   5    | reset_left_finger_open      |
|   6    | reset_right_finger_open     |
+--------+-----------------------------+
+----------------------------------------+
| Active Event Terms in Mode: 'startup'  |
+---------+------------------------------+
|  Index  | Name                         |
+---------+------------------------------+
|    0    | wheel_contact_material       |
|    1    | finger_contact_material      |
+---------+------------------------------+

[INFO] Recorder Manager:  <RecorderManager> contains 0 active terms.
+---------------------+
| Active Recorder Terms |
+-----------+---------+
|   Index   | Name    |
+-----------+---------+
+-----------+---------+

[INFO] Action Manager:  <ActionManager> contains 2 active terms.
+------------------------------------+
|  Active Action Terms (shape: 16)   |
+--------+-------------+-------------+
| Index  | Name        |   Dimension |
+--------+-------------+-------------+
|   0    | leg_pos     |          12 |
|   1    | wheel_vel   |           4 |
+--------+-------------+-------------+

[INFO] Observation Manager: <ObservationManager> contains 1 groups.
+--------------------------------------------------+
| Active Observation Terms in Group: 'policy' (shape: (876,)) |
+----------------+-------------+-------------------+
|     Index      | Name        |       Shape       |
+----------------+-------------+-------------------+
|       0        | obs         |       (876,)      |
+----------------+-------------+-------------------+

[INFO] Termination Manager:  <TerminationManager> contains 0 active terms.
+----------------------------+
|  Active Termination Terms  |
+--------+-------+-----------+
| Index  | Name  |  Time Out |
+--------+-------+-----------+
+--------+-------+-----------+

[INFO] Reward Manager:  <RewardManager> contains 43 active terms.
+---------------------------------------------------------+
|                   Active Reward Terms                   |
+-------+--------------------------+----------------------+
| Index | Name                     |               Weight |
+-------+--------------------------+----------------------+
|   0   | term_bad_contact         |              -3000.0 |
|   1   | term_tilt                |              -3000.0 |
|   2   | term_low_height          |              -3000.0 |
|   3   | leg_action_l2            |               -0.003 |
|   4   | tracking_lin_vel         |                  0.6 |
|   5   | tracking_lin_vel_x_exp   |                  1.5 |
|   6   | tracking_ang_vel_yaw_l1  |                  0.0 |
|   7   | tracking_ang_vel_yaw_exp |                  1.5 |
|   8   | tracking_lin_vel_y_l2    |                  0.0 |
|   9   | tracking_lin_vel_z_l2    |                  0.0 |
|   10  | survive                  |                  0.0 |
|   11  | foot_contacts_z          |                  0.0 |
|   12  | torques                  |             -7.5e-06 |
|   13  | tracking_lin_vel_y       |                  0.0 |
|   14  | lin_vel_z                | -0.44999999999999996 |
|   15  | ang_vel_xy               |                -0.06 |
|   16  | tracking_ang_vel         |                  0.3 |
|   17  | work                     |              -0.0009 |
|   18  | dof_acc                  |            -2.25e-07 |
|   19  | action_rate              |              -0.0045 |
|   20  | dof_pos_limits           |                 -3.0 |
|   21  | delta_torques            |               -3e-08 |
|   22  | collision                |                 -3.0 |
|   23  | walking_dof              |                 0.03 |
|   24  | hip_pos                  |                -0.06 |
|   25  | feet_jerk                |               -6e-05 |
|   26  | alive                    |                  0.3 |
|   27  | feet_drag                |               -0.024 |
|   28  | feet_contact_forces      |              -0.0003 |
|   29  | roll                     |                 -0.3 |
|   30  | base_height              |                 -0.6 |
|   31  | tracking_lin_vel_max     |  0.44999999999999996 |
|   32  | flat_orientation_l2      |                 -0.6 |
|   33  | air_time_variance        |                 -0.3 |
|   34  | feet_height              |                  0.0 |
|   35  | feet_air_time            |                0.015 |
|   36  | update_last_buffers      |                  0.0 |
|   37  | wheel_idle_speed         |              -0.0009 |
|   38  | wheel_action_l2          |              -0.0003 |
|   39  | wheel_action_rate        |              -0.0006 |
|   40  | teacher_ensemble_match   |  0.22499999999999998 |
|   41  | wheel_forward_use        |                 0.18 |
|   42  | wheel_turn_support       |                0.135 |
+-------+--------------------------+----------------------+

[INFO] Curriculum Manager:  <CurriculumManager> contains 0 active terms.
+----------------------+
| Active Curriculum Terms |
+-----------+----------+
|   Index   | Name     |
+-----------+----------+
+-----------+----------+

Creating window for environment.
[INFO]: Completed setting up the environment...
{
  "gate": "Jacobian support WBC forward motion",
  "counts_as_hrl_evaluation": false,
  "num_envs": 4,
  "settle_steps": 60,
  "drive_steps": 180,
  "wheel_action": 60.0,
  "wheel_signs_FL_FR_RL_RR": [
    1.0,
    1.0,
    -1.0,
    -1.0
  ],
  "wheel_velocity_target_radps": 6.0,
  "ramp_steps": 60,
  "support_gain": 0.55,
  "resolved_leg_action_order": [
    "FR_hip_joint",
    "FR_thigh_joint",
    "FR_calf_joint",
    "FL_hip_joint",
    "FL_thigh_joint",
    "FL_calf_joint",
    "RR_hip_joint",
    "RR_thigh_joint",
    "RR_calf_joint",
    "RL_hip_joint",
    "RL_thigh_joint",
    "RL_calf_joint"
  ],
  "resolved_foot_body_names": [
    "FL_foot",
    "FR_foot",
    "RL_foot",
    "RR_foot"
  ],
  "resolved_foot_body_ids": [
    16,
    17,
    18,
    19
  ],
  "jacobian_foot_body_ids": [
    16,
    17,
    18,
    19
  ],
  "is_fixed_base": false,
  "num_robot_bodies": 25,
  "jacobian_shape": [
    4,
    25,
    6,
    30
  ],
  "jacobian_joint_offset": 6,
  "leg_action_scale": [
    0.4000000059604645,
    0.44999998807907104,
    0.44999998807907104,
    0.4000000059604645,
    0.44999998807907104,
    0.44999998807907104,
    0.4000000059604645,
    0.44999998807907104,
    0.44999998807907104,
    0.4000000059604645,
    0.44999998807907104,
    0.44999998807907104
  ],
  "leg_action_offset": [
    -0.20000000298023224,
    0.800000011920929,
    -1.5,
    0.20000000298023224,
    0.800000011920929,
    -1.5,
    -0.20000000298023224,
    1.0,
    -1.5,
    0.20000000298023224,
    1.0,
    -1.5
  ],
  "passed_envs": 0,
  "pass_rate": 0.0,
  "mean_body_vx_mps": [
    0.0008138351258821785,
    0.003047716338187456,
    5.0567898142617196e-05,
    0.00161541358102113
  ],
  "mean_body_vy_mps": [
    -0.0009060674346983433,
    0.0007632311317138374,
    -0.0017175182001665235,
    0.00018332834588363767
  ],
  "mean_body_wz_radps": [
    -0.0027964317705482244,
    0.0009079294977709651,
    -0.0010085139656439424,
    -0.0005786672118119895
  ],
  "world_displacement_xy_m": [
    [
      0.010404467582702637,
      -0.00023555755615234375
    ],
    [
      0.02788567543029785,
      0.0013968944549560547
    ],
    [
      -0.0017371177673339844,
      -0.010095596313476562
    ],
    [
      0.007197380065917969,
      0.0006844997406005859
    ]
  ],
  "max_tilt_rad": [
    0.3041341006755829,
    0.30120518803596497,
    0.08999171108007431,
    0.08803430199623108
  ],
  "min_base_height_m": [
    0.3779279887676239,
    0.37128394842147827,
    0.4497000575065613,
    0.45529964566230774
  ],
  "min_support_count": [
    4.0,
    4.0,
    4.0,
    4.0
  ],
  "max_leg_correction_norm_rad": [
    0.037537556141614914,
    0.04244190454483032,
    0.07361985743045807,
    0.07825560122728348
  ]
}
[14.449s] Simulation App Startup Complete
[16.175s] [ext: omni.physx.fabric-107.3.26] startup
2026-08-17T20:53:34Z [20,682ms] [Warning] [omni.physx.plugin] Detected a rigid at /World/envs/env_0/GraspObject with more than 4 velocity iterations being added to a TGS scene.The related behavior changed recently, please consult the changelog. This warning will only print once.
2026-08-17T20:53:34Z [21,115ms] [Warning] [omni.fabric.plugin] getAttributeCount called on non-existent path /World/envs/env_3/Robot/base/visuals/trunk
2026-08-17T20:53:34Z [21,115ms] [Warning] [omni.fabric.plugin] getTypes called on non-existent path /World/envs/env_3/Robot/base/visuals/trunk
2026-08-17T20:54:00Z [46,873ms] [Warning] [carb] Client gpu.foundation.plugin has acquired [gpu::unstable::IMemoryBudgetManagerFactory v0.1] 100 times. Consider accessing this interface with carb::getCachedInterface() (Performance warning)
[73.876s] Simulation App Shutting Down
