[INFO][AppLauncher]: Using device: cuda:0
[INFO][AppLauncher]: Loading experience file: /workspace/isaaclab/apps/isaaclab.python.headless.kit
[INFO]: Parsing configuration from: quadruped_arm.tasks.manager_based.maniploco.maniploco_env_cfg:ManipLocoEnvCfg
======Missing terms====== 
[]
 =======================
[INFO]: Parsing configuration from: quadruped_arm.tasks.manager_based.maniploco.agents.rsl_rl_ppo_cfg:ManiPLocoPPORunnerCfg
[INFO] Logging experiment in directory: /root/gpufree-data/tandem_hrl_620d798/logs/rsl_rl/maniploco
Exact experiment name requested from command line: 2026-08-17_22-39-02

[36m======================================================================================[0m
[36m[1m[INFO][IsaacLab]: Logging to file: /tmp/isaaclab/logs/isaaclab_2026-08-17_22-39-02.log[0m
[36m======================================================================================[0m

[33m22:39:02 [simulation_context.py] WARNING: The `enable_external_forces_every_iteration` parameter in the PhysxCfg is set to False. If you are experiencing noisy velocities, consider enabling this flag. You may need to slightly increase the number of velocity iterations (setting it to 1 or 2 rather than 0), together with this flag, to improve the accuracy of velocity updates.[0m
[INFO]: Base environment:
	Environment device    : cuda:0
	Environment seed      : 42
	Physics step-size     : 0.008333333333333333
	Rendering step-size   : 0.03333333333333333
	Environment step-size : 0.03333333333333333
[33m22:39:02 [terrain_importer.py] WARNING: Visual material specified for ground plane but no diffuse color found. Using default color: (0.0, 0.0, 0.0)[0m
[INFO]: Time taken for scene creation : 3.635964 seconds
[INFO]: Scene manager:  <class InteractiveScene>
	Number of environments: 128
	Environment spacing   : 4.0
	Source prim name      : /World/envs/env_0
	Global prim paths     : ['/World/ground']
	Replicate physics     : True
[INFO]: Starting the simulation. This may take a few seconds. Please wait...
[INFO]: Time taken for simulation start : 1.224603 seconds
[33m22:39:08 [velocity_command.py] WARNING: The velocity command has the 'ranges.heading' attribute set to '(-3.141592653589793, 3.141592653589793)' but the heading command is not active. Consider setting the flag for the heading command to True.[0m
[INFO] Command Manager:  <CommandManager> contains 2 active terms.
+---------------------------------------------+
|             Active Command Terms            |
+-------+------------+------------------------+
| Index | Name       |          Type          |
+-------+------------+------------------------+
|   0   | locomotion | UniformVelocityCommand |
|   1   | ee_goal    | EeSphericalGoalCommand |
+-------+------------+------------------------+

[INFO] Event Manager:  <EventManager> contains 1 active terms.
+------------------------------------+
| Active Event Terms in Mode: 'reset' |
+-----------+------------------------+
|   Index   | Name                   |
+-----------+------------------------+
|     0     | reset_root             |
|     1     | reset_joints           |
|     2     | init_priv              |
|     3     | reset_rewards          |
+-----------+------------------------+

[INFO] Recorder Manager:  <RecorderManager> contains 0 active terms.
+---------------------+
| Active Recorder Terms |
+-----------+---------+
|   Index   | Name    |
+-----------+---------+
+-----------+---------+

[INFO] Action Manager:  <ActionManager> contains 3 active terms.
+------------------------------------+
|  Active Action Terms (shape: 16)   |
+--------+-------------+-------------+
| Index  | Name        |   Dimension |
+--------+-------------+-------------+
|   0    | leg_pos     |          12 |
|   1    | wheel_vel   |           4 |
|   2    | arm_ik      |           0 |
+--------+-------------+-------------+

[INFO] Observation Manager: <ObservationManager> contains 1 groups.
+--------------------------------------------------+
| Active Observation Terms in Group: 'policy' (shape: (876,)) |
+----------------+-------------+-------------------+
|     Index      | Name        |       Shape       |
+----------------+-------------+-------------------+
|       0        | obs         |       (876,)      |
+----------------+-------------+-------------------+

[INFO] Termination Manager:  <TerminationManager> contains 4 active terms.
+--------------------------------+
|    Active Termination Terms    |
+-------+-------------+----------+
| Index | Name        | Time Out |
+-------+-------------+----------+
|   0   | time_out    |   True   |
|   1   | bad_contact |  False   |
|   2   | tilt        |  False   |
|   3   | low_height  |  False   |
+-------+-------------+----------+

[INFO] Reward Manager:  <RewardManager> contains 42 active terms.
+---------------------------------------------------------+
|                   Active Reward Terms                   |
+-------+--------------------------+----------------------+
| Index | Name                     |               Weight |
+-------+--------------------------+----------------------+
|   0   | term_bad_contact         |              -3000.0 |
|   1   | term_tilt                |              -3000.0 |
|   2   | term_low_height          |              -3000.0 |
|   3   | leg_action_l2            |               -0.003 |
|   4   | tracking_lin_vel         |                  0.0 |
|   5   | tracking_lin_vel_x_exp   |   0.8999999999999999 |
|   6   | tracking_ang_vel_yaw_l1  |                  0.0 |
|   7   | tracking_ang_vel_yaw_exp |   0.8999999999999999 |
|   8   | tracking_lin_vel_y_l2    |                  0.0 |
|   9   | tracking_lin_vel_z_l2    |                  0.0 |
|   10  | survive                  |                  0.0 |
|   11  | foot_contacts_z          |                  0.0 |
|   12  | torques                  |             -7.5e-06 |
|   13  | tracking_lin_vel_y       |                  0.0 |
|   14  | lin_vel_z                | -0.44999999999999996 |
|   15  | ang_vel_xy               |                -0.06 |
|   16  | tracking_ang_vel         |                0.075 |
|   17  | work                     |              -0.0009 |
|   18  | dof_acc                  |            -2.25e-07 |
|   19  | action_rate              |              -0.0045 |
|   20  | dof_pos_limits           |                 -3.0 |
|   21  | delta_torques            |               -3e-08 |
|   22  | collision                |                 -3.0 |
|   23  | walking_dof              |                 0.15 |
|   24  | hip_pos                  |                -0.06 |
|   25  | feet_jerk                |               -6e-05 |
|   26  | alive                    |                  0.3 |
|   27  | feet_drag                |               -0.024 |
|   28  | feet_contact_forces      |              -0.0003 |
|   29  | roll                     |                 -0.3 |
|   30  | base_height              |                 -1.5 |
|   31  | tracking_lin_vel_max     |                  0.3 |
|   32  | flat_orientation_l2      |                -0.15 |
|   33  | air_time_variance        | -0.44999999999999996 |
|   34  | feet_height              |                  0.0 |
|   35  | feet_air_time            |                0.015 |
|   36  | update_last_buffers      |                  0.0 |
|   37  | wheel_idle_speed         |              -0.0009 |
|   38  | wheel_action_l2          |              -0.0003 |
|   39  | wheel_action_rate        |              -0.0006 |
|   40  | wheel_forward_use        |                 0.18 |
|   41  | wheel_turn_support       |                0.135 |
+-------+--------------------------+----------------------+

[INFO] Curriculum Manager:  <CurriculumManager> contains 0 active terms.
+----------------------+
| Active Curriculum Terms |
+-----------+----------+
|   Index   | Name     |
+-----------+----------+
+-----------+----------+

[INFO]: Completed setting up the environment...
--------------------------------------------------------------------------------
Resolved observation sets: 
	 policy :  ['policy']
	 critic :  ['policy']
--------------------------------------------------------------------------------
Actor MLP: MLP(
  (0): Linear(in_features=876, out_features=256, bias=True)
  (1): ELU(alpha=1.0)
  (2): Linear(in_features=256, out_features=128, bias=True)
  (3): ELU(alpha=1.0)
  (4): Linear(in_features=128, out_features=16, bias=True)
)
Critic MLP: MLP(
  (0): Linear(in_features=876, out_features=256, bias=True)
  (1): ELU(alpha=1.0)
  (2): Linear(in_features=256, out_features=128, bias=True)
  (3): ELU(alpha=1.0)
  (4): Linear(in_features=128, out_features=1, bias=True)
)
[INFO]: Loading model checkpoint from: /root/gpufree-data/tandem_hrl_620d798/logs/rsl_rl/maniploco/2026-08-17_20-58-03/model_1122.pt
[INFO] Action exploration std fixed to: 0.080000
################################################################################
                     [1m Learning iteration 1122/1222 [0m                     

                       Computation: 644 steps/s (collection: 4.639s, learning 0.130s)
             Mean action noise std: 0.08
          Mean value_function loss: 3764.0364
               Mean surrogate loss: 0.0964
                 Mean entropy loss: -17.7086
                       Mean reward: -85.98
               Mean episode length: 14.97
   Episode_Reward/term_bad_contact: 0.0000
          Episode_Reward/term_tilt: -6.8750
    Episode_Reward/term_low_height: 0.0000
      Episode_Reward/leg_action_l2: -0.0044
   Episode_Reward/tracking_lin_vel: 0.0000
Episode_Reward/tracking_lin_vel_x_exp: 0.0055
Episode_Reward/tracking_ang_vel_yaw_l1: 0.0000
Episode_Reward/tracking_ang_vel_yaw_exp: 0.0049
Episode_Reward/tracking_lin_vel_y_l2: 0.0000
Episode_Reward/tracking_lin_vel_z_l2: 0.0000
            Episode_Reward/survive: 0.0000
    Episode_Reward/foot_contacts_z: 0.0000
            Episode_Reward/torques: -0.0169
 Episode_Reward/tracking_lin_vel_y: 0.0000
          Episode_Reward/lin_vel_z: -0.0016
         Episode_Reward/ang_vel_xy: -0.0096
   Episode_Reward/tracking_ang_vel: 0.0009
               Episode_Reward/work: -0.0357
            Episode_Reward/dof_acc: -0.0031
        Episode_Reward/action_rate: -0.0072
     Episode_Reward/dof_pos_limits: -0.0000
      Episode_Reward/delta_torques: -0.0000
          Episode_Reward/collision: -0.1789
        Episode_Reward/walking_dof: 0.0033
            Episode_Reward/hip_pos: -0.0021
          Episode_Reward/feet_jerk: 0.0000
              Episode_Reward/alive: 0.0121
          Episode_Reward/feet_drag: -0.0017
Episode_Reward/feet_contact_forces: -0.0081
               Episode_Reward/roll: -0.0007
        Episode_Reward/base_height: -0.0035
Episode_Reward/tracking_lin_vel_max: -0.0006
Episode_Reward/flat_orientation_l2: -0.0010
  Episode_Reward/air_time_variance: -0.0001
        Episode_Reward/feet_height: 0.0000
      Episode_Reward/feet_air_time: -0.0000
Episode_Reward/update_last_buffers: 0.0000
   Episode_Reward/wheel_idle_speed: -0.0022
    Episode_Reward/wheel_action_l2: -0.0003
  Episode_Reward/wheel_action_rate: 0.0000
  Episode_Reward/wheel_forward_use: 0.0002
 Episode_Reward/wheel_turn_support: 0.0010
   Metrics/locomotion/error_vel_xy: 0.0373
  Metrics/locomotion/error_vel_yaw: 0.0431
      Episode_Termination/time_out: 0.0254
   Episode_Termination/bad_contact: 0.0000
          Episode_Termination/tilt: 0.0889
    Episode_Termination/low_height: 0.0000
--------------------------------------------------------------------------------
                   Total timesteps: 3072
                    Iteration time: 4.77s
                      Time elapsed: 00:00:04
                               ETA: 00:07:56

Could not find git repository in /workspace/isaaclab/_isaac_sim/kit/python/lib/python3.11/site-packages/rsl_rl/__init__.py. Skipping.
Could not find git repository in /root/gpufree-data/tandem_hrl_620d798/scripts/rsl_rl/train.py. Skipping.
################################################################################
                     [1m Learning iteration 1123/1222 [0m                     

                       Computation: 1000 steps/s (collection: 2.992s, learning 0.077s)
             Mean action noise std: 0.08
          Mean value_function loss: 57.2737
               Mean surrogate loss: 0.0278
                 Mean entropy loss: -17.7086
                       Mean reward: -74.28
               Mean episode length: 21.75
   Episode_Reward/term_bad_contact: 0.0000
          Episode_Reward/term_tilt: -4.1667
    Episode_Reward/term_low_height: 0.0000
      Episode_Reward/leg_action_l2: -0.0085
   Episode_Reward/tracking_lin_vel: 0.0000
Episode_Reward/tracking_lin_vel_x_exp: 0.0354
Episode_Reward/tracking_ang_vel_yaw_l1: 0.0000
Episode_Reward/tracking_ang_vel_yaw_exp: 0.0223
Episode_Reward/tracking_lin_vel_y_l2: 0.0000
Episode_Reward/tracking_lin_vel_z_l2: 0.0000
            Episode_Reward/survive: 0.0000
    Episode_Reward/foot_contacts_z: 0.0000
            Episode_Reward/torques: -0.0366
 Episode_Reward/tracking_lin_vel_y: 0.0000
          Episode_Reward/lin_vel_z: -0.0036
         Episode_Reward/ang_vel_xy: -0.0123
   Episode_Reward/tracking_ang_vel: 0.0039
               Episode_Reward/work: -0.0384
            Episode_Reward/dof_acc: -0.0036
        Episode_Reward/action_rate: -0.0207
     Episode_Reward/dof_pos_limits: -0.0001
      Episode_Reward/delta_torques: -0.0001
          Episode_Reward/collision: -0.6508
        Episode_Reward/walking_dof: 0.0097
            Episode_Reward/hip_pos: -0.0063
          Episode_Reward/feet_jerk: 0.0000
              Episode_Reward/alive: 0.0354
          Episode_Reward/feet_drag: -0.0035
Episode_Reward/feet_contact_forces: -0.0243
               Episode_Reward/roll: -0.0027
        Episode_Reward/base_height: -0.0164
Episode_Reward/tracking_lin_vel_max: 0.0105
Episode_Reward/flat_orientation_l2: -0.0025
  Episode_Reward/air_time_variance: -0.0005
        Episode_Reward/feet_height: 0.0000
      Episode_Reward/feet_air_time: -0.0000
Episode_Reward/update_last_buffers: 0.0000
   Episode_Reward/wheel_idle_speed: -0.0031
    Episode_Reward/wheel_action_l2: -0.0012
  Episode_Reward/wheel_action_rate: 0.0000
  Episode_Reward/wheel_forward_use: 0.0013
 Episode_Reward/wheel_turn_support: 0.0028
   Metrics/locomotion/error_vel_xy: 0.0682
  Metrics/locomotion/error_vel_yaw: 0.1078
      Episode_Termination/time_out: 0.0778
   Episode_Termination/bad_contact: 0.0000
          Episode_Termination/tilt: 0.2780
    Episode_Termination/low_height: 0.0000
--------------------------------------------------------------------------------
                   Total timesteps: 6144
                    Iteration time: 3.07s
                      Time elapsed: 00:00:07
                               ETA: 00:06:28

################################################################################
                     [1m Learning iteration 1124/1222 [0m                     

                       Computation: 1015 steps/s (collection: 2.948s, learning 0.076s)
             Mean action noise std: 0.08
          Mean value_function loss: 0.2296
               Mean surrogate loss: 0.0563
                 Mean entropy loss: -17.7086
                       Mean reward: -67.96
               Mean episode length: 25.71
   Episode_Reward/term_bad_contact: 0.0000
          Episode_Reward/term_tilt: 0.0000
    Episode_Reward/term_low_height: 0.0000
      Episode_Reward/leg_action_l2: -0.0102
   Episode_Reward/tracking_lin_vel: 0.0000
Episode_Reward/tracking_lin_vel_x_exp: 0.0537
Episode_Reward/tracking_ang_vel_yaw_l1: 0.0000
Episode_Reward/tracking_ang_vel_yaw_exp: 0.0495
Episode_Reward/tracking_lin_vel_y_l2: 0.0000
Episode_Reward/tracking_lin_vel_z_l2: 0.0000
            Episode_Reward/survive: 0.0000
    Episode_Reward/foot_contacts_z: 0.0000
            Episode_Reward/torques: -0.0484
 Episode_Reward/tracking_lin_vel_y: 0.0000
          Episode_Reward/lin_vel_z: -0.0040
         Episode_Reward/ang_vel_xy: -0.0129
   Episode_Reward/tracking_ang_vel: 0.0075
               Episode_Reward/work: -0.0459
            Episode_Reward/dof_acc: -0.0032
        Episode_Reward/action_rate: -0.0222
     Episode_Reward/dof_pos_limits: -0.0001
      Episode_Reward/delta_torques: -0.0001
          Episode_Reward/collision: -1.1183
        Episode_Reward/walking_dof: 0.0176
            Episode_Reward/hip_pos: -0.0102
          Episode_Reward/feet_jerk: 0.0000
              Episode_Reward/alive: 0.0586
          Episode_Reward/feet_drag: -0.0036
Episode_Reward/feet_contact_forces: -0.0398
               Episode_Reward/roll: -0.0062
        Episode_Reward/base_height: -0.0419
Episode_Reward/tracking_lin_vel_max: 0.0185
Episode_Reward/flat_orientation_l2: -0.0025
  Episode_Reward/air_time_variance: -0.0005
        Episode_Reward/feet_height: 0.0000
      Episode_Reward/feet_air_time: -0.0000
Episode_Reward/update_last_buffers: 0.0000
   Episode_Reward/wheel_idle_speed: -0.0037
    Episode_Reward/wheel_action_l2: -0.0018
  Episode_Reward/wheel_action_rate: 0.0000
  Episode_Reward/wheel_forward_use: 0.0039
 Episode_Reward/wheel_turn_support: 0.0024
   Metrics/locomotion/error_vel_xy: 0.1007
  Metrics/locomotion/error_vel_yaw: 0.1574
      Episode_Termination/time_out: 0.1491
   Episode_Termination/bad_contact: 0.0000
          Episode_Termination/tilt: 0.2891
    Episode_Termination/low_height: 0.0000
--------------------------------------------------------------------------------
                   Total timesteps: 9216
                    Iteration time: 3.02s
                      Time elapsed: 00:00:10
                               ETA: 00:05:54

################################################################################
                     [1m Learning iteration 1125/1222 [0m                     

                       Computation: 1019 steps/s (collection: 2.939s, learning 0.074s)
             Mean action noise std: 0.08
          Mean value_function loss: 0.2436
               Mean surrogate loss: 0.0439
                 Mean entropy loss: -17.7086
                       Mean reward: -61.18
               Mean episode length: 33.69
   Episode_Reward/term_bad_contact: 0.0000
          Episode_Reward/term_tilt: 0.0000
    Episode_Reward/term_low_height: 0.0000
      Episode_Reward/leg_action_l2: -0.0143
   Episode_Reward/tracking_lin_vel: 0.0000
Episode_Reward/tracking_lin_vel_x_exp: 0.0908
Episode_Reward/tracking_ang_vel_yaw_l1: 0.0000
Episode_Reward/tracking_ang_vel_yaw_exp: 0.0490
Episode_Reward/tracking_lin_vel_y_l2: 0.0000
Episode_Reward/tracking_lin_vel_z_l2: 0.0000
            Episode_Reward/survive: 0.0000
    Episode_Reward/foot_contacts_z: 0.0000
            Episode_Reward/torques: -0.0662
 Episode_Reward/tracking_lin_vel_y: 0.0000
          Episode_Reward/lin_vel_z: -0.0048
         Episode_Reward/ang_vel_xy: -0.0129
   Episode_Reward/tracking_ang_vel: 0.0082
               Episode_Reward/work: -0.0447
            Episode_Reward/dof_acc: -0.0033
        Episode_Reward/action_rate: -0.0270
     Episode_Reward/dof_pos_limits: -0.0001
      Episode_Reward/delta_torques: -0.0001
          Episode_Reward/collision: -1.6012
        Episode_Reward/walking_dof: 0.0256
            Episode_Reward/hip_pos: -0.0151
          Episode_Reward/feet_jerk: 0.0000
              Episode_Reward/alive: 0.0830
          Episode_Reward/feet_drag: -0.0043
Episode_Reward/feet_contact_forces: -0.0554
               Episode_Reward/roll: -0.0081
        Episode_Reward/base_height: -0.0642
Episode_Reward/tracking_lin_vel_max: 0.0281
Episode_Reward/flat_orientation_l2: -0.0032
  Episode_Reward/air_time_variance: -0.0008
        Episode_Reward/feet_height: 0.0000
      Episode_Reward/feet_air_time: -0.0000
Episode_Reward/update_last_buffers: 0.0000
   Episode_Reward/wheel_idle_speed: -0.0026
    Episode_Reward/wheel_action_l2: -0.0026
  Episode_Reward/wheel_action_rate: 0.0000
  Episode_Reward/wheel_forward_use: 0.0017
 Episode_Reward/wheel_turn_support: 0.0064
   Metrics/locomotion/error_vel_xy: 0.1231
  Metrics/locomotion/error_vel_yaw: 0.2430
      Episode_Termination/time_out: 0.2041
   Episode_Termination/bad_contact: 0.0000
          Episode_Termination/tilt: 0.2891
    Episode_Termination/low_height: 0.0000
--------------------------------------------------------------------------------
                   Total timesteps: 12288
                    Iteration time: 3.01s
                      Time elapsed: 00:00:13
                               ETA: 00:05:36

################################################################################
                     [1m Learning iteration 1126/1222 [0m                     

                       Computation: 1006 steps/s (collection: 2.978s, learning 0.075s)
             Mean action noise std: 0.08
          Mean value_function loss: 0.1546
               Mean surrogate loss: 0.0233
                 Mean entropy loss: -17.7086
                       Mean reward: -57.83
               Mean episode length: 39.49
   Episode_Reward/term_bad_contact: 0.0000
          Episode_Reward/term_tilt: 0.0000
    Episode_Reward/term_low_height: 0.0000
      Episode_Reward/leg_action_l2: -0.0163
   Episode_Reward/tracking_lin_vel: 0.0000
Episode_Reward/tracking_lin_vel_x_exp: 0.1589
Episode_Reward/tracking_ang_vel_yaw_l1: 0.0000
Episode_Reward/tracking_ang_vel_yaw_exp: 0.0652
Episode_Reward/tracking_lin_vel_y_l2: 0.0000
Episode_Reward/tracking_lin_vel_z_l2: 0.0000
            Episode_Reward/survive: 0.0000
    Episode_Reward/foot_contacts_z: 0.0000
            Episode_Reward/torques: -0.0744
 Episode_Reward/tracking_lin_vel_y: 0.0000
          Episode_Reward/lin_vel_z: -0.0028
         Episode_Reward/ang_vel_xy: -0.0091
   Episode_Reward/tracking_ang_vel: 0.0124
               Episode_Reward/work: -0.0307
            Episode_Reward/dof_acc: -0.0032
        Episode_Reward/action_rate: -0.0280
     Episode_Reward/dof_pos_limits: -0.0001
      Episode_Reward/delta_torques: -0.0001
          Episode_Reward/collision: -2.0500
        Episode_Reward/walking_dof: 0.0100
            Episode_Reward/hip_pos: -0.0186
          Episode_Reward/feet_jerk: 0.0000
              Episode_Reward/alive: 0.1048
          Episode_Reward/feet_drag: -0.0048
Episode_Reward/feet_contact_forces: -0.0693
               Episode_Reward/roll: -0.0086
        Episode_Reward/base_height: -0.0819
Episode_Reward/tracking_lin_vel_max: 0.0761
Episode_Reward/flat_orientation_l2: -0.0028
  Episode_Reward/air_time_variance: -0.0006
        Episode_Reward/feet_height: 0.0000
      Episode_Reward/feet_air_time: -0.0000
Episode_Reward/update_last_buffers: 0.0000
   Episode_Reward/wheel_idle_speed: -0.0067
    Episode_Reward/wheel_action_l2: -0.0025
  Episode_Reward/wheel_action_rate: 0.0000
  Episode_Reward/wheel_forward_use: 0.0027
 Episode_Reward/wheel_turn_support: 0.0122
   Metrics/locomotion/error_vel_xy: 0.1114
  Metrics/locomotion/error_vel_yaw: 0.2501
      Episode_Termination/time_out: 0.2731
   Episode_Termination/bad_contact: 0.0000
          Episode_Termination/tilt: 0.2891
    Episode_Termination/low_height: 0.0000
--------------------------------------------------------------------------------
                   Total timesteps: 15360
                    Iteration time: 3.05s
                      Time elapsed: 00:00:16
                               ETA: 00:05:25

################################################################################
                     [1m Learning iteration 1127/1222 [0m                     

                       Computation: 1010 steps/s (collection: 2.967s, learning 0.074s)
             Mean action noise std: 0.08
          Mean value_function loss: 0.1682
               Mean surrogate loss: 0.0306
                 Mean entropy loss: -17.7086
                       Mean reward: -55.25
               Mean episode length: 46.21
   Episode_Reward/term_bad_contact: 0.0000
          Episode_Reward/term_tilt: 0.0000
    Episode_Reward/term_low_height: 0.0000
      Episode_Reward/leg_action_l2: -0.0186
   Episode_Reward/tracking_lin_vel: 0.0000
Episode_Reward/tracking_lin_vel_x_exp: 0.2225
Episode_Reward/tracking_ang_vel_yaw_l1: 0.0000
Episode_Reward/tracking_ang_vel_yaw_exp: 0.1347
Episode_Reward/tracking_lin_vel_y_l2: 0.0000
Episode_Reward/tracking_lin_vel_z_l2: 0.0000
            Episode_Reward/survive: 0.0000
    Episode_Reward/foot_contacts_z: 0.0000
            Episode_Reward/torques: -0.0925
 Episode_Reward/tracking_lin_vel_y: 0.0000
          Episode_Reward/lin_vel_z: -0.0057
         Episode_Reward/ang_vel_xy: -0.0110
   Episode_Reward/tracking_ang_vel: 0.0207
               Episode_Reward/work: -0.0517
            Episode_Reward/dof_acc: -0.0037
        Episode_Reward/action_rate: -0.0301
     Episode_Reward/dof_pos_limits: -0.0001
      Episode_Reward/delta_torques: -0.0002
          Episode_Reward/collision: -2.5067
        Episode_Reward/walking_dof: 0.0132
            Episode_Reward/hip_pos: -0.0229
          Episode_Reward/feet_jerk: 0.0000
              Episode_Reward/alive: 0.1290
          Episode_Reward/feet_drag: -0.0054
Episode_Reward/feet_contact_forces: -0.0855
               Episode_Reward/roll: -0.0100
        Episode_Reward/base_height: -0.1075
Episode_Reward/tracking_lin_vel_max: 0.0984
Episode_Reward/flat_orientation_l2: -0.0032
  Episode_Reward/air_time_variance: -0.0011
        Episode_Reward/feet_height: 0.0000
      Episode_Reward/feet_air_time: -0.0000
Episode_Reward/update_last_buffers: 0.0000
   Episode_Reward/wheel_idle_speed: -0.0088
    Episode_Reward/wheel_action_l2: -0.0036
  Episode_Reward/wheel_action_rate: 0.0000
  Episode_Reward/wheel_forward_use: 0.0039
 Episode_Reward/wheel_turn_support: 0.0041
   Metrics/locomotion/error_vel_xy: 0.1241
  Metrics/locomotion/error_vel_yaw: 0.2412
      Episode_Termination/time_out: 0.3200
   Episode_Termination/bad_contact: 0.0000
          Episode_Termination/tilt: 0.2891
    Episode_Termination/low_height: 0.0000
--------------------------------------------------------------------------------
                   Total timesteps: 18432
                    Iteration time: 3.04s
                      Time elapsed: 00:00:19
                               ETA: 00:05:16

################################################################################
                     [1m Learning iteration 1128/1222 [0m                     

                       Computation: 1006 steps/s (collection: 2.978s, learning 0.074s)
             Mean action noise std: 0.08
          Mean value_function loss: 0.1124
               Mean surrogate loss: 0.0297
                 Mean entropy loss: -17.7086
                       Mean reward: -54.35
               Mean episode length: 50.13
   Episode_Reward/term_bad_contact: 0.0000
          Episode_Reward/term_tilt: 0.0000
    Episode_Reward/term_low_height: 0.0000
      Episode_Reward/leg_action_l2: -0.0225
   Episode_Reward/tracking_lin_vel: 0.0000
Episode_Reward/tracking_lin_vel_x_exp: 0.1461
Episode_Reward/tracking_ang_vel_yaw_l1: 0.0000
Episode_Reward/tracking_ang_vel_yaw_exp: 0.1309
Episode_Reward/tracking_lin_vel_y_l2: 0.0000
Episode_Reward/tracking_lin_vel_z_l2: 0.0000
            Episode_Reward/survive: 0.0000
    Episode_Reward/foot_contacts_z: 0.0000
            Episode_Reward/torques: -0.1034
 Episode_Reward/tracking_lin_vel_y: 0.0000
          Episode_Reward/lin_vel_z: -0.0034
         Episode_Reward/ang_vel_xy: -0.0056
   Episode_Reward/tracking_ang_vel: 0.0223
               Episode_Reward/work: -0.0324
            Episode_Reward/dof_acc: -0.0030
        Episode_Reward/action_rate: -0.0346
     Episode_Reward/dof_pos_limits: -0.0001
      Episode_Reward/delta_torques: -0.0001
          Episode_Reward/collision: -3.0167
        Episode_Reward/walking_dof: 0.0438
            Episode_Reward/hip_pos: -0.0273
          Episode_Reward/feet_jerk: 0.0000
              Episode_Reward/alive: 0.1520
          Episode_Reward/feet_drag: -0.0056
Episode_Reward/feet_contact_forces: -0.1004
               Episode_Reward/roll: -0.0144
        Episode_Reward/base_height: -0.1382
Episode_Reward/tracking_lin_vel_max: 0.0426
Episode_Reward/flat_orientation_l2: -0.0037
  Episode_Reward/air_time_variance: -0.0007
        Episode_Reward/feet_height: 0.0000
      Episode_Reward/feet_air_time: -0.0000
Episode_Reward/update_last_buffers: 0.0000
   Episode_Reward/wheel_idle_speed: -0.0034
    Episode_Reward/wheel_action_l2: -0.0041
  Episode_Reward/wheel_action_rate: 0.0000
  Episode_Reward/wheel_forward_use: 0.0128
 Episode_Reward/wheel_turn_support: 0.0119
   Metrics/locomotion/error_vel_xy: 0.2604
  Metrics/locomotion/error_vel_yaw: 0.2802
      Episode_Termination/time_out: 0.3499
   Episode_Termination/bad_contact: 0.0000
          Episode_Termination/tilt: 0.2891
    Episode_Termination/low_height: 0.0000
--------------------------------------------------------------------------------
                   Total timesteps: 21504
                    Iteration time: 3.05s
                      Time elapsed: 00:00:23
                               ETA: 00:05:09

################################################################################
                     [1m Learning iteration 1129/1222 [0m                     

                       Computation: 1014 steps/s (collection: 2.954s, learning 0.073s)
             Mean action noise std: 0.08
          Mean value_function loss: 0.1463
               Mean surrogate loss: 0.0156
                 Mean entropy loss: -17.7086
                       Mean reward: -53.02
               Mean episode length: 59.03
   Episode_Reward/term_bad_contact: 0.0000
          Episode_Reward/term_tilt: 0.0000
    Episode_Reward/term_low_height: 0.0000
      Episode_Reward/leg_action_l2: -0.0296
   Episode_Reward/tracking_lin_vel: 0.0000
Episode_Reward/tracking_lin_vel_x_exp: 0.2158
Episode_Reward/tracking_ang_vel_yaw_l1: 0.0000
Episode_Reward/tracking_ang_vel_yaw_exp: 0.0797
Episode_Reward/tracking_lin_vel_y_l2: 0.0000
Episode_Reward/tracking_lin_vel_z_l2: 0.0000
            Episode_Reward/survive: 0.0000
    Episode_Reward/foot_contacts_z: 0.0000
            Episode_Reward/torques: -0.1253
 Episode_Reward/tracking_lin_vel_y: 0.0000
          Episode_Reward/lin_vel_z: -0.0027
         Episode_Reward/ang_vel_xy: -0.0153
   Episode_Reward/tracking_ang_vel: 0.0152
               Episode_Reward/work: -0.0337
            Episode_Reward/dof_acc: -0.0046
        Episode_Reward/action_rate: -0.0411
     Episode_Reward/dof_pos_limits: -0.0002
      Episode_Reward/delta_torques: -0.0002
          Episode_Reward/collision: -3.5171
        Episode_Reward/walking_dof: 0.0630
            Episode_Reward/hip_pos: -0.0326
          Episode_Reward/feet_jerk: 0.0000
              Episode_Reward/alive: 0.1778
          Episode_Reward/feet_drag: -0.0072
Episode_Reward/feet_contact_forces: -0.1176
               Episode_Reward/roll: -0.0168
        Episode_Reward/base_height: -0.1398
Episode_Reward/tracking_lin_vel_max: 0.1278
Episode_Reward/flat_orientation_l2: -0.0055
  Episode_Reward/air_time_variance: -0.0013
        Episode_Reward/feet_height: 0.0000
      Episode_Reward/feet_air_time: -0.0000
Episode_Reward/update_last_buffers: 0.0000
   Episode_Reward/wheel_idle_speed: -0.0009
    Episode_Reward/wheel_action_l2: -0.0051
  Episode_Reward/wheel_action_rate: 0.0000
  Episode_Reward/wheel_forward_use: 0.0030
 Episode_Reward/wheel_turn_support: 0.0185
   Metrics/locomotion/error_vel_xy: 0.2208
  Metrics/locomotion/error_vel_yaw: 0.5165
      Episode_Termination/time_out: 0.3805
   Episode_Termination/bad_contact: 0.0000
          Episode_Termination/tilt: 0.2891
    Episode_Termination/low_height: 0.0000
--------------------------------------------------------------------------------
                   Total timesteps: 24576
                    Iteration time: 3.03s
                      Time elapsed: 00:00:26
                               ETA: 00:05:02

################################################################################
                     [1m Learning iteration 1130/1222 [0m                     

                       Computation: 1015 steps/s (collection: 2.951s, learning 0.073s)
             Mean action noise std: 0.08
          Mean value_function loss: 0.1609
               Mean surrogate loss: 0.0146
                 Mean entropy loss: -17.7086
                       Mean reward: -51.94
               Mean episode length: 72.42
   Episode_Reward/term_bad_contact: 0.0000
          Episode_Reward/term_tilt: 0.0000
    Episode_Reward/term_low_height: 0.0000
      Episode_Reward/leg_action_l2: -0.0320
   Episode_Reward/tracking_lin_vel: 0.0000
Episode_Reward/tracking_lin_vel_x_exp: 0.2210
Episode_Reward/tracking_ang_vel_yaw_l1: 0.0000
Episode_Reward/tracking_ang_vel_yaw_exp: 0.2024
Episode_Reward/tracking_lin_vel_y_l2: 0.0000
Episode_Reward/tracking_lin_vel_z_l2: 0.0000
            Episode_Reward/survive: 0.0000
    Episode_Reward/foot_contacts_z: 0.0000
            Episode_Reward/torques: -0.1490
 Episode_Reward/tracking_lin_vel_y: 0.0000
          Episode_Reward/lin_vel_z: -0.0058
         Episode_Reward/ang_vel_xy: -0.0128
   Episode_Reward/tracking_ang_vel: 0.0305
               Episode_Reward/work: -0.0557
            Episode_Reward/dof_acc: -0.0056
        Episode_Reward/action_rate: -0.0397
     Episode_Reward/dof_pos_limits: -0.0002
      Episode_Reward/delta_torques: -0.0002
          Episode_Reward/collision: -4.1885
        Episode_Reward/walking_dof: 0.0677
            Episode_Reward/hip_pos: -0.0368
          Episode_Reward/feet_jerk: 0.0000
              Episode_Reward/alive: 0.2028
          Episode_Reward/feet_drag: -0.0082
Episode_Reward/feet_contact_forces: -0.1334
               Episode_Reward/roll: -0.0128
        Episode_Reward/base_height: -0.1566
Episode_Reward/tracking_lin_vel_max: 0.0655
Episode_Reward/flat_orientation_l2: -0.0055
  Episode_Reward/air_time_variance: -0.0023
        Episode_Reward/feet_height: 0.0000
      Episode_Reward/feet_air_time: -0.0000
Episode_Reward/update_last_buffers: 0.0000
   Episode_Reward/wheel_idle_speed: -0.0029
    Episode_Reward/wheel_action_l2: -0.0049
  Episode_Reward/wheel_action_rate: 0.0000
  Episode_Reward/wheel_forward_use: 0.0281
 Episode_Reward/wheel_turn_support: 0.0103
   Metrics/locomotion/error_vel_xy: 0.2916
  Metrics/locomotion/error_vel_yaw: 0.3851
      Episode_Termination/time_out: 0.4421
   Episode_Termination/bad_contact: 0.0000
          Episode_Termination/tilt: 0.2891
    Episode_Termination/low_height: 0.0000
--------------------------------------------------------------------------------
                   Total timesteps: 27648
                    Iteration time: 3.02s
                      Time elapsed: 00:00:29
                               ETA: 00:04:57

################################################################################
                     [1m Learning iteration 1131/1222 [0m                     

                       Computation: 997 steps/s (collection: 3.006s, learning 0.074s)
             Mean action noise std: 0.08
          Mean value_function loss: 0.1580
               Mean surrogate loss: 0.0181
                 Mean entropy loss: -17.7086
                       Mean reward: -50.76
               Mean episode length: 91.15
   Episode_Reward/term_bad_contact: 0.0000
          Episode_Reward/term_tilt: 0.0000
    Episode_Reward/term_low_height: 0.0000
      Episode_Reward/leg_action_l2: -0.0347
   Episode_Reward/tracking_lin_vel: 0.0000
Episode_Reward/tracking_lin_vel_x_exp: 0.2740
Episode_Reward/tracking_ang_vel_yaw_l1: 0.0000
Episode_Reward/tracking_ang_vel_yaw_exp: 0.2311
Episode_Reward/tracking_lin_vel_y_l2: 0.0000
Episode_Reward/tracking_lin_vel_z_l2: 0.0000
            Episode_Reward/survive: 0.0000
    Episode_Reward/foot_contacts_z: 0.0000
            Episode_Reward/torques: -0.1587
 Episode_Reward/tracking_lin_vel_y: 0.0000
          Episode_Reward/lin_vel_z: -0.0062
         Episode_Reward/ang_vel_xy: -0.0076
   Episode_Reward/tracking_ang_vel: 0.0353
               Episode_Reward/work: -0.0520
            Episode_Reward/dof_acc: -0.0052
        Episode_Reward/action_rate: -0.0385
     Episode_Reward/dof_pos_limits: -0.0003
      Episode_Reward/delta_torques: -0.0002
          Episode_Reward/collision: -4.6375
        Episode_Reward/walking_dof: 0.0568
            Episode_Reward/hip_pos: -0.0408
          Episode_Reward/feet_jerk: 0.0000
              Episode_Reward/alive: 0.2268
          Episode_Reward/feet_drag: -0.0087
Episode_Reward/feet_contact_forces: -0.1497
               Episode_Reward/roll: -0.0147
        Episode_Reward/base_height: -0.1820
Episode_Reward/tracking_lin_vel_max: 0.1189
Episode_Reward/flat_orientation_l2: -0.0055
  Episode_Reward/air_time_variance: -0.0027
        Episode_Reward/feet_height: 0.0000
      Episode_Reward/feet_air_time: -0.0000
Episode_Reward/update_last_buffers: 0.0000
   Episode_Reward/wheel_idle_speed: -0.0065
    Episode_Reward/wheel_action_l2: -0.0043
  Episode_Reward/wheel_action_rate: 0.0000
  Episode_Reward/wheel_forward_use: 0.0258
 Episode_Reward/wheel_turn_support: 0.0177
   Metrics/locomotion/error_vel_xy: 0.3039
  Metrics/locomotion/error_vel_yaw: 0.3943
      Episode_Termination/time_out: 0.5124
   Episode_Termination/bad_contact: 0.0000
          Episode_Termination/tilt: 0.2891
    Episode_Termination/low_height: 0.0000
--------------------------------------------------------------------------------
                   Total timesteps: 30720
                    Iteration time: 3.08s
                      Time elapsed: 00:00:32
                               ETA: 00:04:52
