[INFO][AppLauncher]: Using device: cuda:0
[INFO][AppLauncher]: Loading experience file: /workspace/isaaclab/apps/isaaclab.python.headless.kit
[INFO]: Parsing configuration from: quadruped_arm.tasks.manager_based.maniploco.maniploco_env_cfg:ManipLocoEnvCfg
======Missing terms====== 
[]
 =======================
[INFO]: Parsing configuration from: quadruped_arm.tasks.manager_based.maniploco.agents.rsl_rl_ppo_cfg:ManiPLocoPPORunnerCfg
[INFO] Logging experiment in directory: /root/gpufree-data/tandem_hrl_620d798/logs/rsl_rl/maniploco
Exact experiment name requested from command line: 2026-08-17_22-46-49

[36m======================================================================================[0m
[36m[1m[INFO][IsaacLab]: Logging to file: /tmp/isaaclab/logs/isaaclab_2026-08-17_22-46-49.log[0m
[36m======================================================================================[0m

[33m22:46:49 [simulation_context.py] WARNING: The `enable_external_forces_every_iteration` parameter in the PhysxCfg is set to False. If you are experiencing noisy velocities, consider enabling this flag. You may need to slightly increase the number of velocity iterations (setting it to 1 or 2 rather than 0), together with this flag, to improve the accuracy of velocity updates.[0m
[INFO]: Base environment:
	Environment device    : cuda:0
	Environment seed      : 42
	Physics step-size     : 0.008333333333333333
	Rendering step-size   : 0.03333333333333333
	Environment step-size : 0.03333333333333333
[33m22:46:50 [terrain_importer.py] WARNING: Visual material specified for ground plane but no diffuse color found. Using default color: (0.0, 0.0, 0.0)[0m
[INFO]: Time taken for scene creation : 5.309268 seconds
[INFO]: Scene manager:  <class InteractiveScene>
	Number of environments: 128
	Environment spacing   : 4.0
	Source prim name      : /World/envs/env_0
	Global prim paths     : ['/World/ground']
	Replicate physics     : True
[INFO]: Starting the simulation. This may take a few seconds. Please wait...
[INFO]: Time taken for simulation start : 1.235213 seconds
[33m22:46:57 [velocity_command.py] WARNING: The velocity command has the 'ranges.heading' attribute set to '(-3.141592653589793, 3.141592653589793)' but the heading command is not active. Consider setting the flag for the heading command to True.[0m
[INFO] Command Manager:  <CommandManager> contains 2 active terms.
+---------------------------------------------+
|             Active Command Terms            |
+-------+------------+------------------------+
| Index | Name       |          Type          |
+-------+------------+------------------------+
|   0   | locomotion | UniformVelocityCommand |
|   1   | ee_goal    | EeSphericalGoalCommand |
+-------+------------+------------------------+

[INFO] Event Manager:  <EventManager> contains 1 active terms.
+------------------------------------+
| Active Event Terms in Mode: 'reset' |
+-----------+------------------------+
|   Index   | Name                   |
+-----------+------------------------+
|     0     | reset_root             |
|     1     | reset_joints           |
|     2     | init_priv              |
|     3     | reset_rewards          |
+-----------+------------------------+

[INFO] Recorder Manager:  <RecorderManager> contains 0 active terms.
+---------------------+
| Active Recorder Terms |
+-----------+---------+
|   Index   | Name    |
+-----------+---------+
+-----------+---------+

[INFO] Action Manager:  <ActionManager> contains 3 active terms.
+------------------------------------+
|  Active Action Terms (shape: 16)   |
+--------+-------------+-------------+
| Index  | Name        |   Dimension |
+--------+-------------+-------------+
|   0    | leg_pos     |          12 |
|   1    | wheel_vel   |           4 |
|   2    | arm_ik      |           0 |
+--------+-------------+-------------+

[INFO] Observation Manager: <ObservationManager> contains 1 groups.
+--------------------------------------------------+
| Active Observation Terms in Group: 'policy' (shape: (876,)) |
+----------------+-------------+-------------------+
|     Index      | Name        |       Shape       |
+----------------+-------------+-------------------+
|       0        | obs         |       (876,)      |
+----------------+-------------+-------------------+

[INFO] Termination Manager:  <TerminationManager> contains 4 active terms.
+--------------------------------+
|    Active Termination Terms    |
+-------+-------------+----------+
| Index | Name        | Time Out |
+-------+-------------+----------+
|   0   | time_out    |   True   |
|   1   | bad_contact |  False   |
|   2   | tilt        |  False   |
|   3   | low_height  |  False   |
+-------+-------------+----------+

[INFO] Reward Manager:  <RewardManager> contains 42 active terms.
+---------------------------------------------------------+
|                   Active Reward Terms                   |
+-------+--------------------------+----------------------+
| Index | Name                     |               Weight |
+-------+--------------------------+----------------------+
|   0   | term_bad_contact         |              -3000.0 |
|   1   | term_tilt                |              -3000.0 |
|   2   | term_low_height          |              -3000.0 |
|   3   | leg_action_l2            |               -0.003 |
|   4   | tracking_lin_vel         |                  0.6 |
|   5   | tracking_lin_vel_x_exp   |                  1.5 |
|   6   | tracking_ang_vel_yaw_l1  |                  0.0 |
|   7   | tracking_ang_vel_yaw_exp |                  1.5 |
|   8   | tracking_lin_vel_y_l2    |                  0.0 |
|   9   | tracking_lin_vel_z_l2    |                  0.0 |
|   10  | survive                  |                  0.0 |
|   11  | foot_contacts_z          |                  0.0 |
|   12  | torques                  |             -7.5e-06 |
|   13  | tracking_lin_vel_y       |                  0.0 |
|   14  | lin_vel_z                | -0.44999999999999996 |
|   15  | ang_vel_xy               |                -0.06 |
|   16  | tracking_ang_vel         |                  0.3 |
|   17  | work                     |              -0.0009 |
|   18  | dof_acc                  |            -2.25e-07 |
|   19  | action_rate              |              -0.0045 |
|   20  | dof_pos_limits           |                 -3.0 |
|   21  | delta_torques            |               -3e-08 |
|   22  | collision                |                 -3.0 |
|   23  | walking_dof              |                 0.03 |
|   24  | hip_pos                  |                -0.06 |
|   25  | feet_jerk                |               -6e-05 |
|   26  | alive                    |                  0.3 |
|   27  | feet_drag                |               -0.024 |
|   28  | feet_contact_forces      |              -0.0003 |
|   29  | roll                     |                 -0.3 |
|   30  | base_height              |                 -0.6 |
|   31  | tracking_lin_vel_max     |  0.44999999999999996 |
|   32  | flat_orientation_l2      |                 -0.6 |
|   33  | air_time_variance        |                 -0.3 |
|   34  | feet_height              |                  0.0 |
|   35  | feet_air_time            |                0.015 |
|   36  | update_last_buffers      |                  0.0 |
|   37  | wheel_idle_speed         |              -0.0009 |
|   38  | wheel_action_l2          |              -0.0003 |
|   39  | wheel_action_rate        |              -0.0006 |
|   40  | wheel_forward_use        |                 0.18 |
|   41  | wheel_turn_support       |                0.135 |
+-------+--------------------------+----------------------+

[INFO] Curriculum Manager:  <CurriculumManager> contains 0 active terms.
+----------------------+
| Active Curriculum Terms |
+-----------+----------+
|   Index   | Name     |
+-----------+----------+
+-----------+----------+

[INFO]: Completed setting up the environment...
--------------------------------------------------------------------------------
Resolved observation sets: 
	 policy :  ['policy']
	 critic :  ['policy']
--------------------------------------------------------------------------------
Actor MLP: MLP(
  (0): Linear(in_features=876, out_features=256, bias=True)
  (1): ELU(alpha=1.0)
  (2): Linear(in_features=256, out_features=128, bias=True)
  (3): ELU(alpha=1.0)
  (4): Linear(in_features=128, out_features=16, bias=True)
)
Critic MLP: MLP(
  (0): Linear(in_features=876, out_features=256, bias=True)
  (1): ELU(alpha=1.0)
  (2): Linear(in_features=256, out_features=128, bias=True)
  (3): ELU(alpha=1.0)
  (4): Linear(in_features=128, out_features=1, bias=True)
)
[INFO]: Loading model checkpoint from: /root/gpufree-data/tandem_hrl_620d798/logs/rsl_rl/maniploco/2026-08-17_20-58-03/model_1122.pt
[INFO] Action exploration std fixed to: 0.020000
################################################################################
                     [1m Learning iteration 1122/1142 [0m                     

                       Computation: 601 steps/s (collection: 4.947s, learning 0.158s)
             Mean action noise std: 0.02
          Mean value_function loss: 3758.3061
               Mean surrogate loss: 0.0179
                 Mean entropy loss: -39.8894
                       Mean reward: -84.66
               Mean episode length: 14.42
   Episode_Reward/term_bad_contact: 0.0000
          Episode_Reward/term_tilt: -6.0417
    Episode_Reward/term_low_height: 0.0000
      Episode_Reward/leg_action_l2: -0.0043
   Episode_Reward/tracking_lin_vel: 0.0064
Episode_Reward/tracking_lin_vel_x_exp: 0.0097
Episode_Reward/tracking_ang_vel_yaw_l1: 0.0000
Episode_Reward/tracking_ang_vel_yaw_exp: 0.0096
Episode_Reward/tracking_lin_vel_y_l2: 0.0000
Episode_Reward/tracking_lin_vel_z_l2: 0.0000
            Episode_Reward/survive: 0.0000
    Episode_Reward/foot_contacts_z: 0.0000
            Episode_Reward/torques: -0.0162
 Episode_Reward/tracking_lin_vel_y: 0.0000
          Episode_Reward/lin_vel_z: -0.0014
         Episode_Reward/ang_vel_xy: -0.0082
   Episode_Reward/tracking_ang_vel: 0.0038
               Episode_Reward/work: -0.0340
            Episode_Reward/dof_acc: -0.0031
        Episode_Reward/action_rate: -0.0063
     Episode_Reward/dof_pos_limits: -0.0001
      Episode_Reward/delta_torques: -0.0000
          Episode_Reward/collision: -0.1802
        Episode_Reward/walking_dof: 0.0006
            Episode_Reward/hip_pos: -0.0020
          Episode_Reward/feet_jerk: 0.0000
              Episode_Reward/alive: 0.0120
          Episode_Reward/feet_drag: -0.0017
Episode_Reward/feet_contact_forces: -0.0078
               Episode_Reward/roll: -0.0007
        Episode_Reward/base_height: -0.0013
Episode_Reward/tracking_lin_vel_max: 0.0004
Episode_Reward/flat_orientation_l2: -0.0037
  Episode_Reward/air_time_variance: -0.0001
        Episode_Reward/feet_height: 0.0000
      Episode_Reward/feet_air_time: -0.0000
Episode_Reward/update_last_buffers: 0.0000
   Episode_Reward/wheel_idle_speed: -0.0026
    Episode_Reward/wheel_action_l2: -0.0003
  Episode_Reward/wheel_action_rate: 0.0000
  Episode_Reward/wheel_forward_use: 0.0002
 Episode_Reward/wheel_turn_support: 0.0007
   Metrics/locomotion/error_vel_xy: 0.0350
  Metrics/locomotion/error_vel_yaw: 0.0414
      Episode_Termination/time_out: 0.0296
   Episode_Termination/bad_contact: 0.0000
          Episode_Termination/tilt: 0.0882
    Episode_Termination/low_height: 0.0000
--------------------------------------------------------------------------------
                   Total timesteps: 3072
                    Iteration time: 5.11s
                      Time elapsed: 00:00:05
                               ETA: 00:01:42

Could not find git repository in /workspace/isaaclab/_isaac_sim/kit/python/lib/python3.11/site-packages/rsl_rl/__init__.py. Skipping.
Could not find git repository in /root/gpufree-data/tandem_hrl_620d798/scripts/rsl_rl/train.py. Skipping.
################################################################################
                     [1m Learning iteration 1123/1142 [0m                     

                       Computation: 958 steps/s (collection: 3.125s, learning 0.081s)
             Mean action noise std: 0.02
          Mean value_function loss: 32.7683
               Mean surrogate loss: -0.0020
                 Mean entropy loss: -39.8894
                       Mean reward: -71.28
               Mean episode length: 21.14
   Episode_Reward/term_bad_contact: 0.0000
          Episode_Reward/term_tilt: -2.9167
    Episode_Reward/term_low_height: 0.0000
      Episode_Reward/leg_action_l2: -0.0079
   Episode_Reward/tracking_lin_vel: 0.0344
Episode_Reward/tracking_lin_vel_x_exp: 0.0452
Episode_Reward/tracking_ang_vel_yaw_l1: 0.0000
Episode_Reward/tracking_ang_vel_yaw_exp: 0.0377
Episode_Reward/tracking_lin_vel_y_l2: 0.0000
Episode_Reward/tracking_lin_vel_z_l2: 0.0000
            Episode_Reward/survive: 0.0000
    Episode_Reward/foot_contacts_z: 0.0000
            Episode_Reward/torques: -0.0347
 Episode_Reward/tracking_lin_vel_y: 0.0000
          Episode_Reward/lin_vel_z: -0.0041
         Episode_Reward/ang_vel_xy: -0.0116
   Episode_Reward/tracking_ang_vel: 0.0151
               Episode_Reward/work: -0.0387
            Episode_Reward/dof_acc: -0.0042
        Episode_Reward/action_rate: -0.0172
     Episode_Reward/dof_pos_limits: -0.0001
      Episode_Reward/delta_torques: -0.0001
          Episode_Reward/collision: -0.6390
        Episode_Reward/walking_dof: 0.0021
            Episode_Reward/hip_pos: -0.0062
          Episode_Reward/feet_jerk: 0.0000
              Episode_Reward/alive: 0.0351
          Episode_Reward/feet_drag: -0.0031
Episode_Reward/feet_contact_forces: -0.0237
               Episode_Reward/roll: -0.0026
        Episode_Reward/base_height: -0.0037
Episode_Reward/tracking_lin_vel_max: 0.0071
Episode_Reward/flat_orientation_l2: -0.0080
  Episode_Reward/air_time_variance: -0.0002
        Episode_Reward/feet_height: 0.0000
      Episode_Reward/feet_air_time: -0.0000
Episode_Reward/update_last_buffers: 0.0000
   Episode_Reward/wheel_idle_speed: -0.0020
    Episode_Reward/wheel_action_l2: -0.0011
  Episode_Reward/wheel_action_rate: 0.0000
  Episode_Reward/wheel_forward_use: 0.0021
 Episode_Reward/wheel_turn_support: 0.0029
   Metrics/locomotion/error_vel_xy: 0.0769
  Metrics/locomotion/error_vel_yaw: 0.1054
      Episode_Termination/time_out: 0.0856
   Episode_Termination/bad_contact: 0.0000
          Episode_Termination/tilt: 0.2529
    Episode_Termination/low_height: 0.0000
--------------------------------------------------------------------------------
                   Total timesteps: 6144
                    Iteration time: 3.21s
                      Time elapsed: 00:00:08
                               ETA: 00:01:18

################################################################################
                     [1m Learning iteration 1124/1142 [0m                     

                       Computation: 959 steps/s (collection: 3.122s, learning 0.080s)
             Mean action noise std: 0.02
          Mean value_function loss: 0.5653
               Mean surrogate loss: -0.0011
                 Mean entropy loss: -39.8894
                       Mean reward: -64.67
               Mean episode length: 25.45
   Episode_Reward/term_bad_contact: 0.0000
          Episode_Reward/term_tilt: 0.0000
    Episode_Reward/term_low_height: 0.0000
      Episode_Reward/leg_action_l2: -0.0102
   Episode_Reward/tracking_lin_vel: 0.0595
Episode_Reward/tracking_lin_vel_x_exp: 0.0778
Episode_Reward/tracking_ang_vel_yaw_l1: 0.0000
Episode_Reward/tracking_ang_vel_yaw_exp: 0.0644
Episode_Reward/tracking_lin_vel_y_l2: 0.0000
Episode_Reward/tracking_lin_vel_z_l2: 0.0000
            Episode_Reward/survive: 0.0000
    Episode_Reward/foot_contacts_z: 0.0000
            Episode_Reward/torques: -0.0491
 Episode_Reward/tracking_lin_vel_y: 0.0000
          Episode_Reward/lin_vel_z: -0.0041
         Episode_Reward/ang_vel_xy: -0.0128
   Episode_Reward/tracking_ang_vel: 0.0283
               Episode_Reward/work: -0.0457
            Episode_Reward/dof_acc: -0.0026
        Episode_Reward/action_rate: -0.0205
     Episode_Reward/dof_pos_limits: -0.0001
      Episode_Reward/delta_torques: -0.0001
          Episode_Reward/collision: -1.1154
        Episode_Reward/walking_dof: 0.0035
            Episode_Reward/hip_pos: -0.0103
          Episode_Reward/feet_jerk: 0.0000
              Episode_Reward/alive: 0.0586
          Episode_Reward/feet_drag: -0.0037
Episode_Reward/feet_contact_forces: -0.0397
               Episode_Reward/roll: -0.0068
        Episode_Reward/base_height: -0.0086
Episode_Reward/tracking_lin_vel_max: 0.0170
Episode_Reward/flat_orientation_l2: -0.0106
  Episode_Reward/air_time_variance: -0.0003
        Episode_Reward/feet_height: 0.0000
      Episode_Reward/feet_air_time: -0.0000
Episode_Reward/update_last_buffers: 0.0000
   Episode_Reward/wheel_idle_speed: -0.0021
    Episode_Reward/wheel_action_l2: -0.0019
  Episode_Reward/wheel_action_rate: 0.0000
  Episode_Reward/wheel_forward_use: 0.0052
 Episode_Reward/wheel_turn_support: 0.0024
   Metrics/locomotion/error_vel_xy: 0.1195
  Metrics/locomotion/error_vel_yaw: 0.1657
      Episode_Termination/time_out: 0.1569
   Episode_Termination/bad_contact: 0.0000
          Episode_Termination/tilt: 0.2578
    Episode_Termination/low_height: 0.0000
--------------------------------------------------------------------------------
                   Total timesteps: 9216
                    Iteration time: 3.20s
                      Time elapsed: 00:00:11
                               ETA: 00:01:09

################################################################################
                     [1m Learning iteration 1125/1142 [0m                     

                       Computation: 964 steps/s (collection: 3.094s, learning 0.090s)
             Mean action noise std: 0.02
          Mean value_function loss: 0.5694
               Mean surrogate loss: -0.0047
                 Mean entropy loss: -39.8894
                       Mean reward: -56.90
               Mean episode length: 34.86
   Episode_Reward/term_bad_contact: 0.0000
          Episode_Reward/term_tilt: 0.0000
    Episode_Reward/term_low_height: 0.0000
      Episode_Reward/leg_action_l2: -0.0142
   Episode_Reward/tracking_lin_vel: 0.1041
Episode_Reward/tracking_lin_vel_x_exp: 0.1345
Episode_Reward/tracking_ang_vel_yaw_l1: 0.0000
Episode_Reward/tracking_ang_vel_yaw_exp: 0.0865
Episode_Reward/tracking_lin_vel_y_l2: 0.0000
Episode_Reward/tracking_lin_vel_z_l2: 0.0000
            Episode_Reward/survive: 0.0000
    Episode_Reward/foot_contacts_z: 0.0000
            Episode_Reward/torques: -0.0680
 Episode_Reward/tracking_lin_vel_y: 0.0000
          Episode_Reward/lin_vel_z: -0.0045
         Episode_Reward/ang_vel_xy: -0.0134
   Episode_Reward/tracking_ang_vel: 0.0332
               Episode_Reward/work: -0.0445
            Episode_Reward/dof_acc: -0.0027
        Episode_Reward/action_rate: -0.0259
     Episode_Reward/dof_pos_limits: -0.0001
      Episode_Reward/delta_torques: -0.0001
          Episode_Reward/collision: -1.6025
        Episode_Reward/walking_dof: 0.0047
            Episode_Reward/hip_pos: -0.0150
          Episode_Reward/feet_jerk: 0.0000
              Episode_Reward/alive: 0.0830
          Episode_Reward/feet_drag: -0.0042
Episode_Reward/feet_contact_forces: -0.0554
               Episode_Reward/roll: -0.0075
        Episode_Reward/base_height: -0.0126
Episode_Reward/tracking_lin_vel_max: 0.0284
Episode_Reward/flat_orientation_l2: -0.0123
  Episode_Reward/air_time_variance: -0.0005
        Episode_Reward/feet_height: 0.0000
      Episode_Reward/feet_air_time: -0.0000
Episode_Reward/update_last_buffers: 0.0000
   Episode_Reward/wheel_idle_speed: -0.0028
    Episode_Reward/wheel_action_l2: -0.0027
  Episode_Reward/wheel_action_rate: 0.0000
  Episode_Reward/wheel_forward_use: 0.0022
 Episode_Reward/wheel_turn_support: 0.0079
   Metrics/locomotion/error_vel_xy: 0.1376
  Metrics/locomotion/error_vel_yaw: 0.2389
      Episode_Termination/time_out: 0.2135
   Episode_Termination/bad_contact: 0.0000
          Episode_Termination/tilt: 0.2578
    Episode_Termination/low_height: 0.0000
--------------------------------------------------------------------------------
                   Total timesteps: 12288
                    Iteration time: 3.18s
                      Time elapsed: 00:00:14
                               ETA: 00:01:02

################################################################################
                     [1m Learning iteration 1126/1142 [0m                     

                       Computation: 947 steps/s (collection: 3.166s, learning 0.077s)
             Mean action noise std: 0.02
          Mean value_function loss: 0.6045
               Mean surrogate loss: -0.0106
                 Mean entropy loss: -39.8894
                       Mean reward: -53.47
               Mean episode length: 40.80
   Episode_Reward/term_bad_contact: 0.0000
          Episode_Reward/term_tilt: 0.0000
    Episode_Reward/term_low_height: 0.0000
      Episode_Reward/leg_action_l2: -0.0160
   Episode_Reward/tracking_lin_vel: 0.1585
Episode_Reward/tracking_lin_vel_x_exp: 0.2452
Episode_Reward/tracking_ang_vel_yaw_l1: 0.0000
Episode_Reward/tracking_ang_vel_yaw_exp: 0.1063
Episode_Reward/tracking_lin_vel_y_l2: 0.0000
Episode_Reward/tracking_lin_vel_z_l2: 0.0000
            Episode_Reward/survive: 0.0000
    Episode_Reward/foot_contacts_z: 0.0000
            Episode_Reward/torques: -0.0739
 Episode_Reward/tracking_lin_vel_y: 0.0000
          Episode_Reward/lin_vel_z: -0.0029
         Episode_Reward/ang_vel_xy: -0.0090
   Episode_Reward/tracking_ang_vel: 0.0493
               Episode_Reward/work: -0.0304
            Episode_Reward/dof_acc: -0.0022
        Episode_Reward/action_rate: -0.0259
     Episode_Reward/dof_pos_limits: -0.0001
      Episode_Reward/delta_torques: -0.0001
          Episode_Reward/collision: -2.0517
        Episode_Reward/walking_dof: 0.0020
            Episode_Reward/hip_pos: -0.0186
          Episode_Reward/feet_jerk: 0.0000
              Episode_Reward/alive: 0.1048
          Episode_Reward/feet_drag: -0.0041
Episode_Reward/feet_contact_forces: -0.0690
               Episode_Reward/roll: -0.0093
        Episode_Reward/base_height: -0.0166
Episode_Reward/tracking_lin_vel_max: 0.1090
Episode_Reward/flat_orientation_l2: -0.0112
  Episode_Reward/air_time_variance: -0.0005
        Episode_Reward/feet_height: 0.0000
      Episode_Reward/feet_air_time: -0.0000
Episode_Reward/update_last_buffers: 0.0000
   Episode_Reward/wheel_idle_speed: -0.0056
    Episode_Reward/wheel_action_l2: -0.0026
  Episode_Reward/wheel_action_rate: 0.0000
  Episode_Reward/wheel_forward_use: 0.0034
 Episode_Reward/wheel_turn_support: 0.0130
   Metrics/locomotion/error_vel_xy: 0.1265
  Metrics/locomotion/error_vel_yaw: 0.2486
      Episode_Termination/time_out: 0.2887
   Episode_Termination/bad_contact: 0.0000
          Episode_Termination/tilt: 0.2578
    Episode_Termination/low_height: 0.0000
--------------------------------------------------------------------------------
                   Total timesteps: 15360
                    Iteration time: 3.24s
                      Time elapsed: 00:00:17
                               ETA: 00:00:57

################################################################################
                     [1m Learning iteration 1127/1142 [0m                     

                       Computation: 970 steps/s (collection: 3.088s, learning 0.077s)
             Mean action noise std: 0.02
          Mean value_function loss: 0.5971
               Mean surrogate loss: -0.0134
                 Mean entropy loss: -39.8894
                       Mean reward: -50.34
               Mean episode length: 48.77
   Episode_Reward/term_bad_contact: 0.0000
          Episode_Reward/term_tilt: 0.0000
    Episode_Reward/term_low_height: 0.0000
      Episode_Reward/leg_action_l2: -0.0186
   Episode_Reward/tracking_lin_vel: 0.2078
Episode_Reward/tracking_lin_vel_x_exp: 0.3631
Episode_Reward/tracking_ang_vel_yaw_l1: 0.0000
Episode_Reward/tracking_ang_vel_yaw_exp: 0.2383
Episode_Reward/tracking_lin_vel_y_l2: 0.0000
Episode_Reward/tracking_lin_vel_z_l2: 0.0000
            Episode_Reward/survive: 0.0000
    Episode_Reward/foot_contacts_z: 0.0000
            Episode_Reward/torques: -0.0948
 Episode_Reward/tracking_lin_vel_y: 0.0000
          Episode_Reward/lin_vel_z: -0.0055
         Episode_Reward/ang_vel_xy: -0.0115
   Episode_Reward/tracking_ang_vel: 0.0877
               Episode_Reward/work: -0.0516
            Episode_Reward/dof_acc: -0.0029
        Episode_Reward/action_rate: -0.0288
     Episode_Reward/dof_pos_limits: -0.0001
      Episode_Reward/delta_torques: -0.0001
          Episode_Reward/collision: -2.5158
        Episode_Reward/walking_dof: 0.0026
            Episode_Reward/hip_pos: -0.0231
          Episode_Reward/feet_jerk: 0.0000
              Episode_Reward/alive: 0.1290
          Episode_Reward/feet_drag: -0.0044
Episode_Reward/feet_contact_forces: -0.0857
               Episode_Reward/roll: -0.0099
        Episode_Reward/base_height: -0.0214
Episode_Reward/tracking_lin_vel_max: 0.1443
Episode_Reward/flat_orientation_l2: -0.0131
  Episode_Reward/air_time_variance: -0.0007
        Episode_Reward/feet_height: 0.0000
      Episode_Reward/feet_air_time: -0.0000
Episode_Reward/update_last_buffers: 0.0000
   Episode_Reward/wheel_idle_speed: -0.0075
    Episode_Reward/wheel_action_l2: -0.0036
  Episode_Reward/wheel_action_rate: 0.0000
  Episode_Reward/wheel_forward_use: 0.0054
 Episode_Reward/wheel_turn_support: 0.0018
   Metrics/locomotion/error_vel_xy: 0.1287
  Metrics/locomotion/error_vel_yaw: 0.2249
      Episode_Termination/time_out: 0.3398
   Episode_Termination/bad_contact: 0.0000
          Episode_Termination/tilt: 0.2578
    Episode_Termination/low_height: 0.0000
--------------------------------------------------------------------------------
                   Total timesteps: 18432
                    Iteration time: 3.17s
                      Time elapsed: 00:00:21
                               ETA: 00:00:52

################################################################################
                     [1m Learning iteration 1128/1142 [0m                     

                       Computation: 967 steps/s (collection: 3.097s, learning 0.078s)
             Mean action noise std: 0.02
          Mean value_function loss: 0.3277
               Mean surrogate loss: -0.0185
                 Mean entropy loss: -39.8894
                       Mean reward: -49.38
               Mean episode length: 52.69
   Episode_Reward/term_bad_contact: 0.0000
          Episode_Reward/term_tilt: 0.0000
    Episode_Reward/term_low_height: 0.0000
      Episode_Reward/leg_action_l2: -0.0212
   Episode_Reward/tracking_lin_vel: 0.1850
Episode_Reward/tracking_lin_vel_x_exp: 0.2782
Episode_Reward/tracking_ang_vel_yaw_l1: 0.0000
Episode_Reward/tracking_ang_vel_yaw_exp: 0.2435
Episode_Reward/tracking_lin_vel_y_l2: 0.0000
Episode_Reward/tracking_lin_vel_z_l2: 0.0000
            Episode_Reward/survive: 0.0000
    Episode_Reward/foot_contacts_z: 0.0000
            Episode_Reward/torques: -0.1056
 Episode_Reward/tracking_lin_vel_y: 0.0000
          Episode_Reward/lin_vel_z: -0.0035
         Episode_Reward/ang_vel_xy: -0.0053
   Episode_Reward/tracking_ang_vel: 0.0962
               Episode_Reward/work: -0.0281
            Episode_Reward/dof_acc: -0.0019
        Episode_Reward/action_rate: -0.0335
     Episode_Reward/dof_pos_limits: -0.0001
      Episode_Reward/delta_torques: -0.0001
          Episode_Reward/collision: -3.0167
        Episode_Reward/walking_dof: 0.0069
            Episode_Reward/hip_pos: -0.0271
          Episode_Reward/feet_jerk: 0.0000
              Episode_Reward/alive: 0.1520
          Episode_Reward/feet_drag: -0.0044
Episode_Reward/feet_contact_forces: -0.0996
               Episode_Reward/roll: -0.0145
        Episode_Reward/base_height: -0.0288
Episode_Reward/tracking_lin_vel_max: 0.0848
Episode_Reward/flat_orientation_l2: -0.0128
  Episode_Reward/air_time_variance: -0.0005
        Episode_Reward/feet_height: 0.0000
      Episode_Reward/feet_air_time: -0.0000
Episode_Reward/update_last_buffers: 0.0000
   Episode_Reward/wheel_idle_speed: -0.0025
    Episode_Reward/wheel_action_l2: -0.0045
  Episode_Reward/wheel_action_rate: 0.0000
  Episode_Reward/wheel_forward_use: 0.0140
 Episode_Reward/wheel_turn_support: 0.0077
   Metrics/locomotion/error_vel_xy: 0.2595
  Metrics/locomotion/error_vel_yaw: 0.2582
      Episode_Termination/time_out: 0.3734
   Episode_Termination/bad_contact: 0.0000
          Episode_Termination/tilt: 0.2578
    Episode_Termination/low_height: 0.0000
--------------------------------------------------------------------------------
                   Total timesteps: 21504
                    Iteration time: 3.17s
                      Time elapsed: 00:00:24
                               ETA: 00:00:48
