[INFO][AppLauncher]: Using device: cuda:0
[INFO][AppLauncher]: Loading experience file: /workspace/isaaclab/apps/isaaclab.python.headless.kit
======Missing terms====== 
['tracking_lin_vel', 'tracking_lin_vel_max', 'tracking_ang_vel', 'tracking_lin_vel_x_exp', 'tracking_ang_vel_yaw_exp', 'torques', 'stand_still', 'walking_dof', 'alive', 'lin_vel_z', 'roll', 'ang_vel_xy', 'dof_acc', 'collision', 'dof_pos_limits', 'hip_pos', 'feet_jerk', 'feet_drag', 'feet_contact_forces', 'base_height', 'flat_orientation_l2', 'air_time_variance', 'tracking_lin_vel_x_l1', 'tracking_contacts_shaped_force', 'tracking_contacts_shaped_vel', 'feet_air_time', 'delta_torques', 'work', 'energy_square', 'dof_default_pos', 'dof_error', 'orientation', 'orientation_walking', 'orientation_standing', 'torques_walking', 'torques_standing', 'energy_square_walking', 'energy_square_standing', 'base_height_walking', 'base_height_standing', 'penalty_lin_vel_y', 'hip_action_l2', 'leg_energy_abs_sum', 'leg_energy_sum_abs', 'leg_action_l2', 'leg_energy', 'tracking_ee_sphere', 'tracking_ee_world', 'tracking_ee_sphere_walking', 'tracking_ee_sphere_standing', 'tracking_ee_cart', 'tracking_ee_orn', 'tracking_ee_orn_ry', 'arm_energy_abs_sum', 'wheel_idle_speed', 'wheel_action_l2', 'wheel_action_rate', 'teacher_ensemble_match', 'wheel_forward_use', 'wheel_turn_support', 'term_bad_contact', 'term_tilt', 'term_low_height']
 =======================

[36m======================================================================================[0m
[36m[1m[INFO][IsaacLab]: Logging to file: /tmp/isaaclab/logs/isaaclab_2026-08-18_04-59-57.log[0m
[36m======================================================================================[0m

[33m04:59:57 [simulation_context.py] WARNING: The `enable_external_forces_every_iteration` parameter in the PhysxCfg is set to False. If you are experiencing noisy velocities, consider enabling this flag. You may need to slightly increase the number of velocity iterations (setting it to 1 or 2 rather than 0), together with this flag, to improve the accuracy of velocity updates.[0m
[INFO]: Base environment:
	Environment device    : cuda:0
	Environment seed      : 42
	Physics step-size     : 0.008333333333333333
	Rendering step-size   : 0.03333333333333333
	Environment step-size : 0.03333333333333333
[33m04:59:57 [terrain_importer.py] WARNING: Visual material specified for ground plane but no diffuse color found. Using default color: (0.0, 0.0, 0.0)[0m
Loading user config located at: '/isaac-sim/kit/data/Kit/Isaac-Sim/5.1/user.config.json'
[Info] [carb] Logging to file: /isaac-sim/kit/logs/Kit/Isaac-Sim/5.1/kit_20260818_045951.log
2026-08-17T20:59:51Z [438ms] [Warning] [omni.usd_config.extension] Enable omni.materialx.libs extension to use MaterialX
2026-08-17T20:59:52Z [970ms] [Warning] [carb] Acquiring non optional plugin interface which is not listed as dependency: [omni::physx::IPhysxBenchmarks v1.0] (plugin: <default plugin>), by client: omni.physics.physx.plugin. Add it to CARB_PLUGIN_IMPL_DEPS() macro of a client.
2026-08-17T20:59:52Z [1,258ms] [Warning] [omni.isaac.dynamic_control] omni.isaac.dynamic_control is deprecated as of Isaac Sim 4.5. No action is needed from end-users.

|---------------------------------------------------------------------------------------------|
| Driver Version: 580.126.09    | Graphics API: Vulkan
|=============================================================================================|
| GPU | Name                             | Active | LDA | GPU Memory | Vendor-ID | LUID       |
|     |                                  |        |     |            | Device-ID | UUID       |
|     |                                  |        |     |            | Bus-ID    |            |
|---------------------------------------------------------------------------------------------|
| 0   | NVIDIA L40                       | Yes: 0 |     | 46068   MB | 10de      | 0          |
|     |                                  |        |     |            | 26b5      | c3c5dcf0.. |
|     |                                  |        |     |            | 37        |            |
|=============================================================================================|
| OS: 24.04.3 LTS (Noble Numbat) ubuntu, Version: 24.04.3, Kernel: 5.15.0-168-generic
| XServer Vendor: The X.Org Foundation, XServer Version: 12101011 (1.21.1.11)
| Processor: Intel(R) Xeon(R) Platinum 8358 CPU @ 2.60GHz
| Bare Metal Cores: 64 | Bare Metal Logical Cores: 128
| Core Usage Quota: 14
|---------------------------------------------------------------------------------------------|
| Total Memory (MB): 122880 | Free Memory: 119099
| Total Page/Swap (MB): 0 | Free Page/Swap: 0
|---------------------------------------------------------------------------------------------|
2026-08-17T20:59:55Z [4,799ms] [Warning] [gpu.foundation.plugin] ECC is enabled on physical device 0
