[INFO][AppLauncher]: Using device: cuda:0
[INFO][AppLauncher]: Loading experience file: /workspace/isaaclab/apps/isaaclab.python.headless.kit
======Missing terms====== 
[]
 =======================

[36m======================================================================================[0m
[36m[1m[INFO][IsaacLab]: Logging to file: /tmp/isaaclab/logs/isaaclab_2026-08-18_02-36-58.log[0m
[36m======================================================================================[0m

[33m02:36:58 [simulation_context.py] WARNING: The `enable_external_forces_every_iteration` parameter in the PhysxCfg is set to False. If you are experiencing noisy velocities, consider enabling this flag. You may need to slightly increase the number of velocity iterations (setting it to 1 or 2 rather than 0), together with this flag, to improve the accuracy of velocity updates.[0m
[INFO]: Base environment:
	Environment device    : cuda:0
	Environment seed      : 271828
	Physics step-size     : 0.008333333333333333
	Rendering step-size   : 833.3333333333334
	Environment step-size : 0.03333333333333333
[33m02:36:58 [terrain_importer.py] WARNING: Visual material specified for ground plane but no diffuse color found. Using default color: (0.0, 0.0, 0.0)[0m
[INFO]: Time taken for scene creation : 2.728009 seconds
[INFO]: Scene manager:  <class InteractiveScene>
	Number of environments: 1
	Environment spacing   : 4.0
	Source prim name      : /World/envs/env_0
	Global prim paths     : ['/World/ground']
	Replicate physics     : True
[INFO]: Starting the simulation. This may take a few seconds. Please wait...
[INFO]: Time taken for simulation start : 0.719097 seconds
[33m02:37:01 [velocity_command.py] WARNING: The velocity command has the 'ranges.heading' attribute set to '(-3.141592653589793, 3.141592653589793)' but the heading command is not active. Consider setting the flag for the heading command to True.[0m
[INFO] Command Manager:  <CommandManager> contains 2 active terms.
+---------------------------------------------+
|             Active Command Terms            |
+-------+------------+------------------------+
| Index | Name       |          Type          |
+-------+------------+------------------------+
|   0   | locomotion | UniformVelocityCommand |
|   1   | ee_goal    | EeSphericalGoalCommand |
+-------+------------+------------------------+

[INFO] Event Manager:  <EventManager> contains 1 active terms.
+------------------------------------+
| Active Event Terms in Mode: 'reset' |
+-----------+------------------------+
|   Index   | Name                   |
+-----------+------------------------+
|     0     | reset_root             |
|     1     | reset_joints           |
|     2     | init_priv              |
|     3     | reset_rewards          |
+-----------+------------------------+

[INFO] Recorder Manager:  <RecorderManager> contains 0 active terms.
+---------------------+
| Active Recorder Terms |
+-----------+---------+
|   Index   | Name    |
+-----------+---------+
+-----------+---------+

[INFO] Action Manager:  <ActionManager> contains 3 active terms.
+------------------------------------+
|  Active Action Terms (shape: 16)   |
+--------+-------------+-------------+
| Index  | Name        |   Dimension |
+--------+-------------+-------------+
|   0    | leg_pos     |          12 |
|   1    | wheel_vel   |           4 |
|   2    | arm_ik      |           0 |
+--------+-------------+-------------+

[INFO] Observation Manager: <ObservationManager> contains 1 groups.
+--------------------------------------------------+
| Active Observation Terms in Group: 'policy' (shape: (876,)) |
+----------------+-------------+-------------------+
|     Index      | Name        |       Shape       |
+----------------+-------------+-------------------+
|       0        | obs         |       (876,)      |
+----------------+-------------+-------------------+

[INFO] Termination Manager:  <TerminationManager> contains 4 active terms.
+--------------------------------+
|    Active Termination Terms    |
+-------+-------------+----------+
| Index | Name        | Time Out |
+-------+-------------+----------+
|   0   | time_out    |   True   |
|   1   | bad_contact |  False   |
|   2   | tilt        |  False   |
|   3   | low_height  |  False   |
+-------+-------------+----------+

[INFO] Reward Manager:  <RewardManager> contains 43 active terms.
+---------------------------------------------------------+
|                   Active Reward Terms                   |
+-------+--------------------------+----------------------+
| Index | Name                     |               Weight |
+-------+--------------------------+----------------------+
|   0   | term_bad_contact         |              -3000.0 |
|   1   | term_tilt                |              -3000.0 |
|   2   | term_low_height          |              -3000.0 |
|   3   | leg_action_l2            |               -0.003 |
|   4   | tracking_lin_vel         |                  0.6 |
|   5   | tracking_lin_vel_x_exp   |                  1.5 |
|   6   | tracking_ang_vel_yaw_l1  |                  0.0 |
|   7   | tracking_ang_vel_yaw_exp |                  1.5 |
|   8   | tracking_lin_vel_y_l2    |                  0.0 |
|   9   | tracking_lin_vel_z_l2    |                  0.0 |
|   10  | survive                  |                  0.0 |
|   11  | foot_contacts_z          |                  0.0 |
|   12  | torques                  |             -7.5e-06 |
|   13  | tracking_lin_vel_y       |                  0.0 |
|   14  | lin_vel_z                | -0.44999999999999996 |
|   15  | ang_vel_xy               |                -0.06 |
|   16  | tracking_ang_vel         |                  0.3 |
|   17  | work                     |              -0.0009 |
|   18  | dof_acc                  |            -2.25e-07 |
|   19  | action_rate              |              -0.0045 |
|   20  | dof_pos_limits           |                 -3.0 |
|   21  | delta_torques            |               -3e-08 |
|   22  | collision                |                 -3.0 |
|   23  | walking_dof              |                 0.03 |
|   24  | hip_pos                  |                -0.06 |
|   25  | feet_jerk                |               -6e-05 |
|   26  | alive                    |                  0.3 |
|   27  | feet_drag                |               -0.024 |
|   28  | feet_contact_forces      |              -0.0003 |
|   29  | roll                     |                 -0.3 |
|   30  | base_height              |                 -0.6 |
|   31  | tracking_lin_vel_max     |  0.44999999999999996 |
|   32  | flat_orientation_l2      |                 -0.6 |
|   33  | air_time_variance        |                 -0.3 |
|   34  | feet_height              |                  0.0 |
|   35  | feet_air_time            |                0.015 |
|   36  | update_last_buffers      |                  0.0 |
|   37  | wheel_idle_speed         |              -0.0009 |
|   38  | wheel_action_l2          |              -0.0003 |
|   39  | wheel_action_rate        |              -0.0006 |
|   40  | teacher_ensemble_match   |  0.22499999999999998 |
|   41  | wheel_forward_use        |                 0.18 |
|   42  | wheel_turn_support       |                0.135 |
+-------+--------------------------+----------------------+

[INFO] Curriculum Manager:  <CurriculumManager> contains 0 active terms.
+----------------------+
| Active Curriculum Terms |
+-----------+----------+
|   Index   | Name     |
+-----------+----------+
+-----------+----------+

[INFO]: Completed setting up the environment...
leg_action_joint_names ['FR_hip_joint', 'FR_thigh_joint', 'FR_calf_joint', 'FL_hip_joint', 'FL_thigh_joint', 'FL_calf_joint', 'RR_hip_joint', 'RR_thigh_joint', 'RR_calf_joint', 'RL_hip_joint', 'RL_thigh_joint', 'RL_calf_joint'] leg_ids [1, 6, 11, 0, 5, 10, 3, 8, 13, 2, 7, 12] robot_joint_names ['FL_hip_joint', 'FR_hip_joint', 'RL_hip_joint', 'RR_hip_joint', 'joint1', 'FL_thigh_joint', 'FR_thigh_joint', 'RL_thigh_joint', 'RR_thigh_joint', 'joint2', 'FL_calf_joint', 'FR_calf_joint', 'RL_calf_joint', 'RR_calf_joint', 'joint3', 'FL_foot_wheel_joint', 'FR_foot_wheel_joint', 'RL_foot_wheel_joint', 'RR_foot_wheel_joint', 'joint4', 'joint5', 'joint6', 'joint7', 'joint8']
contact_body_names ['base', 'FL_hip', 'FL_thigh', 'FL_calf', 'FL_foot', 'FR_hip', 'FR_thigh', 'FR_calf', 'FR_foot', 'RL_hip', 'RL_thigh', 'RL_calf', 'RL_foot', 'RR_hip', 'RR_thigh', 'RR_calf', 'RR_foot', 'link1', 'link2', 'link3', 'link4', 'link5', 'link6', 'link7', 'link8']
robot_body_names ['base', 'FL_hip', 'FR_hip', 'RL_hip', 'RR_hip', 'link1', 'FL_thigh', 'FR_thigh', 'RL_thigh', 'RR_thigh', 'link2', 'FL_calf', 'FR_calf', 'RL_calf', 'RR_calf', 'link3', 'FL_foot', 'FR_foot', 'RL_foot', 'RR_foot', 'link4', 'link5', 'link6', 'link7', 'link8']
step 0 vx -0.0015843779547140002 wz -0.013149107806384563 z 0.5731165409088135 tilt 0.0016823692712932825 wheel_vel [-2.877519111876836e-09, 9.62236690327245e-09, -1.6775389966028342e-08, -5.556691817787396e-08] wheel_target [0.0, 0.0, 0.0, 0.0] wheel_torque [-0.015860946848988533, 2.5935114056352404e-09, 2.2931072152232446e-08, -0.016113093122839928] foot_z [0.11975180357694626, 0.11397063732147217, 0.12392555177211761, 0.13014113903045654] foot_contact_force [0.0, 0.0, 0.0, 0.0] leg_pos [-0.2002522051334381, 0.7919641137123108, -1.4930208921432495, 0.19561642408370972, 0.8105531930923462, -1.5189484357833862, -0.19885671138763428, 1.0112664699554443, -1.519360899925232, 0.19443415105342865, 0.9956037402153015, -1.4911061525344849] leg_target [0.1960664689540863, -0.18175600469112396, 0.16618579626083374, -0.19606278836727142, 0.8182362914085388, 0.7661839127540588, 0.9959620237350464, 1.0210485458374023, -1.532938003540039, -1.495957851409912, -1.4789602756500244, -1.5329362154006958] leg_torque [3.029798746109009, -3.1264281272888184, -1.3883020877838135, 0.6488388180732727, -0.1312544345855713, 0.2035996913909912, 0.3008821904659271, 0.10783147811889648, 0.31609249114990234, -3.8558363914489746, 0.6305548548698425, 0.8075237274169922]
step 45 vx 0.024815700948238373 wz 0.003939093556255102 z 0.46305760741233826 tilt 0.036601800471544266 wheel_vel [0.3103589713573456, -0.0942048653960228, -0.7265331149101257, 0.3029472529888153] wheel_target [0.24465173482894897, 0.23213998973369598, 0.24465173482894897, 0.23213998973369598] wheel_torque [-0.012062519788742065, 0.2759082317352295, 0.7040892839431763, 0.08734096586704254] foot_z [0.10258636623620987, 0.10033582895994186, 0.10152710974216461, 0.10360726714134216] foot_contact_force [181.1912841796875, 192.7117462158203, 240.7275390625, 198.68017578125] leg_pos [-0.25697022676467896, 0.7324367761611938, -1.838364601135254, 0.23161371052265167, 0.6725542545318604, -1.8657748699188232, -0.20313763618469238, 1.0367799997329712, -1.833053708076477, 0.2452705204486847, 1.0421677827835083, -1.8132621049880981] leg_target [0.19763070344924927, -0.18736286461353302, 0.21491993963718414, -0.21201783418655396, 0.8130466341972351, 0.8171333074569702, 0.9881595373153687, 1.0353959798812866, -1.5274542570114136, -1.501569151878357, -1.466881275177002, -1.5241460800170898] leg_torque [11.136496543884277, 13.436190605163574, 53.99525451660156, -5.267972469329834, 22.540332794189453, 54.31441116333008, -1.4087294340133667, 0.0017120540142059326, 49.263954162597656, -4.779942989349365, -8.966531753540039, 55.30751037597656]
step 89 vx 0.09898224472999573 wz 0.02089911513030529 z 0.3741789758205414 tilt 0.2760925889015198 wheel_vel [2.2665696144104004, 1.6440876722335815, 3.179934024810791, 2.171111583709717] wheel_target [3.479691982269287, 3.419271945953369, 3.479691982269287, 3.419271945953369] wheel_torque [2.22731614112854, 1.6551278829574585, 0.7158634662628174, 1.2855415344238281] foot_z [0.10795357823371887, 0.10676699876785278, 0.1043904721736908, 0.10165730118751526] foot_contact_force [154.29904174804688, 57.53679656982422, 284.4208068847656, 298.5928039550781] leg_pos [-0.2353346198797226, 0.6720704436302185, -1.6702678203582764, 0.21792829036712646, 0.5712311863899231, -1.6279374361038208, -0.35263094305992126, 0.5301518440246582, -2.0169901847839355, 0.30343982577323914, 0.6717425584793091, -2.168830156326294] leg_target [0.18525312840938568, -0.27816495299339294, 0.17825008928775787, -0.1986953765153885, 0.7204063534736633, 0.7827684879302979, 1.0512410402297974, 0.9241217374801636, -1.3485347032546997, -1.5734949111938477, -1.5720469951629639, -1.3423962593078613] leg_torque [-6.881679534912109, 18.468204498291016, 15.843963623046875, -5.716413497924805, 24.13346290588379, 45.4394416809082, 24.280071258544922, 64.98600769042969, 106.6602783203125, -21.15163230895996, 64.68839263916016, 92.3167953491211]
summary mean_vx -0.001579131339612003 mean_wz -0.005148668827476084 min_z 0.3741789758205414 max_tilt 0.2869437038898468 tilt_term False low_term False bad_term False
Loading user config located at: '/isaac-sim/kit/data/Kit/Isaac-Sim/5.1/user.config.json'
[Info] [carb] Logging to file: /isaac-sim/kit/logs/Kit/Isaac-Sim/5.1/kit_20260818_023652.log
2026-08-17T18:36:52Z [430ms] [Warning] [omni.usd_config.extension] Enable omni.materialx.libs extension to use MaterialX
2026-08-17T18:36:53Z [933ms] [Warning] [carb] Acquiring non optional plugin interface which is not listed as dependency: [omni::physx::IPhysxBenchmarks v1.0] (plugin: <default plugin>), by client: omni.physics.physx.plugin. Add it to CARB_PLUGIN_IMPL_DEPS() macro of a client.
2026-08-17T18:36:53Z [1,215ms] [Warning] [omni.isaac.dynamic_control] omni.isaac.dynamic_control is deprecated as of Isaac Sim 4.5. No action is needed from end-users.

|---------------------------------------------------------------------------------------------|
| Driver Version: 580.126.09    | Graphics API: Vulkan
|=============================================================================================|
| GPU | Name                             | Active | LDA | GPU Memory | Vendor-ID | LUID       |
|     |                                  |        |     |            | Device-ID | UUID       |
|     |                                  |        |     |            | Bus-ID    |            |
|---------------------------------------------------------------------------------------------|
| 0   | NVIDIA L40                       | Yes: 0 |     | 46068   MB | 10de      | 0          |
|     |                                  |        |     |            | 26b5      | c3c5dcf0.. |
|     |                                  |        |     |            | 37        |            |
|=============================================================================================|
| OS: 24.04.3 LTS (Noble Numbat) ubuntu, Version: 24.04.3, Kernel: 5.15.0-168-generic
| XServer Vendor: The X.Org Foundation, XServer Version: 12101011 (1.21.1.11)
| Processor: Intel(R) Xeon(R) Platinum 8358 CPU @ 2.60GHz
| Bare Metal Cores: 64 | Bare Metal Logical Cores: 128
| Core Usage Quota: 14
|---------------------------------------------------------------------------------------------|
| Total Memory (MB): 122880 | Free Memory: 119576
| Total Page/Swap (MB): 0 | Free Page/Swap: 0
|---------------------------------------------------------------------------------------------|
2026-08-17T18:36:56Z [4,703ms] [Warning] [gpu.foundation.plugin] ECC is enabled on physical device 0
