[INFO][AppLauncher]: Using device: cuda:0
[INFO][AppLauncher]: Loading experience file: /workspace/isaaclab/apps/isaaclab.python.headless.kit
======Missing terms====== 
[]
 =======================

[36m======================================================================================[0m
[36m[1m[INFO][IsaacLab]: Logging to file: /tmp/isaaclab/logs/isaaclab_2026-08-18_02-58-47.log[0m
[36m======================================================================================[0m

[33m02:58:47 [simulation_context.py] WARNING: The `enable_external_forces_every_iteration` parameter in the PhysxCfg is set to False. If you are experiencing noisy velocities, consider enabling this flag. You may need to slightly increase the number of velocity iterations (setting it to 1 or 2 rather than 0), together with this flag, to improve the accuracy of velocity updates.[0m
[INFO]: Base environment:
	Environment device    : cuda:0
	Environment seed      : 271828
	Physics step-size     : 0.008333333333333333
	Rendering step-size   : 833.3333333333334
	Environment step-size : 0.03333333333333333
[33m02:58:47 [terrain_importer.py] WARNING: Visual material specified for ground plane but no diffuse color found. Using default color: (0.0, 0.0, 0.0)[0m
[INFO]: Time taken for scene creation : 2.863613 seconds
[INFO]: Scene manager:  <class InteractiveScene>
	Number of environments: 1
	Environment spacing   : 4.0
	Source prim name      : /World/envs/env_0
	Global prim paths     : ['/World/ground']
	Replicate physics     : True
[INFO]: Starting the simulation. This may take a few seconds. Please wait...
[INFO]: Time taken for simulation start : 0.745259 seconds
[33m02:58:50 [velocity_command.py] WARNING: The velocity command has the 'ranges.heading' attribute set to '(-3.141592653589793, 3.141592653589793)' but the heading command is not active. Consider setting the flag for the heading command to True.[0m
[INFO] Command Manager:  <CommandManager> contains 2 active terms.
+---------------------------------------------+
|             Active Command Terms            |
+-------+------------+------------------------+
| Index | Name       |          Type          |
+-------+------------+------------------------+
|   0   | locomotion | UniformVelocityCommand |
|   1   | ee_goal    | EeSphericalGoalCommand |
+-------+------------+------------------------+

[INFO] Event Manager:  <EventManager> contains 1 active terms.
+------------------------------------+
| Active Event Terms in Mode: 'reset' |
+-----------+------------------------+
|   Index   | Name                   |
+-----------+------------------------+
|     0     | reset_root             |
|     1     | reset_joints           |
|     2     | init_priv              |
|     3     | reset_rewards          |
+-----------+------------------------+

[INFO] Recorder Manager:  <RecorderManager> contains 0 active terms.
+---------------------+
| Active Recorder Terms |
+-----------+---------+
|   Index   | Name    |
+-----------+---------+
+-----------+---------+

[INFO] Action Manager:  <ActionManager> contains 3 active terms.
+------------------------------------+
|  Active Action Terms (shape: 16)   |
+--------+-------------+-------------+
| Index  | Name        |   Dimension |
+--------+-------------+-------------+
|   0    | leg_pos     |          12 |
|   1    | wheel_vel   |           4 |
|   2    | arm_ik      |           0 |
+--------+-------------+-------------+

[INFO] Observation Manager: <ObservationManager> contains 1 groups.
+--------------------------------------------------+
| Active Observation Terms in Group: 'policy' (shape: (876,)) |
+----------------+-------------+-------------------+
|     Index      | Name        |       Shape       |
+----------------+-------------+-------------------+
|       0        | obs         |       (876,)      |
+----------------+-------------+-------------------+

[INFO] Termination Manager:  <TerminationManager> contains 4 active terms.
+--------------------------------+
|    Active Termination Terms    |
+-------+-------------+----------+
| Index | Name        | Time Out |
+-------+-------------+----------+
|   0   | time_out    |   True   |
|   1   | bad_contact |  False   |
|   2   | tilt        |  False   |
|   3   | low_height  |  False   |
+-------+-------------+----------+

[INFO] Reward Manager:  <RewardManager> contains 43 active terms.
+---------------------------------------------------------+
|                   Active Reward Terms                   |
+-------+--------------------------+----------------------+
| Index | Name                     |               Weight |
+-------+--------------------------+----------------------+
|   0   | term_bad_contact         |              -3000.0 |
|   1   | term_tilt                |              -3000.0 |
|   2   | term_low_height          |              -3000.0 |
|   3   | leg_action_l2            |               -0.003 |
|   4   | tracking_lin_vel         |                  0.6 |
|   5   | tracking_lin_vel_x_exp   |                  1.5 |
|   6   | tracking_ang_vel_yaw_l1  |                  0.0 |
|   7   | tracking_ang_vel_yaw_exp |                  1.5 |
|   8   | tracking_lin_vel_y_l2    |                  0.0 |
|   9   | tracking_lin_vel_z_l2    |                  0.0 |
|   10  | survive                  |                  0.0 |
|   11  | foot_contacts_z          |                  0.0 |
|   12  | torques                  |             -7.5e-06 |
|   13  | tracking_lin_vel_y       |                  0.0 |
|   14  | lin_vel_z                | -0.44999999999999996 |
|   15  | ang_vel_xy               |                -0.06 |
|   16  | tracking_ang_vel         |                  0.3 |
|   17  | work                     |              -0.0009 |
|   18  | dof_acc                  |            -2.25e-07 |
|   19  | action_rate              |              -0.0045 |
|   20  | dof_pos_limits           |                 -3.0 |
|   21  | delta_torques            |               -3e-08 |
|   22  | collision                |                 -3.0 |
|   23  | walking_dof              |                 0.03 |
|   24  | hip_pos                  |                -0.06 |
|   25  | feet_jerk                |               -6e-05 |
|   26  | alive                    |                  0.3 |
|   27  | feet_drag                |               -0.024 |
|   28  | feet_contact_forces      |              -0.0003 |
|   29  | roll                     |                 -0.3 |
|   30  | base_height              |                 -0.6 |
|   31  | tracking_lin_vel_max     |  0.44999999999999996 |
|   32  | flat_orientation_l2      |                 -0.6 |
|   33  | air_time_variance        |                 -0.3 |
|   34  | feet_height              |                  0.0 |
|   35  | feet_air_time            |                0.015 |
|   36  | update_last_buffers      |                  0.0 |
|   37  | wheel_idle_speed         |              -0.0009 |
|   38  | wheel_action_l2          |              -0.0003 |
|   39  | wheel_action_rate        |              -0.0006 |
|   40  | teacher_ensemble_match   |  0.22499999999999998 |
|   41  | wheel_forward_use        |                 0.18 |
|   42  | wheel_turn_support       |                0.135 |
+-------+--------------------------+----------------------+

[INFO] Curriculum Manager:  <CurriculumManager> contains 0 active terms.
+----------------------+
| Active Curriculum Terms |
+-----------+----------+
|   Index   | Name     |
+-----------+----------+
+-----------+----------+

[INFO]: Completed setting up the environment...
leg_action_joint_names ['FR_hip_joint', 'FR_thigh_joint', 'FR_calf_joint', 'FL_hip_joint', 'FL_thigh_joint', 'FL_calf_joint', 'RR_hip_joint', 'RR_thigh_joint', 'RR_calf_joint', 'RL_hip_joint', 'RL_thigh_joint', 'RL_calf_joint'] leg_ids [1, 6, 11, 0, 5, 10, 3, 8, 13, 2, 7, 12] robot_joint_names ['FL_hip_joint', 'FR_hip_joint', 'RL_hip_joint', 'RR_hip_joint', 'joint1', 'FL_thigh_joint', 'FR_thigh_joint', 'RL_thigh_joint', 'RR_thigh_joint', 'joint2', 'FL_calf_joint', 'FR_calf_joint', 'RL_calf_joint', 'RR_calf_joint', 'joint3', 'FL_foot_wheel_joint', 'FR_foot_wheel_joint', 'RL_foot_wheel_joint', 'RR_foot_wheel_joint', 'joint4', 'joint5', 'joint6', 'joint7', 'joint8']
contact_body_names ['base', 'FL_hip', 'FL_thigh', 'FL_calf', 'FL_foot', 'FR_hip', 'FR_thigh', 'FR_calf', 'FR_foot', 'RL_hip', 'RL_thigh', 'RL_calf', 'RL_foot', 'RR_hip', 'RR_thigh', 'RR_calf', 'RR_foot', 'link1', 'link2', 'link3', 'link4', 'link5', 'link6', 'link7', 'link8']
robot_body_names ['base', 'FL_hip', 'FR_hip', 'RL_hip', 'RR_hip', 'link1', 'FL_thigh', 'FR_thigh', 'RL_thigh', 'RR_thigh', 'link2', 'FL_calf', 'FR_calf', 'RL_calf', 'RR_calf', 'link3', 'FL_foot', 'FR_foot', 'RL_foot', 'RR_foot', 'link4', 'link5', 'link6', 'link7', 'link8']
step 0 vx 0.0024652923457324505 wz 0.00021145644132047892 z 0.5725396275520325 tilt 0.000918619567528367 wheel_vel [1.3569501966514963e-08, -4.8194905843956803e-08, -6.00139742346073e-08, -1.1242791586596468e-08] wheel_target [0.0, 0.0, 0.0, 0.0] wheel_torque [-0.017209606245160103, -0.01764390803873539, 6.227884341569734e-08, -5.564597316265463e-08] foot_z [0.11982037127017975, 0.11983934044837952, 0.12996172904968262, 0.1299862563610077] foot_contact_force [0.0, 0.0, 0.0, 0.0] leg_pos [-0.19893492758274078, 0.8119311928749084, -1.5192615985870361, 0.19853606820106506, 0.8119665384292603, -1.519362211227417, -0.19941502809524536, 1.0132396221160889, -1.5203197002410889, 0.19902782142162323, 1.013271450996399, -1.5203841924667358] leg_target [-0.20393353700637817, 0.8182440400123596, -1.5338141918182373, 0.20393721759319305, 0.8182362914085388, -1.5338160991668701, -0.20403796434402466, 1.0210485458374023, -1.532938003540039, 0.20404212176799774, 1.0210397243499756, -1.5329362154006958] leg_torque [-0.9482641816139221, -0.5326318740844727, 0.15496826171875, 1.0652925968170166, -0.5443384647369385, 0.18456554412841797, -0.824954628944397, -0.4529130458831787, 0.5893173217773438, 0.9382284283638, -0.4630727767944336, 0.6077055931091309]
step 45 vx -0.17343315482139587 wz 0.006108246278017759 z 0.41665151715278625 tilt 0.08548124134540558 wheel_vel [-1.2714016437530518, -1.6933220624923706, 0.5278234481811523, 0.6580856442451477] wheel_target [0.0, 0.0, 0.0, 0.0] wheel_torque [1.1934744119644165, 1.2643516063690186, -0.3757016658782959, -0.5577822327613831] foot_z [0.10212519019842148, 0.10210194438695908, 0.0998501181602478, 0.09995147585868835] foot_contact_force [123.54940795898438, 117.76393127441406, 275.7050476074219, 264.69427490234375] leg_pos [-0.24065856635570526, 0.6335707306861877, -1.7942177057266235, 0.2393990159034729, 0.6156221032142639, -1.8017020225524902, -0.2691500782966614, 0.8324263691902161, -2.026355504989624, 0.2723526358604431, 0.8439071178436279, -2.0435760021209717] leg_target [-0.2182878702878952, 0.7883550524711609, -1.561898112297058, 0.21284028887748718, 0.7867279052734375, -1.5607478618621826, -0.20337450504302979, 0.9666351675987244, -1.4949522018432617, 0.1979147493839264, 0.9663622379302979, -1.494395136833191] leg_torque [3.6947591304779053, 24.928627014160156, 36.43485641479492, -4.29640007019043, 27.34148597717285, 38.09214401245117, 10.662369728088379, 22.406084060668945, 85.42556762695312, -11.732646942138672, 20.260107040405273, 88.72611999511719]
step 89 vx -0.002188506769016385 wz -0.0068990811705589294 z 0.3752296268939972 tilt 0.2661401033401489 wheel_vel [-0.016560230404138565, -0.19462303817272186, -0.03528687357902527, -0.05670877918601036] wheel_target [0.0, 0.0, 0.0, 0.0] wheel_torque [-0.02240769751369953, 0.18813718855381012, 0.0006813605432398617, 0.0029897158965468407] foot_z [0.10614404082298279, 0.1045941710472107, 0.09770989418029785, 0.09832877665758133] foot_contact_force [86.38502502441406, 79.84346771240234, 282.9918212890625, 270.51171875] leg_pos [-0.22490526735782623, 0.6901927590370178, -1.6903996467590332, 0.20788177847862244, 0.6629590392112732, -1.7082395553588867, -0.30001282691955566, 0.5745028853416443, -2.0638070106506348, 0.32479363679885864, 0.5906397700309753, -2.078094005584717] leg_target [-0.21547503769397736, 0.7764461636543274, -1.5684980154037476, 0.21103720366954803, 0.7736544609069824, -1.5676242113113403, -0.1952206939458847, 0.9489844441413879, -1.461616039276123, 0.1907600611448288, 0.9497119784355164, -1.4619754552841187] leg_torque [1.4743115901947021, 13.46772289276123, 19.656740188598633, 0.49202075600624084, 17.671175003051758, 22.48245620727539, 16.745580673217773, 59.778995513916016, 96.34923553466797, -21.485918045043945, 57.28374099731445, 98.69837951660156]
summary mean_vx -0.11604424053803086 mean_wz 0.0039469199214686845 min_z 0.3679242730140686 max_tilt 0.26707807183265686 tilt_term False low_term False bad_term False
Loading user config located at: '/isaac-sim/kit/data/Kit/Isaac-Sim/5.1/user.config.json'
[Info] [carb] Logging to file: /isaac-sim/kit/logs/Kit/Isaac-Sim/5.1/kit_20260818_025840.log
2026-08-17T18:58:41Z [437ms] [Warning] [omni.usd_config.extension] Enable omni.materialx.libs extension to use MaterialX
2026-08-17T18:58:41Z [970ms] [Warning] [carb] Acquiring non optional plugin interface which is not listed as dependency: [omni::physx::IPhysxBenchmarks v1.0] (plugin: <default plugin>), by client: omni.physics.physx.plugin. Add it to CARB_PLUGIN_IMPL_DEPS() macro of a client.
2026-08-17T18:58:41Z [1,271ms] [Warning] [omni.isaac.dynamic_control] omni.isaac.dynamic_control is deprecated as of Isaac Sim 4.5. No action is needed from end-users.

|---------------------------------------------------------------------------------------------|
| Driver Version: 580.126.09    | Graphics API: Vulkan
|=============================================================================================|
| GPU | Name                             | Active | LDA | GPU Memory | Vendor-ID | LUID       |
|     |                                  |        |     |            | Device-ID | UUID       |
|     |                                  |        |     |            | Bus-ID    |            |
|---------------------------------------------------------------------------------------------|
| 0   | NVIDIA L40                       | Yes: 0 |     | 46068   MB | 10de      | 0          |
|     |                                  |        |     |            | 26b5      | c3c5dcf0.. |
|     |                                  |        |     |            | 37        |            |
|=============================================================================================|
| OS: 24.04.3 LTS (Noble Numbat) ubuntu, Version: 24.04.3, Kernel: 5.15.0-168-generic
| XServer Vendor: The X.Org Foundation, XServer Version: 12101011 (1.21.1.11)
| Processor: Intel(R) Xeon(R) Platinum 8358 CPU @ 2.60GHz
| Bare Metal Cores: 64 | Bare Metal Logical Cores: 128
| Core Usage Quota: 14
|---------------------------------------------------------------------------------------------|
| Total Memory (MB): 122880 | Free Memory: 119569
| Total Page/Swap (MB): 0 | Free Page/Swap: 0
|---------------------------------------------------------------------------------------------|
2026-08-17T18:58:45Z [4,720ms] [Warning] [gpu.foundation.plugin] ECC is enabled on physical device 0
