[INFO][AppLauncher]: Using device: cuda
[INFO][AppLauncher]: Loading experience file: /workspace/isaaclab/apps/isaaclab.python.headless.kit
======Missing terms====== 
[]
 =======================

[36m======================================================================================[0m
[36m[1m[INFO][IsaacLab]: Logging to file: /tmp/isaaclab/logs/isaaclab_2026-08-18_00-40-32.log[0m
[36m======================================================================================[0m

[33m00:40:32 [simulation_context.py] WARNING: The `enable_external_forces_every_iteration` parameter in the PhysxCfg is set to False. If you are experiencing noisy velocities, consider enabling this flag. You may need to slightly increase the number of velocity iterations (setting it to 1 or 2 rather than 0), together with this flag, to improve the accuracy of velocity updates.[0m
[INFO]: Base environment:
	Environment device    : cuda:0
	Environment seed      : 271828
	Physics step-size     : 0.008333333333333333
	Rendering step-size   : 833.3333333333334
	Environment step-size : 0.03333333333333333
[33m00:40:32 [terrain_importer.py] WARNING: Visual material specified for ground plane but no diffuse color found. Using default color: (0.0, 0.0, 0.0)[0m
[INFO]: Time taken for scene creation : 1.503593 seconds
[INFO]: Scene manager:  <class InteractiveScene>
	Number of environments: 1
	Environment spacing   : 4.0
	Source prim name      : /World/envs/env_0
	Global prim paths     : ['/World/ground']
	Replicate physics     : True
[INFO]: Starting the simulation. This may take a few seconds. Please wait...
[INFO]: Time taken for simulation start : 0.791887 seconds
[33m00:40:34 [velocity_command.py] WARNING: The velocity command has the 'ranges.heading' attribute set to '(-3.141592653589793, 3.141592653589793)' but the heading command is not active. Consider setting the flag for the heading command to True.[0m
[INFO] Command Manager:  <CommandManager> contains 2 active terms.
+---------------------------------------------+
|             Active Command Terms            |
+-------+------------+------------------------+
| Index | Name       |          Type          |
+-------+------------+------------------------+
|   0   | locomotion | UniformVelocityCommand |
|   1   | ee_goal    | EeSphericalGoalCommand |
+-------+------------+------------------------+

[INFO] Event Manager:  <EventManager> contains 1 active terms.
+------------------------------------+
| Active Event Terms in Mode: 'reset' |
+-----------+------------------------+
|   Index   | Name                   |
+-----------+------------------------+
|     0     | reset_root             |
|     1     | reset_joints           |
|     2     | init_priv              |
|     3     | reset_rewards          |
+-----------+------------------------+

[INFO] Recorder Manager:  <RecorderManager> contains 0 active terms.
+---------------------+
| Active Recorder Terms |
+-----------+---------+
|   Index   | Name    |
+-----------+---------+
+-----------+---------+

[INFO] Action Manager:  <ActionManager> contains 3 active terms.
+------------------------------------+
|  Active Action Terms (shape: 16)   |
+--------+-------------+-------------+
| Index  | Name        |   Dimension |
+--------+-------------+-------------+
|   0    | leg_pos     |          12 |
|   1    | wheel_vel   |           4 |
|   2    | arm_ik      |           0 |
+--------+-------------+-------------+

[INFO] Observation Manager: <ObservationManager> contains 1 groups.
+--------------------------------------------------+
| Active Observation Terms in Group: 'policy' (shape: (876,)) |
+----------------+-------------+-------------------+
|     Index      | Name        |       Shape       |
+----------------+-------------+-------------------+
|       0        | obs         |       (876,)      |
+----------------+-------------+-------------------+

[INFO] Termination Manager:  <TerminationManager> contains 4 active terms.
+--------------------------------+
|    Active Termination Terms    |
+-------+-------------+----------+
| Index | Name        | Time Out |
+-------+-------------+----------+
|   0   | time_out    |   True   |
|   1   | bad_contact |  False   |
|   2   | tilt        |  False   |
|   3   | low_height  |  False   |
+-------+-------------+----------+

[INFO] Reward Manager:  <RewardManager> contains 43 active terms.
+---------------------------------------------------------+
|                   Active Reward Terms                   |
+-------+--------------------------+----------------------+
| Index | Name                     |               Weight |
+-------+--------------------------+----------------------+
|   0   | term_bad_contact         |              -3000.0 |
|   1   | term_tilt                |              -3000.0 |
|   2   | term_low_height          |              -3000.0 |
|   3   | leg_action_l2            |               -0.003 |
|   4   | tracking_lin_vel         |                  0.6 |
|   5   | tracking_lin_vel_x_exp   |                  1.5 |
|   6   | tracking_ang_vel_yaw_l1  |                  0.0 |
|   7   | tracking_ang_vel_yaw_exp |                  1.5 |
|   8   | tracking_lin_vel_y_l2    |                  0.0 |
|   9   | tracking_lin_vel_z_l2    |                  0.0 |
|   10  | survive                  |                  0.0 |
|   11  | foot_contacts_z          |                  0.0 |
|   12  | torques                  |             -7.5e-06 |
|   13  | tracking_lin_vel_y       |                  0.0 |
|   14  | lin_vel_z                | -0.44999999999999996 |
|   15  | ang_vel_xy               |                -0.06 |
|   16  | tracking_ang_vel         |                  0.3 |
|   17  | work                     |              -0.0009 |
|   18  | dof_acc                  |            -2.25e-07 |
|   19  | action_rate              |              -0.0045 |
|   20  | dof_pos_limits           |                 -3.0 |
|   21  | delta_torques            |               -3e-08 |
|   22  | collision                |                 -3.0 |
|   23  | walking_dof              |                 0.03 |
|   24  | hip_pos                  |                -0.06 |
|   25  | feet_jerk                |               -6e-05 |
|   26  | alive                    |                  0.3 |
|   27  | feet_drag                |               -0.024 |
|   28  | feet_contact_forces      |              -0.0003 |
|   29  | roll                     |                 -0.3 |
|   30  | base_height              |                 -0.6 |
|   31  | tracking_lin_vel_max     |  0.44999999999999996 |
|   32  | flat_orientation_l2      |                 -0.6 |
|   33  | air_time_variance        |                 -0.3 |
|   34  | feet_height              |                  0.0 |
|   35  | feet_air_time            |                0.015 |
|   36  | update_last_buffers      |                  0.0 |
|   37  | wheel_idle_speed         |              -0.0009 |
|   38  | wheel_action_l2          |              -0.0003 |
|   39  | wheel_action_rate        |              -0.0006 |
|   40  | teacher_ensemble_match   |  0.22499999999999998 |
|   41  | wheel_forward_use        |                 0.18 |
|   42  | wheel_turn_support       |                0.135 |
+-------+--------------------------+----------------------+

[INFO] Curriculum Manager:  <CurriculumManager> contains 0 active terms.
+----------------------+
| Active Curriculum Terms |
+-----------+----------+
|   Index   | Name     |
+-----------+----------+
+-----------+----------+

[INFO]: Completed setting up the environment...
leg_action_joint_names ['FR_hip_joint', 'FR_thigh_joint', 'FR_calf_joint', 'FL_hip_joint', 'FL_thigh_joint', 'FL_calf_joint', 'RR_hip_joint', 'RR_thigh_joint', 'RR_calf_joint', 'RL_hip_joint', 'RL_thigh_joint', 'RL_calf_joint'] leg_ids [1, 6, 11, 0, 5, 10, 3, 8, 13, 2, 7, 12] robot_joint_names ['FL_hip_joint', 'FR_hip_joint', 'RL_hip_joint', 'RR_hip_joint', 'joint1', 'FL_thigh_joint', 'FR_thigh_joint', 'RL_thigh_joint', 'RR_thigh_joint', 'joint2', 'FL_calf_joint', 'FR_calf_joint', 'RL_calf_joint', 'RR_calf_joint', 'joint3', 'FL_foot_wheel_joint', 'FR_foot_wheel_joint', 'RL_foot_wheel_joint', 'RR_foot_wheel_joint', 'joint4', 'joint5', 'joint6', 'joint7', 'joint8']
contact_body_names ['base', 'FL_hip', 'FL_thigh', 'FL_calf', 'FL_foot', 'FR_hip', 'FR_thigh', 'FR_calf', 'FR_foot', 'RL_hip', 'RL_thigh', 'RL_calf', 'RL_foot', 'RR_hip', 'RR_thigh', 'RR_calf', 'RR_foot', 'link1', 'link2', 'link3', 'link4', 'link5', 'link6', 'link7', 'link8']
robot_body_names ['base', 'FL_hip', 'FR_hip', 'RL_hip', 'RR_hip', 'link1', 'FL_thigh', 'FR_thigh', 'RL_thigh', 'RR_thigh', 'link2', 'FL_calf', 'FR_calf', 'RL_calf', 'RR_calf', 'link3', 'FL_foot', 'FR_foot', 'RL_foot', 'RR_foot', 'link4', 'link5', 'link6', 'link7', 'link8']
step 0 vx 0.0007884497754275799 wz -0.02923787198960781 z 0.5732628703117371 tilt 0.0038070552982389927 wheel_vel [7.135571244987204e-09, 1.0043199605291875e-09, 1.7324561785159176e-09, 2.4346114013695797e-09] wheel_target [0.0, 0.0, 0.0, 0.0] wheel_torque [-1.9850614485505957e-09, 1.0261595129179568e-08, -5.110349921011448e-09, -3.6451590634811737e-09] foot_z [0.11638300120830536, 0.11580111086368561, 0.12678472697734833, 0.12641963362693787] foot_contact_force [0.0, 0.0, 0.0, 0.0] leg_pos [-0.20255300402641296, 0.7997415065765381, -1.501274585723877, 0.197504922747612, 0.7997688055038452, -1.4989888668060303, -0.2035268098115921, 0.9993496537208557, -1.5004222393035889, 0.1959858536720276, 0.9996579885482788, -1.4991015195846558] leg_target [0.20000000298023224, -0.20000000298023224, 0.20000000298023224, -0.20000000298023224, 0.800000011920929, 0.800000011920929, 1.0, 1.0, -1.5, -1.5, -1.5, -1.5] leg_torque [0.5831801891326904, 0.10448186844587326, 0.29198187589645386, 0.5663782358169556, 0.03922988101840019, -0.21795597672462463, 0.8295809030532837, 0.19508756697177887, 0.09097646176815033, 0.9736221432685852, 0.0884595662355423, -0.22107528150081635]
step 45 vx -0.1153397411108017 wz 0.01679202727973461 z 0.43274298310279846 tilt 0.07187829166650772 wheel_vel [-0.7465813755989075, -0.847784161567688, 0.4751130938529968, -0.2966983914375305] wheel_target [0.3333333432674408, 0.3333333432674408, 0.3333333432674408, 0.3333333432674408] wheel_torque [2.1552071571350098, 1.1217210292816162, -0.2713307738304138, 1.3229305744171143] foot_z [0.10206544399261475, 0.10221798717975616, 0.10088461637496948, 0.09985392540693283] foot_contact_force [143.35435485839844, 134.4329833984375, 266.790283203125, 259.57763671875] leg_pos [-0.23346033692359924, 0.6318950653076172, -1.7677429914474487, 0.23816852271556854, 0.6258251070976257, -1.780517339706421, -0.26372697949409485, 0.9120564460754395, -1.9912285804748535, 0.2588358223438263, 0.8980934619903564, -2.0136780738830566] leg_target [0.20000000298023224, -0.20000000298023224, 0.20000000298023224, -0.20000000298023224, 0.800000011920929, 0.800000011920929, 1.0, 1.0, -1.5, -1.5, -1.5, -1.5] leg_torque [5.969681262969971, 27.283355712890625, 41.993682861328125, -6.17845344543457, 28.00128936767578, 44.63961410522461, 10.202547073364258, 13.726890563964844, 79.1274185180664, -9.541557312011719, 17.059175491333008, 82.61908721923828]
step 89 vx 0.19798773527145386 wz -0.003725440474227071 z 0.36230355501174927 tilt 0.2912340760231018 wheel_vel [1.668267011642456, 2.497541904449463, 2.303128242492676, 2.1856963634490967] wheel_target [2.637786865234375, 2.637786865234375, 2.637786865234375, 2.637786865234375] wheel_torque [1.9119620323181152, 0.4777054786682129, 1.203446865081787, 1.1744604110717773] foot_z [0.10269688814878464, 0.1043732613325119, 0.09516468644142151, 0.09719285368919373] foot_contact_force [98.2308578491211, 98.55057525634766, 268.2229309082031, 268.62786865234375] leg_pos [-0.2426750808954239, 0.669734001159668, -1.6726232767105103, 0.24173393845558167, 0.6690278649330139, -1.6726655960083008, -0.4006125330924988, 0.6474453210830688, -2.1026008129119873, 0.407308965921402, 0.6494953632354736, -2.098332643508911] leg_target [0.20000000298023224, -0.20000000298023224, 0.20000000298023224, -0.20000000298023224, 0.800000011920929, 0.800000011920929, 1.0, 1.0, -1.5, -1.5, -1.5, -1.5] leg_torque [7.260098457336426, 20.67892837524414, 27.466205596923828, -7.110869407653809, 21.003150939941406, 27.328369140625, 33.08382797241211, 57.515296936035156, 94.78768157958984, -33.934051513671875, 56.634132385253906, 94.63008117675781]
summary mean_vx -0.036650042890364096 mean_wz -0.0004914441301176946 min_z 0.3603782653808594 max_tilt 0.2912340760231018 tilt_term False low_term False bad_term False
Loading user config located at: '/isaac-sim/kit/data/Kit/Isaac-Sim/5.1/user.config.json'
[Info] [carb] Logging to file: /isaac-sim/kit/logs/Kit/Isaac-Sim/5.1/kit_20260818_004025.log
2026-08-17T16:40:25Z [473ms] [Warning] [omni.usd_config.extension] Enable omni.materialx.libs extension to use MaterialX
2026-08-17T16:40:26Z [1,113ms] [Warning] [carb] Acquiring non optional plugin interface which is not listed as dependency: [omni::physx::IPhysxBenchmarks v1.0] (plugin: <default plugin>), by client: omni.physics.physx.plugin. Add it to CARB_PLUGIN_IMPL_DEPS() macro of a client.
2026-08-17T16:40:26Z [1,421ms] [Warning] [omni.isaac.dynamic_control] omni.isaac.dynamic_control is deprecated as of Isaac Sim 4.5. No action is needed from end-users.

|---------------------------------------------------------------------------------------------|
| Driver Version: 580.126.09    | Graphics API: Vulkan
|=============================================================================================|
| GPU | Name                             | Active | LDA | GPU Memory | Vendor-ID | LUID       |
|     |                                  |        |     |            | Device-ID | UUID       |
|     |                                  |        |     |            | Bus-ID    |            |
|---------------------------------------------------------------------------------------------|
| 0   | NVIDIA L40                       | Yes: 0 |     | 46068   MB | 10de      | 0          |
|     |                                  |        |     |            | 26b5      | c3c5dcf0.. |
|     |                                  |        |     |            | 37        |            |
|=============================================================================================|
| OS: 24.04.3 LTS (Noble Numbat) ubuntu, Version: 24.04.3, Kernel: 5.15.0-168-generic
| XServer Vendor: The X.Org Foundation, XServer Version: 12101011 (1.21.1.11)
| Processor: Intel(R) Xeon(R) Platinum 8358 CPU @ 2.60GHz
| Bare Metal Cores: 64 | Bare Metal Logical Cores: 128
| Core Usage Quota: 14
|---------------------------------------------------------------------------------------------|
| Total Memory (MB): 122880 | Free Memory: 119648
| Total Page/Swap (MB): 0 | Free Page/Swap: 0
|---------------------------------------------------------------------------------------------|
2026-08-17T16:40:30Z [5,229ms] [Warning] [gpu.foundation.plugin] ECC is enabled on physical device 0
