[INFO][AppLauncher]: Using device: cuda:0
[INFO][AppLauncher]: Loading experience file: /workspace/isaaclab/apps/isaaclab.python.headless.kit
======Missing terms====== 
[]
 =======================

[36m======================================================================================[0m
[36m[1m[INFO][IsaacLab]: Logging to file: /tmp/isaaclab/logs/isaaclab_2026-08-18_03-58-23.log[0m
[36m======================================================================================[0m

[33m03:58:23 [simulation_context.py] WARNING: The `enable_external_forces_every_iteration` parameter in the PhysxCfg is set to False. If you are experiencing noisy velocities, consider enabling this flag. You may need to slightly increase the number of velocity iterations (setting it to 1 or 2 rather than 0), together with this flag, to improve the accuracy of velocity updates.[0m
[INFO]: Base environment:
	Environment device    : cuda:0
	Environment seed      : 271828
	Physics step-size     : 0.008333333333333333
	Rendering step-size   : 833.3333333333334
	Environment step-size : 0.03333333333333333
[33m03:58:23 [terrain_importer.py] WARNING: Visual material specified for ground plane but no diffuse color found. Using default color: (0.0, 0.0, 0.0)[0m
[INFO]: Time taken for scene creation : 47.845490 seconds
[INFO]: Scene manager:  <class InteractiveScene>
	Number of environments: 1
	Environment spacing   : 4.0
	Source prim name      : /World/envs/env_0
	Global prim paths     : ['/World/ground']
	Replicate physics     : True
[INFO]: Starting the simulation. This may take a few seconds. Please wait...
[INFO]: Time taken for simulation start : 0.757818 seconds
[33m03:59:12 [velocity_command.py] WARNING: The velocity command has the 'ranges.heading' attribute set to '(-3.141592653589793, 3.141592653589793)' but the heading command is not active. Consider setting the flag for the heading command to True.[0m
[INFO] Command Manager:  <CommandManager> contains 2 active terms.
+---------------------------------------------+
|             Active Command Terms            |
+-------+------------+------------------------+
| Index | Name       |          Type          |
+-------+------------+------------------------+
|   0   | locomotion | UniformVelocityCommand |
|   1   | ee_goal    | EeSphericalGoalCommand |
+-------+------------+------------------------+

[INFO] Event Manager:  <EventManager> contains 1 active terms.
+------------------------------------+
| Active Event Terms in Mode: 'reset' |
+-----------+------------------------+
|   Index   | Name                   |
+-----------+------------------------+
|     0     | reset_root             |
|     1     | reset_joints           |
|     2     | init_priv              |
|     3     | reset_rewards          |
+-----------+------------------------+

[INFO] Recorder Manager:  <RecorderManager> contains 0 active terms.
+---------------------+
| Active Recorder Terms |
+-----------+---------+
|   Index   | Name    |
+-----------+---------+
+-----------+---------+

[INFO] Action Manager:  <ActionManager> contains 3 active terms.
+------------------------------------+
|  Active Action Terms (shape: 16)   |
+--------+-------------+-------------+
| Index  | Name        |   Dimension |
+--------+-------------+-------------+
|   0    | leg_pos     |          12 |
|   1    | wheel_vel   |           4 |
|   2    | arm_ik      |           0 |
+--------+-------------+-------------+

[INFO] Observation Manager: <ObservationManager> contains 1 groups.
+--------------------------------------------------+
| Active Observation Terms in Group: 'policy' (shape: (876,)) |
+----------------+-------------+-------------------+
|     Index      | Name        |       Shape       |
+----------------+-------------+-------------------+
|       0        | obs         |       (876,)      |
+----------------+-------------+-------------------+

[INFO] Termination Manager:  <TerminationManager> contains 4 active terms.
+--------------------------------+
|    Active Termination Terms    |
+-------+-------------+----------+
| Index | Name        | Time Out |
+-------+-------------+----------+
|   0   | time_out    |   True   |
|   1   | bad_contact |  False   |
|   2   | tilt        |  False   |
|   3   | low_height  |  False   |
+-------+-------------+----------+

[INFO] Reward Manager:  <RewardManager> contains 43 active terms.
+---------------------------------------------------------+
|                   Active Reward Terms                   |
+-------+--------------------------+----------------------+
| Index | Name                     |               Weight |
+-------+--------------------------+----------------------+
|   0   | term_bad_contact         |              -3000.0 |
|   1   | term_tilt                |              -3000.0 |
|   2   | term_low_height          |              -3000.0 |
|   3   | leg_action_l2            |               -0.003 |
|   4   | tracking_lin_vel         |                  0.6 |
|   5   | tracking_lin_vel_x_exp   |                  1.5 |
|   6   | tracking_ang_vel_yaw_l1  |                  0.0 |
|   7   | tracking_ang_vel_yaw_exp |                  1.5 |
|   8   | tracking_lin_vel_y_l2    |                  0.0 |
|   9   | tracking_lin_vel_z_l2    |                  0.0 |
|   10  | survive                  |                  0.0 |
|   11  | foot_contacts_z          |                  0.0 |
|   12  | torques                  |             -7.5e-06 |
|   13  | tracking_lin_vel_y       |                  0.0 |
|   14  | lin_vel_z                | -0.44999999999999996 |
|   15  | ang_vel_xy               |                -0.06 |
|   16  | tracking_ang_vel         |                  0.3 |
|   17  | work                     |              -0.0009 |
|   18  | dof_acc                  |            -2.25e-07 |
|   19  | action_rate              |              -0.0045 |
|   20  | dof_pos_limits           |                 -3.0 |
|   21  | delta_torques            |               -3e-08 |
|   22  | collision                |                 -3.0 |
|   23  | walking_dof              |                 0.03 |
|   24  | hip_pos                  |                -0.06 |
|   25  | feet_jerk                |               -6e-05 |
|   26  | alive                    |                  0.3 |
|   27  | feet_drag                |               -0.024 |
|   28  | feet_contact_forces      |              -0.0003 |
|   29  | roll                     |                 -0.3 |
|   30  | base_height              |                 -0.6 |
|   31  | tracking_lin_vel_max     |  0.44999999999999996 |
|   32  | flat_orientation_l2      |                 -0.6 |
|   33  | air_time_variance        |                 -0.3 |
|   34  | feet_height              |                  0.0 |
|   35  | feet_air_time            |                0.015 |
|   36  | update_last_buffers      |                  0.0 |
|   37  | wheel_idle_speed         |              -0.0009 |
|   38  | wheel_action_l2          |              -0.0003 |
|   39  | wheel_action_rate        |              -0.0006 |
|   40  | teacher_ensemble_match   |  0.22499999999999998 |
|   41  | wheel_forward_use        |                 0.18 |
|   42  | wheel_turn_support       |                0.135 |
+-------+--------------------------+----------------------+

[INFO] Curriculum Manager:  <CurriculumManager> contains 0 active terms.
+----------------------+
| Active Curriculum Terms |
+-----------+----------+
|   Index   | Name     |
+-----------+----------+
+-----------+----------+

[INFO]: Completed setting up the environment...
direct_wheel_action [-1.0, 1.0, -1.0, 1.0]
leg_action_joint_names ['FR_hip_joint', 'FR_thigh_joint', 'FR_calf_joint', 'FL_hip_joint', 'FL_thigh_joint', 'FL_calf_joint', 'RR_hip_joint', 'RR_thigh_joint', 'RR_calf_joint', 'RL_hip_joint', 'RL_thigh_joint', 'RL_calf_joint'] leg_ids [1, 6, 11, 0, 5, 10, 3, 8, 13, 2, 7, 12] robot_joint_names ['FL_hip_joint', 'FR_hip_joint', 'RL_hip_joint', 'RR_hip_joint', 'joint1', 'FL_thigh_joint', 'FR_thigh_joint', 'RL_thigh_joint', 'RR_thigh_joint', 'joint2', 'FL_calf_joint', 'FR_calf_joint', 'RL_calf_joint', 'RR_calf_joint', 'joint3', 'FL_foot_wheel_joint', 'FR_foot_wheel_joint', 'RL_foot_wheel_joint', 'RR_foot_wheel_joint', 'joint4', 'joint5', 'joint6', 'joint7', 'joint8']
contact_body_names ['base', 'FL_hip', 'FL_thigh', 'FL_calf', 'FL_foot', 'FR_hip', 'FR_thigh', 'FR_calf', 'FR_foot', 'RL_hip', 'RL_thigh', 'RL_calf', 'RL_foot', 'RR_hip', 'RR_thigh', 'RR_calf', 'RR_foot', 'link1', 'link2', 'link3', 'link4', 'link5', 'link6', 'link7', 'link8']
robot_body_names ['base', 'FL_hip', 'FR_hip', 'RL_hip', 'RR_hip', 'link1', 'FL_thigh', 'FR_thigh', 'RL_thigh', 'RR_thigh', 'link2', 'FL_calf', 'FR_calf', 'RL_calf', 'RR_calf', 'link3', 'FL_foot', 'FR_foot', 'RL_foot', 'RR_foot', 'link4', 'link5', 'link6', 'link7', 'link8']
step 0 vx 1.268039341084659e-06 wz -0.0005064779543317854 z 0.5731874704360962 tilt 8.561392860428896e-06 wheel_vel [-0.33136773109436035, 0.33136606216430664, -0.3314245939254761, 0.33141854405403137] wheel_target [-0.3333333432674408, 0.3333333432674408, -0.3333333432674408, 0.3333333432674408] wheel_torque [-0.006460458040237427, 0.006451040506362915, -0.006415218114852905, 0.006409764289855957] foot_z [0.11609340459108353, 0.1161336898803711, 0.12647908926010132, 0.126506045460701] foot_contact_force [0.0, 0.0, 0.0, 0.0] leg_pos [-0.19999685883522034, 0.799970805644989, -1.5001068115234375, 0.20000338554382324, 0.8000286817550659, -1.499894618988037, -0.20001573860645294, 0.9999646544456482, -1.5000990629196167, 0.199985072016716, 1.0000344514846802, -1.4999024868011475] leg_target [-0.20000000298023224, 0.800000011920929, -1.5, 0.20000000298023224, 0.800000011920929, -1.5, -0.20000000298023224, 1.0, -1.5, 0.20000000298023224, 1.0, -1.5] leg_torque [-2.370896254433319e-05, 0.008712738752365112, 0.03107144683599472, -9.298315126216039e-05, -0.008543534204363823, -0.03060741536319256, 0.005758167244493961, 0.010436497628688812, 0.02877572365105152, 0.005489904899150133, -0.010301493108272552, -0.028252815827727318]
step 15 vx -0.2047051042318344 wz 0.02150680311024189 z 0.45842263102531433 tilt 0.021805768832564354 wheel_vel [-1.963377594947815, -1.8810561895370483, 0.6888352632522583, 0.7146320343017578] wheel_target [-1.0, 1.0, -1.0, 1.0] wheel_torque [0.6146955490112305, 2.79573392868042, -1.4057517051696777, 0.36236572265625] foot_z [0.10096710920333862, 0.10195916891098022, 0.09916505962610245, 0.10414275527000427] foot_contact_force [143.46458435058594, 128.43307495117188, 223.24427795410156, 250.3010711669922] leg_pos [-0.26084262132644653, 0.577985942363739, -1.7978168725967407, 0.22923511266708374, 0.6208341121673584, -1.8114922046661377, -0.21319325268268585, 1.018430471420288, -1.898090124130249, 0.2566390037536621, 1.0804853439331055, -1.8008393049240112] leg_target [-0.20000000298023224, 0.800000011920929, -1.5, 0.20000000298023224, 0.800000011920929, -1.5, -0.20000000298023224, 1.0, -1.5, 0.20000000298023224, 1.0, -1.5] leg_torque [9.137396812438965, 36.47629165649414, 43.92870330810547, -4.1524152755737305, 29.738014221191406, 45.670589447021484, 1.9856752157211304, -2.1549477577209473, 63.49600601196289, -9.062149047851562, -12.067020416259766, 47.668827056884766]
step 29 vx -0.05065484344959259 wz -0.007682306692004204 z 0.44388577342033386 tilt 0.03206034004688263 wheel_vel [-0.14384528994560242, 0.035766348242759705, 0.3410803973674774, -0.12631818652153015] wheel_target [-1.0, 1.0, -1.0, 1.0] wheel_torque [-0.8819934129714966, 0.9126825928688049, -1.3471342325210571, 1.112923264503479] foot_z [0.09902393072843552, 0.10312554240226746, 0.09742440283298492, 0.10471048951148987] foot_contact_force [165.3603515625, 177.91436767578125, 233.69186401367188, 271.10601806640625] leg_pos [-0.2555290758609772, 0.5984101295471191, -1.8525149822235107, 0.2425500899553299, 0.6470200419425964, -1.8119200468063354, -0.22426758706569672, 0.9535659551620483, -1.978036880493164, 0.26282477378845215, 1.028464913368225, -1.8578745126724243] leg_target [-0.20000000298023224, 0.800000011920929, -1.5, 0.20000000298023224, 0.800000011920929, -1.5, -0.20000000298023224, 1.0, -1.5, 0.20000000298023224, 1.0, -1.5] leg_torque [8.88546371459961, 32.82725524902344, 56.36011505126953, -6.837885856628418, 24.66863250732422, 49.822872161865234, 3.937272787094116, 7.359864711761475, 76.80289459228516, -10.027792930603027, -4.162435531616211, 57.5152702331543]
summary mean_vx -0.13187590153587128 mean_wz 0.01595278041398463 min_z 0.4306347966194153 max_tilt 0.11098488420248032 tilt_term False low_term False bad_term False
Loading user config located at: '/isaac-sim/kit/data/Kit/Isaac-Sim/5.1/user.config.json'
[Info] [carb] Logging to file: /isaac-sim/kit/logs/Kit/Isaac-Sim/5.1/kit_20260818_035817.log
2026-08-17T19:58:17Z [430ms] [Warning] [omni.usd_config.extension] Enable omni.materialx.libs extension to use MaterialX
2026-08-17T19:58:18Z [948ms] [Warning] [carb] Acquiring non optional plugin interface which is not listed as dependency: [omni::physx::IPhysxBenchmarks v1.0] (plugin: <default plugin>), by client: omni.physics.physx.plugin. Add it to CARB_PLUGIN_IMPL_DEPS() macro of a client.
2026-08-17T19:58:18Z [1,226ms] [Warning] [omni.isaac.dynamic_control] omni.isaac.dynamic_control is deprecated as of Isaac Sim 4.5. No action is needed from end-users.

|---------------------------------------------------------------------------------------------|
| Driver Version: 580.126.09    | Graphics API: Vulkan
|=============================================================================================|
| GPU | Name                             | Active | LDA | GPU Memory | Vendor-ID | LUID       |
|     |                                  |        |     |            | Device-ID | UUID       |
|     |                                  |        |     |            | Bus-ID    |            |
|---------------------------------------------------------------------------------------------|
| 0   | NVIDIA L40                       | Yes: 0 |     | 46068   MB | 10de      | 0          |
|     |                                  |        |     |            | 26b5      | c3c5dcf0.. |
|     |                                  |        |     |            | 37        |            |
|=============================================================================================|
| OS: 24.04.3 LTS (Noble Numbat) ubuntu, Version: 24.04.3, Kernel: 5.15.0-168-generic
| XServer Vendor: The X.Org Foundation, XServer Version: 12101011 (1.21.1.11)
| Processor: Intel(R) Xeon(R) Platinum 8358 CPU @ 2.60GHz
| Bare Metal Cores: 64 | Bare Metal Logical Cores: 128
| Core Usage Quota: 14
|---------------------------------------------------------------------------------------------|
| Total Memory (MB): 122880 | Free Memory: 119560
| Total Page/Swap (MB): 0 | Free Page/Swap: 0
|---------------------------------------------------------------------------------------------|
2026-08-17T19:58:21Z [4,666ms] [Warning] [gpu.foundation.plugin] ECC is enabled on physical device 0
