[INFO][AppLauncher]: Using device: cuda
[INFO][AppLauncher]: Loading experience file: /workspace/isaaclab/apps/isaaclab.python.headless.kit
======Missing terms====== 
[]
 =======================

[36m======================================================================================[0m
[36m[1m[INFO][IsaacLab]: Logging to file: /tmp/isaaclab/logs/isaaclab_2026-08-18_00-42-14.log[0m
[36m======================================================================================[0m

[33m00:42:14 [simulation_context.py] WARNING: The `enable_external_forces_every_iteration` parameter in the PhysxCfg is set to False. If you are experiencing noisy velocities, consider enabling this flag. You may need to slightly increase the number of velocity iterations (setting it to 1 or 2 rather than 0), together with this flag, to improve the accuracy of velocity updates.[0m
[INFO]: Base environment:
	Environment device    : cuda:0
	Environment seed      : 271828
	Physics step-size     : 0.008333333333333333
	Rendering step-size   : 833.3333333333334
	Environment step-size : 0.03333333333333333
[33m00:42:15 [terrain_importer.py] WARNING: Visual material specified for ground plane but no diffuse color found. Using default color: (0.0, 0.0, 0.0)[0m
[INFO]: Time taken for scene creation : 8.216824 seconds
[INFO]: Scene manager:  <class InteractiveScene>
	Number of environments: 1
	Environment spacing   : 4.0
	Source prim name      : /World/envs/env_0
	Global prim paths     : ['/World/ground']
	Replicate physics     : True
[INFO]: Starting the simulation. This may take a few seconds. Please wait...
[INFO]: Time taken for simulation start : 0.807624 seconds
[33m00:42:24 [velocity_command.py] WARNING: The velocity command has the 'ranges.heading' attribute set to '(-3.141592653589793, 3.141592653589793)' but the heading command is not active. Consider setting the flag for the heading command to True.[0m
[INFO] Command Manager:  <CommandManager> contains 2 active terms.
+---------------------------------------------+
|             Active Command Terms            |
+-------+------------+------------------------+
| Index | Name       |          Type          |
+-------+------------+------------------------+
|   0   | locomotion | UniformVelocityCommand |
|   1   | ee_goal    | EeSphericalGoalCommand |
+-------+------------+------------------------+

[INFO] Event Manager:  <EventManager> contains 1 active terms.
+------------------------------------+
| Active Event Terms in Mode: 'reset' |
+-----------+------------------------+
|   Index   | Name                   |
+-----------+------------------------+
|     0     | reset_root             |
|     1     | reset_joints           |
|     2     | init_priv              |
|     3     | reset_rewards          |
+-----------+------------------------+

[INFO] Recorder Manager:  <RecorderManager> contains 0 active terms.
+---------------------+
| Active Recorder Terms |
+-----------+---------+
|   Index   | Name    |
+-----------+---------+
+-----------+---------+

[INFO] Action Manager:  <ActionManager> contains 3 active terms.
+------------------------------------+
|  Active Action Terms (shape: 16)   |
+--------+-------------+-------------+
| Index  | Name        |   Dimension |
+--------+-------------+-------------+
|   0    | leg_pos     |          12 |
|   1    | wheel_vel   |           4 |
|   2    | arm_ik      |           0 |
+--------+-------------+-------------+

[INFO] Observation Manager: <ObservationManager> contains 1 groups.
+--------------------------------------------------+
| Active Observation Terms in Group: 'policy' (shape: (876,)) |
+----------------+-------------+-------------------+
|     Index      | Name        |       Shape       |
+----------------+-------------+-------------------+
|       0        | obs         |       (876,)      |
+----------------+-------------+-------------------+

[INFO] Termination Manager:  <TerminationManager> contains 4 active terms.
+--------------------------------+
|    Active Termination Terms    |
+-------+-------------+----------+
| Index | Name        | Time Out |
+-------+-------------+----------+
|   0   | time_out    |   True   |
|   1   | bad_contact |  False   |
|   2   | tilt        |  False   |
|   3   | low_height  |  False   |
+-------+-------------+----------+

[INFO] Reward Manager:  <RewardManager> contains 43 active terms.
+---------------------------------------------------------+
|                   Active Reward Terms                   |
+-------+--------------------------+----------------------+
| Index | Name                     |               Weight |
+-------+--------------------------+----------------------+
|   0   | term_bad_contact         |              -3000.0 |
|   1   | term_tilt                |              -3000.0 |
|   2   | term_low_height          |              -3000.0 |
|   3   | leg_action_l2            |               -0.003 |
|   4   | tracking_lin_vel         |                  0.6 |
|   5   | tracking_lin_vel_x_exp   |                  1.5 |
|   6   | tracking_ang_vel_yaw_l1  |                  0.0 |
|   7   | tracking_ang_vel_yaw_exp |                  1.5 |
|   8   | tracking_lin_vel_y_l2    |                  0.0 |
|   9   | tracking_lin_vel_z_l2    |                  0.0 |
|   10  | survive                  |                  0.0 |
|   11  | foot_contacts_z          |                  0.0 |
|   12  | torques                  |             -7.5e-06 |
|   13  | tracking_lin_vel_y       |                  0.0 |
|   14  | lin_vel_z                | -0.44999999999999996 |
|   15  | ang_vel_xy               |                -0.06 |
|   16  | tracking_ang_vel         |                  0.3 |
|   17  | work                     |              -0.0009 |
|   18  | dof_acc                  |            -2.25e-07 |
|   19  | action_rate              |              -0.0045 |
|   20  | dof_pos_limits           |                 -3.0 |
|   21  | delta_torques            |               -3e-08 |
|   22  | collision                |                 -3.0 |
|   23  | walking_dof              |                 0.03 |
|   24  | hip_pos                  |                -0.06 |
|   25  | feet_jerk                |               -6e-05 |
|   26  | alive                    |                  0.3 |
|   27  | feet_drag                |               -0.024 |
|   28  | feet_contact_forces      |              -0.0003 |
|   29  | roll                     |                 -0.3 |
|   30  | base_height              |                 -0.6 |
|   31  | tracking_lin_vel_max     |  0.44999999999999996 |
|   32  | flat_orientation_l2      |                 -0.6 |
|   33  | air_time_variance        |                 -0.3 |
|   34  | feet_height              |                  0.0 |
|   35  | feet_air_time            |                0.015 |
|   36  | update_last_buffers      |                  0.0 |
|   37  | wheel_idle_speed         |              -0.0009 |
|   38  | wheel_action_l2          |              -0.0003 |
|   39  | wheel_action_rate        |              -0.0006 |
|   40  | teacher_ensemble_match   |  0.22499999999999998 |
|   41  | wheel_forward_use        |                 0.18 |
|   42  | wheel_turn_support       |                0.135 |
+-------+--------------------------+----------------------+

[INFO] Curriculum Manager:  <CurriculumManager> contains 0 active terms.
+----------------------+
| Active Curriculum Terms |
+-----------+----------+
|   Index   | Name     |
+-----------+----------+
+-----------+----------+

[INFO]: Completed setting up the environment...
leg_action_joint_names ['FR_hip_joint', 'FR_thigh_joint', 'FR_calf_joint', 'FL_hip_joint', 'FL_thigh_joint', 'FL_calf_joint', 'RR_hip_joint', 'RR_thigh_joint', 'RR_calf_joint', 'RL_hip_joint', 'RL_thigh_joint', 'RL_calf_joint'] leg_ids [1, 6, 11, 0, 5, 10, 3, 8, 13, 2, 7, 12] robot_joint_names ['FL_hip_joint', 'FR_hip_joint', 'RL_hip_joint', 'RR_hip_joint', 'joint1', 'FL_thigh_joint', 'FR_thigh_joint', 'RL_thigh_joint', 'RR_thigh_joint', 'joint2', 'FL_calf_joint', 'FR_calf_joint', 'RL_calf_joint', 'RR_calf_joint', 'joint3', 'FL_foot_wheel_joint', 'FR_foot_wheel_joint', 'RL_foot_wheel_joint', 'RR_foot_wheel_joint', 'joint4', 'joint5', 'joint6', 'joint7', 'joint8']
contact_body_names ['base', 'FL_hip', 'FL_thigh', 'FL_calf', 'FL_foot', 'FR_hip', 'FR_thigh', 'FR_calf', 'FR_foot', 'RL_hip', 'RL_thigh', 'RL_calf', 'RL_foot', 'RR_hip', 'RR_thigh', 'RR_calf', 'RR_foot', 'link1', 'link2', 'link3', 'link4', 'link5', 'link6', 'link7', 'link8']
robot_body_names ['base', 'FL_hip', 'FR_hip', 'RL_hip', 'RR_hip', 'link1', 'FL_thigh', 'FR_thigh', 'RL_thigh', 'RR_thigh', 'link2', 'FL_calf', 'FR_calf', 'RL_calf', 'RR_calf', 'link3', 'FL_foot', 'FR_foot', 'RL_foot', 'RR_foot', 'link4', 'link5', 'link6', 'link7', 'link8']
step 0 vx 1.369222388802882e-07 wz 3.4780057376337936e-06 z 0.5731871128082275 tilt 1.664018700608949e-09 wheel_vel [4.4213173703774866e-13, 2.857298564418187e-10, 5.972614069982285e-10, -6.622929982214032e-10] wheel_target [0.0, 0.0, 0.0, 0.0] wheel_torque [-1.4410608123460733e-13, -1.385849074386769e-10, -3.03017139158257e-10, 3.338240794903413e-10] foot_z [0.11611304432153702, 0.11611288040876389, 0.1264921873807907, 0.12649205327033997] foot_contact_force [0.0, 0.0, 0.0, 0.0] leg_pos [-0.20000000298023224, 0.800000011920929, -1.5, 0.20000000298023224, 0.800000011920929, -1.5, -0.20000000298023224, 1.0, -1.5, 0.20000000298023224, 1.0, -1.5] leg_target [0.20000000298023224, -0.20000000298023224, 0.20000000298023224, -0.20000000298023224, 0.800000011920929, 0.800000011920929, 1.0, 1.0, -1.5, -1.5, -1.5, -1.5] leg_torque [-4.403455378110266e-08, 4.925335872485448e-08, 1.35659283806433e-09, 1.565785390233998e-09, -4.309763568244307e-08, -7.1953987212936e-10, -1.2900081003408559e-09, 2.6899627414422866e-08, -9.79519043653454e-09, -5.132278246833266e-08, -2.5292987260172595e-08, 4.8973509692018524e-09]
step 45 vx -0.026973819360136986 wz -0.011045590043067932 z 0.448737770318985 tilt 0.017434976994991302 wheel_vel [-0.4701232314109802, 0.3368542194366455, -0.4147741496562958, -0.23695239424705505] wheel_target [0.0, 0.0, 0.0, 0.0] wheel_torque [0.451101690530777, -0.17432710528373718, 0.20605672895908356, 0.11285165697336197] foot_z [0.10110785067081451, 0.10161667317152023, 0.09890299290418625, 0.10311701148748398] foot_contact_force [166.55386352539062, 156.86106872558594, 238.38284301757812, 255.34576416015625] leg_pos [-0.25692883133888245, 0.626340925693512, -1.7984215021133423, 0.2301921248435974, 0.6470373272895813, -1.808138370513916, -0.22583132982254028, 0.945963442325592, -1.949581503868103, 0.2662329375743866, 0.9903818964958191, -1.8911420106887817] leg_target [0.20000000298023224, -0.20000000298023224, 0.20000000298023224, -0.20000000298023224, 0.800000011920929, 0.800000011920929, 1.0, 1.0, -1.5, -1.5, -1.5, -1.5] leg_torque [9.019011497497559, 28.29596710205078, 47.698814392089844, -5.235744476318359, 23.558855056762695, 49.174110412597656, 4.092665672302246, 8.238707542419434, 72.32855224609375, -10.634420394897461, 1.0597617626190186, 62.644893646240234]
step 89 vx 0.002678938675671816 wz 0.004689923487603664 z 0.451844722032547 tilt 0.013914027251303196 wheel_vel [-0.3849629759788513, 0.2408071607351303, -0.4753163158893585, -0.33577287197113037] wheel_target [0.0, 0.0, 0.0, 0.0] wheel_torque [0.5286821126937866, -0.11866636574268341, 0.2360508292913437, 0.16956576704978943] foot_z [0.10073264688253403, 0.1018906757235527, 0.09912434220314026, 0.1032012328505516] foot_contact_force [172.00904846191406, 164.14715576171875, 233.51792907714844, 248.8123016357422] leg_pos [-0.2542993128299713, 0.6427866220474243, -1.8094013929367065, 0.23418653011322021, 0.6667504906654358, -1.8094837665557861, -0.2264777421951294, 0.9519306421279907, -1.9350807666778564, 0.2606342136859894, 1.000551700592041, -1.8751797676086426] leg_target [0.20000000298023224, -0.20000000298023224, 0.20000000298023224, -0.20000000298023224, 0.800000011920929, 0.800000011920929, 1.0, 1.0, -1.5, -1.5, -1.5, -1.5] leg_torque [8.726418495178223, 25.498756408691406, 49.251468658447266, -5.481531143188477, 20.17105484008789, 49.85556411743164, 4.242972373962402, 7.351780891418457, 69.517822265625, -9.6389799118042, -0.5548661351203918, 59.931636810302734]
summary mean_vx -0.04232406126211982 mean_wz 0.007333138268543532 min_z 0.4218915104866028 max_tilt 0.11077198386192322 tilt_term False low_term False bad_term False
Loading user config located at: '/isaac-sim/kit/data/Kit/Isaac-Sim/5.1/user.config.json'
[Info] [carb] Logging to file: /isaac-sim/kit/logs/Kit/Isaac-Sim/5.1/kit_20260818_004207.log
2026-08-17T16:42:08Z [474ms] [Warning] [omni.usd_config.extension] Enable omni.materialx.libs extension to use MaterialX
2026-08-17T16:42:09Z [1,047ms] [Warning] [carb] Acquiring non optional plugin interface which is not listed as dependency: [omni::physx::IPhysxBenchmarks v1.0] (plugin: <default plugin>), by client: omni.physics.physx.plugin. Add it to CARB_PLUGIN_IMPL_DEPS() macro of a client.
2026-08-17T16:42:09Z [1,330ms] [Warning] [omni.isaac.dynamic_control] omni.isaac.dynamic_control is deprecated as of Isaac Sim 4.5. No action is needed from end-users.

|---------------------------------------------------------------------------------------------|
| Driver Version: 580.126.09    | Graphics API: Vulkan
|=============================================================================================|
| GPU | Name                             | Active | LDA | GPU Memory | Vendor-ID | LUID       |
|     |                                  |        |     |            | Device-ID | UUID       |
|     |                                  |        |     |            | Bus-ID    |            |
|---------------------------------------------------------------------------------------------|
| 0   | NVIDIA L40                       | Yes: 0 |     | 46068   MB | 10de      | 0          |
|     |                                  |        |     |            | 26b5      | c3c5dcf0.. |
|     |                                  |        |     |            | 37        |            |
|=============================================================================================|
| OS: 24.04.3 LTS (Noble Numbat) ubuntu, Version: 24.04.3, Kernel: 5.15.0-168-generic
| XServer Vendor: The X.Org Foundation, XServer Version: 12101011 (1.21.1.11)
| Processor: Intel(R) Xeon(R) Platinum 8358 CPU @ 2.60GHz
| Bare Metal Cores: 64 | Bare Metal Logical Cores: 128
| Core Usage Quota: 14
|---------------------------------------------------------------------------------------------|
| Total Memory (MB): 122880 | Free Memory: 119645
| Total Page/Swap (MB): 0 | Free Page/Swap: 0
|---------------------------------------------------------------------------------------------|
2026-08-17T16:42:13Z [5,196ms] [Warning] [gpu.foundation.plugin] ECC is enabled on physical device 0
