[INFO][AppLauncher]: Using device: cuda:0
[INFO][AppLauncher]: Loading experience file: /workspace/isaaclab/apps/isaaclab.python.headless.kit
======Missing terms====== 
[]
 =======================

[36m======================================================================================[0m
[36m[1m[INFO][IsaacLab]: Logging to file: /tmp/isaaclab/logs/isaaclab_2026-08-18_03-06-54.log[0m
[36m======================================================================================[0m

[33m03:06:54 [simulation_context.py] WARNING: The `enable_external_forces_every_iteration` parameter in the PhysxCfg is set to False. If you are experiencing noisy velocities, consider enabling this flag. You may need to slightly increase the number of velocity iterations (setting it to 1 or 2 rather than 0), together with this flag, to improve the accuracy of velocity updates.[0m
[INFO]: Base environment:
	Environment device    : cuda:0
	Environment seed      : 271828
	Physics step-size     : 0.008333333333333333
	Rendering step-size   : 833.3333333333334
	Environment step-size : 0.03333333333333333
[33m03:06:54 [terrain_importer.py] WARNING: Visual material specified for ground plane but no diffuse color found. Using default color: (0.0, 0.0, 0.0)[0m
[INFO]: Time taken for scene creation : 3.491330 seconds
[INFO]: Scene manager:  <class InteractiveScene>
	Number of environments: 1
	Environment spacing   : 4.0
	Source prim name      : /World/envs/env_0
	Global prim paths     : ['/World/ground']
	Replicate physics     : True
[INFO]: Starting the simulation. This may take a few seconds. Please wait...
[INFO]: Time taken for simulation start : 0.757290 seconds
[33m03:06:58 [velocity_command.py] WARNING: The velocity command has the 'ranges.heading' attribute set to '(-3.141592653589793, 3.141592653589793)' but the heading command is not active. Consider setting the flag for the heading command to True.[0m
[INFO] Command Manager:  <CommandManager> contains 2 active terms.
+---------------------------------------------+
|             Active Command Terms            |
+-------+------------+------------------------+
| Index | Name       |          Type          |
+-------+------------+------------------------+
|   0   | locomotion | UniformVelocityCommand |
|   1   | ee_goal    | EeSphericalGoalCommand |
+-------+------------+------------------------+

[INFO] Event Manager:  <EventManager> contains 1 active terms.
+------------------------------------+
| Active Event Terms in Mode: 'reset' |
+-----------+------------------------+
|   Index   | Name                   |
+-----------+------------------------+
|     0     | reset_root             |
|     1     | reset_joints           |
|     2     | init_priv              |
|     3     | reset_rewards          |
+-----------+------------------------+

[INFO] Recorder Manager:  <RecorderManager> contains 0 active terms.
+---------------------+
| Active Recorder Terms |
+-----------+---------+
|   Index   | Name    |
+-----------+---------+
+-----------+---------+

[INFO] Action Manager:  <ActionManager> contains 3 active terms.
+------------------------------------+
|  Active Action Terms (shape: 16)   |
+--------+-------------+-------------+
| Index  | Name        |   Dimension |
+--------+-------------+-------------+
|   0    | leg_pos     |          12 |
|   1    | wheel_vel   |           4 |
|   2    | arm_ik      |           0 |
+--------+-------------+-------------+

[INFO] Observation Manager: <ObservationManager> contains 1 groups.
+--------------------------------------------------+
| Active Observation Terms in Group: 'policy' (shape: (876,)) |
+----------------+-------------+-------------------+
|     Index      | Name        |       Shape       |
+----------------+-------------+-------------------+
|       0        | obs         |       (876,)      |
+----------------+-------------+-------------------+

[INFO] Termination Manager:  <TerminationManager> contains 4 active terms.
+--------------------------------+
|    Active Termination Terms    |
+-------+-------------+----------+
| Index | Name        | Time Out |
+-------+-------------+----------+
|   0   | time_out    |   True   |
|   1   | bad_contact |  False   |
|   2   | tilt        |  False   |
|   3   | low_height  |  False   |
+-------+-------------+----------+

[INFO] Reward Manager:  <RewardManager> contains 43 active terms.
+---------------------------------------------------------+
|                   Active Reward Terms                   |
+-------+--------------------------+----------------------+
| Index | Name                     |               Weight |
+-------+--------------------------+----------------------+
|   0   | term_bad_contact         |              -3000.0 |
|   1   | term_tilt                |              -3000.0 |
|   2   | term_low_height          |              -3000.0 |
|   3   | leg_action_l2            |               -0.003 |
|   4   | tracking_lin_vel         |                  0.6 |
|   5   | tracking_lin_vel_x_exp   |                  1.5 |
|   6   | tracking_ang_vel_yaw_l1  |                  0.0 |
|   7   | tracking_ang_vel_yaw_exp |                  1.5 |
|   8   | tracking_lin_vel_y_l2    |                  0.0 |
|   9   | tracking_lin_vel_z_l2    |                  0.0 |
|   10  | survive                  |                  0.0 |
|   11  | foot_contacts_z          |                  0.0 |
|   12  | torques                  |             -7.5e-06 |
|   13  | tracking_lin_vel_y       |                  0.0 |
|   14  | lin_vel_z                | -0.44999999999999996 |
|   15  | ang_vel_xy               |                -0.06 |
|   16  | tracking_ang_vel         |                  0.3 |
|   17  | work                     |              -0.0009 |
|   18  | dof_acc                  |            -2.25e-07 |
|   19  | action_rate              |              -0.0045 |
|   20  | dof_pos_limits           |                 -3.0 |
|   21  | delta_torques            |               -3e-08 |
|   22  | collision                |                 -3.0 |
|   23  | walking_dof              |                 0.03 |
|   24  | hip_pos                  |                -0.06 |
|   25  | feet_jerk                |               -6e-05 |
|   26  | alive                    |                  0.3 |
|   27  | feet_drag                |               -0.024 |
|   28  | feet_contact_forces      |              -0.0003 |
|   29  | roll                     |                 -0.3 |
|   30  | base_height              |                 -0.6 |
|   31  | tracking_lin_vel_max     |  0.44999999999999996 |
|   32  | flat_orientation_l2      |                 -0.6 |
|   33  | air_time_variance        |                 -0.3 |
|   34  | feet_height              |                  0.0 |
|   35  | feet_air_time            |                0.015 |
|   36  | update_last_buffers      |                  0.0 |
|   37  | wheel_idle_speed         |              -0.0009 |
|   38  | wheel_action_l2          |              -0.0003 |
|   39  | wheel_action_rate        |              -0.0006 |
|   40  | teacher_ensemble_match   |  0.22499999999999998 |
|   41  | wheel_forward_use        |                 0.18 |
|   42  | wheel_turn_support       |                0.135 |
+-------+--------------------------+----------------------+

[INFO] Curriculum Manager:  <CurriculumManager> contains 0 active terms.
+----------------------+
| Active Curriculum Terms |
+-----------+----------+
|   Index   | Name     |
+-----------+----------+
+-----------+----------+

[INFO]: Completed setting up the environment...
leg_action_joint_names ['FR_hip_joint', 'FR_thigh_joint', 'FR_calf_joint', 'FL_hip_joint', 'FL_thigh_joint', 'FL_calf_joint', 'RR_hip_joint', 'RR_thigh_joint', 'RR_calf_joint', 'RL_hip_joint', 'RL_thigh_joint', 'RL_calf_joint'] leg_ids [1, 6, 11, 0, 5, 10, 3, 8, 13, 2, 7, 12] robot_joint_names ['FL_hip_joint', 'FR_hip_joint', 'RL_hip_joint', 'RR_hip_joint', 'joint1', 'FL_thigh_joint', 'FR_thigh_joint', 'RL_thigh_joint', 'RR_thigh_joint', 'joint2', 'FL_calf_joint', 'FR_calf_joint', 'RL_calf_joint', 'RR_calf_joint', 'joint3', 'FL_foot_wheel_joint', 'FR_foot_wheel_joint', 'RL_foot_wheel_joint', 'RR_foot_wheel_joint', 'joint4', 'joint5', 'joint6', 'joint7', 'joint8']
contact_body_names ['base', 'FL_hip', 'FL_thigh', 'FL_calf', 'FL_foot', 'FR_hip', 'FR_thigh', 'FR_calf', 'FR_foot', 'RL_hip', 'RL_thigh', 'RL_calf', 'RL_foot', 'RR_hip', 'RR_thigh', 'RR_calf', 'RR_foot', 'link1', 'link2', 'link3', 'link4', 'link5', 'link6', 'link7', 'link8']
robot_body_names ['base', 'FL_hip', 'FR_hip', 'RL_hip', 'RR_hip', 'link1', 'FL_thigh', 'FR_thigh', 'RL_thigh', 'RR_thigh', 'link2', 'FL_calf', 'FR_calf', 'RL_calf', 'RR_calf', 'link3', 'FL_foot', 'FR_foot', 'RL_foot', 'RR_foot', 'link4', 'link5', 'link6', 'link7', 'link8']
step 0 vx 3.4892988498569366e-10 wz -4.012060461633382e-09 z 0.5731871128082275 tilt 1.664018700608949e-09 wheel_vel [1.3152695841229254e-16, 3.302760354702977e-14, 5.750742763932504e-13, -6.780687122898144e-13] wheel_target [0.0, 0.0, 0.0, 0.0] wheel_torque [-2.3779683429347217e-15, -4.570584362373342e-14, -4.605819848776949e-13, 5.671571068691095e-13] foot_z [0.11611304432153702, 0.11611288040876389, 0.1264921873807907, 0.12649205327033997] foot_contact_force [0.0, 0.0, 0.0, 0.0] leg_pos [-0.20000000298023224, 0.800000011920929, -1.5, 0.20000000298023224, 0.800000011920929, -1.5, -0.20000000298023224, 1.0, -1.5, 0.20000000298023224, 1.0, -1.5] leg_target [-0.20000000298023224, 0.800000011920929, -1.5, 0.20000000298023224, 0.800000011920929, -1.5, -0.20000000298023224, 1.0, -1.5, 0.20000000298023224, 1.0, -1.5] leg_torque [-9.49528216470652e-12, 5.051833951164042e-11, 7.832170784323467e-13, -1.2745540571307973e-13, -6.854503076247909e-12, -1.6273343349942904e-13, -2.329716281002092e-12, -3.046170260478931e-11, -3.700304819498346e-12, -2.701056565912463e-11, -7.151085973378102e-11, 5.8511303441255436e-12]
step 45 vx 0.016693050041794777 wz -0.0018302854150533676 z 0.4529345631599426 tilt 0.007931209169328213 wheel_vel [0.06197793036699295, 0.17039978504180908, -0.537822961807251, 0.07933822274208069] wheel_target [-0.3333333432674408, 0.3333333432674408, 0.3333333432674408, -0.3333333432674408] wheel_torque [0.17438945174217224, 0.19935771822929382, 0.8923274278640747, -0.3894858956336975] foot_z [0.1007104441523552, 0.1024254560470581, 0.0998026579618454, 0.10291311144828796] foot_contact_force [166.4632568359375, 163.1259307861328, 232.9001922607422, 248.47842407226562] leg_pos [-0.24818335473537445, 0.6312285661697388, -1.8089321851730347, 0.2402930110692978, 0.6628145575523376, -1.810154676437378, -0.2325938194990158, 0.9768514037132263, -1.9195443391799927, 0.25438082218170166, 0.9938876032829285, -1.87864089012146] leg_target [-0.20000000298023224, 0.800000011920929, -1.5, 0.20000000298023224, 0.800000011920929, -1.5, -0.20000000298023224, 1.0, -1.5, 0.20000000298023224, 1.0, -1.5] leg_torque [7.746566295623779, 27.022628784179688, 49.60550308227539, -6.588726043701172, 21.252914428710938, 49.93110275268555, 5.2259392738342285, 3.780805826187134, 67.06623840332031, -8.590923309326172, 0.46227526664733887, 60.36869812011719]
step 89 vx -0.005133906379342079 wz 0.0037834495306015015 z 0.4532555639743805 tilt 0.008946794085204601 wheel_vel [-0.1649593561887741, 0.15019766986370087, -0.4660385251045227, 0.15796351432800293] wheel_target [-1.013758659362793, 1.013758659362793, 1.013758659362793, -1.013758659362793] wheel_torque [-0.849597156047821, 0.8636252880096436, 1.4794340133666992, -1.172951102256775] foot_z [0.10037239640951157, 0.10209833830595016, 0.09973938018083572, 0.10310143232345581] foot_contact_force [173.8234405517578, 162.54437255859375, 228.4956817626953, 250.1683807373047] leg_pos [-0.24902339279651642, 0.6297962069511414, -1.8159114122390747, 0.2424369901418686, 0.6711615920066833, -1.8150092363357544, -0.23215332627296448, 0.9828380942344666, -1.9163978099822998, 0.25279006361961365, 0.9959005117416382, -1.8689237833023071] leg_target [-0.20000000298023224, 0.800000011920929, -1.5, 0.20000000298023224, 0.800000011920929, -1.5, -0.20000000298023224, 1.0, -1.5, 0.20000000298023224, 1.0, -1.5] leg_torque [7.859496116638184, 27.687671661376953, 50.30345916748047, -6.749991416931152, 20.397024154663086, 50.50835418701172, 5.121450424194336, 2.9383702278137207, 66.62045288085938, -8.442252159118652, 0.2587260603904724, 58.915489196777344]
summary mean_vx -0.04249892274270625 mean_wz 0.004378218894561368 min_z 0.4306199848651886 max_tilt 0.11017356067895889 tilt_term False low_term False bad_term False
Loading user config located at: '/isaac-sim/kit/data/Kit/Isaac-Sim/5.1/user.config.json'
[Info] [carb] Logging to file: /isaac-sim/kit/logs/Kit/Isaac-Sim/5.1/kit_20260818_030648.log
2026-08-17T19:06:48Z [436ms] [Warning] [omni.usd_config.extension] Enable omni.materialx.libs extension to use MaterialX
2026-08-17T19:06:49Z [980ms] [Warning] [carb] Acquiring non optional plugin interface which is not listed as dependency: [omni::physx::IPhysxBenchmarks v1.0] (plugin: <default plugin>), by client: omni.physics.physx.plugin. Add it to CARB_PLUGIN_IMPL_DEPS() macro of a client.
2026-08-17T19:06:49Z [1,257ms] [Warning] [omni.isaac.dynamic_control] omni.isaac.dynamic_control is deprecated as of Isaac Sim 4.5. No action is needed from end-users.

|---------------------------------------------------------------------------------------------|
| Driver Version: 580.126.09    | Graphics API: Vulkan
|=============================================================================================|
| GPU | Name                             | Active | LDA | GPU Memory | Vendor-ID | LUID       |
|     |                                  |        |     |            | Device-ID | UUID       |
|     |                                  |        |     |            | Bus-ID    |            |
|---------------------------------------------------------------------------------------------|
| 0   | NVIDIA L40                       | Yes: 0 |     | 46068   MB | 10de      | 0          |
|     |                                  |        |     |            | 26b5      | c3c5dcf0.. |
|     |                                  |        |     |            | 37        |            |
|=============================================================================================|
| OS: 24.04.3 LTS (Noble Numbat) ubuntu, Version: 24.04.3, Kernel: 5.15.0-168-generic
| XServer Vendor: The X.Org Foundation, XServer Version: 12101011 (1.21.1.11)
| Processor: Intel(R) Xeon(R) Platinum 8358 CPU @ 2.60GHz
| Bare Metal Cores: 64 | Bare Metal Logical Cores: 128
| Core Usage Quota: 14
|---------------------------------------------------------------------------------------------|
| Total Memory (MB): 122880 | Free Memory: 119569
| Total Page/Swap (MB): 0 | Free Page/Swap: 0
|---------------------------------------------------------------------------------------------|
2026-08-17T19:06:52Z [4,690ms] [Warning] [gpu.foundation.plugin] ECC is enabled on physical device 0
