[INFO][AppLauncher]: Using device: cuda:0
[INFO][AppLauncher]: Loading experience file: /workspace/isaaclab/apps/isaaclab.python.headless.kit
======Missing terms====== 
[]
 =======================

[36m======================================================================================[0m
[36m[1m[INFO][IsaacLab]: Logging to file: /tmp/isaaclab/logs/isaaclab_2026-08-18_03-08-39.log[0m
[36m======================================================================================[0m

[33m03:08:39 [simulation_context.py] WARNING: The `enable_external_forces_every_iteration` parameter in the PhysxCfg is set to False. If you are experiencing noisy velocities, consider enabling this flag. You may need to slightly increase the number of velocity iterations (setting it to 1 or 2 rather than 0), together with this flag, to improve the accuracy of velocity updates.[0m
[INFO]: Base environment:
	Environment device    : cuda:0
	Environment seed      : 271828
	Physics step-size     : 0.008333333333333333
	Rendering step-size   : 833.3333333333334
	Environment step-size : 0.03333333333333333
[33m03:08:40 [terrain_importer.py] WARNING: Visual material specified for ground plane but no diffuse color found. Using default color: (0.0, 0.0, 0.0)[0m
[INFO]: Time taken for scene creation : 122.280868 seconds
[INFO]: Scene manager:  <class InteractiveScene>
	Number of environments: 1
	Environment spacing   : 4.0
	Source prim name      : /World/envs/env_0
	Global prim paths     : ['/World/ground']
	Replicate physics     : True
[INFO]: Starting the simulation. This may take a few seconds. Please wait...
[INFO]: Time taken for simulation start : 0.728251 seconds
[33m03:10:42 [velocity_command.py] WARNING: The velocity command has the 'ranges.heading' attribute set to '(-3.141592653589793, 3.141592653589793)' but the heading command is not active. Consider setting the flag for the heading command to True.[0m
[INFO] Command Manager:  <CommandManager> contains 2 active terms.
+---------------------------------------------+
|             Active Command Terms            |
+-------+------------+------------------------+
| Index | Name       |          Type          |
+-------+------------+------------------------+
|   0   | locomotion | UniformVelocityCommand |
|   1   | ee_goal    | EeSphericalGoalCommand |
+-------+------------+------------------------+

[INFO] Event Manager:  <EventManager> contains 1 active terms.
+------------------------------------+
| Active Event Terms in Mode: 'reset' |
+-----------+------------------------+
|   Index   | Name                   |
+-----------+------------------------+
|     0     | reset_root             |
|     1     | reset_joints           |
|     2     | init_priv              |
|     3     | reset_rewards          |
+-----------+------------------------+

[INFO] Recorder Manager:  <RecorderManager> contains 0 active terms.
+---------------------+
| Active Recorder Terms |
+-----------+---------+
|   Index   | Name    |
+-----------+---------+
+-----------+---------+

[INFO] Action Manager:  <ActionManager> contains 3 active terms.
+------------------------------------+
|  Active Action Terms (shape: 16)   |
+--------+-------------+-------------+
| Index  | Name        |   Dimension |
+--------+-------------+-------------+
|   0    | leg_pos     |          12 |
|   1    | wheel_vel   |           4 |
|   2    | arm_ik      |           0 |
+--------+-------------+-------------+

[INFO] Observation Manager: <ObservationManager> contains 1 groups.
+--------------------------------------------------+
| Active Observation Terms in Group: 'policy' (shape: (876,)) |
+----------------+-------------+-------------------+
|     Index      | Name        |       Shape       |
+----------------+-------------+-------------------+
|       0        | obs         |       (876,)      |
+----------------+-------------+-------------------+

[INFO] Termination Manager:  <TerminationManager> contains 4 active terms.
+--------------------------------+
|    Active Termination Terms    |
+-------+-------------+----------+
| Index | Name        | Time Out |
+-------+-------------+----------+
|   0   | time_out    |   True   |
|   1   | bad_contact |  False   |
|   2   | tilt        |  False   |
|   3   | low_height  |  False   |
+-------+-------------+----------+

[INFO] Reward Manager:  <RewardManager> contains 43 active terms.
+---------------------------------------------------------+
|                   Active Reward Terms                   |
+-------+--------------------------+----------------------+
| Index | Name                     |               Weight |
+-------+--------------------------+----------------------+
|   0   | term_bad_contact         |              -3000.0 |
|   1   | term_tilt                |              -3000.0 |
|   2   | term_low_height          |              -3000.0 |
|   3   | leg_action_l2            |               -0.003 |
|   4   | tracking_lin_vel         |                  0.6 |
|   5   | tracking_lin_vel_x_exp   |                  1.5 |
|   6   | tracking_ang_vel_yaw_l1  |                  0.0 |
|   7   | tracking_ang_vel_yaw_exp |                  1.5 |
|   8   | tracking_lin_vel_y_l2    |                  0.0 |
|   9   | tracking_lin_vel_z_l2    |                  0.0 |
|   10  | survive                  |                  0.0 |
|   11  | foot_contacts_z          |                  0.0 |
|   12  | torques                  |             -7.5e-06 |
|   13  | tracking_lin_vel_y       |                  0.0 |
|   14  | lin_vel_z                | -0.44999999999999996 |
|   15  | ang_vel_xy               |                -0.06 |
|   16  | tracking_ang_vel         |                  0.3 |
|   17  | work                     |              -0.0009 |
|   18  | dof_acc                  |            -2.25e-07 |
|   19  | action_rate              |              -0.0045 |
|   20  | dof_pos_limits           |                 -3.0 |
|   21  | delta_torques            |               -3e-08 |
|   22  | collision                |                 -3.0 |
|   23  | walking_dof              |                 0.03 |
|   24  | hip_pos                  |                -0.06 |
|   25  | feet_jerk                |               -6e-05 |
|   26  | alive                    |                  0.3 |
|   27  | feet_drag                |               -0.024 |
|   28  | feet_contact_forces      |              -0.0003 |
|   29  | roll                     |                 -0.3 |
|   30  | base_height              |                 -0.6 |
|   31  | tracking_lin_vel_max     |  0.44999999999999996 |
|   32  | flat_orientation_l2      |                 -0.6 |
|   33  | air_time_variance        |                 -0.3 |
|   34  | feet_height              |                  0.0 |
|   35  | feet_air_time            |                0.015 |
|   36  | update_last_buffers      |                  0.0 |
|   37  | wheel_idle_speed         |              -0.0009 |
|   38  | wheel_action_l2          |              -0.0003 |
|   39  | wheel_action_rate        |              -0.0006 |
|   40  | teacher_ensemble_match   |  0.22499999999999998 |
|   41  | wheel_forward_use        |                 0.18 |
|   42  | wheel_turn_support       |                0.135 |
+-------+--------------------------+----------------------+

[INFO] Curriculum Manager:  <CurriculumManager> contains 0 active terms.
+----------------------+
| Active Curriculum Terms |
+-----------+----------+
|   Index   | Name     |
+-----------+----------+
+-----------+----------+

[INFO]: Completed setting up the environment...
leg_action_joint_names ['FR_hip_joint', 'FR_thigh_joint', 'FR_calf_joint', 'FL_hip_joint', 'FL_thigh_joint', 'FL_calf_joint', 'RR_hip_joint', 'RR_thigh_joint', 'RR_calf_joint', 'RL_hip_joint', 'RL_thigh_joint', 'RL_calf_joint'] leg_ids [1, 6, 11, 0, 5, 10, 3, 8, 13, 2, 7, 12] robot_joint_names ['FL_hip_joint', 'FR_hip_joint', 'RL_hip_joint', 'RR_hip_joint', 'joint1', 'FL_thigh_joint', 'FR_thigh_joint', 'RL_thigh_joint', 'RR_thigh_joint', 'joint2', 'FL_calf_joint', 'FR_calf_joint', 'RL_calf_joint', 'RR_calf_joint', 'joint3', 'FL_foot_wheel_joint', 'FR_foot_wheel_joint', 'RL_foot_wheel_joint', 'RR_foot_wheel_joint', 'joint4', 'joint5', 'joint6', 'joint7', 'joint8']
contact_body_names ['base', 'FL_hip', 'FL_thigh', 'FL_calf', 'FL_foot', 'FR_hip', 'FR_thigh', 'FR_calf', 'FR_foot', 'RL_hip', 'RL_thigh', 'RL_calf', 'RL_foot', 'RR_hip', 'RR_thigh', 'RR_calf', 'RR_foot', 'link1', 'link2', 'link3', 'link4', 'link5', 'link6', 'link7', 'link8']
robot_body_names ['base', 'FL_hip', 'FR_hip', 'RL_hip', 'RR_hip', 'link1', 'FL_thigh', 'FR_thigh', 'RL_thigh', 'RR_thigh', 'link2', 'FL_calf', 'FR_calf', 'RL_calf', 'RR_calf', 'link3', 'FL_foot', 'FR_foot', 'RL_foot', 'RR_foot', 'link4', 'link5', 'link6', 'link7', 'link8']
step 0 vx 3.489293853853326e-10 wz -4.012061349811802e-09 z 0.5731871128082275 tilt 1.664018700608949e-09 wheel_vel [-8.994171704816505e-17, 3.178532469779588e-14, 5.789673211339941e-13, -6.792719056507301e-13] wheel_target [0.0, 0.0, 0.0, 0.0] wheel_torque [-4.309319929704774e-15, -8.93209117780458e-14, -9.229526864995563e-13, 1.1355194128731538e-12] foot_z [0.11611304432153702, 0.11611288040876389, 0.1264921873807907, 0.12649205327033997] foot_contact_force [0.0, 0.0, 0.0, 0.0] leg_pos [-0.20000000298023224, 0.800000011920929, -1.5, 0.20000000298023224, 0.800000011920929, -1.5, -0.20000000298023224, 1.0, -1.5, 0.20000000298023224, 1.0, -1.5] leg_target [-0.20000000298023224, 0.800000011920929, -1.5, 0.20000000298023224, 0.800000011920929, -1.5, -0.20000000298023224, 1.0, -1.5, 0.20000000298023224, 1.0, -1.5] leg_torque [-9.52530936071394e-12, 5.052127119431482e-11, 7.765179558388846e-13, -1.3382242362858232e-13, -6.8649174886359354e-12, -1.3846112841345293e-13, -2.3488524493464613e-12, -3.04275910023577e-11, -3.705648635166092e-12, -2.701154924733551e-11, -7.153398012826884e-11, 5.836407745984928e-12]
step 45 vx -0.061252567917108536 wz 0.010655301623046398 z 0.4376775920391083 tilt 0.05587255582213402 wheel_vel [-0.16603054106235504, -0.4127763509750366, -0.14413994550704956, -0.3215833604335785] wheel_target [0.3333333432674408, 0.3333333432674408, -0.3333333432674408, -0.3333333432674408] wheel_torque [1.0558295249938965, 1.2053154706954956, -0.44506436586380005, -0.0579339861869812] foot_z [0.10216978937387466, 0.10213091224431992, 0.10086037963628769, 0.10017579793930054] foot_contact_force [146.27587890625, 141.43011474609375, 264.9391784667969, 255.76229858398438] leg_pos [-0.2351737767457962, 0.6334964632987976, -1.7743006944656372, 0.23965486884117126, 0.6109130382537842, -1.7856297492980957, -0.2546638548374176, 0.9296774864196777, -1.969221591949463, 0.2580857574939728, 0.9212069511413574, -1.9932188987731934] leg_target [-0.20000000298023224, 0.800000011920929, -1.5, 0.20000000298023224, 0.800000011920929, -1.5, -0.20000000298023224, 1.0, -1.5, 0.20000000298023224, 1.0, -1.5] leg_torque [5.975353240966797, 27.051544189453125, 43.370643615722656, -6.494478702545166, 30.605939865112305, 45.442344665527344, 8.697772979736328, 10.903646469116211, 75.3744125366211, -9.343374252319336, 12.682340621948242, 79.20066833496094]
step 89 vx 0.2516515851020813 wz -0.0023247466888278723 z 0.45746955275535583 tilt 0.08410398662090302 wheel_vel [2.497269630432129, 2.658271551132202, -2.9752635955810547, -2.553905487060547] wheel_target [3.1239094734191895, 3.1239094734191895, -3.1239094734191895, -3.1239094734191895] wheel_torque [-0.058938026428222656, 1.1801114082336426, -0.30658864974975586, -1.5222349166870117] foot_z [0.1034889817237854, 0.10491587966680527, 0.10185656696557999, 0.10355966538190842] foot_contact_force [243.9459686279297, 227.574951171875, 168.3241729736328, 155.60250854492188] leg_pos [-0.25759464502334595, 0.682465672492981, -1.9343845844268799, 0.2532711923122406, 0.6604135632514954, -1.929560899734497, -0.2161051332950592, 1.2542476654052734, -1.5220459699630737, 0.2265215516090393, 1.2258135080337524, -1.5730490684509277] leg_target [-0.20000000298023224, 0.800000011920929, -1.5, 0.20000000298023224, 0.800000011920929, -1.5, -0.20000000298023224, 1.0, -1.5, 0.20000000298023224, 1.0, -1.5] leg_torque [9.741582870483398, 18.366455078125, 70.36630249023438, -9.60086441040039, 23.662628173828125, 67.70692443847656, 2.5452358722686768, -42.44645690917969, 1.2332286834716797, -5.0818610191345215, -37.29470443725586, 8.23521900177002]
summary mean_vx 0.01979780871705318 mean_wz -0.0005413185009911923 min_z 0.4232819676399231 max_tilt 0.11098402738571167 tilt_term False low_term False bad_term False
Loading user config located at: '/isaac-sim/kit/data/Kit/Isaac-Sim/5.1/user.config.json'
[Info] [carb] Logging to file: /isaac-sim/kit/logs/Kit/Isaac-Sim/5.1/kit_20260818_030833.log
2026-08-17T19:08:33Z [436ms] [Warning] [omni.usd_config.extension] Enable omni.materialx.libs extension to use MaterialX
2026-08-17T19:08:34Z [976ms] [Warning] [carb] Acquiring non optional plugin interface which is not listed as dependency: [omni::physx::IPhysxBenchmarks v1.0] (plugin: <default plugin>), by client: omni.physics.physx.plugin. Add it to CARB_PLUGIN_IMPL_DEPS() macro of a client.
2026-08-17T19:08:34Z [1,257ms] [Warning] [omni.isaac.dynamic_control] omni.isaac.dynamic_control is deprecated as of Isaac Sim 4.5. No action is needed from end-users.

|---------------------------------------------------------------------------------------------|
| Driver Version: 580.126.09    | Graphics API: Vulkan
|=============================================================================================|
| GPU | Name                             | Active | LDA | GPU Memory | Vendor-ID | LUID       |
|     |                                  |        |     |            | Device-ID | UUID       |
|     |                                  |        |     |            | Bus-ID    |            |
|---------------------------------------------------------------------------------------------|
| 0   | NVIDIA L40                       | Yes: 0 |     | 46068   MB | 10de      | 0          |
|     |                                  |        |     |            | 26b5      | c3c5dcf0.. |
|     |                                  |        |     |            | 37        |            |
|=============================================================================================|
| OS: 24.04.3 LTS (Noble Numbat) ubuntu, Version: 24.04.3, Kernel: 5.15.0-168-generic
| XServer Vendor: The X.Org Foundation, XServer Version: 12101011 (1.21.1.11)
| Processor: Intel(R) Xeon(R) Platinum 8358 CPU @ 2.60GHz
| Bare Metal Cores: 64 | Bare Metal Logical Cores: 128
| Core Usage Quota: 14
|---------------------------------------------------------------------------------------------|
| Total Memory (MB): 122880 | Free Memory: 119568
| Total Page/Swap (MB): 0 | Free Page/Swap: 0
|---------------------------------------------------------------------------------------------|
2026-08-17T19:08:38Z [4,816ms] [Warning] [gpu.foundation.plugin] ECC is enabled on physical device 0
