[INFO][AppLauncher]: Using device: cuda:0
[INFO][AppLauncher]: Loading experience file: /workspace/isaaclab/apps/isaaclab.python.headless.kit
======Missing terms====== 
[]
 =======================

[36m======================================================================================[0m
[36m[1m[INFO][IsaacLab]: Logging to file: /tmp/isaaclab/logs/isaaclab_2026-08-18_02-45-49.log[0m
[36m======================================================================================[0m

[33m02:45:49 [simulation_context.py] WARNING: The `enable_external_forces_every_iteration` parameter in the PhysxCfg is set to False. If you are experiencing noisy velocities, consider enabling this flag. You may need to slightly increase the number of velocity iterations (setting it to 1 or 2 rather than 0), together with this flag, to improve the accuracy of velocity updates.[0m
[INFO]: Base environment:
	Environment device    : cuda:0
	Environment seed      : 271828
	Physics step-size     : 0.008333333333333333
	Rendering step-size   : 833.3333333333334
	Environment step-size : 0.03333333333333333
[33m02:45:49 [terrain_importer.py] WARNING: Visual material specified for ground plane but no diffuse color found. Using default color: (0.0, 0.0, 0.0)[0m
[INFO]: Time taken for scene creation : 163.689646 seconds
[INFO]: Scene manager:  <class InteractiveScene>
	Number of environments: 1
	Environment spacing   : 4.0
	Source prim name      : /World/envs/env_0
	Global prim paths     : ['/World/ground']
	Replicate physics     : True
[INFO]: Starting the simulation. This may take a few seconds. Please wait...
[INFO]: Time taken for simulation start : 0.716257 seconds
[33m02:48:33 [velocity_command.py] WARNING: The velocity command has the 'ranges.heading' attribute set to '(-3.141592653589793, 3.141592653589793)' but the heading command is not active. Consider setting the flag for the heading command to True.[0m
[INFO] Command Manager:  <CommandManager> contains 2 active terms.
+---------------------------------------------+
|             Active Command Terms            |
+-------+------------+------------------------+
| Index | Name       |          Type          |
+-------+------------+------------------------+
|   0   | locomotion | UniformVelocityCommand |
|   1   | ee_goal    | EeSphericalGoalCommand |
+-------+------------+------------------------+

[INFO] Event Manager:  <EventManager> contains 1 active terms.
+------------------------------------+
| Active Event Terms in Mode: 'reset' |
+-----------+------------------------+
|   Index   | Name                   |
+-----------+------------------------+
|     0     | reset_root             |
|     1     | reset_joints           |
|     2     | init_priv              |
|     3     | reset_rewards          |
+-----------+------------------------+

[INFO] Recorder Manager:  <RecorderManager> contains 0 active terms.
+---------------------+
| Active Recorder Terms |
+-----------+---------+
|   Index   | Name    |
+-----------+---------+
+-----------+---------+

[INFO] Action Manager:  <ActionManager> contains 3 active terms.
+------------------------------------+
|  Active Action Terms (shape: 16)   |
+--------+-------------+-------------+
| Index  | Name        |   Dimension |
+--------+-------------+-------------+
|   0    | leg_pos     |          12 |
|   1    | wheel_vel   |           4 |
|   2    | arm_ik      |           0 |
+--------+-------------+-------------+

[INFO] Observation Manager: <ObservationManager> contains 1 groups.
+--------------------------------------------------+
| Active Observation Terms in Group: 'policy' (shape: (876,)) |
+----------------+-------------+-------------------+
|     Index      | Name        |       Shape       |
+----------------+-------------+-------------------+
|       0        | obs         |       (876,)      |
+----------------+-------------+-------------------+

[INFO] Termination Manager:  <TerminationManager> contains 4 active terms.
+--------------------------------+
|    Active Termination Terms    |
+-------+-------------+----------+
| Index | Name        | Time Out |
+-------+-------------+----------+
|   0   | time_out    |   True   |
|   1   | bad_contact |  False   |
|   2   | tilt        |  False   |
|   3   | low_height  |  False   |
+-------+-------------+----------+

[INFO] Reward Manager:  <RewardManager> contains 43 active terms.
+---------------------------------------------------------+
|                   Active Reward Terms                   |
+-------+--------------------------+----------------------+
| Index | Name                     |               Weight |
+-------+--------------------------+----------------------+
|   0   | term_bad_contact         |              -3000.0 |
|   1   | term_tilt                |              -3000.0 |
|   2   | term_low_height          |              -3000.0 |
|   3   | leg_action_l2            |               -0.003 |
|   4   | tracking_lin_vel         |                  0.6 |
|   5   | tracking_lin_vel_x_exp   |                  1.5 |
|   6   | tracking_ang_vel_yaw_l1  |                  0.0 |
|   7   | tracking_ang_vel_yaw_exp |                  1.5 |
|   8   | tracking_lin_vel_y_l2    |                  0.0 |
|   9   | tracking_lin_vel_z_l2    |                  0.0 |
|   10  | survive                  |                  0.0 |
|   11  | foot_contacts_z          |                  0.0 |
|   12  | torques                  |             -7.5e-06 |
|   13  | tracking_lin_vel_y       |                  0.0 |
|   14  | lin_vel_z                | -0.44999999999999996 |
|   15  | ang_vel_xy               |                -0.06 |
|   16  | tracking_ang_vel         |                  0.3 |
|   17  | work                     |              -0.0009 |
|   18  | dof_acc                  |            -2.25e-07 |
|   19  | action_rate              |              -0.0045 |
|   20  | dof_pos_limits           |                 -3.0 |
|   21  | delta_torques            |               -3e-08 |
|   22  | collision                |                 -3.0 |
|   23  | walking_dof              |                 0.03 |
|   24  | hip_pos                  |                -0.06 |
|   25  | feet_jerk                |               -6e-05 |
|   26  | alive                    |                  0.3 |
|   27  | feet_drag                |               -0.024 |
|   28  | feet_contact_forces      |              -0.0003 |
|   29  | roll                     |                 -0.3 |
|   30  | base_height              |                 -0.6 |
|   31  | tracking_lin_vel_max     |  0.44999999999999996 |
|   32  | flat_orientation_l2      |                 -0.6 |
|   33  | air_time_variance        |                 -0.3 |
|   34  | feet_height              |                  0.0 |
|   35  | feet_air_time            |                0.015 |
|   36  | update_last_buffers      |                  0.0 |
|   37  | wheel_idle_speed         |              -0.0009 |
|   38  | wheel_action_l2          |              -0.0003 |
|   39  | wheel_action_rate        |              -0.0006 |
|   40  | teacher_ensemble_match   |  0.22499999999999998 |
|   41  | wheel_forward_use        |                 0.18 |
|   42  | wheel_turn_support       |                0.135 |
+-------+--------------------------+----------------------+

[INFO] Curriculum Manager:  <CurriculumManager> contains 0 active terms.
+----------------------+
| Active Curriculum Terms |
+-----------+----------+
|   Index   | Name     |
+-----------+----------+
+-----------+----------+

[INFO]: Completed setting up the environment...
leg_action_joint_names ['FR_hip_joint', 'FR_thigh_joint', 'FR_calf_joint', 'FL_hip_joint', 'FL_thigh_joint', 'FL_calf_joint', 'RR_hip_joint', 'RR_thigh_joint', 'RR_calf_joint', 'RL_hip_joint', 'RL_thigh_joint', 'RL_calf_joint'] leg_ids [1, 6, 11, 0, 5, 10, 3, 8, 13, 2, 7, 12] robot_joint_names ['FL_hip_joint', 'FR_hip_joint', 'RL_hip_joint', 'RR_hip_joint', 'joint1', 'FL_thigh_joint', 'FR_thigh_joint', 'RL_thigh_joint', 'RR_thigh_joint', 'joint2', 'FL_calf_joint', 'FR_calf_joint', 'RL_calf_joint', 'RR_calf_joint', 'joint3', 'FL_foot_wheel_joint', 'FR_foot_wheel_joint', 'RL_foot_wheel_joint', 'RR_foot_wheel_joint', 'joint4', 'joint5', 'joint6', 'joint7', 'joint8']
contact_body_names ['base', 'FL_hip', 'FL_thigh', 'FL_calf', 'FL_foot', 'FR_hip', 'FR_thigh', 'FR_calf', 'FR_foot', 'RL_hip', 'RL_thigh', 'RL_calf', 'RL_foot', 'RR_hip', 'RR_thigh', 'RR_calf', 'RR_foot', 'link1', 'link2', 'link3', 'link4', 'link5', 'link6', 'link7', 'link8']
robot_body_names ['base', 'FL_hip', 'FR_hip', 'RL_hip', 'RR_hip', 'link1', 'FL_thigh', 'FR_thigh', 'RL_thigh', 'RR_thigh', 'link2', 'FL_calf', 'FR_calf', 'RL_calf', 'RR_calf', 'link3', 'FL_foot', 'FR_foot', 'RL_foot', 'RR_foot', 'link4', 'link5', 'link6', 'link7', 'link8']
step 0 vx 0.0024652923457324505 wz 0.00021145644132047892 z 0.5725396275520325 tilt 0.000918619567528367 wheel_vel [1.3569501966514963e-08, -4.8194905843956803e-08, -6.00139742346073e-08, -1.1242791586596468e-08] wheel_target [0.0, 0.0, 0.0, 0.0] wheel_torque [-0.017209606245160103, -0.01764390803873539, 6.227884341569734e-08, -5.564597316265463e-08] foot_z [0.11982037127017975, 0.11983934044837952, 0.12996172904968262, 0.1299862563610077] foot_contact_force [0.0, 0.0, 0.0, 0.0] leg_pos [-0.19893492758274078, 0.8119311928749084, -1.5192615985870361, 0.19853606820106506, 0.8119665384292603, -1.519362211227417, -0.19941502809524536, 1.0132396221160889, -1.5203197002410889, 0.19902782142162323, 1.013271450996399, -1.5203841924667358] leg_target [-0.20393353700637817, 0.8182440400123596, -1.5338141918182373, 0.20393721759319305, 0.8182362914085388, -1.5338160991668701, -0.20403796434402466, 1.0210485458374023, -1.532938003540039, 0.20404212176799774, 1.0210397243499756, -1.5329362154006958] leg_torque [-0.9482641816139221, -0.5326318740844727, 0.15496826171875, 1.0652925968170166, -0.5443384647369385, 0.18456554412841797, -0.824954628944397, -0.4529130458831787, 0.5893173217773438, 0.9382284283638, -0.4630727767944336, 0.6077055931091309]
step 45 vx -0.048662371933460236 wz 0.01413023378700018 z 0.4454447627067566 tilt 0.0332128182053566 wheel_vel [0.08977004885673523, 0.1144416332244873, 0.3307048976421356, 0.24957303702831268] wheel_target [0.0, 0.0, 0.0, 0.0] wheel_torque [-0.020729515701532364, -0.03649873286485672, -0.2285042107105255, -0.2115965187549591] foot_z [0.10208124667406082, 0.10165286809206009, 0.10129222273826599, 0.10098741948604584] foot_contact_force [154.3134765625, 146.97325134277344, 278.06329345703125, 263.93505859375] leg_pos [-0.24166695773601532, 0.6204283237457275, -1.7762742042541504, 0.23725834488868713, 0.6071141362190247, -1.7882757186889648, -0.2505437731742859, 0.9055940508842468, -1.9302852153778076, 0.24717643857002258, 0.9107697010040283, -1.9494246244430542] leg_target [-0.2062695473432541, 0.7813529968261719, -1.4976472854614258, 0.19537657499313354, 0.7806538343429565, -1.4953120946884155, -0.19597695767879486, 0.9623534083366394, -1.4572155475616455, 0.18492387235164642, 0.9616265296936035, -1.4551854133605957] leg_torque [5.750908851623535, 26.053159713745117, 44.31038284301758, -6.670641899108887, 27.94780921936035, 46.90916442871094, 8.745773315429688, 9.183470726013184, 75.98922729492188, -10.067377090454102, 8.272736549377441, 79.46082305908203]
step 89 vx 0.05289841070771217 wz -0.0293253306299448 z 0.3841608762741089 tilt 0.27749621868133545 wheel_vel [0.14310872554779053, 0.3011809289455414, 0.07510199397802353, 1.05618417263031] wheel_target [0.0, 0.0, 0.0, 0.0] wheel_torque [0.08994287252426147, -0.020630404353141785, -0.0400422178208828, -0.40126797556877136] foot_z [0.10291661322116852, 0.1071503534913063, 0.09602050483226776, 0.09898388385772705] foot_contact_force [73.46041107177734, 84.75485229492188, 285.716064453125, 303.2552490234375] leg_pos [-0.18965929746627808, 0.6417009234428406, -1.660970687866211, 0.23402950167655945, 0.6806985139846802, -1.629827618598938, -0.32564952969551086, 0.5327529311180115, -2.011801242828369, 0.31296277046203613, 0.4934191405773163, -1.963448166847229] leg_target [-0.2034052610397339, 0.7208316326141357, -1.5314481258392334, 0.21417498588562012, 0.7247024774551392, -1.5347117185592651, -0.14254678785800934, 0.9189202785491943, -1.3499447107315063, 0.15905797481536865, 0.9142641425132751, -1.34856116771698] leg_torque [-2.1656301021575928, 11.868389129638672, 20.728404998779297, -3.2079668045043945, 6.021494388580322, 15.040618896484375, 29.78581428527832, 61.06679153442383, 106.2700424194336, -24.530242919921875, 65.74005126953125, 99.58235931396484]
summary mean_vx -0.115415548273207 mean_wz -0.009598197891480392 min_z 0.3798193633556366 max_tilt 0.27749621868133545 tilt_term False low_term False bad_term False
Loading user config located at: '/isaac-sim/kit/data/Kit/Isaac-Sim/5.1/user.config.json'
[Info] [carb] Logging to file: /isaac-sim/kit/logs/Kit/Isaac-Sim/5.1/kit_20260818_024543.log
2026-08-17T18:45:43Z [433ms] [Warning] [omni.usd_config.extension] Enable omni.materialx.libs extension to use MaterialX
2026-08-17T18:45:44Z [952ms] [Warning] [carb] Acquiring non optional plugin interface which is not listed as dependency: [omni::physx::IPhysxBenchmarks v1.0] (plugin: <default plugin>), by client: omni.physics.physx.plugin. Add it to CARB_PLUGIN_IMPL_DEPS() macro of a client.
2026-08-17T18:45:44Z [1,234ms] [Warning] [omni.isaac.dynamic_control] omni.isaac.dynamic_control is deprecated as of Isaac Sim 4.5. No action is needed from end-users.

|---------------------------------------------------------------------------------------------|
| Driver Version: 580.126.09    | Graphics API: Vulkan
|=============================================================================================|
| GPU | Name                             | Active | LDA | GPU Memory | Vendor-ID | LUID       |
|     |                                  |        |     |            | Device-ID | UUID       |
|     |                                  |        |     |            | Bus-ID    |            |
|---------------------------------------------------------------------------------------------|
| 0   | NVIDIA L40                       | Yes: 0 |     | 46068   MB | 10de      | 0          |
|     |                                  |        |     |            | 26b5      | c3c5dcf0.. |
|     |                                  |        |     |            | 37        |            |
|=============================================================================================|
| OS: 24.04.3 LTS (Noble Numbat) ubuntu, Version: 24.04.3, Kernel: 5.15.0-168-generic
| XServer Vendor: The X.Org Foundation, XServer Version: 12101011 (1.21.1.11)
| Processor: Intel(R) Xeon(R) Platinum 8358 CPU @ 2.60GHz
| Bare Metal Cores: 64 | Bare Metal Logical Cores: 128
| Core Usage Quota: 14
|---------------------------------------------------------------------------------------------|
| Total Memory (MB): 122880 | Free Memory: 119573
| Total Page/Swap (MB): 0 | Free Page/Swap: 0
|---------------------------------------------------------------------------------------------|
2026-08-17T18:45:47Z [4,761ms] [Warning] [gpu.foundation.plugin] ECC is enabled on physical device 0
