[INFO][AppLauncher]: Using device: cuda
[INFO][AppLauncher]: Loading experience file: /workspace/isaaclab/apps/isaaclab.python.headless.kit
======Missing terms====== 
[]
 =======================

[36m======================================================================================[0m
[36m[1m[INFO][IsaacLab]: Logging to file: /tmp/isaaclab/logs/isaaclab_2026-08-18_00-38-30.log[0m
[36m======================================================================================[0m

[33m00:38:30 [simulation_context.py] WARNING: The `enable_external_forces_every_iteration` parameter in the PhysxCfg is set to False. If you are experiencing noisy velocities, consider enabling this flag. You may need to slightly increase the number of velocity iterations (setting it to 1 or 2 rather than 0), together with this flag, to improve the accuracy of velocity updates.[0m
[INFO]: Base environment:
	Environment device    : cuda:0
	Environment seed      : 271828
	Physics step-size     : 0.008333333333333333
	Rendering step-size   : 833.3333333333334
	Environment step-size : 0.03333333333333333
[33m00:38:30 [terrain_importer.py] WARNING: Visual material specified for ground plane but no diffuse color found. Using default color: (0.0, 0.0, 0.0)[0m
[INFO]: Time taken for scene creation : 2.190283 seconds
[INFO]: Scene manager:  <class InteractiveScene>
	Number of environments: 1
	Environment spacing   : 4.0
	Source prim name      : /World/envs/env_0
	Global prim paths     : ['/World/ground']
	Replicate physics     : True
[INFO]: Starting the simulation. This may take a few seconds. Please wait...
[INFO]: Time taken for simulation start : 0.780794 seconds
[33m00:38:33 [velocity_command.py] WARNING: The velocity command has the 'ranges.heading' attribute set to '(-3.141592653589793, 3.141592653589793)' but the heading command is not active. Consider setting the flag for the heading command to True.[0m
[INFO] Command Manager:  <CommandManager> contains 2 active terms.
+---------------------------------------------+
|             Active Command Terms            |
+-------+------------+------------------------+
| Index | Name       |          Type          |
+-------+------------+------------------------+
|   0   | locomotion | UniformVelocityCommand |
|   1   | ee_goal    | EeSphericalGoalCommand |
+-------+------------+------------------------+

[INFO] Event Manager:  <EventManager> contains 1 active terms.
+------------------------------------+
| Active Event Terms in Mode: 'reset' |
+-----------+------------------------+
|   Index   | Name                   |
+-----------+------------------------+
|     0     | reset_root             |
|     1     | reset_joints           |
|     2     | init_priv              |
|     3     | reset_rewards          |
+-----------+------------------------+

[INFO] Recorder Manager:  <RecorderManager> contains 0 active terms.
+---------------------+
| Active Recorder Terms |
+-----------+---------+
|   Index   | Name    |
+-----------+---------+
+-----------+---------+

[INFO] Action Manager:  <ActionManager> contains 3 active terms.
+------------------------------------+
|  Active Action Terms (shape: 16)   |
+--------+-------------+-------------+
| Index  | Name        |   Dimension |
+--------+-------------+-------------+
|   0    | leg_pos     |          12 |
|   1    | wheel_vel   |           4 |
|   2    | arm_ik      |           0 |
+--------+-------------+-------------+

[INFO] Observation Manager: <ObservationManager> contains 1 groups.
+--------------------------------------------------+
| Active Observation Terms in Group: 'policy' (shape: (876,)) |
+----------------+-------------+-------------------+
|     Index      | Name        |       Shape       |
+----------------+-------------+-------------------+
|       0        | obs         |       (876,)      |
+----------------+-------------+-------------------+

[INFO] Termination Manager:  <TerminationManager> contains 4 active terms.
+--------------------------------+
|    Active Termination Terms    |
+-------+-------------+----------+
| Index | Name        | Time Out |
+-------+-------------+----------+
|   0   | time_out    |   True   |
|   1   | bad_contact |  False   |
|   2   | tilt        |  False   |
|   3   | low_height  |  False   |
+-------+-------------+----------+

[INFO] Reward Manager:  <RewardManager> contains 43 active terms.
+---------------------------------------------------------+
|                   Active Reward Terms                   |
+-------+--------------------------+----------------------+
| Index | Name                     |               Weight |
+-------+--------------------------+----------------------+
|   0   | term_bad_contact         |              -3000.0 |
|   1   | term_tilt                |              -3000.0 |
|   2   | term_low_height          |              -3000.0 |
|   3   | leg_action_l2            |               -0.003 |
|   4   | tracking_lin_vel         |                  0.6 |
|   5   | tracking_lin_vel_x_exp   |                  1.5 |
|   6   | tracking_ang_vel_yaw_l1  |                  0.0 |
|   7   | tracking_ang_vel_yaw_exp |                  1.5 |
|   8   | tracking_lin_vel_y_l2    |                  0.0 |
|   9   | tracking_lin_vel_z_l2    |                  0.0 |
|   10  | survive                  |                  0.0 |
|   11  | foot_contacts_z          |                  0.0 |
|   12  | torques                  |             -7.5e-06 |
|   13  | tracking_lin_vel_y       |                  0.0 |
|   14  | lin_vel_z                | -0.44999999999999996 |
|   15  | ang_vel_xy               |                -0.06 |
|   16  | tracking_ang_vel         |                  0.3 |
|   17  | work                     |              -0.0009 |
|   18  | dof_acc                  |            -2.25e-07 |
|   19  | action_rate              |              -0.0045 |
|   20  | dof_pos_limits           |                 -3.0 |
|   21  | delta_torques            |               -3e-08 |
|   22  | collision                |                 -3.0 |
|   23  | walking_dof              |                 0.03 |
|   24  | hip_pos                  |                -0.06 |
|   25  | feet_jerk                |               -6e-05 |
|   26  | alive                    |                  0.3 |
|   27  | feet_drag                |               -0.024 |
|   28  | feet_contact_forces      |              -0.0003 |
|   29  | roll                     |                 -0.3 |
|   30  | base_height              |                 -0.6 |
|   31  | tracking_lin_vel_max     |  0.44999999999999996 |
|   32  | flat_orientation_l2      |                 -0.6 |
|   33  | air_time_variance        |                 -0.3 |
|   34  | feet_height              |                  0.0 |
|   35  | feet_air_time            |                0.015 |
|   36  | update_last_buffers      |                  0.0 |
|   37  | wheel_idle_speed         |              -0.0009 |
|   38  | wheel_action_l2          |              -0.0003 |
|   39  | wheel_action_rate        |              -0.0006 |
|   40  | teacher_ensemble_match   |  0.22499999999999998 |
|   41  | wheel_forward_use        |                 0.18 |
|   42  | wheel_turn_support       |                0.135 |
+-------+--------------------------+----------------------+

[INFO] Curriculum Manager:  <CurriculumManager> contains 0 active terms.
+----------------------+
| Active Curriculum Terms |
+-----------+----------+
|   Index   | Name     |
+-----------+----------+
+-----------+----------+

[INFO]: Completed setting up the environment...
leg_action_joint_names ['FR_hip_joint', 'FR_thigh_joint', 'FR_calf_joint', 'FL_hip_joint', 'FL_thigh_joint', 'FL_calf_joint', 'RR_hip_joint', 'RR_thigh_joint', 'RR_calf_joint', 'RL_hip_joint', 'RL_thigh_joint', 'RL_calf_joint'] leg_ids [1, 6, 11, 0, 5, 10, 3, 8, 13, 2, 7, 12] robot_joint_names ['FL_hip_joint', 'FR_hip_joint', 'RL_hip_joint', 'RR_hip_joint', 'joint1', 'FL_thigh_joint', 'FR_thigh_joint', 'RL_thigh_joint', 'RR_thigh_joint', 'joint2', 'FL_calf_joint', 'FR_calf_joint', 'RL_calf_joint', 'RR_calf_joint', 'joint3', 'FL_foot_wheel_joint', 'FR_foot_wheel_joint', 'RL_foot_wheel_joint', 'RR_foot_wheel_joint', 'joint4', 'joint5', 'joint6', 'joint7', 'joint8']
contact_body_names ['base', 'FL_hip', 'FL_thigh', 'FL_calf', 'FL_foot', 'FR_hip', 'FR_thigh', 'FR_calf', 'FR_foot', 'RL_hip', 'RL_thigh', 'RL_calf', 'RL_foot', 'RR_hip', 'RR_thigh', 'RR_calf', 'RR_foot', 'link1', 'link2', 'link3', 'link4', 'link5', 'link6', 'link7', 'link8']
robot_body_names ['base', 'FL_hip', 'FR_hip', 'RL_hip', 'RR_hip', 'link1', 'FL_thigh', 'FR_thigh', 'RL_thigh', 'RR_thigh', 'link2', 'FL_calf', 'FR_calf', 'RL_calf', 'RR_calf', 'link3', 'FL_foot', 'FR_foot', 'RL_foot', 'RR_foot', 'link4', 'link5', 'link6', 'link7', 'link8']
step 0 vx 0.0007883202051743865 wz -0.029230987653136253 z 0.5732630491256714 tilt 0.0038084685802459717 wheel_vel [3.335237641621802e-10, 1.0574905395799306e-09, 5.219569665371182e-09, 6.561686749506634e-10] wheel_target [0.0, 0.0, 0.0, 0.0] wheel_torque [-5.305223482743315e-10, 5.113390821875896e-10, 2.0122925548093917e-09, 2.5621071930714834e-10] foot_z [0.11638354510068893, 0.11580076068639755, 0.12678517401218414, 0.12641961872577667] foot_contact_force [0.0, 0.0, 0.0, 0.0] leg_pos [-0.2025529444217682, 0.7997400164604187, -1.5012744665145874, 0.19750498235225677, 0.7997701168060303, -1.4989887475967407, -0.20352669060230255, 0.99934983253479, -1.5004233121871948, 0.1959858536720276, 0.9996590614318848, -1.4991010427474976] leg_target [0.20000000298023224, -0.20000000298023224, 0.20000000298023224, -0.20000000298023224, 0.800000011920929, 0.800000011920929, 1.0, 1.0, -1.5, -1.5, -1.5, -1.5] leg_torque [0.5831764340400696, 0.10507450997829437, 0.2911556363105774, 0.5663791298866272, 0.03868492692708969, -0.21730539202690125, 0.8294377326965332, 0.19501447677612305, 0.09113368391990662, 0.9735513925552368, 0.0880027562379837, -0.22055567800998688]
step 22 vx -0.05207104608416557 wz -0.014083282090723515 z 0.4720233380794525 tilt 0.008475041948258877 wheel_vel [-1.697577953338623, -0.4753108024597168, 0.11400546133518219, 0.07464490085840225] wheel_target [0.0, 0.0, 0.0, 0.0] wheel_torque [0.8422145843505859, 0.27283522486686707, -0.3084278404712677, -0.033194005489349365] foot_z [0.10184496641159058, 0.10223019123077393, 0.10072386264801025, 0.10329151153564453] foot_contact_force [157.26788330078125, 162.90750122070312, 210.86619567871094, 220.72201538085938] leg_pos [-0.24913880228996277, 0.684214174747467, -1.7810301780700684, 0.2243475764989853, 0.6743525862693787, -1.7810088396072388, -0.220973402261734, 0.9845640659332275, -1.847354531288147, 0.24224576354026794, 1.0307046175003052, -1.800089955329895] leg_target [0.20000000298023224, -0.20000000298023224, 0.20000000298023224, -0.20000000298023224, 0.800000011920929, 0.800000011920929, 1.0, 1.0, -1.5, -1.5, -1.5, -1.5] leg_torque [7.990220069885254, 18.05338478088379, 46.07422637939453, -4.103724956512451, 19.291189193725586, 45.625816345214844, 3.5140764713287354, 2.517085552215576, 56.347068786621094, -6.84574556350708, -4.208835124969482, 48.526153564453125]
step 44 vx -0.056378863751888275 wz 0.004423209931701422 z 0.4489796757698059 tilt 0.027041349560022354 wheel_vel [0.06057807803153992, -0.4896630346775055, -0.3623600900173187, -0.11633127927780151] wheel_target [0.0, 0.0, 0.0, 0.0] wheel_torque [0.012467997148633003, 0.2366676926612854, 0.18301348388195038, 0.05549117177724838] foot_z [0.10142754018306732, 0.10226796567440033, 0.09898583590984344, 0.10298105329275131] foot_contact_force [152.9307098388672, 153.2452850341797, 244.5264892578125, 257.7041320800781] leg_pos [-0.2556633949279785, 0.6309914588928223, -1.787203073501587, 0.22685803472995758, 0.6377001404762268, -1.7911335229873657, -0.22884012758731842, 0.9416265487670898, -1.955853819847107, 0.2649199664592743, 0.9898251891136169, -1.903539776802063] leg_target [0.20000000298023224, -0.20000000298023224, 0.20000000298023224, -0.20000000298023224, 0.800000011920929, 0.800000011920929, 1.0, 1.0, -1.5, -1.5, -1.5, -1.5] leg_torque [9.011799812316895, 26.825458526611328, 46.12559509277344, -4.3467912673950195, 26.27712631225586, 46.49338912963867, 4.586091995239258, 9.011751174926758, 73.51249694824219, -10.499541282653809, 1.2024376392364502, 64.90675354003906]
summary mean_vx -0.09496704416815191 mean_wz 0.014747311213027893 min_z 0.4219704568386078 max_tilt 0.11082746088504791 tilt_term False low_term False bad_term False
Loading user config located at: '/isaac-sim/kit/data/Kit/Isaac-Sim/5.1/user.config.json'
[Info] [carb] Logging to file: /isaac-sim/kit/logs/Kit/Isaac-Sim/5.1/kit_20260818_003823.log
2026-08-17T16:38:23Z [474ms] [Warning] [omni.usd_config.extension] Enable omni.materialx.libs extension to use MaterialX
2026-08-17T16:38:24Z [1,032ms] [Warning] [carb] Acquiring non optional plugin interface which is not listed as dependency: [omni::physx::IPhysxBenchmarks v1.0] (plugin: <default plugin>), by client: omni.physics.physx.plugin. Add it to CARB_PLUGIN_IMPL_DEPS() macro of a client.
2026-08-17T16:38:24Z [1,340ms] [Warning] [omni.isaac.dynamic_control] omni.isaac.dynamic_control is deprecated as of Isaac Sim 4.5. No action is needed from end-users.

|---------------------------------------------------------------------------------------------|
| Driver Version: 580.126.09    | Graphics API: Vulkan
|=============================================================================================|
| GPU | Name                             | Active | LDA | GPU Memory | Vendor-ID | LUID       |
|     |                                  |        |     |            | Device-ID | UUID       |
|     |                                  |        |     |            | Bus-ID    |            |
|---------------------------------------------------------------------------------------------|
| 0   | NVIDIA L40                       | Yes: 0 |     | 46068   MB | 10de      | 0          |
|     |                                  |        |     |            | 26b5      | c3c5dcf0.. |
|     |                                  |        |     |            | 37        |            |
|=============================================================================================|
| OS: 24.04.3 LTS (Noble Numbat) ubuntu, Version: 24.04.3, Kernel: 5.15.0-168-generic
| XServer Vendor: The X.Org Foundation, XServer Version: 12101011 (1.21.1.11)
| Processor: Intel(R) Xeon(R) Platinum 8358 CPU @ 2.60GHz
| Bare Metal Cores: 64 | Bare Metal Logical Cores: 128
| Core Usage Quota: 14
|---------------------------------------------------------------------------------------------|
| Total Memory (MB): 122880 | Free Memory: 119648
| Total Page/Swap (MB): 0 | Free Page/Swap: 0
|---------------------------------------------------------------------------------------------|
2026-08-17T16:38:28Z [5,117ms] [Warning] [gpu.foundation.plugin] ECC is enabled on physical device 0
