[INFO][AppLauncher]: Using device: cuda:0
[INFO][AppLauncher]: Loading experience file: /workspace/isaaclab/apps/isaaclab.python.headless.kit
======Missing terms====== 
[]
 =======================

[36m======================================================================================[0m
[36m[1m[INFO][IsaacLab]: Logging to file: /tmp/isaaclab/logs/isaaclab_2026-08-18_02-42-19.log[0m
[36m======================================================================================[0m

[33m02:42:19 [simulation_context.py] WARNING: The `enable_external_forces_every_iteration` parameter in the PhysxCfg is set to False. If you are experiencing noisy velocities, consider enabling this flag. You may need to slightly increase the number of velocity iterations (setting it to 1 or 2 rather than 0), together with this flag, to improve the accuracy of velocity updates.[0m
[INFO]: Base environment:
	Environment device    : cuda:0
	Environment seed      : 271828
	Physics step-size     : 0.008333333333333333
	Rendering step-size   : 833.3333333333334
	Environment step-size : 0.03333333333333333
[33m02:42:20 [terrain_importer.py] WARNING: Visual material specified for ground plane but no diffuse color found. Using default color: (0.0, 0.0, 0.0)[0m
[INFO]: Time taken for scene creation : 144.056723 seconds
[INFO]: Scene manager:  <class InteractiveScene>
	Number of environments: 1
	Environment spacing   : 4.0
	Source prim name      : /World/envs/env_0
	Global prim paths     : ['/World/ground']
	Replicate physics     : True
[INFO]: Starting the simulation. This may take a few seconds. Please wait...
[INFO]: Time taken for simulation start : 0.738963 seconds
[33m02:44:44 [velocity_command.py] WARNING: The velocity command has the 'ranges.heading' attribute set to '(-3.141592653589793, 3.141592653589793)' but the heading command is not active. Consider setting the flag for the heading command to True.[0m
[INFO] Command Manager:  <CommandManager> contains 2 active terms.
+---------------------------------------------+
|             Active Command Terms            |
+-------+------------+------------------------+
| Index | Name       |          Type          |
+-------+------------+------------------------+
|   0   | locomotion | UniformVelocityCommand |
|   1   | ee_goal    | EeSphericalGoalCommand |
+-------+------------+------------------------+

[INFO] Event Manager:  <EventManager> contains 1 active terms.
+------------------------------------+
| Active Event Terms in Mode: 'reset' |
+-----------+------------------------+
|   Index   | Name                   |
+-----------+------------------------+
|     0     | reset_root             |
|     1     | reset_joints           |
|     2     | init_priv              |
|     3     | reset_rewards          |
+-----------+------------------------+

[INFO] Recorder Manager:  <RecorderManager> contains 0 active terms.
+---------------------+
| Active Recorder Terms |
+-----------+---------+
|   Index   | Name    |
+-----------+---------+
+-----------+---------+

[INFO] Action Manager:  <ActionManager> contains 3 active terms.
+------------------------------------+
|  Active Action Terms (shape: 16)   |
+--------+-------------+-------------+
| Index  | Name        |   Dimension |
+--------+-------------+-------------+
|   0    | leg_pos     |          12 |
|   1    | wheel_vel   |           4 |
|   2    | arm_ik      |           0 |
+--------+-------------+-------------+

[INFO] Observation Manager: <ObservationManager> contains 1 groups.
+--------------------------------------------------+
| Active Observation Terms in Group: 'policy' (shape: (876,)) |
+----------------+-------------+-------------------+
|     Index      | Name        |       Shape       |
+----------------+-------------+-------------------+
|       0        | obs         |       (876,)      |
+----------------+-------------+-------------------+

[INFO] Termination Manager:  <TerminationManager> contains 4 active terms.
+--------------------------------+
|    Active Termination Terms    |
+-------+-------------+----------+
| Index | Name        | Time Out |
+-------+-------------+----------+
|   0   | time_out    |   True   |
|   1   | bad_contact |  False   |
|   2   | tilt        |  False   |
|   3   | low_height  |  False   |
+-------+-------------+----------+

[INFO] Reward Manager:  <RewardManager> contains 43 active terms.
+---------------------------------------------------------+
|                   Active Reward Terms                   |
+-------+--------------------------+----------------------+
| Index | Name                     |               Weight |
+-------+--------------------------+----------------------+
|   0   | term_bad_contact         |              -3000.0 |
|   1   | term_tilt                |              -3000.0 |
|   2   | term_low_height          |              -3000.0 |
|   3   | leg_action_l2            |               -0.003 |
|   4   | tracking_lin_vel         |                  0.6 |
|   5   | tracking_lin_vel_x_exp   |                  1.5 |
|   6   | tracking_ang_vel_yaw_l1  |                  0.0 |
|   7   | tracking_ang_vel_yaw_exp |                  1.5 |
|   8   | tracking_lin_vel_y_l2    |                  0.0 |
|   9   | tracking_lin_vel_z_l2    |                  0.0 |
|   10  | survive                  |                  0.0 |
|   11  | foot_contacts_z          |                  0.0 |
|   12  | torques                  |             -7.5e-06 |
|   13  | tracking_lin_vel_y       |                  0.0 |
|   14  | lin_vel_z                | -0.44999999999999996 |
|   15  | ang_vel_xy               |                -0.06 |
|   16  | tracking_ang_vel         |                  0.3 |
|   17  | work                     |              -0.0009 |
|   18  | dof_acc                  |            -2.25e-07 |
|   19  | action_rate              |              -0.0045 |
|   20  | dof_pos_limits           |                 -3.0 |
|   21  | delta_torques            |               -3e-08 |
|   22  | collision                |                 -3.0 |
|   23  | walking_dof              |                 0.03 |
|   24  | hip_pos                  |                -0.06 |
|   25  | feet_jerk                |               -6e-05 |
|   26  | alive                    |                  0.3 |
|   27  | feet_drag                |               -0.024 |
|   28  | feet_contact_forces      |              -0.0003 |
|   29  | roll                     |                 -0.3 |
|   30  | base_height              |                 -0.6 |
|   31  | tracking_lin_vel_max     |  0.44999999999999996 |
|   32  | flat_orientation_l2      |                 -0.6 |
|   33  | air_time_variance        |                 -0.3 |
|   34  | feet_height              |                  0.0 |
|   35  | feet_air_time            |                0.015 |
|   36  | update_last_buffers      |                  0.0 |
|   37  | wheel_idle_speed         |              -0.0009 |
|   38  | wheel_action_l2          |              -0.0003 |
|   39  | wheel_action_rate        |              -0.0006 |
|   40  | teacher_ensemble_match   |  0.22499999999999998 |
|   41  | wheel_forward_use        |                 0.18 |
|   42  | wheel_turn_support       |                0.135 |
+-------+--------------------------+----------------------+

[INFO] Curriculum Manager:  <CurriculumManager> contains 0 active terms.
+----------------------+
| Active Curriculum Terms |
+-----------+----------+
|   Index   | Name     |
+-----------+----------+
+-----------+----------+

[INFO]: Completed setting up the environment...
leg_action_joint_names ['FR_hip_joint', 'FR_thigh_joint', 'FR_calf_joint', 'FL_hip_joint', 'FL_thigh_joint', 'FL_calf_joint', 'RR_hip_joint', 'RR_thigh_joint', 'RR_calf_joint', 'RL_hip_joint', 'RL_thigh_joint', 'RL_calf_joint'] leg_ids [1, 6, 11, 0, 5, 10, 3, 8, 13, 2, 7, 12] robot_joint_names ['FL_hip_joint', 'FR_hip_joint', 'RL_hip_joint', 'RR_hip_joint', 'joint1', 'FL_thigh_joint', 'FR_thigh_joint', 'RL_thigh_joint', 'RR_thigh_joint', 'joint2', 'FL_calf_joint', 'FR_calf_joint', 'RL_calf_joint', 'RR_calf_joint', 'joint3', 'FL_foot_wheel_joint', 'FR_foot_wheel_joint', 'RL_foot_wheel_joint', 'RR_foot_wheel_joint', 'joint4', 'joint5', 'joint6', 'joint7', 'joint8']
contact_body_names ['base', 'FL_hip', 'FL_thigh', 'FL_calf', 'FL_foot', 'FR_hip', 'FR_thigh', 'FR_calf', 'FR_foot', 'RL_hip', 'RL_thigh', 'RL_calf', 'RL_foot', 'RR_hip', 'RR_thigh', 'RR_calf', 'RR_foot', 'link1', 'link2', 'link3', 'link4', 'link5', 'link6', 'link7', 'link8']
robot_body_names ['base', 'FL_hip', 'FR_hip', 'RL_hip', 'RR_hip', 'link1', 'FL_thigh', 'FR_thigh', 'RL_thigh', 'RR_thigh', 'link2', 'FL_calf', 'FR_calf', 'RL_calf', 'RR_calf', 'link3', 'FL_foot', 'FR_foot', 'RL_foot', 'RR_foot', 'link4', 'link5', 'link6', 'link7', 'link8']
step 0 vx 0.0024652923457324505 wz 0.00021145644132047892 z 0.5725396275520325 tilt 0.000918619567528367 wheel_vel [1.3569501966514963e-08, -4.8194905843956803e-08, -6.00139742346073e-08, -1.1242791586596468e-08] wheel_target [0.0, 0.0, 0.0, 0.0] wheel_torque [-0.017209606245160103, -0.01764390803873539, 6.227884341569734e-08, -5.564597316265463e-08] foot_z [0.11982037127017975, 0.11983934044837952, 0.12996172904968262, 0.1299862563610077] foot_contact_force [0.0, 0.0, 0.0, 0.0] leg_pos [-0.19893492758274078, 0.8119311928749084, -1.5192615985870361, 0.19853606820106506, 0.8119665384292603, -1.519362211227417, -0.19941502809524536, 1.0132396221160889, -1.5203197002410889, 0.19902782142162323, 1.013271450996399, -1.5203841924667358] leg_target [-0.20393353700637817, 0.8182440400123596, -1.5338141918182373, 0.20393721759319305, 0.8182362914085388, -1.5338160991668701, -0.20403796434402466, 1.0210485458374023, -1.532938003540039, 0.20404212176799774, 1.0210397243499756, -1.5329362154006958] leg_torque [-0.9482641816139221, -0.5326318740844727, 0.15496826171875, 1.0652925968170166, -0.5443384647369385, 0.18456554412841797, -0.824954628944397, -0.4529130458831787, 0.5893173217773438, 0.9382284283638, -0.4630727767944336, 0.6077055931091309]
step 45 vx -0.04896799102425575 wz 0.012316059321165085 z 0.4454246163368225 tilt 0.03321785852313042 wheel_vel [0.21676896512508392, 0.25905463099479675, 0.3754459321498871, 0.3117777109146118] wheel_target [0.3333333432674408, 0.3333333432674408, 0.3333333432674408, 0.3333333432674408] wheel_torque [0.20054474472999573, 0.19410750269889832, 0.10106238722801208, 0.1400444656610489] foot_z [0.10206007212400436, 0.10162224620580673, 0.10129368305206299, 0.10098883509635925] foot_contact_force [153.3029327392578, 145.93399047851562, 277.6101989746094, 263.6241455078125] leg_pos [-0.2416463941335678, 0.6195056438446045, -1.7758315801620483, 0.2372935712337494, 0.606325089931488, -1.7878612279891968, -0.25058287382125854, 0.9053587913513184, -1.9302971363067627, 0.2471577525138855, 0.9103383421897888, -1.9494233131408691] leg_target [-0.20623359084129333, 0.7813122272491455, -1.4975471496582031, 0.19537650048732758, 0.7806164026260376, -1.495219349861145, -0.195931538939476, 0.9622939825057983, -1.4570951461791992, 0.18491709232330322, 0.9615715146064758, -1.4550704956054688] leg_torque [5.715364456176758, 26.350357055664062, 44.20064926147461, -6.6889801025390625, 28.18495750427246, 46.793636322021484, 8.76093578338623, 9.19234561920166, 76.0097427368164, -10.072253227233887, 8.333441734313965, 79.47856903076172]
step 89 vx 0.12296420335769653 wz -0.031147444620728493 z 0.3705652952194214 tilt 0.26254045963287354 wheel_vel [1.4000561237335205, 1.638022780418396, 2.8468332290649414, 2.4296553134918213] wheel_target [2.7234785556793213, 2.7234785556793213, 2.7234785556793213, 2.7234785556793213] wheel_torque [2.1026408672332764, 1.6523112058639526, 0.4940609931945801, 0.8871233463287354] foot_z [0.1029185801744461, 0.1028728187084198, 0.09829668700695038, 0.10027074068784714] foot_contact_force [97.26589965820312, 89.04541778564453, 301.35736083984375, 302.4727478027344] leg_pos [-0.24265016615390778, 0.6325013041496277, -1.6615735292434692, 0.23081134259700775, 0.6280478835105896, -1.676487684249878, -0.34319305419921875, 0.5325800776481628, -2.0300636291503906, 0.35968518257141113, 0.5310697555541992, -2.0223910808563232] leg_target [-0.21057355403900146, 0.7209816575050354, -1.519385814666748, 0.20659604668617249, 0.7195589542388916, -1.518021583557129, -0.14105522632598877, 0.9257307052612305, -1.3479952812194824, 0.13549037277698517, 0.9258565902709961, -1.348533272743225] leg_torque [5.095008850097656, 13.80554485321045, 23.003679275512695, -4.186469078063965, 14.270134925842285, 25.323984146118164, 32.98077392578125, 63.97441864013672, 107.82103729248047, -36.62253189086914, 64.67649841308594, 106.05345153808594]
summary mean_vx -0.049417328314545254 mean_wz 0.000513387886652102 min_z 0.3705652952194214 max_tilt 0.2669413685798645 tilt_term False low_term False bad_term False
Loading user config located at: '/isaac-sim/kit/data/Kit/Isaac-Sim/5.1/user.config.json'
[Info] [carb] Logging to file: /isaac-sim/kit/logs/Kit/Isaac-Sim/5.1/kit_20260818_024213.log
2026-08-17T18:42:13Z [432ms] [Warning] [omni.usd_config.extension] Enable omni.materialx.libs extension to use MaterialX
2026-08-17T18:42:14Z [947ms] [Warning] [carb] Acquiring non optional plugin interface which is not listed as dependency: [omni::physx::IPhysxBenchmarks v1.0] (plugin: <default plugin>), by client: omni.physics.physx.plugin. Add it to CARB_PLUGIN_IMPL_DEPS() macro of a client.
2026-08-17T18:42:14Z [1,227ms] [Warning] [omni.isaac.dynamic_control] omni.isaac.dynamic_control is deprecated as of Isaac Sim 4.5. No action is needed from end-users.

|---------------------------------------------------------------------------------------------|
| Driver Version: 580.126.09    | Graphics API: Vulkan
|=============================================================================================|
| GPU | Name                             | Active | LDA | GPU Memory | Vendor-ID | LUID       |
|     |                                  |        |     |            | Device-ID | UUID       |
|     |                                  |        |     |            | Bus-ID    |            |
|---------------------------------------------------------------------------------------------|
| 0   | NVIDIA L40                       | Yes: 0 |     | 46068   MB | 10de      | 0          |
|     |                                  |        |     |            | 26b5      | c3c5dcf0.. |
|     |                                  |        |     |            | 37        |            |
|=============================================================================================|
| OS: 24.04.3 LTS (Noble Numbat) ubuntu, Version: 24.04.3, Kernel: 5.15.0-168-generic
| XServer Vendor: The X.Org Foundation, XServer Version: 12101011 (1.21.1.11)
| Processor: Intel(R) Xeon(R) Platinum 8358 CPU @ 2.60GHz
| Bare Metal Cores: 64 | Bare Metal Logical Cores: 128
| Core Usage Quota: 14
|---------------------------------------------------------------------------------------------|
| Total Memory (MB): 122880 | Free Memory: 119573
| Total Page/Swap (MB): 0 | Free Page/Swap: 0
|---------------------------------------------------------------------------------------------|
2026-08-17T18:42:18Z [4,708ms] [Warning] [gpu.foundation.plugin] ECC is enabled on physical device 0
