[INFO][AppLauncher]: Using device: cuda:0
[INFO][AppLauncher]: Loading experience file: /workspace/isaaclab/apps/isaaclab.python.headless.kit
======Missing terms====== 
[]
 =======================

[36m======================================================================================[0m
[36m[1m[INFO][IsaacLab]: Logging to file: /tmp/isaaclab/logs/isaaclab_2026-08-18_01-48-49.log[0m
[36m======================================================================================[0m

[33m01:48:49 [simulation_context.py] WARNING: The `enable_external_forces_every_iteration` parameter in the PhysxCfg is set to False. If you are experiencing noisy velocities, consider enabling this flag. You may need to slightly increase the number of velocity iterations (setting it to 1 or 2 rather than 0), together with this flag, to improve the accuracy of velocity updates.[0m
[INFO]: Base environment:
	Environment device    : cuda:0
	Environment seed      : 271828
	Physics step-size     : 0.008333333333333333
	Rendering step-size   : 833.3333333333334
	Environment step-size : 0.03333333333333333
[33m01:48:49 [terrain_importer.py] WARNING: Visual material specified for ground plane but no diffuse color found. Using default color: (0.0, 0.0, 0.0)[0m
[INFO]: Time taken for scene creation : 1.861514 seconds
[INFO]: Scene manager:  <class InteractiveScene>
	Number of environments: 1
	Environment spacing   : 4.0
	Source prim name      : /World/envs/env_0
	Global prim paths     : ['/World/ground']
	Replicate physics     : True
[INFO]: Starting the simulation. This may take a few seconds. Please wait...
[INFO]: Time taken for simulation start : 0.748663 seconds
[33m01:48:52 [velocity_command.py] WARNING: The velocity command has the 'ranges.heading' attribute set to '(-3.141592653589793, 3.141592653589793)' but the heading command is not active. Consider setting the flag for the heading command to True.[0m
[INFO] Command Manager:  <CommandManager> contains 2 active terms.
+---------------------------------------------+
|             Active Command Terms            |
+-------+------------+------------------------+
| Index | Name       |          Type          |
+-------+------------+------------------------+
|   0   | locomotion | UniformVelocityCommand |
|   1   | ee_goal    | EeSphericalGoalCommand |
+-------+------------+------------------------+

[INFO] Event Manager:  <EventManager> contains 1 active terms.
+------------------------------------+
| Active Event Terms in Mode: 'reset' |
+-----------+------------------------+
|   Index   | Name                   |
+-----------+------------------------+
|     0     | reset_root             |
|     1     | reset_joints           |
|     2     | init_priv              |
|     3     | reset_rewards          |
+-----------+------------------------+

[INFO] Recorder Manager:  <RecorderManager> contains 0 active terms.
+---------------------+
| Active Recorder Terms |
+-----------+---------+
|   Index   | Name    |
+-----------+---------+
+-----------+---------+

[INFO] Action Manager:  <ActionManager> contains 3 active terms.
+------------------------------------+
|  Active Action Terms (shape: 16)   |
+--------+-------------+-------------+
| Index  | Name        |   Dimension |
+--------+-------------+-------------+
|   0    | leg_pos     |          12 |
|   1    | wheel_vel   |           4 |
|   2    | arm_ik      |           0 |
+--------+-------------+-------------+

[INFO] Observation Manager: <ObservationManager> contains 1 groups.
+--------------------------------------------------+
| Active Observation Terms in Group: 'policy' (shape: (876,)) |
+----------------+-------------+-------------------+
|     Index      | Name        |       Shape       |
+----------------+-------------+-------------------+
|       0        | obs         |       (876,)      |
+----------------+-------------+-------------------+

[INFO] Termination Manager:  <TerminationManager> contains 4 active terms.
+--------------------------------+
|    Active Termination Terms    |
+-------+-------------+----------+
| Index | Name        | Time Out |
+-------+-------------+----------+
|   0   | time_out    |   True   |
|   1   | bad_contact |  False   |
|   2   | tilt        |  False   |
|   3   | low_height  |  False   |
+-------+-------------+----------+

[INFO] Reward Manager:  <RewardManager> contains 43 active terms.
+---------------------------------------------------------+
|                   Active Reward Terms                   |
+-------+--------------------------+----------------------+
| Index | Name                     |               Weight |
+-------+--------------------------+----------------------+
|   0   | term_bad_contact         |              -3000.0 |
|   1   | term_tilt                |              -3000.0 |
|   2   | term_low_height          |              -3000.0 |
|   3   | leg_action_l2            |               -0.003 |
|   4   | tracking_lin_vel         |                  0.6 |
|   5   | tracking_lin_vel_x_exp   |                  1.5 |
|   6   | tracking_ang_vel_yaw_l1  |                  0.0 |
|   7   | tracking_ang_vel_yaw_exp |                  1.5 |
|   8   | tracking_lin_vel_y_l2    |                  0.0 |
|   9   | tracking_lin_vel_z_l2    |                  0.0 |
|   10  | survive                  |                  0.0 |
|   11  | foot_contacts_z          |                  0.0 |
|   12  | torques                  |             -7.5e-06 |
|   13  | tracking_lin_vel_y       |                  0.0 |
|   14  | lin_vel_z                | -0.44999999999999996 |
|   15  | ang_vel_xy               |                -0.06 |
|   16  | tracking_ang_vel         |                  0.3 |
|   17  | work                     |              -0.0009 |
|   18  | dof_acc                  |            -2.25e-07 |
|   19  | action_rate              |              -0.0045 |
|   20  | dof_pos_limits           |                 -3.0 |
|   21  | delta_torques            |               -3e-08 |
|   22  | collision                |                 -3.0 |
|   23  | walking_dof              |                 0.03 |
|   24  | hip_pos                  |                -0.06 |
|   25  | feet_jerk                |               -6e-05 |
|   26  | alive                    |                  0.3 |
|   27  | feet_drag                |               -0.024 |
|   28  | feet_contact_forces      |              -0.0003 |
|   29  | roll                     |                 -0.3 |
|   30  | base_height              |                 -0.6 |
|   31  | tracking_lin_vel_max     |  0.44999999999999996 |
|   32  | flat_orientation_l2      |                 -0.6 |
|   33  | air_time_variance        |                 -0.3 |
|   34  | feet_height              |                  0.0 |
|   35  | feet_air_time            |                0.015 |
|   36  | update_last_buffers      |                  0.0 |
|   37  | wheel_idle_speed         |              -0.0009 |
|   38  | wheel_action_l2          |              -0.0003 |
|   39  | wheel_action_rate        |              -0.0006 |
|   40  | teacher_ensemble_match   |  0.22499999999999998 |
|   41  | wheel_forward_use        |                 0.18 |
|   42  | wheel_turn_support       |                0.135 |
+-------+--------------------------+----------------------+

[INFO] Curriculum Manager:  <CurriculumManager> contains 0 active terms.
+----------------------+
| Active Curriculum Terms |
+-----------+----------+
|   Index   | Name     |
+-----------+----------+
+-----------+----------+

[INFO]: Completed setting up the environment...
leg_action_joint_names ['FR_hip_joint', 'FR_thigh_joint', 'FR_calf_joint', 'FL_hip_joint', 'FL_thigh_joint', 'FL_calf_joint', 'RR_hip_joint', 'RR_thigh_joint', 'RR_calf_joint', 'RL_hip_joint', 'RL_thigh_joint', 'RL_calf_joint'] leg_ids [1, 6, 11, 0, 5, 10, 3, 8, 13, 2, 7, 12] robot_joint_names ['FL_hip_joint', 'FR_hip_joint', 'RL_hip_joint', 'RR_hip_joint', 'joint1', 'FL_thigh_joint', 'FR_thigh_joint', 'RL_thigh_joint', 'RR_thigh_joint', 'joint2', 'FL_calf_joint', 'FR_calf_joint', 'RL_calf_joint', 'RR_calf_joint', 'joint3', 'FL_foot_wheel_joint', 'FR_foot_wheel_joint', 'RL_foot_wheel_joint', 'RR_foot_wheel_joint', 'joint4', 'joint5', 'joint6', 'joint7', 'joint8']
contact_body_names ['base', 'FL_hip', 'FL_thigh', 'FL_calf', 'FL_foot', 'FR_hip', 'FR_thigh', 'FR_calf', 'FR_foot', 'RL_hip', 'RL_thigh', 'RL_calf', 'RL_foot', 'RR_hip', 'RR_thigh', 'RR_calf', 'RR_foot', 'link1', 'link2', 'link3', 'link4', 'link5', 'link6', 'link7', 'link8']
robot_body_names ['base', 'FL_hip', 'FR_hip', 'RL_hip', 'RR_hip', 'link1', 'FL_thigh', 'FR_thigh', 'RL_thigh', 'RR_thigh', 'link2', 'FL_calf', 'FR_calf', 'RL_calf', 'RR_calf', 'link3', 'FL_foot', 'FR_foot', 'RL_foot', 'RR_foot', 'link4', 'link5', 'link6', 'link7', 'link8']
step 0 vx -0.0015909088542684913 wz -0.013195820152759552 z 0.5731164216995239 tilt 0.0016826565843075514 wheel_vel [0.019985059276223183, 0.03406042605638504, -0.02800387516617775, 0.022764209657907486] wheel_target [0.0, 0.0, 0.0, 0.0] wheel_torque [-0.027954576537013054, -0.008977026678621769, 0.019929248839616776, -0.02779143676161766] foot_z [0.11975415796041489, 0.11397137492895126, 0.12392426282167435, 0.13014280796051025] foot_contact_force [0.0, 0.0, 0.0, 0.0] leg_pos [-0.20025239884853363, 0.7919637560844421, -1.493025302886963, 0.19561521708965302, 0.8105485439300537, -1.518960952758789, -0.19885700941085815, 1.0112608671188354, -1.5193742513656616, 0.19443391263484955, 0.9956052303314209, -1.4910961389541626] leg_target [0.1960664689540863, -0.18175600469112396, 0.16618579626083374, -0.19606278836727142, 0.8182362914085388, 0.7661839127540588, 0.9959620237350464, 1.0210485458374023, -1.532938003540039, -1.495957851409912, -1.4789602756500244, -1.5329362154006958] leg_torque [3.029567241668701, -3.1264560222625732, -1.3859716653823853, 0.6489089131355286, -0.12970328330993652, 0.20686888694763184, 0.3009454011917114, 0.10978758335113525, 0.31919193267822266, -3.855881452560425, 0.6302913427352905, 0.8038229942321777]
step 45 vx 0.005069785285741091 wz -0.005682478658854961 z 0.45967432856559753 tilt 0.03351958468556404 wheel_vel [-0.23324140906333923, -0.16967657208442688, 0.2369282841682434, -0.1570776104927063] wheel_target [0.3333333432674408, 0.3333333432674408, 0.3333333432674408, 0.3333333432674408] wheel_torque [0.1798522174358368, 0.3282090723514557, -0.25310081243515015, 0.22354301810264587] foot_z [0.10131487250328064, 0.10092436522245407, 0.10126236081123352, 0.10349275171756744] foot_contact_force [179.2698974609375, 192.68649291992188, 244.2811279296875, 215.2750701904297] leg_pos [-0.251527339220047, 0.7047198414802551, -1.8511196374893188, 0.23432013392448425, 0.6527111530303955, -1.8558526039123535, -0.2058844268321991, 1.0167990922927856, -1.856455683708191, 0.24841944873332977, 1.0588409900665283, -1.815324306488037] leg_target [0.20235681533813477, -0.19089160859584808, 0.22393639385700226, -0.21124927699565887, 0.8097668886184692, 0.8253216743469238, 0.9927211403846741, 1.0277122259140015, -1.516360878944397, -1.5007116794586182, -1.473448634147644, -1.514224648475647] leg_torque [9.744720458984375, 18.90079116821289, 56.34475326538086, -5.210399150848389, 25.0257625579834, 54.55791091918945, -0.8146411180496216, 1.6319020986557007, 54.8350715637207, -3.8533430099487305, -10.147472381591797, 55.244407653808594]
step 89 vx -0.10855244845151901 wz 0.04443933814764023 z 0.4306376576423645 tilt 0.09066973626613617 wheel_vel [0.30803656578063965, 0.2183031439781189, 1.327699065208435, 4.0385050773620605] wheel_target [3.1077444553375244, 3.1077444553375244, 3.1077444553375244, 3.1077444553375244] wheel_torque [1.515353798866272, 1.4419643878936768, 0.7814942598342896, -0.20037448406219482] foot_z [0.10374981164932251, 0.10026809573173523, 0.1036912202835083, 0.098232202231884] foot_contact_force [186.52662658691406, 87.80831909179688, 244.78524780273438, 280.3200378417969] leg_pos [-0.2413570135831833, 0.6286532878875732, -1.7215197086334229, 0.22155159711837769, 0.5471355319023132, -1.752801775932312, -0.29107528924942017, 0.7963007688522339, -1.9307467937469482, 0.22735804319381714, 0.9236916899681091, -2.0812504291534424] leg_target [0.17480343580245972, -0.25355660915374756, 0.17240406572818756, -0.2053847759962082, 0.7404000759124756, 0.7801975607872009, 1.0143802165985107, 0.8947081565856934, -1.3855891227722168, -1.5406674146652222, -1.6148768663406372, -1.376187801361084] leg_torque [-1.8324251174926758, 24.89872932434082, 27.311603546142578, -7.044379711151123, 31.419986724853516, 57.720191955566406, 13.73537540435791, 17.005931854248047, 89.96324920654297, -9.198368072509766, 15.318428039550781, 75.76432800292969]
summary mean_vx -0.04626146401036143 mean_wz -0.0016661380314164692 min_z 0.42726749181747437 max_tilt 0.11464044451713562 tilt_term False low_term False bad_term False
Loading user config located at: '/isaac-sim/kit/data/Kit/Isaac-Sim/5.1/user.config.json'
[Info] [carb] Logging to file: /isaac-sim/kit/logs/Kit/Isaac-Sim/5.1/kit_20260818_014843.log
2026-08-17T17:48:43Z [436ms] [Warning] [omni.usd_config.extension] Enable omni.materialx.libs extension to use MaterialX
2026-08-17T17:48:44Z [930ms] [Warning] [carb] Acquiring non optional plugin interface which is not listed as dependency: [omni::physx::IPhysxBenchmarks v1.0] (plugin: <default plugin>), by client: omni.physics.physx.plugin. Add it to CARB_PLUGIN_IMPL_DEPS() macro of a client.
2026-08-17T17:48:44Z [1,232ms] [Warning] [omni.isaac.dynamic_control] omni.isaac.dynamic_control is deprecated as of Isaac Sim 4.5. No action is needed from end-users.

|---------------------------------------------------------------------------------------------|
| Driver Version: 580.126.09    | Graphics API: Vulkan
|=============================================================================================|
| GPU | Name                             | Active | LDA | GPU Memory | Vendor-ID | LUID       |
|     |                                  |        |     |            | Device-ID | UUID       |
|     |                                  |        |     |            | Bus-ID    |            |
|---------------------------------------------------------------------------------------------|
| 0   | NVIDIA L40                       | Yes: 0 |     | 46068   MB | 10de      | 0          |
|     |                                  |        |     |            | 26b5      | c3c5dcf0.. |
|     |                                  |        |     |            | 37        |            |
|=============================================================================================|
| OS: 24.04.3 LTS (Noble Numbat) ubuntu, Version: 24.04.3, Kernel: 5.15.0-168-generic
| XServer Vendor: The X.Org Foundation, XServer Version: 12101011 (1.21.1.11)
| Processor: Intel(R) Xeon(R) Platinum 8358 CPU @ 2.60GHz
| Bare Metal Cores: 64 | Bare Metal Logical Cores: 128
| Core Usage Quota: 14
|---------------------------------------------------------------------------------------------|
| Total Memory (MB): 122880 | Free Memory: 119618
| Total Page/Swap (MB): 0 | Free Page/Swap: 0
|---------------------------------------------------------------------------------------------|
2026-08-17T17:48:48Z [4,785ms] [Warning] [gpu.foundation.plugin] ECC is enabled on physical device 0
