[INFO][AppLauncher]: Using device: cuda:0
[INFO][AppLauncher]: Loading experience file: /workspace/isaaclab/apps/isaaclab.python.headless.kit
[INFO]: Parsing configuration from: quadruped_arm.tasks.manager_based.TACTIC_HRL.TACTIC_HRL_env_cfg:TACTICSingleObjectCurriculumEnvCfg
======Missing terms====== 
[]
 =======================
[INFO]: Parsing configuration from: quadruped_arm.tasks.manager_based.TACTIC_HRL.agents.rsl_rl_TACTIC_HRL_cfg:TACTICRunnerCfg

[36m======================================================================================[0m
[36m[1m[INFO][IsaacLab]: Logging to file: /tmp/isaaclab/logs/isaaclab_2026-08-17_20-47-14.log[0m
[36m======================================================================================[0m

[33m20:47:14 [simulation_context.py] WARNING: The `enable_external_forces_every_iteration` parameter in the PhysxCfg is set to False. If you are experiencing noisy velocities, consider enabling this flag. You may need to slightly increase the number of velocity iterations (setting it to 1 or 2 rather than 0), together with this flag, to improve the accuracy of velocity updates.[0m
[INFO]: Base environment:
	Environment device    : cuda:0
	Environment seed      : 42
	Physics step-size     : 0.008333333333333333
	Rendering step-size   : 0.03333333333333333
	Environment step-size : 0.03333333333333333
[33m20:47:14 [terrain_importer.py] WARNING: Visual material specified for ground plane but no diffuse color found. Using default color: (0.0, 0.0, 0.0)[0m
[INFO]: Time taken for scene creation : 6.165656 seconds
[INFO]: Scene manager:  <class InteractiveScene>
	Number of environments: 32
	Environment spacing   : 6.0
	Source prim name      : /World/envs/env_0
	Global prim paths     : ['/World/ground']
	Replicate physics     : True
[INFO]: Starting the simulation. This may take a few seconds. Please wait...
[INFO]: Time taken for simulation start : 1.043875 seconds
[INFO] Command Manager:  <CommandManager> contains 2 active terms.
+-------------------------------------------+
|            Active Command Terms           |
+-------+------------+----------------------+
| Index | Name       |         Type         |
+-------+------------+----------------------+
|   0   | locomotion | TACTICMissionCommand |
|   1   | ee_goal    | TACTICEeGoalCommand  |
+-------+------------+----------------------+

[INFO] Event Manager:  <EventManager> contains 1 active terms.
+--------------------------------------+
| Active Event Terms in Mode: 'reset'  |
+--------+-----------------------------+
| Index  | Name                        |
+--------+-----------------------------+
|   0    | reset_root                  |
|   1    | reset_joints                |
|   2    | init_priv                   |
|   3    | reset_rewards               |
|   4    | reset_left_finger_open      |
|   5    | reset_right_finger_open     |
|   6    | reset_grasp_object          |
|   7    | reset_grasp_object_tall     |
|   8    | reset_grasp_object_flat     |
|   9    | reset_grasp_object_round    |
|   10   | reset_grasp_object_slim     |
|   11   | reset_grasp_object_wide     |
+--------+-----------------------------+

[INFO] Recorder Manager:  <RecorderManager> contains 0 active terms.
+---------------------+
| Active Recorder Terms |
+-----------+---------+
|   Index   | Name    |
+-----------+---------+
+-----------+---------+

[INFO] Action Manager:  <ActionManager> contains 5 active terms.
+------------------------------------+
|  Active Action Terms (shape: 63)   |
+--------+-------------+-------------+
| Index  | Name        |   Dimension |
+--------+-------------+-------------+
|   0    | leg_pos     |          12 |
|   1    | wheel_vel   |           4 |
|   2    | arm_ik      |           0 |
|   3    | gripper     |           1 |
|   4    | hierarchy   |          46 |
+--------+-------------+-------------+

[INFO] Observation Manager: <ObservationManager> contains 2 groups.
+-----------------------------------------------------------+
| Active Observation Terms in Group: 'policy' (shape: (1003,)) |
+-----------+---------------------------------+-------------+
|   Index   | Name                            |    Shape    |
+-----------+---------------------------------+-------------+
|     0     | obs                             |    (876,)   |
|     1     | tactic_tau_down                 |    (77,)    |
|     2     | tactic_tau_up                   |    (48,)    |
|     3     | tactic_task_skill               |     (2,)    |
+-----------+---------------------------------+-------------+
+-------------------------------------------------------------+
| Active Observation Terms in Group: 'hierarchy_context' (shape: (529,)) |
+-----------------+----------------------+--------------------+
|      Index      | Name                 |       Shape        |
+-----------------+----------------------+--------------------+
|        0        | context              |       (529,)       |
+-----------------+----------------------+--------------------+

[INFO] Termination Manager:  <TerminationManager> contains 5 active terms.
+------------------------------------+
|      Active Termination Terms      |
+-------+-----------------+----------+
| Index | Name            | Time Out |
+-------+-----------------+----------+
|   0   | time_out        |   True   |
|   1   | bad_contact     |  False   |
|   2   | tilt            |  False   |
|   3   | low_height      |  False   |
|   4   | mission_success |  False   |
+-------+-----------------+----------+

[INFO] Reward Manager:  <RewardManager> contains 71 active terms.
+----------------------------------------------------------------+
|                      Active Reward Terms                       |
+-------+---------------------------------+----------------------+
| Index | Name                            |               Weight |
+-------+---------------------------------+----------------------+
|   0   | term_bad_contact                |               -120.0 |
|   1   | term_tilt                       |               -100.0 |
|   2   | term_low_height                 |               -100.0 |
|   3   | leg_action_l2                   |               -0.003 |
|   4   | tracking_lin_vel                |                  0.0 |
|   5   | tracking_ang_vel_yaw_l1         |                  0.0 |
|   6   | tracking_ang_vel_yaw_exp        |                  0.0 |
|   7   | tracking_lin_vel_y_l2           |                  0.0 |
|   8   | tracking_lin_vel_z_l2           |                  0.0 |
|   9   | survive                         |                  0.0 |
|   10  | foot_contacts_z                 |                  0.0 |
|   11  | torques                         |             -7.5e-06 |
|   12  | tracking_lin_vel_y              |                  0.0 |
|   13  | lin_vel_z                       | -0.44999999999999996 |
|   14  | ang_vel_xy                      |                -0.06 |
|   15  | tracking_ang_vel                |                0.105 |
|   16  | work                            |              -0.0009 |
|   17  | dof_acc                         |            -2.25e-07 |
|   18  | action_rate                     |              -0.0045 |
|   19  | dof_pos_limits                  |                 -3.0 |
|   20  | delta_torques                   |               -3e-08 |
|   21  | collision                       |                 -3.0 |
|   22  | walking_dof                     |                 0.15 |
|   23  | hip_pos                         |                -0.06 |
|   24  | feet_jerk                       |               -6e-05 |
|   25  | alive                           |                  0.3 |
|   26  | feet_drag                       |               -0.024 |
|   27  | feet_contact_forces             |              -0.0003 |
|   28  | roll                            |                 -0.3 |
|   29  | base_height                     |                 -1.5 |
|   30  | tracking_lin_vel_max            |  0.44999999999999996 |
|   31  | flat_orientation_l2             |                -0.15 |
|   32  | air_time_variance               | -0.44999999999999996 |
|   33  | feet_height                     |                  0.0 |
|   34  | feet_air_time                   |                0.015 |
|   35  | update_last_buffers             |                  0.0 |
|   36  | wheel_idle_speed                |              -0.0009 |
|   37  | wheel_action_l2                 |              -0.0003 |
|   38  | wheel_action_rate               |              -0.0006 |
|   39  | wheel_forward_use               |                  1.1 |
|   40  | wheel_turn_support              |                  0.6 |
|   41  | tactic_mission_completion       |                  6.0 |
|   42  | tactic_mission_success          |                 36.0 |
|   43  | tactic_task_progress            |    7.199999999999999 |
|   44  | tactic_task_tracking            |                 0.24 |
|   45  | tactic_ee_tracking              |                 0.72 |
|   46  | tactic_valid_task               |                 0.06 |
|   47  | tactic_invalid_task             |                 -0.6 |
|   48  | tactic_option_switch            |                -0.03 |
|   49  | tactic_control_progress         |                  8.4 |
|   50  | tactic_cbf_margin               |                  0.0 |
|   51  | tactic_predicted_margin         |                  0.0 |
|   52  | tactic_clf_decrease             |                  0.0 |
|   53  | tactic_disturbance_rejection    |                  0.0 |
|   54  | tactic_safety_violation         |                -0.75 |
|   55  | tactic_unsafe_progress          |  -3.5999999999999996 |
|   56  | tactic_object_contact           |   1.7999999999999998 |
|   57  | tactic_object_lift              |                  3.0 |
|   58  | tactic_object_transport         |   3.5999999999999996 |
|   59  | tactic_object_place             |   5.3999999999999995 |
|   60  | tactic_object_completion        |                 12.0 |
|   61  | tactic_interaction_frontier     |                 96.0 |
|   62  | tactic_grasp_hold               |                  1.5 |
|   63  | tactic_payload_progress         |                  9.6 |
|   64  | tactic_release_readiness        |    7.199999999999999 |
|   65  | tactic_intended_release         |                  6.0 |
|   66  | tactic_payload_retention        |   1.7999999999999998 |
|   67  | tactic_payload_drop             |                -13.5 |
|   68  | tactic_release_quality          |   1.7999999999999998 |
|   69  | tactic_wrong_object_interaction |                 -2.4 |
|   70  | tactic_all_objects              |                  0.0 |
+-------+---------------------------------+----------------------+

[INFO] Curriculum Manager:  <CurriculumManager> contains 0 active terms.
+----------------------+
| Active Curriculum Terms |
+-----------+----------+
|   Index   | Name     |
+-----------+----------+
+-----------+----------+

[INFO]: Completed setting up the environment...
--------------------------------------------------------------------------------
Resolved observation sets: 
	 policy :  ['policy']
	 critic :  ['policy', 'hierarchy_context']
--------------------------------------------------------------------------------
Actor MLP: MLP(
  (0): Linear(in_features=1003, out_features=256, bias=True)
  (1): ELU(alpha=1.0)
  (2): Linear(in_features=256, out_features=128, bias=True)
  (3): ELU(alpha=1.0)
  (4): Linear(in_features=128, out_features=63, bias=True)
)
Critic MLP: MLP(
  (0): Linear(in_features=1532, out_features=512, bias=True)
  (1): ELU(alpha=1.0)
  (2): Linear(in_features=512, out_features=256, bias=True)
  (3): ELU(alpha=1.0)
  (4): Linear(in_features=256, out_features=128, bias=True)
  (5): ELU(alpha=1.0)
  (6): Linear(in_features=128, out_features=1, bias=True)
)
zyb_fixed_dispatcher_checkpoint=/root/gpufree-data/zyb_v0_model_1023.pt copied_tensors=10
stability_teacher_only=True: leg/wheel actions use the migrated ZYB-v0 executor exactly
post_load_evaluation_seed=42
per_env_csv=/root/gpufree-data/legacy_zyb_check/tactic_teacher_command_grid_per_env.csv
evaluation_csv=/root/gpufree-data/legacy_zyb_check/tactic_teacher_command_grid.csv
Loading user config located at: '/isaac-sim/kit/data/Kit/Isaac-Sim/5.1/user.config.json'
[Info] [carb] Logging to file: /isaac-sim/kit/logs/Kit/Isaac-Sim/5.1/kit_20260817_204704.log
2026-08-17T12:47:04Z [444ms] [Warning] [omni.usd_config.extension] Enable omni.materialx.libs extension to use MaterialX
2026-08-17T12:47:05Z [1,017ms] [Warning] [carb] Acquiring non optional plugin interface which is not listed as dependency: [omni::physx::IPhysxBenchmarks v1.0] (plugin: <default plugin>), by client: omni.physics.physx.plugin. Add it to CARB_PLUGIN_IMPL_DEPS() macro of a client.
2026-08-17T12:47:05Z [1,306ms] [Warning] [omni.isaac.dynamic_control] omni.isaac.dynamic_control is deprecated as of Isaac Sim 4.5. No action is needed from end-users.

|---------------------------------------------------------------------------------------------|
| Driver Version: 580.126.09    | Graphics API: Vulkan
|=============================================================================================|
| GPU | Name                             | Active | LDA | GPU Memory | Vendor-ID | LUID       |
|     |                                  |        |     |            | Device-ID | UUID       |
|     |                                  |        |     |            | Bus-ID    |            |
|---------------------------------------------------------------------------------------------|
| 0   | NVIDIA L40                       | Yes: 0 |     | 46068   MB | 10de      | 0          |
|     |                                  |        |     |            | 26b5      | c3c5dcf0.. |
|     |                                  |        |     |            | 37        |            |
|=============================================================================================|
| OS: 24.04.3 LTS (Noble Numbat) ubuntu, Version: 24.04.3, Kernel: 5.15.0-168-generic
| XServer Vendor: The X.Org Foundation, XServer Version: 12101011 (1.21.1.11)
| Processor: Intel(R) Xeon(R) Platinum 8358 CPU @ 2.60GHz
| Bare Metal Cores: 64 | Bare Metal Logical Cores: 128
| Core Usage Quota: 14
|---------------------------------------------------------------------------------------------|
| Total Memory (MB): 122880 | Free Memory: 120543
| Total Page/Swap (MB): 0 | Free Page/Swap: 0
|---------------------------------------------------------------------------------------------|
2026-08-17T12:47:09Z [4,971ms] [Warning] [gpu.foundation.plugin] ECC is enabled on physical device 0
2026-08-17T12:47:21Z [17,342ms] [Warning] [omni.physx.plugin] Detected a rigid at /World/envs/env_0/GraspObject with more than 4 velocity iterations being added to a TGS scene.The related behavior changed recently, please consult the changelog. This warning will only print once.
