[INFO][AppLauncher]: Using device: cuda:0
[INFO][AppLauncher]: Loading experience file: /workspace/isaaclab/apps/isaaclab.python.headless.kit
======Missing terms====== 
[]
 =======================

[36m======================================================================================[0m
[36m[1m[INFO][IsaacLab]: Logging to file: /tmp/isaaclab/logs/isaaclab_2026-08-18_06-55-14.log[0m
[36m======================================================================================[0m

[33m06:55:14 [simulation_context.py] WARNING: The `enable_external_forces_every_iteration` parameter in the PhysxCfg is set to False. If you are experiencing noisy velocities, consider enabling this flag. You may need to slightly increase the number of velocity iterations (setting it to 1 or 2 rather than 0), together with this flag, to improve the accuracy of velocity updates.[0m
[INFO]: Base environment:
	Environment device    : cuda:0
	Environment seed      : 424242
	Physics step-size     : 0.008333333333333333
	Rendering step-size   : 833.3333333333334
	Environment step-size : 0.03333333333333333
[33m06:55:14 [terrain_importer.py] WARNING: Visual material specified for ground plane but no diffuse color found. Using default color: (0.0, 0.0, 0.0)[0m
[INFO]: Time taken for scene creation : 106.305802 seconds
[INFO]: Scene manager:  <class InteractiveScene>
	Number of environments: 1
	Environment spacing   : 4.0
	Source prim name      : /World/envs/env_0
	Global prim paths     : ['/World/ground']
	Replicate physics     : True
[INFO]: Starting the simulation. This may take a few seconds. Please wait...
[INFO]: Time taken for simulation start : 0.753488 seconds
[33m06:57:01 [velocity_command.py] WARNING: The velocity command has the 'ranges.heading' attribute set to '(-3.141592653589793, 3.141592653589793)' but the heading command is not active. Consider setting the flag for the heading command to True.[0m
[INFO] Command Manager:  <CommandManager> contains 2 active terms.
+---------------------------------------------+
|             Active Command Terms            |
+-------+------------+------------------------+
| Index | Name       |          Type          |
+-------+------------+------------------------+
|   0   | locomotion | UniformVelocityCommand |
|   1   | ee_goal    | EeSphericalGoalCommand |
+-------+------------+------------------------+

[INFO] Event Manager:  <EventManager> contains 1 active terms.
+------------------------------------+
| Active Event Terms in Mode: 'reset' |
+-----------+------------------------+
|   Index   | Name                   |
+-----------+------------------------+
|     0     | reset_root             |
|     1     | reset_joints           |
|     2     | init_priv              |
|     3     | reset_rewards          |
+-----------+------------------------+

[INFO] Recorder Manager:  <RecorderManager> contains 0 active terms.
+---------------------+
| Active Recorder Terms |
+-----------+---------+
|   Index   | Name    |
+-----------+---------+
+-----------+---------+

[INFO] Action Manager:  <ActionManager> contains 3 active terms.
+------------------------------------+
|  Active Action Terms (shape: 16)   |
+--------+-------------+-------------+
| Index  | Name        |   Dimension |
+--------+-------------+-------------+
|   0    | leg_pos     |          12 |
|   1    | wheel_vel   |           4 |
|   2    | arm_ik      |           0 |
+--------+-------------+-------------+

[INFO] Observation Manager: <ObservationManager> contains 1 groups.
+--------------------------------------------------+
| Active Observation Terms in Group: 'policy' (shape: (876,)) |
+----------------+-------------+-------------------+
|     Index      | Name        |       Shape       |
+----------------+-------------+-------------------+
|       0        | obs         |       (876,)      |
+----------------+-------------+-------------------+

[INFO] Termination Manager:  <TerminationManager> contains 4 active terms.
+--------------------------------+
|    Active Termination Terms    |
+-------+-------------+----------+
| Index | Name        | Time Out |
+-------+-------------+----------+
|   0   | time_out    |   True   |
|   1   | bad_contact |  False   |
|   2   | tilt        |  False   |
|   3   | low_height  |  False   |
+-------+-------------+----------+

[INFO] Reward Manager:  <RewardManager> contains 43 active terms.
+---------------------------------------------------------+
|                   Active Reward Terms                   |
+-------+--------------------------+----------------------+
| Index | Name                     |               Weight |
+-------+--------------------------+----------------------+
|   0   | term_bad_contact         |              -3000.0 |
|   1   | term_tilt                |              -3000.0 |
|   2   | term_low_height          |              -3000.0 |
|   3   | leg_action_l2            |               -0.003 |
|   4   | tracking_lin_vel         |                  0.6 |
|   5   | tracking_lin_vel_x_exp   |                  1.5 |
|   6   | tracking_ang_vel_yaw_l1  |                  0.0 |
|   7   | tracking_ang_vel_yaw_exp |                  1.5 |
|   8   | tracking_lin_vel_y_l2    |                  0.0 |
|   9   | tracking_lin_vel_z_l2    |                  0.0 |
|   10  | survive                  |                  0.0 |
|   11  | foot_contacts_z          |                  0.0 |
|   12  | torques                  |             -7.5e-06 |
|   13  | tracking_lin_vel_y       |                  0.0 |
|   14  | lin_vel_z                | -0.44999999999999996 |
|   15  | ang_vel_xy               |                -0.06 |
|   16  | tracking_ang_vel         |                  0.3 |
|   17  | work                     |              -0.0009 |
|   18  | dof_acc                  |            -2.25e-07 |
|   19  | action_rate              |              -0.0045 |
|   20  | dof_pos_limits           |                 -3.0 |
|   21  | delta_torques            |               -3e-08 |
|   22  | collision                |                 -3.0 |
|   23  | walking_dof              |                 0.03 |
|   24  | hip_pos                  |                -0.06 |
|   25  | feet_jerk                |               -6e-05 |
|   26  | alive                    |                  0.3 |
|   27  | feet_drag                |               -0.024 |
|   28  | feet_contact_forces      |              -0.0003 |
|   29  | roll                     |                 -0.3 |
|   30  | base_height              |                 -0.6 |
|   31  | tracking_lin_vel_max     |  0.44999999999999996 |
|   32  | flat_orientation_l2      |                 -0.6 |
|   33  | air_time_variance        |                 -0.3 |
|   34  | feet_height              |                  0.0 |
|   35  | feet_air_time            |                0.015 |
|   36  | update_last_buffers      |                  0.0 |
|   37  | wheel_idle_speed         |              -0.0009 |
|   38  | wheel_action_l2          |              -0.0003 |
|   39  | wheel_action_rate        |              -0.0006 |
|   40  | teacher_ensemble_match   |  0.22499999999999998 |
|   41  | wheel_forward_use        |                 0.18 |
|   42  | wheel_turn_support       |                0.135 |
+-------+--------------------------+----------------------+

[INFO] Curriculum Manager:  <CurriculumManager> contains 0 active terms.
+----------------------+
| Active Curriculum Terms |
+-----------+----------+
|   Index   | Name     |
+-----------+----------+
+-----------+----------+

[INFO]: Completed setting up the environment...
teacher_probe_config {'vx': 0.35, 'wz': 0.0, 'steps': 90, 'warmup': 30, 'leg_scale': [0.4000000059604645, 0.44999998807907104, 0.44999998807907104, 0.4000000059604645, 0.44999998807907104, 0.44999998807907104, 0.4000000059604645, 0.44999998807907104, 0.44999998807907104, 0.4000000059604645, 0.44999998807907104, 0.44999998807907104], 'feasible_raw_leg_bound': [0.550000011920929, 0.4888889193534851, 0.4888889193534851, 0.550000011920929, 0.4888889193534851, 0.4888889193534851, 0.550000011920929, 0.4888889193534851, 0.4888889193534851, 0.550000011920929, 0.4888889193534851, 0.4888889193534851]}
mode_step neutral 30 vx 0.09210066497325897 wz -0.014018077403306961 z 0.498393714427948 tilt 0.014576786197721958 teacher_max 2.204958915710449
mode_step neutral 89 vx -0.009976441040635109 wz -0.0026559841353446245 z 0.47157546877861023 tilt 0.0655670240521431 teacher_max 2.7773025035858154
mode_summary neutral active_steps 60 mean_vx 0.04011149682725469 mean_wz -0.004621819769454305 min_z 0.4705588221549988 max_tilt 0.06784359365701675 teacher_max 2.7773025035858154 mean_clipped_fraction 0.5833333730697632 first_done_step None
mode_step teacher_gain_0.05 30 vx 0.0670563355088234 wz 0.040817271918058395 z 0.49808600544929504 tilt 0.012635327875614166 teacher_max 1.9864827394485474
mode_step teacher_gain_0.05 89 vx 0.007203705608844757 wz -0.0016534322639927268 z 0.4757460057735443 tilt 0.05626518651843071 teacher_max 2.442986249923706
mode_summary teacher_gain_0.05 active_steps 60 mean_vx 0.04195548088561433 mean_wz -0.0039157635320104115 min_z 0.47515416145324707 max_tilt 0.05721675232052803 teacher_max 2.442986249923706 mean_clipped_fraction 0.5819444835186005 first_done_step None
mode_step teacher_gain_0.10 30 vx 0.07036983966827393 wz 0.08030501753091812 z 0.49798133969306946 tilt 0.011431687511503696 teacher_max 1.7704750299453735
mode_step teacher_gain_0.10 89 vx 0.007118307985365391 wz 0.007515272591263056 z 0.4736458659172058 tilt 0.045069437474012375 teacher_max 2.4946911334991455
mode_summary teacher_gain_0.10 active_steps 60 mean_vx 0.027796042612559784 mean_wz -0.0009161513512178014 min_z 0.47297319769859314 max_tilt 0.045595038682222366 teacher_max 2.4946911334991455 mean_clipped_fraction 0.5819444835186005 first_done_step None
mode_step teacher_gain_0.20 30 vx 0.07276061922311783 wz 0.1145620197057724 z 0.49776917695999146 tilt 0.00910080038011074 teacher_max 1.9560261964797974
mode_step teacher_gain_0.20 89 vx 0.0338934063911438 wz -0.019513124600052834 z 0.46560075879096985 tilt 0.02595902606844902 teacher_max 2.511418342590332
mode_summary teacher_gain_0.20 active_steps 60 mean_vx 0.008088894505878368 mean_wz -0.003576241934206337 min_z 0.4648421108722687 max_tilt 0.05842316523194313 teacher_max 2.511418342590332 mean_clipped_fraction 0.650000023841858 first_done_step None
mode_step teacher_gain_0.30 30 vx 0.07921149581670761 wz 0.21460406482219696 z 0.49734804034233093 tilt 0.008738396689295769 teacher_max 2.006659746170044
mode_step teacher_gain_0.30 89 vx 0.01825462467968464 wz 0.008841591887176037 z 0.46142008900642395 tilt 0.05390474200248718 teacher_max 2.7513527870178223
mode_summary teacher_gain_0.30 active_steps 60 mean_vx -0.0005625186061176161 mean_wz 0.0174697882526137 min_z 0.45941612124443054 max_tilt 0.05592729151248932 teacher_max 2.7513527870178223 mean_clipped_fraction 0.6333333611488342 first_done_step None
mode_step teacher_raw 30 vx 0.0644858330488205 wz 0.29210349917411804 z 0.49941307306289673 tilt 0.001165300142019987 teacher_max 2.191683292388916
mode_step teacher_raw 89 vx -0.012606410309672356 wz -0.058678992092609406 z 0.4184088110923767 tilt 0.25769102573394775 teacher_max 3.62121319770813
mode_summary teacher_raw active_steps 60 mean_vx -0.04222319470330452 mean_wz 0.019998075574888693 min_z 0.41822516918182373 max_tilt 0.25769102573394775 teacher_max 3.62121319770813 mean_clipped_fraction 0.7944444715976715 first_done_step None
mode_step teacher_clipped 30 vx 0.0965016707777977 wz 0.42018628120422363 z 0.5002403259277344 tilt 0.003360102651640773 teacher_max 1.875594973564148
mode_step teacher_clipped 89 vx 0.017495468258857727 wz 0.016236230731010437 z 0.44444596767425537 tilt 0.2513602375984192 teacher_max 2.4176392555236816
mode_summary teacher_clipped active_steps 60 mean_vx -0.015261237703574201 mean_wz 0.025484164831383774 min_z 0.4422714114189148 max_tilt 0.2588070034980774 teacher_max 2.4176392555236816 mean_clipped_fraction 0.647222246726354 first_done_step None
mode_step ensemble_shield 30 vx 0.11157922446727753 wz 0.38171476125717163 z 0.4985784590244293 tilt 0.013867910951375961 teacher_max 2.0920510292053223
mode_step ensemble_shield 89 vx 0.04293559864163399 wz 0.0723443403840065 z 0.46781426668167114 tilt 0.14223210513591766 teacher_max 2.7946460247039795
mode_summary ensemble_shield active_steps 60 mean_vx 0.025187200297174663 mean_wz 0.03426337962494775 min_z 0.45835965871810913 max_tilt 0.1535908728837967 teacher_max 2.7946460247039795 mean_clipped_fraction 0.6430555790662765 first_done_step None
Loading user config located at: '/isaac-sim/kit/data/Kit/Isaac-Sim/5.1/user.config.json'
[Info] [carb] Logging to file: /isaac-sim/kit/logs/Kit/Isaac-Sim/5.1/kit_20260818_065508.log
2026-08-17T22:55:08Z [435ms] [Warning] [omni.usd_config.extension] Enable omni.materialx.libs extension to use MaterialX
2026-08-17T22:55:09Z [949ms] [Warning] [carb] Acquiring non optional plugin interface which is not listed as dependency: [omni::physx::IPhysxBenchmarks v1.0] (plugin: <default plugin>), by client: omni.physics.physx.plugin. Add it to CARB_PLUGIN_IMPL_DEPS() macro of a client.
2026-08-17T22:55:09Z [1,227ms] [Warning] [omni.isaac.dynamic_control] omni.isaac.dynamic_control is deprecated as of Isaac Sim 4.5. No action is needed from end-users.

|---------------------------------------------------------------------------------------------|
| Driver Version: 580.126.09    | Graphics API: Vulkan
|=============================================================================================|
| GPU | Name                             | Active | LDA | GPU Memory | Vendor-ID | LUID       |
|     |                                  |        |     |            | Device-ID | UUID       |
|     |                                  |        |     |            | Bus-ID    |            |
|---------------------------------------------------------------------------------------------|
| 0   | NVIDIA L40                       | Yes: 0 |     | 46068   MB | 10de      | 0          |
|     |                                  |        |     |            | 26b5      | c3c5dcf0.. |
|     |                                  |        |     |            | 37        |            |
|=============================================================================================|
| OS: 24.04.3 LTS (Noble Numbat) ubuntu, Version: 24.04.3, Kernel: 5.15.0-168-generic
| XServer Vendor: The X.Org Foundation, XServer Version: 12101011 (1.21.1.11)
| Processor: Intel(R) Xeon(R) Platinum 8358 CPU @ 2.60GHz
| Bare Metal Cores: 64 | Bare Metal Logical Cores: 128
| Core Usage Quota: 14
|---------------------------------------------------------------------------------------------|
| Total Memory (MB): 122880 | Free Memory: 118896
| Total Page/Swap (MB): 0 | Free Page/Swap: 0
|---------------------------------------------------------------------------------------------|
2026-08-17T22:55:12Z [4,691ms] [Warning] [gpu.foundation.plugin] ECC is enabled on physical device 0
