[INFO][AppLauncher]: Using device: cuda:0
[INFO][AppLauncher]: Loading experience file: /workspace/isaaclab/apps/isaaclab.python.headless.kit
[INFO]: Parsing configuration from: quadruped_arm.tasks.manager_based.maniploco.maniploco_env_cfg:ManipLocoEnvCfg
======Missing terms====== 
[]
 =======================
[INFO]: Parsing configuration from: quadruped_arm.tasks.manager_based.maniploco.agents.rsl_rl_ppo_cfg:ManiPLocoPPORunnerCfg
[INFO] Logging experiment in directory: /root/gpufree-data/tandem_hrl_620d798/logs/rsl_rl/maniploco
Exact experiment name requested from command line: 2026-08-18_01-59-30

[36m======================================================================================[0m
[36m[1m[INFO][IsaacLab]: Logging to file: /tmp/isaaclab/logs/isaaclab_2026-08-18_01-59-30.log[0m
[36m======================================================================================[0m

[33m01:59:30 [simulation_context.py] WARNING: The `enable_external_forces_every_iteration` parameter in the PhysxCfg is set to False. If you are experiencing noisy velocities, consider enabling this flag. You may need to slightly increase the number of velocity iterations (setting it to 1 or 2 rather than 0), together with this flag, to improve the accuracy of velocity updates.[0m
[INFO]: Base environment:
	Environment device    : cuda:0
	Environment seed      : 42
	Physics step-size     : 0.008333333333333333
	Rendering step-size   : 0.03333333333333333
	Environment step-size : 0.03333333333333333
[33m01:59:31 [terrain_importer.py] WARNING: Visual material specified for ground plane but no diffuse color found. Using default color: (0.0, 0.0, 0.0)[0m
[INFO]: Time taken for scene creation : 327.772992 seconds
[INFO]: Scene manager:  <class InteractiveScene>
	Number of environments: 64
	Environment spacing   : 4.0
	Source prim name      : /World/envs/env_0
	Global prim paths     : ['/World/ground']
	Replicate physics     : True
[INFO]: Starting the simulation. This may take a few seconds. Please wait...
[INFO]: Time taken for simulation start : 0.920478 seconds
[33m02:05:05 [velocity_command.py] WARNING: The velocity command has the 'ranges.heading' attribute set to '(-3.141592653589793, 3.141592653589793)' but the heading command is not active. Consider setting the flag for the heading command to True.[0m
[INFO] Command Manager:  <CommandManager> contains 2 active terms.
+---------------------------------------------+
|             Active Command Terms            |
+-------+------------+------------------------+
| Index | Name       |          Type          |
+-------+------------+------------------------+
|   0   | locomotion | UniformVelocityCommand |
|   1   | ee_goal    | EeSphericalGoalCommand |
+-------+------------+------------------------+

[INFO] Event Manager:  <EventManager> contains 1 active terms.
+------------------------------------+
| Active Event Terms in Mode: 'reset' |
+-----------+------------------------+
|   Index   | Name                   |
+-----------+------------------------+
|     0     | reset_root             |
|     1     | reset_joints           |
|     2     | init_priv              |
|     3     | reset_rewards          |
+-----------+------------------------+

[INFO] Recorder Manager:  <RecorderManager> contains 0 active terms.
+---------------------+
| Active Recorder Terms |
+-----------+---------+
|   Index   | Name    |
+-----------+---------+
+-----------+---------+

[INFO] Action Manager:  <ActionManager> contains 3 active terms.
+------------------------------------+
|  Active Action Terms (shape: 16)   |
+--------+-------------+-------------+
| Index  | Name        |   Dimension |
+--------+-------------+-------------+
|   0    | leg_pos     |          12 |
|   1    | wheel_vel   |           4 |
|   2    | arm_ik      |           0 |
+--------+-------------+-------------+

[INFO] Observation Manager: <ObservationManager> contains 1 groups.
+--------------------------------------------------+
| Active Observation Terms in Group: 'policy' (shape: (876,)) |
+----------------+-------------+-------------------+
|     Index      | Name        |       Shape       |
+----------------+-------------+-------------------+
|       0        | obs         |       (876,)      |
+----------------+-------------+-------------------+

[INFO] Termination Manager:  <TerminationManager> contains 4 active terms.
+--------------------------------+
|    Active Termination Terms    |
+-------+-------------+----------+
| Index | Name        | Time Out |
+-------+-------------+----------+
|   0   | time_out    |   True   |
|   1   | bad_contact |  False   |
|   2   | tilt        |  False   |
|   3   | low_height  |  False   |
+-------+-------------+----------+

[INFO] Reward Manager:  <RewardManager> contains 43 active terms.
+---------------------------------------------------------+
|                   Active Reward Terms                   |
+-------+--------------------------+----------------------+
| Index | Name                     |               Weight |
+-------+--------------------------+----------------------+
|   0   | term_bad_contact         |              -3000.0 |
|   1   | term_tilt                |              -3000.0 |
|   2   | term_low_height          |              -3000.0 |
|   3   | leg_action_l2            |               -0.003 |
|   4   | tracking_lin_vel         |                  0.6 |
|   5   | tracking_lin_vel_x_exp   |                  1.5 |
|   6   | tracking_ang_vel_yaw_l1  |                  0.0 |
|   7   | tracking_ang_vel_yaw_exp |                  1.5 |
|   8   | tracking_lin_vel_y_l2    |                  0.0 |
|   9   | tracking_lin_vel_z_l2    |                  0.0 |
|   10  | survive                  |                  0.0 |
|   11  | foot_contacts_z          |                  0.0 |
|   12  | torques                  |             -7.5e-06 |
|   13  | tracking_lin_vel_y       |                  0.0 |
|   14  | lin_vel_z                | -0.44999999999999996 |
|   15  | ang_vel_xy               |                -0.06 |
|   16  | tracking_ang_vel         |                  0.3 |
|   17  | work                     |              -0.0009 |
|   18  | dof_acc                  |            -2.25e-07 |
|   19  | action_rate              |              -0.0045 |
|   20  | dof_pos_limits           |                 -3.0 |
|   21  | delta_torques            |               -3e-08 |
|   22  | collision                |                 -3.0 |
|   23  | walking_dof              |                 0.03 |
|   24  | hip_pos                  |                -0.06 |
|   25  | feet_jerk                |               -6e-05 |
|   26  | alive                    |                  0.3 |
|   27  | feet_drag                |               -0.024 |
|   28  | feet_contact_forces      |              -0.0003 |
|   29  | roll                     |                 -0.3 |
|   30  | base_height              |                 -0.6 |
|   31  | tracking_lin_vel_max     |  0.44999999999999996 |
|   32  | flat_orientation_l2      |                 -0.6 |
|   33  | air_time_variance        |                 -0.3 |
|   34  | feet_height              |                  0.0 |
|   35  | feet_air_time            |                0.015 |
|   36  | update_last_buffers      |                  0.0 |
|   37  | wheel_idle_speed         |              -0.0009 |
|   38  | wheel_action_l2          |              -0.0003 |
|   39  | wheel_action_rate        |              -0.0006 |
|   40  | teacher_ensemble_match   |  0.22499999999999998 |
|   41  | wheel_forward_use        |                 0.18 |
|   42  | wheel_turn_support       |                0.135 |
+-------+--------------------------+----------------------+

[INFO] Curriculum Manager:  <CurriculumManager> contains 0 active terms.
+----------------------+
| Active Curriculum Terms |
+-----------+----------+
|   Index   | Name     |
+-----------+----------+
+-----------+----------+

[INFO]: Completed setting up the environment...
[INFO] Multi-teacher lower-body mode enabled: ZYB stability + conservative transient + neutral recovery.
--------------------------------------------------------------------------------
Resolved observation sets: 
	 policy :  ['policy']
	 critic :  ['policy']
--------------------------------------------------------------------------------
Actor MLP: MLP(
  (0): Linear(in_features=876, out_features=256, bias=True)
  (1): ELU(alpha=1.0)
  (2): Linear(in_features=256, out_features=128, bias=True)
  (3): ELU(alpha=1.0)
  (4): Linear(in_features=128, out_features=16, bias=True)
)
Critic MLP: MLP(
  (0): Linear(in_features=876, out_features=256, bias=True)
  (1): ELU(alpha=1.0)
  (2): Linear(in_features=256, out_features=128, bias=True)
  (3): ELU(alpha=1.0)
  (4): Linear(in_features=128, out_features=1, bias=True)
)
[INFO] Action exploration std fixed to: 0.050000
################################################################################
                       [1m Learning iteration 0/30 [0m                        

                       Computation: 460 steps/s (collection: 3.188s, learning 0.147s)
             Mean action noise std: 0.05
                    value_function: 1.2294
                         surrogate: 0.0678
                           entropy: -25.2287
   Episode_Reward/term_bad_contact: 0.0000
          Episode_Reward/term_tilt: 0.0000
    Episode_Reward/term_low_height: 0.0000
      Episode_Reward/leg_action_l2: 0.0000
   Episode_Reward/tracking_lin_vel: 0.0000
Episode_Reward/tracking_lin_vel_x_exp: 0.0000
Episode_Reward/tracking_ang_vel_yaw_l1: 0.0000
Episode_Reward/tracking_ang_vel_yaw_exp: 0.0000
Episode_Reward/tracking_lin_vel_y_l2: 0.0000
Episode_Reward/tracking_lin_vel_z_l2: 0.0000
            Episode_Reward/survive: 0.0000
    Episode_Reward/foot_contacts_z: 0.0000
            Episode_Reward/torques: 0.0000
 Episode_Reward/tracking_lin_vel_y: 0.0000
          Episode_Reward/lin_vel_z: 0.0000
         Episode_Reward/ang_vel_xy: 0.0000
   Episode_Reward/tracking_ang_vel: 0.0000
               Episode_Reward/work: 0.0000
            Episode_Reward/dof_acc: 0.0000
        Episode_Reward/action_rate: 0.0000
     Episode_Reward/dof_pos_limits: 0.0000
      Episode_Reward/delta_torques: 0.0000
          Episode_Reward/collision: 0.0000
        Episode_Reward/walking_dof: 0.0000
            Episode_Reward/hip_pos: 0.0000
          Episode_Reward/feet_jerk: 0.0000
              Episode_Reward/alive: 0.0000
          Episode_Reward/feet_drag: 0.0000
Episode_Reward/feet_contact_forces: 0.0000
               Episode_Reward/roll: 0.0000
        Episode_Reward/base_height: 0.0000
Episode_Reward/tracking_lin_vel_max: 0.0000
Episode_Reward/flat_orientation_l2: 0.0000
  Episode_Reward/air_time_variance: 0.0000
        Episode_Reward/feet_height: 0.0000
      Episode_Reward/feet_air_time: 0.0000
Episode_Reward/update_last_buffers: 0.0000
   Episode_Reward/wheel_idle_speed: 0.0000
    Episode_Reward/wheel_action_l2: 0.0000
  Episode_Reward/wheel_action_rate: 0.0000
Episode_Reward/teacher_ensemble_match: 0.0000
  Episode_Reward/wheel_forward_use: 0.0000
 Episode_Reward/wheel_turn_support: 0.0000
   Metrics/locomotion/error_vel_xy: 0.0000
  Metrics/locomotion/error_vel_yaw: 0.0000
      Episode_Termination/time_out: 0.0000
   Episode_Termination/bad_contact: 0.0000
          Episode_Termination/tilt: 0.0000
    Episode_Termination/low_height: 0.0000
--------------------------------------------------------------------------------
                   Total timesteps: 1536
                    Iteration time: 3.33s
                      Time elapsed: 00:00:03
                               ETA: 00:01:40

Could not find git repository in /workspace/isaaclab/_isaac_sim/kit/python/lib/python3.11/site-packages/rsl_rl/__init__.py. Skipping.
Could not find git repository in /root/gpufree-data/tandem_hrl_620d798/scripts/rsl_rl/train.py. Skipping.
################################################################################
                       [1m Learning iteration 1/30 [0m                        

                       Computation: 555 steps/s (collection: 2.696s, learning 0.070s)
             Mean action noise std: 0.05
                    value_function: 1.0348
                         surrogate: 0.0549
                           entropy: -25.2287
   Episode_Reward/term_bad_contact: 0.0000
          Episode_Reward/term_tilt: 0.0000
    Episode_Reward/term_low_height: 0.0000
      Episode_Reward/leg_action_l2: 0.0000
   Episode_Reward/tracking_lin_vel: 0.0000
Episode_Reward/tracking_lin_vel_x_exp: 0.0000
Episode_Reward/tracking_ang_vel_yaw_l1: 0.0000
Episode_Reward/tracking_ang_vel_yaw_exp: 0.0000
Episode_Reward/tracking_lin_vel_y_l2: 0.0000
Episode_Reward/tracking_lin_vel_z_l2: 0.0000
            Episode_Reward/survive: 0.0000
    Episode_Reward/foot_contacts_z: 0.0000
            Episode_Reward/torques: 0.0000
 Episode_Reward/tracking_lin_vel_y: 0.0000
          Episode_Reward/lin_vel_z: 0.0000
         Episode_Reward/ang_vel_xy: 0.0000
   Episode_Reward/tracking_ang_vel: 0.0000
               Episode_Reward/work: 0.0000
            Episode_Reward/dof_acc: 0.0000
        Episode_Reward/action_rate: 0.0000
     Episode_Reward/dof_pos_limits: 0.0000
      Episode_Reward/delta_torques: 0.0000
          Episode_Reward/collision: 0.0000
        Episode_Reward/walking_dof: 0.0000
            Episode_Reward/hip_pos: 0.0000
          Episode_Reward/feet_jerk: 0.0000
              Episode_Reward/alive: 0.0000
          Episode_Reward/feet_drag: 0.0000
Episode_Reward/feet_contact_forces: 0.0000
               Episode_Reward/roll: 0.0000
        Episode_Reward/base_height: 0.0000
Episode_Reward/tracking_lin_vel_max: 0.0000
Episode_Reward/flat_orientation_l2: 0.0000
  Episode_Reward/air_time_variance: 0.0000
        Episode_Reward/feet_height: 0.0000
      Episode_Reward/feet_air_time: 0.0000
Episode_Reward/update_last_buffers: 0.0000
   Episode_Reward/wheel_idle_speed: 0.0000
    Episode_Reward/wheel_action_l2: 0.0000
  Episode_Reward/wheel_action_rate: 0.0000
Episode_Reward/teacher_ensemble_match: 0.0000
  Episode_Reward/wheel_forward_use: 0.0000
 Episode_Reward/wheel_turn_support: 0.0000
   Metrics/locomotion/error_vel_xy: 0.0000
  Metrics/locomotion/error_vel_yaw: 0.0000
      Episode_Termination/time_out: 0.0000
   Episode_Termination/bad_contact: 0.0000
          Episode_Termination/tilt: 0.0000
    Episode_Termination/low_height: 0.0000
--------------------------------------------------------------------------------
                   Total timesteps: 3072
                    Iteration time: 2.77s
                      Time elapsed: 00:00:06
                               ETA: 00:01:28

################################################################################
                       [1m Learning iteration 2/30 [0m                        

                       Computation: 547 steps/s (collection: 2.735s, learning 0.070s)
             Mean action noise std: 0.05
                    value_function: 1.0938
                         surrogate: 0.0380
                           entropy: -25.2287
   Episode_Reward/term_bad_contact: 0.0000
          Episode_Reward/term_tilt: 0.0000
    Episode_Reward/term_low_height: 0.0000
      Episode_Reward/leg_action_l2: 0.0000
   Episode_Reward/tracking_lin_vel: 0.0000
Episode_Reward/tracking_lin_vel_x_exp: 0.0000
Episode_Reward/tracking_ang_vel_yaw_l1: 0.0000
Episode_Reward/tracking_ang_vel_yaw_exp: 0.0000
Episode_Reward/tracking_lin_vel_y_l2: 0.0000
Episode_Reward/tracking_lin_vel_z_l2: 0.0000
            Episode_Reward/survive: 0.0000
    Episode_Reward/foot_contacts_z: 0.0000
            Episode_Reward/torques: 0.0000
 Episode_Reward/tracking_lin_vel_y: 0.0000
          Episode_Reward/lin_vel_z: 0.0000
         Episode_Reward/ang_vel_xy: 0.0000
   Episode_Reward/tracking_ang_vel: 0.0000
               Episode_Reward/work: 0.0000
            Episode_Reward/dof_acc: 0.0000
        Episode_Reward/action_rate: 0.0000
     Episode_Reward/dof_pos_limits: 0.0000
      Episode_Reward/delta_torques: 0.0000
          Episode_Reward/collision: 0.0000
        Episode_Reward/walking_dof: 0.0000
            Episode_Reward/hip_pos: 0.0000
          Episode_Reward/feet_jerk: 0.0000
              Episode_Reward/alive: 0.0000
          Episode_Reward/feet_drag: 0.0000
Episode_Reward/feet_contact_forces: 0.0000
               Episode_Reward/roll: 0.0000
        Episode_Reward/base_height: 0.0000
Episode_Reward/tracking_lin_vel_max: 0.0000
Episode_Reward/flat_orientation_l2: 0.0000
  Episode_Reward/air_time_variance: 0.0000
        Episode_Reward/feet_height: 0.0000
      Episode_Reward/feet_air_time: 0.0000
Episode_Reward/update_last_buffers: 0.0000
   Episode_Reward/wheel_idle_speed: 0.0000
    Episode_Reward/wheel_action_l2: 0.0000
  Episode_Reward/wheel_action_rate: 0.0000
Episode_Reward/teacher_ensemble_match: 0.0000
  Episode_Reward/wheel_forward_use: 0.0000
 Episode_Reward/wheel_turn_support: 0.0000
   Metrics/locomotion/error_vel_xy: 0.0000
  Metrics/locomotion/error_vel_yaw: 0.0000
      Episode_Termination/time_out: 0.0000
   Episode_Termination/bad_contact: 0.0000
          Episode_Termination/tilt: 0.0000
    Episode_Termination/low_height: 0.0000
--------------------------------------------------------------------------------
                   Total timesteps: 4608
                    Iteration time: 2.81s
                      Time elapsed: 00:00:08
                               ETA: 00:01:23

################################################################################
                       [1m Learning iteration 3/30 [0m                        

                       Computation: 542 steps/s (collection: 2.762s, learning 0.071s)
             Mean action noise std: 0.05
                    value_function: 1.0493
                         surrogate: 0.0167
                           entropy: -25.2287
   Episode_Reward/term_bad_contact: 0.0000
          Episode_Reward/term_tilt: 0.0000
    Episode_Reward/term_low_height: 0.0000
      Episode_Reward/leg_action_l2: 0.0000
   Episode_Reward/tracking_lin_vel: 0.0000
Episode_Reward/tracking_lin_vel_x_exp: 0.0000
Episode_Reward/tracking_ang_vel_yaw_l1: 0.0000
Episode_Reward/tracking_ang_vel_yaw_exp: 0.0000
Episode_Reward/tracking_lin_vel_y_l2: 0.0000
Episode_Reward/tracking_lin_vel_z_l2: 0.0000
            Episode_Reward/survive: 0.0000
    Episode_Reward/foot_contacts_z: 0.0000
            Episode_Reward/torques: 0.0000
 Episode_Reward/tracking_lin_vel_y: 0.0000
          Episode_Reward/lin_vel_z: 0.0000
         Episode_Reward/ang_vel_xy: 0.0000
   Episode_Reward/tracking_ang_vel: 0.0000
               Episode_Reward/work: 0.0000
            Episode_Reward/dof_acc: 0.0000
        Episode_Reward/action_rate: 0.0000
     Episode_Reward/dof_pos_limits: 0.0000
      Episode_Reward/delta_torques: 0.0000
          Episode_Reward/collision: 0.0000
        Episode_Reward/walking_dof: 0.0000
            Episode_Reward/hip_pos: 0.0000
          Episode_Reward/feet_jerk: 0.0000
              Episode_Reward/alive: 0.0000
          Episode_Reward/feet_drag: 0.0000
Episode_Reward/feet_contact_forces: 0.0000
               Episode_Reward/roll: 0.0000
        Episode_Reward/base_height: 0.0000
Episode_Reward/tracking_lin_vel_max: 0.0000
Episode_Reward/flat_orientation_l2: 0.0000
  Episode_Reward/air_time_variance: 0.0000
        Episode_Reward/feet_height: 0.0000
      Episode_Reward/feet_air_time: 0.0000
Episode_Reward/update_last_buffers: 0.0000
   Episode_Reward/wheel_idle_speed: 0.0000
    Episode_Reward/wheel_action_l2: 0.0000
  Episode_Reward/wheel_action_rate: 0.0000
Episode_Reward/teacher_ensemble_match: 0.0000
  Episode_Reward/wheel_forward_use: 0.0000
 Episode_Reward/wheel_turn_support: 0.0000
   Metrics/locomotion/error_vel_xy: 0.0000
  Metrics/locomotion/error_vel_yaw: 0.0000
      Episode_Termination/time_out: 0.0000
   Episode_Termination/bad_contact: 0.0000
          Episode_Termination/tilt: 0.0000
    Episode_Termination/low_height: 0.0000
--------------------------------------------------------------------------------
                   Total timesteps: 6144
                    Iteration time: 2.83s
                      Time elapsed: 00:00:11
                               ETA: 00:01:19

################################################################################
                       [1m Learning iteration 4/30 [0m                        

                       Computation: 544 steps/s (collection: 2.752s, learning 0.070s)
             Mean action noise std: 0.05
                    value_function: 0.9060
                         surrogate: 0.0213
                           entropy: -25.2287
   Episode_Reward/term_bad_contact: 0.0000
          Episode_Reward/term_tilt: 0.0000
    Episode_Reward/term_low_height: 0.0000
      Episode_Reward/leg_action_l2: 0.0000
   Episode_Reward/tracking_lin_vel: 0.0000
Episode_Reward/tracking_lin_vel_x_exp: 0.0000
Episode_Reward/tracking_ang_vel_yaw_l1: 0.0000
Episode_Reward/tracking_ang_vel_yaw_exp: 0.0000
Episode_Reward/tracking_lin_vel_y_l2: 0.0000
Episode_Reward/tracking_lin_vel_z_l2: 0.0000
            Episode_Reward/survive: 0.0000
    Episode_Reward/foot_contacts_z: 0.0000
            Episode_Reward/torques: 0.0000
 Episode_Reward/tracking_lin_vel_y: 0.0000
          Episode_Reward/lin_vel_z: 0.0000
         Episode_Reward/ang_vel_xy: 0.0000
   Episode_Reward/tracking_ang_vel: 0.0000
               Episode_Reward/work: 0.0000
            Episode_Reward/dof_acc: 0.0000
        Episode_Reward/action_rate: 0.0000
     Episode_Reward/dof_pos_limits: 0.0000
      Episode_Reward/delta_torques: 0.0000
          Episode_Reward/collision: 0.0000
        Episode_Reward/walking_dof: 0.0000
            Episode_Reward/hip_pos: 0.0000
          Episode_Reward/feet_jerk: 0.0000
              Episode_Reward/alive: 0.0000
          Episode_Reward/feet_drag: 0.0000
Episode_Reward/feet_contact_forces: 0.0000
               Episode_Reward/roll: 0.0000
        Episode_Reward/base_height: 0.0000
Episode_Reward/tracking_lin_vel_max: 0.0000
Episode_Reward/flat_orientation_l2: 0.0000
  Episode_Reward/air_time_variance: 0.0000
        Episode_Reward/feet_height: 0.0000
      Episode_Reward/feet_air_time: 0.0000
Episode_Reward/update_last_buffers: 0.0000
   Episode_Reward/wheel_idle_speed: 0.0000
    Episode_Reward/wheel_action_l2: 0.0000
  Episode_Reward/wheel_action_rate: 0.0000
Episode_Reward/teacher_ensemble_match: 0.0000
  Episode_Reward/wheel_forward_use: 0.0000
 Episode_Reward/wheel_turn_support: 0.0000
   Metrics/locomotion/error_vel_xy: 0.0000
  Metrics/locomotion/error_vel_yaw: 0.0000
      Episode_Termination/time_out: 0.0000
   Episode_Termination/bad_contact: 0.0000
          Episode_Termination/tilt: 0.0000
    Episode_Termination/low_height: 0.0000
--------------------------------------------------------------------------------
                   Total timesteps: 7680
                    Iteration time: 2.82s
                      Time elapsed: 00:00:14
                               ETA: 00:01:15

################################################################################
                       [1m Learning iteration 5/30 [0m                        

                       Computation: 544 steps/s (collection: 2.750s, learning 0.071s)
             Mean action noise std: 0.05
                    value_function: 1.0818
                         surrogate: 0.0437
                           entropy: -25.2287
   Episode_Reward/term_bad_contact: 0.0000
          Episode_Reward/term_tilt: 0.0000
    Episode_Reward/term_low_height: 0.0000
      Episode_Reward/leg_action_l2: 0.0000
   Episode_Reward/tracking_lin_vel: 0.0000
Episode_Reward/tracking_lin_vel_x_exp: 0.0000
Episode_Reward/tracking_ang_vel_yaw_l1: 0.0000
Episode_Reward/tracking_ang_vel_yaw_exp: 0.0000
Episode_Reward/tracking_lin_vel_y_l2: 0.0000
Episode_Reward/tracking_lin_vel_z_l2: 0.0000
            Episode_Reward/survive: 0.0000
    Episode_Reward/foot_contacts_z: 0.0000
            Episode_Reward/torques: 0.0000
 Episode_Reward/tracking_lin_vel_y: 0.0000
          Episode_Reward/lin_vel_z: 0.0000
         Episode_Reward/ang_vel_xy: 0.0000
   Episode_Reward/tracking_ang_vel: 0.0000
               Episode_Reward/work: 0.0000
            Episode_Reward/dof_acc: 0.0000
        Episode_Reward/action_rate: 0.0000
     Episode_Reward/dof_pos_limits: 0.0000
      Episode_Reward/delta_torques: 0.0000
          Episode_Reward/collision: 0.0000
        Episode_Reward/walking_dof: 0.0000
            Episode_Reward/hip_pos: 0.0000
          Episode_Reward/feet_jerk: 0.0000
              Episode_Reward/alive: 0.0000
          Episode_Reward/feet_drag: 0.0000
Episode_Reward/feet_contact_forces: 0.0000
               Episode_Reward/roll: 0.0000
        Episode_Reward/base_height: 0.0000
Episode_Reward/tracking_lin_vel_max: 0.0000
Episode_Reward/flat_orientation_l2: 0.0000
  Episode_Reward/air_time_variance: 0.0000
        Episode_Reward/feet_height: 0.0000
      Episode_Reward/feet_air_time: 0.0000
Episode_Reward/update_last_buffers: 0.0000
   Episode_Reward/wheel_idle_speed: 0.0000
    Episode_Reward/wheel_action_l2: 0.0000
  Episode_Reward/wheel_action_rate: 0.0000
Episode_Reward/teacher_ensemble_match: 0.0000
  Episode_Reward/wheel_forward_use: 0.0000
 Episode_Reward/wheel_turn_support: 0.0000
   Metrics/locomotion/error_vel_xy: 0.0000
  Metrics/locomotion/error_vel_yaw: 0.0000
      Episode_Termination/time_out: 0.0000
   Episode_Termination/bad_contact: 0.0000
          Episode_Termination/tilt: 0.0000
    Episode_Termination/low_height: 0.0000
--------------------------------------------------------------------------------
                   Total timesteps: 9216
                    Iteration time: 2.82s
                      Time elapsed: 00:00:17
                               ETA: 00:01:12

################################################################################
                       [1m Learning iteration 6/30 [0m                        

                       Computation: 546 steps/s (collection: 2.740s, learning 0.070s)
             Mean action noise std: 0.05
                    value_function: 0.9460
                         surrogate: 0.0344
                           entropy: -25.2287
   Episode_Reward/term_bad_contact: 0.0000
          Episode_Reward/term_tilt: 0.0000
    Episode_Reward/term_low_height: 0.0000
      Episode_Reward/leg_action_l2: 0.0000
   Episode_Reward/tracking_lin_vel: 0.0000
Episode_Reward/tracking_lin_vel_x_exp: 0.0000
Episode_Reward/tracking_ang_vel_yaw_l1: 0.0000
Episode_Reward/tracking_ang_vel_yaw_exp: 0.0000
Episode_Reward/tracking_lin_vel_y_l2: 0.0000
Episode_Reward/tracking_lin_vel_z_l2: 0.0000
            Episode_Reward/survive: 0.0000
    Episode_Reward/foot_contacts_z: 0.0000
            Episode_Reward/torques: 0.0000
 Episode_Reward/tracking_lin_vel_y: 0.0000
          Episode_Reward/lin_vel_z: 0.0000
         Episode_Reward/ang_vel_xy: 0.0000
   Episode_Reward/tracking_ang_vel: 0.0000
               Episode_Reward/work: 0.0000
            Episode_Reward/dof_acc: 0.0000
        Episode_Reward/action_rate: 0.0000
     Episode_Reward/dof_pos_limits: 0.0000
      Episode_Reward/delta_torques: 0.0000
          Episode_Reward/collision: 0.0000
        Episode_Reward/walking_dof: 0.0000
            Episode_Reward/hip_pos: 0.0000
          Episode_Reward/feet_jerk: 0.0000
              Episode_Reward/alive: 0.0000
          Episode_Reward/feet_drag: 0.0000
Episode_Reward/feet_contact_forces: 0.0000
               Episode_Reward/roll: 0.0000
        Episode_Reward/base_height: 0.0000
Episode_Reward/tracking_lin_vel_max: 0.0000
Episode_Reward/flat_orientation_l2: 0.0000
  Episode_Reward/air_time_variance: 0.0000
        Episode_Reward/feet_height: 0.0000
      Episode_Reward/feet_air_time: 0.0000
Episode_Reward/update_last_buffers: 0.0000
   Episode_Reward/wheel_idle_speed: 0.0000
    Episode_Reward/wheel_action_l2: 0.0000
  Episode_Reward/wheel_action_rate: 0.0000
Episode_Reward/teacher_ensemble_match: 0.0000
  Episode_Reward/wheel_forward_use: 0.0000
 Episode_Reward/wheel_turn_support: 0.0000
   Metrics/locomotion/error_vel_xy: 0.0000
  Metrics/locomotion/error_vel_yaw: 0.0000
      Episode_Termination/time_out: 0.0000
   Episode_Termination/bad_contact: 0.0000
          Episode_Termination/tilt: 0.0000
    Episode_Termination/low_height: 0.0000
--------------------------------------------------------------------------------
                   Total timesteps: 10752
                    Iteration time: 2.81s
                      Time elapsed: 00:00:20
                               ETA: 00:01:09

################################################################################
                       [1m Learning iteration 7/30 [0m                        

                       Computation: 546 steps/s (collection: 2.738s, learning 0.070s)
             Mean action noise std: 0.05
                    value_function: 0.8188
                         surrogate: 0.0198
                           entropy: -25.2287
   Episode_Reward/term_bad_contact: 0.0000
          Episode_Reward/term_tilt: 0.0000
    Episode_Reward/term_low_height: 0.0000
      Episode_Reward/leg_action_l2: 0.0000
   Episode_Reward/tracking_lin_vel: 0.0000
Episode_Reward/tracking_lin_vel_x_exp: 0.0000
Episode_Reward/tracking_ang_vel_yaw_l1: 0.0000
Episode_Reward/tracking_ang_vel_yaw_exp: 0.0000
Episode_Reward/tracking_lin_vel_y_l2: 0.0000
Episode_Reward/tracking_lin_vel_z_l2: 0.0000
            Episode_Reward/survive: 0.0000
    Episode_Reward/foot_contacts_z: 0.0000
            Episode_Reward/torques: 0.0000
 Episode_Reward/tracking_lin_vel_y: 0.0000
          Episode_Reward/lin_vel_z: 0.0000
         Episode_Reward/ang_vel_xy: 0.0000
   Episode_Reward/tracking_ang_vel: 0.0000
               Episode_Reward/work: 0.0000
            Episode_Reward/dof_acc: 0.0000
        Episode_Reward/action_rate: 0.0000
     Episode_Reward/dof_pos_limits: 0.0000
      Episode_Reward/delta_torques: 0.0000
          Episode_Reward/collision: 0.0000
        Episode_Reward/walking_dof: 0.0000
            Episode_Reward/hip_pos: 0.0000
          Episode_Reward/feet_jerk: 0.0000
              Episode_Reward/alive: 0.0000
          Episode_Reward/feet_drag: 0.0000
Episode_Reward/feet_contact_forces: 0.0000
               Episode_Reward/roll: 0.0000
        Episode_Reward/base_height: 0.0000
Episode_Reward/tracking_lin_vel_max: 0.0000
Episode_Reward/flat_orientation_l2: 0.0000
  Episode_Reward/air_time_variance: 0.0000
        Episode_Reward/feet_height: 0.0000
      Episode_Reward/feet_air_time: 0.0000
Episode_Reward/update_last_buffers: 0.0000
   Episode_Reward/wheel_idle_speed: 0.0000
    Episode_Reward/wheel_action_l2: 0.0000
  Episode_Reward/wheel_action_rate: 0.0000
Episode_Reward/teacher_ensemble_match: 0.0000
  Episode_Reward/wheel_forward_use: 0.0000
 Episode_Reward/wheel_turn_support: 0.0000
   Metrics/locomotion/error_vel_xy: 0.0000
  Metrics/locomotion/error_vel_yaw: 0.0000
      Episode_Termination/time_out: 0.0000
   Episode_Termination/bad_contact: 0.0000
          Episode_Termination/tilt: 0.0000
    Episode_Termination/low_height: 0.0000
--------------------------------------------------------------------------------
                   Total timesteps: 12288
                    Iteration time: 2.81s
                      Time elapsed: 00:00:23
                               ETA: 00:01:06

################################################################################
                       [1m Learning iteration 8/30 [0m                        

                       Computation: 545 steps/s (collection: 2.746s, learning 0.070s)
             Mean action noise std: 0.05
                    value_function: 0.8532
                         surrogate: 0.0328
                           entropy: -25.2287
   Episode_Reward/term_bad_contact: 0.0000
          Episode_Reward/term_tilt: 0.0000
    Episode_Reward/term_low_height: 0.0000
      Episode_Reward/leg_action_l2: 0.0000
   Episode_Reward/tracking_lin_vel: 0.0000
Episode_Reward/tracking_lin_vel_x_exp: 0.0000
Episode_Reward/tracking_ang_vel_yaw_l1: 0.0000
Episode_Reward/tracking_ang_vel_yaw_exp: 0.0000
Episode_Reward/tracking_lin_vel_y_l2: 0.0000
Episode_Reward/tracking_lin_vel_z_l2: 0.0000
            Episode_Reward/survive: 0.0000
    Episode_Reward/foot_contacts_z: 0.0000
            Episode_Reward/torques: 0.0000
 Episode_Reward/tracking_lin_vel_y: 0.0000
          Episode_Reward/lin_vel_z: 0.0000
         Episode_Reward/ang_vel_xy: 0.0000
   Episode_Reward/tracking_ang_vel: 0.0000
               Episode_Reward/work: 0.0000
            Episode_Reward/dof_acc: 0.0000
        Episode_Reward/action_rate: 0.0000
     Episode_Reward/dof_pos_limits: 0.0000
      Episode_Reward/delta_torques: 0.0000
          Episode_Reward/collision: 0.0000
        Episode_Reward/walking_dof: 0.0000
            Episode_Reward/hip_pos: 0.0000
          Episode_Reward/feet_jerk: 0.0000
              Episode_Reward/alive: 0.0000
          Episode_Reward/feet_drag: 0.0000
Episode_Reward/feet_contact_forces: 0.0000
               Episode_Reward/roll: 0.0000
        Episode_Reward/base_height: 0.0000
Episode_Reward/tracking_lin_vel_max: 0.0000
Episode_Reward/flat_orientation_l2: 0.0000
  Episode_Reward/air_time_variance: 0.0000
        Episode_Reward/feet_height: 0.0000
      Episode_Reward/feet_air_time: 0.0000
Episode_Reward/update_last_buffers: 0.0000
   Episode_Reward/wheel_idle_speed: 0.0000
    Episode_Reward/wheel_action_l2: 0.0000
  Episode_Reward/wheel_action_rate: 0.0000
Episode_Reward/teacher_ensemble_match: 0.0000
  Episode_Reward/wheel_forward_use: 0.0000
 Episode_Reward/wheel_turn_support: 0.0000
   Metrics/locomotion/error_vel_xy: 0.0000
  Metrics/locomotion/error_vel_yaw: 0.0000
      Episode_Termination/time_out: 0.0000
   Episode_Termination/bad_contact: 0.0000
          Episode_Termination/tilt: 0.0000
    Episode_Termination/low_height: 0.0000
--------------------------------------------------------------------------------
                   Total timesteps: 13824
                    Iteration time: 2.82s
                      Time elapsed: 00:00:25
                               ETA: 00:01:03

################################################################################
                       [1m Learning iteration 9/30 [0m                        

                       Computation: 545 steps/s (collection: 2.744s, learning 0.070s)
             Mean action noise std: 0.05
                    value_function: 0.6755
                         surrogate: -0.0212
                           entropy: -25.2287
   Episode_Reward/term_bad_contact: 0.0000
          Episode_Reward/term_tilt: 0.0000
    Episode_Reward/term_low_height: 0.0000
      Episode_Reward/leg_action_l2: 0.0000
   Episode_Reward/tracking_lin_vel: 0.0000
Episode_Reward/tracking_lin_vel_x_exp: 0.0000
Episode_Reward/tracking_ang_vel_yaw_l1: 0.0000
Episode_Reward/tracking_ang_vel_yaw_exp: 0.0000
Episode_Reward/tracking_lin_vel_y_l2: 0.0000
Episode_Reward/tracking_lin_vel_z_l2: 0.0000
            Episode_Reward/survive: 0.0000
    Episode_Reward/foot_contacts_z: 0.0000
            Episode_Reward/torques: 0.0000
 Episode_Reward/tracking_lin_vel_y: 0.0000
          Episode_Reward/lin_vel_z: 0.0000
         Episode_Reward/ang_vel_xy: 0.0000
   Episode_Reward/tracking_ang_vel: 0.0000
               Episode_Reward/work: 0.0000
            Episode_Reward/dof_acc: 0.0000
        Episode_Reward/action_rate: 0.0000
     Episode_Reward/dof_pos_limits: 0.0000
      Episode_Reward/delta_torques: 0.0000
          Episode_Reward/collision: 0.0000
        Episode_Reward/walking_dof: 0.0000
            Episode_Reward/hip_pos: 0.0000
          Episode_Reward/feet_jerk: 0.0000
              Episode_Reward/alive: 0.0000
          Episode_Reward/feet_drag: 0.0000
Episode_Reward/feet_contact_forces: 0.0000
               Episode_Reward/roll: 0.0000
        Episode_Reward/base_height: 0.0000
Episode_Reward/tracking_lin_vel_max: 0.0000
Episode_Reward/flat_orientation_l2: 0.0000
  Episode_Reward/air_time_variance: 0.0000
        Episode_Reward/feet_height: 0.0000
      Episode_Reward/feet_air_time: 0.0000
Episode_Reward/update_last_buffers: 0.0000
   Episode_Reward/wheel_idle_speed: 0.0000
    Episode_Reward/wheel_action_l2: 0.0000
  Episode_Reward/wheel_action_rate: 0.0000
Episode_Reward/teacher_ensemble_match: 0.0000
  Episode_Reward/wheel_forward_use: 0.0000
 Episode_Reward/wheel_turn_support: 0.0000
   Metrics/locomotion/error_vel_xy: 0.0000
  Metrics/locomotion/error_vel_yaw: 0.0000
      Episode_Termination/time_out: 0.0000
   Episode_Termination/bad_contact: 0.0000
          Episode_Termination/tilt: 0.0000
    Episode_Termination/low_height: 0.0000
--------------------------------------------------------------------------------
                   Total timesteps: 15360
                    Iteration time: 2.81s
                      Time elapsed: 00:00:28
                               ETA: 00:01:00

################################################################################
                       [1m Learning iteration 10/30 [0m                       

                       Computation: 546 steps/s (collection: 2.738s, learning 0.070s)
             Mean action noise std: 0.05
                    value_function: 0.5780
                         surrogate: -0.0156
                           entropy: -25.2287
   Episode_Reward/term_bad_contact: 0.0000
          Episode_Reward/term_tilt: 0.0000
    Episode_Reward/term_low_height: 0.0000
      Episode_Reward/leg_action_l2: 0.0000
   Episode_Reward/tracking_lin_vel: 0.0000
Episode_Reward/tracking_lin_vel_x_exp: 0.0000
Episode_Reward/tracking_ang_vel_yaw_l1: 0.0000
Episode_Reward/tracking_ang_vel_yaw_exp: 0.0000
Episode_Reward/tracking_lin_vel_y_l2: 0.0000
Episode_Reward/tracking_lin_vel_z_l2: 0.0000
            Episode_Reward/survive: 0.0000
    Episode_Reward/foot_contacts_z: 0.0000
            Episode_Reward/torques: 0.0000
 Episode_Reward/tracking_lin_vel_y: 0.0000
          Episode_Reward/lin_vel_z: 0.0000
         Episode_Reward/ang_vel_xy: 0.0000
   Episode_Reward/tracking_ang_vel: 0.0000
               Episode_Reward/work: 0.0000
            Episode_Reward/dof_acc: 0.0000
        Episode_Reward/action_rate: 0.0000
     Episode_Reward/dof_pos_limits: 0.0000
      Episode_Reward/delta_torques: 0.0000
          Episode_Reward/collision: 0.0000
        Episode_Reward/walking_dof: 0.0000
            Episode_Reward/hip_pos: 0.0000
          Episode_Reward/feet_jerk: 0.0000
              Episode_Reward/alive: 0.0000
          Episode_Reward/feet_drag: 0.0000
Episode_Reward/feet_contact_forces: 0.0000
               Episode_Reward/roll: 0.0000
        Episode_Reward/base_height: 0.0000
Episode_Reward/tracking_lin_vel_max: 0.0000
Episode_Reward/flat_orientation_l2: 0.0000
  Episode_Reward/air_time_variance: 0.0000
        Episode_Reward/feet_height: 0.0000
      Episode_Reward/feet_air_time: 0.0000
Episode_Reward/update_last_buffers: 0.0000
   Episode_Reward/wheel_idle_speed: 0.0000
    Episode_Reward/wheel_action_l2: 0.0000
  Episode_Reward/wheel_action_rate: 0.0000
Episode_Reward/teacher_ensemble_match: 0.0000
  Episode_Reward/wheel_forward_use: 0.0000
 Episode_Reward/wheel_turn_support: 0.0000
   Metrics/locomotion/error_vel_xy: 0.0000
  Metrics/locomotion/error_vel_yaw: 0.0000
      Episode_Termination/time_out: 0.0000
   Episode_Termination/bad_contact: 0.0000
          Episode_Termination/tilt: 0.0000
    Episode_Termination/low_height: 0.0000
--------------------------------------------------------------------------------
                   Total timesteps: 16896
                    Iteration time: 2.81s
                      Time elapsed: 00:00:31
                               ETA: 00:00:57

################################################################################
                       [1m Learning iteration 11/30 [0m                       

                       Computation: 546 steps/s (collection: 2.739s, learning 0.070s)
             Mean action noise std: 0.05
                    value_function: 0.5789
                         surrogate: -0.0143
                           entropy: -25.2287
   Episode_Reward/term_bad_contact: 0.0000
          Episode_Reward/term_tilt: 0.0000
    Episode_Reward/term_low_height: 0.0000
      Episode_Reward/leg_action_l2: 0.0000
   Episode_Reward/tracking_lin_vel: 0.0000
Episode_Reward/tracking_lin_vel_x_exp: 0.0000
Episode_Reward/tracking_ang_vel_yaw_l1: 0.0000
Episode_Reward/tracking_ang_vel_yaw_exp: 0.0000
Episode_Reward/tracking_lin_vel_y_l2: 0.0000
Episode_Reward/tracking_lin_vel_z_l2: 0.0000
            Episode_Reward/survive: 0.0000
    Episode_Reward/foot_contacts_z: 0.0000
            Episode_Reward/torques: 0.0000
 Episode_Reward/tracking_lin_vel_y: 0.0000
          Episode_Reward/lin_vel_z: 0.0000
         Episode_Reward/ang_vel_xy: 0.0000
   Episode_Reward/tracking_ang_vel: 0.0000
               Episode_Reward/work: 0.0000
            Episode_Reward/dof_acc: 0.0000
        Episode_Reward/action_rate: 0.0000
     Episode_Reward/dof_pos_limits: 0.0000
      Episode_Reward/delta_torques: 0.0000
          Episode_Reward/collision: 0.0000
        Episode_Reward/walking_dof: 0.0000
            Episode_Reward/hip_pos: 0.0000
          Episode_Reward/feet_jerk: 0.0000
              Episode_Reward/alive: 0.0000
          Episode_Reward/feet_drag: 0.0000
Episode_Reward/feet_contact_forces: 0.0000
               Episode_Reward/roll: 0.0000
        Episode_Reward/base_height: 0.0000
Episode_Reward/tracking_lin_vel_max: 0.0000
Episode_Reward/flat_orientation_l2: 0.0000
  Episode_Reward/air_time_variance: 0.0000
        Episode_Reward/feet_height: 0.0000
      Episode_Reward/feet_air_time: 0.0000
Episode_Reward/update_last_buffers: 0.0000
   Episode_Reward/wheel_idle_speed: 0.0000
    Episode_Reward/wheel_action_l2: 0.0000
  Episode_Reward/wheel_action_rate: 0.0000
Episode_Reward/teacher_ensemble_match: 0.0000
  Episode_Reward/wheel_forward_use: 0.0000
 Episode_Reward/wheel_turn_support: 0.0000
   Metrics/locomotion/error_vel_xy: 0.0000
  Metrics/locomotion/error_vel_yaw: 0.0000
      Episode_Termination/time_out: 0.0000
   Episode_Termination/bad_contact: 0.0000
          Episode_Termination/tilt: 0.0000
    Episode_Termination/low_height: 0.0000
--------------------------------------------------------------------------------
                   Total timesteps: 18432
                    Iteration time: 2.81s
                      Time elapsed: 00:00:34
                               ETA: 00:00:54

################################################################################
                       [1m Learning iteration 12/30 [0m                       

                       Computation: 485 steps/s (collection: 3.096s, learning 0.070s)
             Mean action noise std: 0.05
          Mean value_function loss: 3.8744
               Mean surrogate loss: 0.0161
                 Mean entropy loss: -25.2287
                       Mean reward: -39.49
               Mean episode length: 300.00
   Episode_Reward/term_bad_contact: 0.0000
          Episode_Reward/term_tilt: 0.0000
    Episode_Reward/term_low_height: 0.0000
      Episode_Reward/leg_action_l2: -0.0000
   Episode_Reward/tracking_lin_vel: 0.2311
Episode_Reward/tracking_lin_vel_x_exp: 0.3031
Episode_Reward/tracking_ang_vel_yaw_l1: 0.0000
Episode_Reward/tracking_ang_vel_yaw_exp: 0.2498
Episode_Reward/tracking_lin_vel_y_l2: 0.0000
Episode_Reward/tracking_lin_vel_z_l2: 0.0000
            Episode_Reward/survive: 0.0000
    Episode_Reward/foot_contacts_z: 0.0000
            Episode_Reward/torques: -0.0582
 Episode_Reward/tracking_lin_vel_y: 0.0000
          Episode_Reward/lin_vel_z: -0.0026
         Episode_Reward/ang_vel_xy: -0.0004
   Episode_Reward/tracking_ang_vel: 0.0945
               Episode_Reward/work: -0.0094
            Episode_Reward/dof_acc: -0.0001
        Episode_Reward/action_rate: -0.0000
     Episode_Reward/dof_pos_limits: 0.0000
      Episode_Reward/delta_torques: -0.0000
          Episode_Reward/collision: -3.2503
        Episode_Reward/walking_dof: 0.0100
            Episode_Reward/hip_pos: -0.0005
          Episode_Reward/feet_jerk: 0.0000
              Episode_Reward/alive: 0.1625
          Episode_Reward/feet_drag: -0.0024
Episode_Reward/feet_contact_forces: -0.1039
               Episode_Reward/roll: -0.0016
        Episode_Reward/base_height: -0.0048
Episode_Reward/tracking_lin_vel_max: 0.1007
Episode_Reward/flat_orientation_l2: -0.0035
  Episode_Reward/air_time_variance: -0.0000
        Episode_Reward/feet_height: 0.0000
      Episode_Reward/feet_air_time: -0.0000
Episode_Reward/update_last_buffers: 0.0000
   Episode_Reward/wheel_idle_speed: -0.0003
    Episode_Reward/wheel_action_l2: -0.0000
  Episode_Reward/wheel_action_rate: 0.0000
Episode_Reward/teacher_ensemble_match: 0.1219
  Episode_Reward/wheel_forward_use: 0.0157
 Episode_Reward/wheel_turn_support: 0.0099
   Metrics/locomotion/error_vel_xy: 0.2217
  Metrics/locomotion/error_vel_yaw: 0.2994
      Episode_Termination/time_out: 0.5417
   Episode_Termination/bad_contact: 0.0000
          Episode_Termination/tilt: 0.0000
    Episode_Termination/low_height: 0.0000
--------------------------------------------------------------------------------
                   Total timesteps: 19968
                    Iteration time: 3.17s
                      Time elapsed: 00:00:37
                               ETA: 00:00:51

################################################################################
                       [1m Learning iteration 13/30 [0m                       

                       Computation: 553 steps/s (collection: 2.703s, learning 0.070s)
             Mean action noise std: 0.05
          Mean value_function loss: 0.3357
               Mean surrogate loss: -0.0066
                 Mean entropy loss: -25.2287
                       Mean reward: -39.49
               Mean episode length: 300.00
   Episode_Reward/term_bad_contact: 0.0000
          Episode_Reward/term_tilt: 0.0000
    Episode_Reward/term_low_height: 0.0000
      Episode_Reward/leg_action_l2: -0.0000
   Episode_Reward/tracking_lin_vel: 0.4266
Episode_Reward/tracking_lin_vel_x_exp: 0.5596
Episode_Reward/tracking_ang_vel_yaw_l1: 0.0000
Episode_Reward/tracking_ang_vel_yaw_exp: 0.4612
Episode_Reward/tracking_lin_vel_y_l2: 0.0000
Episode_Reward/tracking_lin_vel_z_l2: 0.0000
            Episode_Reward/survive: 0.0000
    Episode_Reward/foot_contacts_z: 0.0000
            Episode_Reward/torques: -0.1074
 Episode_Reward/tracking_lin_vel_y: 0.0000
          Episode_Reward/lin_vel_z: -0.0048
         Episode_Reward/ang_vel_xy: -0.0008
   Episode_Reward/tracking_ang_vel: 0.1745
               Episode_Reward/work: -0.0174
            Episode_Reward/dof_acc: -0.0002
        Episode_Reward/action_rate: -0.0000
     Episode_Reward/dof_pos_limits: 0.0000
      Episode_Reward/delta_torques: -0.0000
          Episode_Reward/collision: -6.0005
        Episode_Reward/walking_dof: 0.0185
            Episode_Reward/hip_pos: -0.0010
          Episode_Reward/feet_jerk: 0.0000
              Episode_Reward/alive: 0.3000
          Episode_Reward/feet_drag: -0.0044
Episode_Reward/feet_contact_forces: -0.1918
               Episode_Reward/roll: -0.0030
        Episode_Reward/base_height: -0.0088
Episode_Reward/tracking_lin_vel_max: 0.1859
Episode_Reward/flat_orientation_l2: -0.0064
  Episode_Reward/air_time_variance: -0.0000
        Episode_Reward/feet_height: 0.0000
      Episode_Reward/feet_air_time: -0.0001
Episode_Reward/update_last_buffers: 0.0000
   Episode_Reward/wheel_idle_speed: -0.0005
    Episode_Reward/wheel_action_l2: -0.0000
  Episode_Reward/wheel_action_rate: 0.0000
Episode_Reward/teacher_ensemble_match: 0.2250
  Episode_Reward/wheel_forward_use: 0.0289
 Episode_Reward/wheel_turn_support: 0.0183
   Metrics/locomotion/error_vel_xy: 0.4092
  Metrics/locomotion/error_vel_yaw: 0.5527
      Episode_Termination/time_out: 1.0000
   Episode_Termination/bad_contact: 0.0000
          Episode_Termination/tilt: 0.0000
    Episode_Termination/low_height: 0.0000
--------------------------------------------------------------------------------
                   Total timesteps: 21504
                    Iteration time: 2.77s
                      Time elapsed: 00:00:40
                               ETA: 00:00:48

################################################################################
                       [1m Learning iteration 14/30 [0m                       

                       Computation: 551 steps/s (collection: 2.716s, learning 0.071s)
             Mean action noise std: 0.05
          Mean value_function loss: 0.3627
               Mean surrogate loss: -0.0249
                 Mean entropy loss: -25.2287
                       Mean reward: -39.49
               Mean episode length: 300.00
   Episode_Reward/term_bad_contact: 0.0000
          Episode_Reward/term_tilt: 0.0000
    Episode_Reward/term_low_height: 0.0000
      Episode_Reward/leg_action_l2: -0.0000
   Episode_Reward/tracking_lin_vel: 0.4266
Episode_Reward/tracking_lin_vel_x_exp: 0.5596
Episode_Reward/tracking_ang_vel_yaw_l1: 0.0000
Episode_Reward/tracking_ang_vel_yaw_exp: 0.4612
Episode_Reward/tracking_lin_vel_y_l2: 0.0000
Episode_Reward/tracking_lin_vel_z_l2: 0.0000
            Episode_Reward/survive: 0.0000
    Episode_Reward/foot_contacts_z: 0.0000
            Episode_Reward/torques: -0.1074
 Episode_Reward/tracking_lin_vel_y: 0.0000
          Episode_Reward/lin_vel_z: -0.0048
         Episode_Reward/ang_vel_xy: -0.0008
   Episode_Reward/tracking_ang_vel: 0.1745
               Episode_Reward/work: -0.0174
            Episode_Reward/dof_acc: -0.0002
        Episode_Reward/action_rate: -0.0000
     Episode_Reward/dof_pos_limits: 0.0000
      Episode_Reward/delta_torques: -0.0000
          Episode_Reward/collision: -6.0005
        Episode_Reward/walking_dof: 0.0185
            Episode_Reward/hip_pos: -0.0010
          Episode_Reward/feet_jerk: 0.0000
              Episode_Reward/alive: 0.3000
          Episode_Reward/feet_drag: -0.0044
Episode_Reward/feet_contact_forces: -0.1918
               Episode_Reward/roll: -0.0030
        Episode_Reward/base_height: -0.0088
Episode_Reward/tracking_lin_vel_max: 0.1859
Episode_Reward/flat_orientation_l2: -0.0064
  Episode_Reward/air_time_variance: -0.0000
        Episode_Reward/feet_height: 0.0000
      Episode_Reward/feet_air_time: -0.0001
Episode_Reward/update_last_buffers: 0.0000
   Episode_Reward/wheel_idle_speed: -0.0005
    Episode_Reward/wheel_action_l2: -0.0000
  Episode_Reward/wheel_action_rate: 0.0000
Episode_Reward/teacher_ensemble_match: 0.2250
  Episode_Reward/wheel_forward_use: 0.0289
 Episode_Reward/wheel_turn_support: 0.0183
   Metrics/locomotion/error_vel_xy: 0.4092
  Metrics/locomotion/error_vel_yaw: 0.5527
      Episode_Termination/time_out: 1.0000
   Episode_Termination/bad_contact: 0.0000
          Episode_Termination/tilt: 0.0000
    Episode_Termination/low_height: 0.0000
--------------------------------------------------------------------------------
                   Total timesteps: 23040
                    Iteration time: 2.79s
                      Time elapsed: 00:00:42
                               ETA: 00:00:45

################################################################################
                       [1m Learning iteration 15/30 [0m                       

                       Computation: 547 steps/s (collection: 2.735s, learning 0.070s)
             Mean action noise std: 0.05
          Mean value_function loss: 0.4631
               Mean surrogate loss: -0.0167
                 Mean entropy loss: -25.2287
                       Mean reward: -39.49
               Mean episode length: 300.00
   Episode_Reward/term_bad_contact: 0.0000
          Episode_Reward/term_tilt: 0.0000
    Episode_Reward/term_low_height: 0.0000
      Episode_Reward/leg_action_l2: -0.0000
   Episode_Reward/tracking_lin_vel: 0.4266
Episode_Reward/tracking_lin_vel_x_exp: 0.5596
Episode_Reward/tracking_ang_vel_yaw_l1: 0.0000
Episode_Reward/tracking_ang_vel_yaw_exp: 0.4612
Episode_Reward/tracking_lin_vel_y_l2: 0.0000
Episode_Reward/tracking_lin_vel_z_l2: 0.0000
            Episode_Reward/survive: 0.0000
    Episode_Reward/foot_contacts_z: 0.0000
            Episode_Reward/torques: -0.1074
 Episode_Reward/tracking_lin_vel_y: 0.0000
          Episode_Reward/lin_vel_z: -0.0048
         Episode_Reward/ang_vel_xy: -0.0008
   Episode_Reward/tracking_ang_vel: 0.1745
               Episode_Reward/work: -0.0174
            Episode_Reward/dof_acc: -0.0002
        Episode_Reward/action_rate: -0.0000
     Episode_Reward/dof_pos_limits: 0.0000
      Episode_Reward/delta_torques: -0.0000
          Episode_Reward/collision: -6.0005
        Episode_Reward/walking_dof: 0.0185
            Episode_Reward/hip_pos: -0.0010
          Episode_Reward/feet_jerk: 0.0000
              Episode_Reward/alive: 0.3000
          Episode_Reward/feet_drag: -0.0044
Episode_Reward/feet_contact_forces: -0.1918
               Episode_Reward/roll: -0.0030
        Episode_Reward/base_height: -0.0088
Episode_Reward/tracking_lin_vel_max: 0.1859
Episode_Reward/flat_orientation_l2: -0.0064
  Episode_Reward/air_time_variance: -0.0000
        Episode_Reward/feet_height: 0.0000
      Episode_Reward/feet_air_time: -0.0001
Episode_Reward/update_last_buffers: 0.0000
   Episode_Reward/wheel_idle_speed: -0.0005
    Episode_Reward/wheel_action_l2: -0.0000
  Episode_Reward/wheel_action_rate: 0.0000
Episode_Reward/teacher_ensemble_match: 0.2250
  Episode_Reward/wheel_forward_use: 0.0289
 Episode_Reward/wheel_turn_support: 0.0183
   Metrics/locomotion/error_vel_xy: 0.4092
  Metrics/locomotion/error_vel_yaw: 0.5527
      Episode_Termination/time_out: 1.0000
   Episode_Termination/bad_contact: 0.0000
          Episode_Termination/tilt: 0.0000
    Episode_Termination/low_height: 0.0000
--------------------------------------------------------------------------------
                   Total timesteps: 24576
                    Iteration time: 2.81s
                      Time elapsed: 00:00:45
                               ETA: 00:00:42

################################################################################
                       [1m Learning iteration 16/30 [0m                       

                       Computation: 546 steps/s (collection: 2.741s, learning 0.071s)
             Mean action noise std: 0.05
          Mean value_function loss: 0.4840
               Mean surrogate loss: -0.0029
                 Mean entropy loss: -25.2287
                       Mean reward: -39.49
               Mean episode length: 300.00
   Episode_Reward/term_bad_contact: 0.0000
          Episode_Reward/term_tilt: 0.0000
    Episode_Reward/term_low_height: 0.0000
      Episode_Reward/leg_action_l2: -0.0000
   Episode_Reward/tracking_lin_vel: 0.4266
Episode_Reward/tracking_lin_vel_x_exp: 0.5596
Episode_Reward/tracking_ang_vel_yaw_l1: 0.0000
Episode_Reward/tracking_ang_vel_yaw_exp: 0.4612
Episode_Reward/tracking_lin_vel_y_l2: 0.0000
Episode_Reward/tracking_lin_vel_z_l2: 0.0000
            Episode_Reward/survive: 0.0000
    Episode_Reward/foot_contacts_z: 0.0000
            Episode_Reward/torques: -0.1074
 Episode_Reward/tracking_lin_vel_y: 0.0000
          Episode_Reward/lin_vel_z: -0.0048
         Episode_Reward/ang_vel_xy: -0.0008
   Episode_Reward/tracking_ang_vel: 0.1745
               Episode_Reward/work: -0.0174
            Episode_Reward/dof_acc: -0.0002
        Episode_Reward/action_rate: -0.0000
     Episode_Reward/dof_pos_limits: 0.0000
      Episode_Reward/delta_torques: -0.0000
          Episode_Reward/collision: -6.0005
        Episode_Reward/walking_dof: 0.0185
            Episode_Reward/hip_pos: -0.0010
          Episode_Reward/feet_jerk: 0.0000
              Episode_Reward/alive: 0.3000
          Episode_Reward/feet_drag: -0.0044
Episode_Reward/feet_contact_forces: -0.1918
               Episode_Reward/roll: -0.0030
        Episode_Reward/base_height: -0.0088
Episode_Reward/tracking_lin_vel_max: 0.1859
Episode_Reward/flat_orientation_l2: -0.0064
  Episode_Reward/air_time_variance: -0.0000
        Episode_Reward/feet_height: 0.0000
      Episode_Reward/feet_air_time: -0.0001
Episode_Reward/update_last_buffers: 0.0000
   Episode_Reward/wheel_idle_speed: -0.0005
    Episode_Reward/wheel_action_l2: -0.0000
  Episode_Reward/wheel_action_rate: 0.0000
Episode_Reward/teacher_ensemble_match: 0.2250
  Episode_Reward/wheel_forward_use: 0.0289
 Episode_Reward/wheel_turn_support: 0.0183
   Metrics/locomotion/error_vel_xy: 0.4092
  Metrics/locomotion/error_vel_yaw: 0.5527
      Episode_Termination/time_out: 1.0000
   Episode_Termination/bad_contact: 0.0000
          Episode_Termination/tilt: 0.0000
    Episode_Termination/low_height: 0.0000
--------------------------------------------------------------------------------
                   Total timesteps: 26112
                    Iteration time: 2.81s
                      Time elapsed: 00:00:48
                               ETA: 00:00:40

################################################################################
                       [1m Learning iteration 17/30 [0m                       

                       Computation: 546 steps/s (collection: 2.742s, learning 0.070s)
             Mean action noise std: 0.05
          Mean value_function loss: 0.3829
               Mean surrogate loss: 0.0153
                 Mean entropy loss: -25.2287
                       Mean reward: -39.49
               Mean episode length: 300.00
   Episode_Reward/term_bad_contact: 0.0000
          Episode_Reward/term_tilt: 0.0000
    Episode_Reward/term_low_height: 0.0000
      Episode_Reward/leg_action_l2: -0.0000
   Episode_Reward/tracking_lin_vel: 0.4266
Episode_Reward/tracking_lin_vel_x_exp: 0.5596
Episode_Reward/tracking_ang_vel_yaw_l1: 0.0000
Episode_Reward/tracking_ang_vel_yaw_exp: 0.4612
Episode_Reward/tracking_lin_vel_y_l2: 0.0000
Episode_Reward/tracking_lin_vel_z_l2: 0.0000
            Episode_Reward/survive: 0.0000
    Episode_Reward/foot_contacts_z: 0.0000
            Episode_Reward/torques: -0.1074
 Episode_Reward/tracking_lin_vel_y: 0.0000
          Episode_Reward/lin_vel_z: -0.0048
         Episode_Reward/ang_vel_xy: -0.0008
   Episode_Reward/tracking_ang_vel: 0.1745
               Episode_Reward/work: -0.0174
            Episode_Reward/dof_acc: -0.0002
        Episode_Reward/action_rate: -0.0000
     Episode_Reward/dof_pos_limits: 0.0000
      Episode_Reward/delta_torques: -0.0000
          Episode_Reward/collision: -6.0005
        Episode_Reward/walking_dof: 0.0185
            Episode_Reward/hip_pos: -0.0010
          Episode_Reward/feet_jerk: 0.0000
              Episode_Reward/alive: 0.3000
          Episode_Reward/feet_drag: -0.0044
Episode_Reward/feet_contact_forces: -0.1918
               Episode_Reward/roll: -0.0030
        Episode_Reward/base_height: -0.0088
Episode_Reward/tracking_lin_vel_max: 0.1859
Episode_Reward/flat_orientation_l2: -0.0064
  Episode_Reward/air_time_variance: -0.0000
        Episode_Reward/feet_height: 0.0000
      Episode_Reward/feet_air_time: -0.0001
Episode_Reward/update_last_buffers: 0.0000
   Episode_Reward/wheel_idle_speed: -0.0005
    Episode_Reward/wheel_action_l2: -0.0000
  Episode_Reward/wheel_action_rate: 0.0000
Episode_Reward/teacher_ensemble_match: 0.2250
  Episode_Reward/wheel_forward_use: 0.0289
 Episode_Reward/wheel_turn_support: 0.0183
   Metrics/locomotion/error_vel_xy: 0.4092
  Metrics/locomotion/error_vel_yaw: 0.5527
      Episode_Termination/time_out: 1.0000
   Episode_Termination/bad_contact: 0.0000
          Episode_Termination/tilt: 0.0000
    Episode_Termination/low_height: 0.0000
--------------------------------------------------------------------------------
                   Total timesteps: 27648
                    Iteration time: 2.81s
                      Time elapsed: 00:00:51
                               ETA: 00:00:37

################################################################################
                       [1m Learning iteration 18/30 [0m                       

                       Computation: 545 steps/s (collection: 2.744s, learning 0.071s)
             Mean action noise std: 0.05
          Mean value_function loss: 0.4170
               Mean surrogate loss: 0.0016
                 Mean entropy loss: -25.2287
                       Mean reward: -39.49
               Mean episode length: 300.00
   Episode_Reward/term_bad_contact: 0.0000
          Episode_Reward/term_tilt: 0.0000
    Episode_Reward/term_low_height: 0.0000
      Episode_Reward/leg_action_l2: -0.0000
   Episode_Reward/tracking_lin_vel: 0.4266
Episode_Reward/tracking_lin_vel_x_exp: 0.5596
Episode_Reward/tracking_ang_vel_yaw_l1: 0.0000
Episode_Reward/tracking_ang_vel_yaw_exp: 0.4612
Episode_Reward/tracking_lin_vel_y_l2: 0.0000
Episode_Reward/tracking_lin_vel_z_l2: 0.0000
            Episode_Reward/survive: 0.0000
    Episode_Reward/foot_contacts_z: 0.0000
            Episode_Reward/torques: -0.1074
 Episode_Reward/tracking_lin_vel_y: 0.0000
          Episode_Reward/lin_vel_z: -0.0048
         Episode_Reward/ang_vel_xy: -0.0008
   Episode_Reward/tracking_ang_vel: 0.1745
               Episode_Reward/work: -0.0174
            Episode_Reward/dof_acc: -0.0002
        Episode_Reward/action_rate: -0.0000
     Episode_Reward/dof_pos_limits: 0.0000
      Episode_Reward/delta_torques: -0.0000
          Episode_Reward/collision: -6.0005
        Episode_Reward/walking_dof: 0.0185
            Episode_Reward/hip_pos: -0.0010
          Episode_Reward/feet_jerk: 0.0000
              Episode_Reward/alive: 0.3000
          Episode_Reward/feet_drag: -0.0044
Episode_Reward/feet_contact_forces: -0.1918
               Episode_Reward/roll: -0.0030
        Episode_Reward/base_height: -0.0088
Episode_Reward/tracking_lin_vel_max: 0.1859
Episode_Reward/flat_orientation_l2: -0.0064
  Episode_Reward/air_time_variance: -0.0000
        Episode_Reward/feet_height: 0.0000
      Episode_Reward/feet_air_time: -0.0001
Episode_Reward/update_last_buffers: 0.0000
   Episode_Reward/wheel_idle_speed: -0.0005
    Episode_Reward/wheel_action_l2: -0.0000
  Episode_Reward/wheel_action_rate: 0.0000
Episode_Reward/teacher_ensemble_match: 0.2250
  Episode_Reward/wheel_forward_use: 0.0289
 Episode_Reward/wheel_turn_support: 0.0183
   Metrics/locomotion/error_vel_xy: 0.4092
  Metrics/locomotion/error_vel_yaw: 0.5527
      Episode_Termination/time_out: 1.0000
   Episode_Termination/bad_contact: 0.0000
          Episode_Termination/tilt: 0.0000
    Episode_Termination/low_height: 0.0000
--------------------------------------------------------------------------------
                   Total timesteps: 29184
                    Iteration time: 2.81s
                      Time elapsed: 00:00:54
                               ETA: 00:00:34

################################################################################
                       [1m Learning iteration 19/30 [0m                       

                       Computation: 546 steps/s (collection: 2.740s, learning 0.071s)
             Mean action noise std: 0.05
          Mean value_function loss: 0.7978
               Mean surrogate loss: 0.0128
                 Mean entropy loss: -25.2287
                       Mean reward: -39.49
               Mean episode length: 300.00
   Episode_Reward/term_bad_contact: 0.0000
          Episode_Reward/term_tilt: 0.0000
    Episode_Reward/term_low_height: 0.0000
      Episode_Reward/leg_action_l2: -0.0000
   Episode_Reward/tracking_lin_vel: 0.4266
Episode_Reward/tracking_lin_vel_x_exp: 0.5596
Episode_Reward/tracking_ang_vel_yaw_l1: 0.0000
Episode_Reward/tracking_ang_vel_yaw_exp: 0.4612
Episode_Reward/tracking_lin_vel_y_l2: 0.0000
Episode_Reward/tracking_lin_vel_z_l2: 0.0000
            Episode_Reward/survive: 0.0000
    Episode_Reward/foot_contacts_z: 0.0000
            Episode_Reward/torques: -0.1074
 Episode_Reward/tracking_lin_vel_y: 0.0000
          Episode_Reward/lin_vel_z: -0.0048
         Episode_Reward/ang_vel_xy: -0.0008
   Episode_Reward/tracking_ang_vel: 0.1745
               Episode_Reward/work: -0.0174
            Episode_Reward/dof_acc: -0.0002
        Episode_Reward/action_rate: -0.0000
     Episode_Reward/dof_pos_limits: 0.0000
      Episode_Reward/delta_torques: -0.0000
          Episode_Reward/collision: -6.0005
        Episode_Reward/walking_dof: 0.0185
            Episode_Reward/hip_pos: -0.0010
          Episode_Reward/feet_jerk: 0.0000
              Episode_Reward/alive: 0.3000
          Episode_Reward/feet_drag: -0.0044
Episode_Reward/feet_contact_forces: -0.1918
               Episode_Reward/roll: -0.0030
        Episode_Reward/base_height: -0.0088
Episode_Reward/tracking_lin_vel_max: 0.1859
Episode_Reward/flat_orientation_l2: -0.0064
  Episode_Reward/air_time_variance: -0.0000
        Episode_Reward/feet_height: 0.0000
      Episode_Reward/feet_air_time: -0.0001
Episode_Reward/update_last_buffers: 0.0000
   Episode_Reward/wheel_idle_speed: -0.0005
    Episode_Reward/wheel_action_l2: -0.0000
  Episode_Reward/wheel_action_rate: 0.0000
Episode_Reward/teacher_ensemble_match: 0.2250
  Episode_Reward/wheel_forward_use: 0.0289
 Episode_Reward/wheel_turn_support: 0.0183
   Metrics/locomotion/error_vel_xy: 0.4092
  Metrics/locomotion/error_vel_yaw: 0.5527
      Episode_Termination/time_out: 1.0000
   Episode_Termination/bad_contact: 0.0000
          Episode_Termination/tilt: 0.0000
    Episode_Termination/low_height: 0.0000
--------------------------------------------------------------------------------
                   Total timesteps: 30720
                    Iteration time: 2.81s
                      Time elapsed: 00:00:57
                               ETA: 00:00:31

################################################################################
                       [1m Learning iteration 20/30 [0m                       

                       Computation: 547 steps/s (collection: 2.735s, learning 0.070s)
             Mean action noise std: 0.05
          Mean value_function loss: 0.7877
               Mean surrogate loss: -0.0053
                 Mean entropy loss: -25.2287
                       Mean reward: -39.49
               Mean episode length: 300.00
   Episode_Reward/term_bad_contact: 0.0000
          Episode_Reward/term_tilt: 0.0000
    Episode_Reward/term_low_height: 0.0000
      Episode_Reward/leg_action_l2: -0.0000
   Episode_Reward/tracking_lin_vel: 0.4266
Episode_Reward/tracking_lin_vel_x_exp: 0.5596
Episode_Reward/tracking_ang_vel_yaw_l1: 0.0000
Episode_Reward/tracking_ang_vel_yaw_exp: 0.4612
Episode_Reward/tracking_lin_vel_y_l2: 0.0000
Episode_Reward/tracking_lin_vel_z_l2: 0.0000
            Episode_Reward/survive: 0.0000
    Episode_Reward/foot_contacts_z: 0.0000
            Episode_Reward/torques: -0.1074
 Episode_Reward/tracking_lin_vel_y: 0.0000
          Episode_Reward/lin_vel_z: -0.0048
         Episode_Reward/ang_vel_xy: -0.0008
   Episode_Reward/tracking_ang_vel: 0.1745
               Episode_Reward/work: -0.0174
            Episode_Reward/dof_acc: -0.0002
        Episode_Reward/action_rate: -0.0000
     Episode_Reward/dof_pos_limits: 0.0000
      Episode_Reward/delta_torques: -0.0000
          Episode_Reward/collision: -6.0005
        Episode_Reward/walking_dof: 0.0185
            Episode_Reward/hip_pos: -0.0010
          Episode_Reward/feet_jerk: 0.0000
              Episode_Reward/alive: 0.3000
          Episode_Reward/feet_drag: -0.0044
Episode_Reward/feet_contact_forces: -0.1918
               Episode_Reward/roll: -0.0030
        Episode_Reward/base_height: -0.0088
Episode_Reward/tracking_lin_vel_max: 0.1859
Episode_Reward/flat_orientation_l2: -0.0064
  Episode_Reward/air_time_variance: -0.0000
        Episode_Reward/feet_height: 0.0000
      Episode_Reward/feet_air_time: -0.0001
Episode_Reward/update_last_buffers: 0.0000
   Episode_Reward/wheel_idle_speed: -0.0005
    Episode_Reward/wheel_action_l2: -0.0000
  Episode_Reward/wheel_action_rate: 0.0000
Episode_Reward/teacher_ensemble_match: 0.2250
  Episode_Reward/wheel_forward_use: 0.0289
 Episode_Reward/wheel_turn_support: 0.0183
   Metrics/locomotion/error_vel_xy: 0.4092
  Metrics/locomotion/error_vel_yaw: 0.5527
      Episode_Termination/time_out: 1.0000
   Episode_Termination/bad_contact: 0.0000
          Episode_Termination/tilt: 0.0000
    Episode_Termination/low_height: 0.0000
--------------------------------------------------------------------------------
                   Total timesteps: 32256
                    Iteration time: 2.80s
                      Time elapsed: 00:00:59
                               ETA: 00:00:28

################################################################################
                       [1m Learning iteration 21/30 [0m                       

                       Computation: 547 steps/s (collection: 2.736s, learning 0.070s)
             Mean action noise std: 0.05
          Mean value_function loss: 0.2690
               Mean surrogate loss: -0.0126
                 Mean entropy loss: -25.2287
                       Mean reward: -39.49
               Mean episode length: 300.00
   Episode_Reward/term_bad_contact: 0.0000
          Episode_Reward/term_tilt: 0.0000
    Episode_Reward/term_low_height: 0.0000
      Episode_Reward/leg_action_l2: -0.0000
   Episode_Reward/tracking_lin_vel: 0.4266
Episode_Reward/tracking_lin_vel_x_exp: 0.5596
Episode_Reward/tracking_ang_vel_yaw_l1: 0.0000
Episode_Reward/tracking_ang_vel_yaw_exp: 0.4612
Episode_Reward/tracking_lin_vel_y_l2: 0.0000
Episode_Reward/tracking_lin_vel_z_l2: 0.0000
            Episode_Reward/survive: 0.0000
    Episode_Reward/foot_contacts_z: 0.0000
            Episode_Reward/torques: -0.1074
 Episode_Reward/tracking_lin_vel_y: 0.0000
          Episode_Reward/lin_vel_z: -0.0048
         Episode_Reward/ang_vel_xy: -0.0008
   Episode_Reward/tracking_ang_vel: 0.1745
               Episode_Reward/work: -0.0174
            Episode_Reward/dof_acc: -0.0002
        Episode_Reward/action_rate: -0.0000
     Episode_Reward/dof_pos_limits: 0.0000
      Episode_Reward/delta_torques: -0.0000
          Episode_Reward/collision: -6.0005
        Episode_Reward/walking_dof: 0.0185
            Episode_Reward/hip_pos: -0.0010
          Episode_Reward/feet_jerk: 0.0000
              Episode_Reward/alive: 0.3000
          Episode_Reward/feet_drag: -0.0044
Episode_Reward/feet_contact_forces: -0.1918
               Episode_Reward/roll: -0.0030
        Episode_Reward/base_height: -0.0088
Episode_Reward/tracking_lin_vel_max: 0.1859
Episode_Reward/flat_orientation_l2: -0.0064
  Episode_Reward/air_time_variance: -0.0000
        Episode_Reward/feet_height: 0.0000
      Episode_Reward/feet_air_time: -0.0001
Episode_Reward/update_last_buffers: 0.0000
   Episode_Reward/wheel_idle_speed: -0.0005
    Episode_Reward/wheel_action_l2: -0.0000
  Episode_Reward/wheel_action_rate: 0.0000
Episode_Reward/teacher_ensemble_match: 0.2250
  Episode_Reward/wheel_forward_use: 0.0289
 Episode_Reward/wheel_turn_support: 0.0183
   Metrics/locomotion/error_vel_xy: 0.4092
  Metrics/locomotion/error_vel_yaw: 0.5527
      Episode_Termination/time_out: 1.0000
   Episode_Termination/bad_contact: 0.0000
          Episode_Termination/tilt: 0.0000
    Episode_Termination/low_height: 0.0000
--------------------------------------------------------------------------------
                   Total timesteps: 33792
                    Iteration time: 2.81s
                      Time elapsed: 00:01:02
                               ETA: 00:00:25

################################################################################
                       [1m Learning iteration 22/30 [0m                       

                       Computation: 548 steps/s (collection: 2.730s, learning 0.070s)
             Mean action noise std: 0.05
          Mean value_function loss: 0.2231
               Mean surrogate loss: -0.0109
                 Mean entropy loss: -25.2287
                       Mean reward: -39.49
               Mean episode length: 300.00
   Episode_Reward/term_bad_contact: 0.0000
          Episode_Reward/term_tilt: 0.0000
    Episode_Reward/term_low_height: 0.0000
      Episode_Reward/leg_action_l2: -0.0000
   Episode_Reward/tracking_lin_vel: 0.4266
Episode_Reward/tracking_lin_vel_x_exp: 0.5596
Episode_Reward/tracking_ang_vel_yaw_l1: 0.0000
Episode_Reward/tracking_ang_vel_yaw_exp: 0.4612
Episode_Reward/tracking_lin_vel_y_l2: 0.0000
Episode_Reward/tracking_lin_vel_z_l2: 0.0000
            Episode_Reward/survive: 0.0000
    Episode_Reward/foot_contacts_z: 0.0000
            Episode_Reward/torques: -0.1074
 Episode_Reward/tracking_lin_vel_y: 0.0000
          Episode_Reward/lin_vel_z: -0.0048
         Episode_Reward/ang_vel_xy: -0.0008
   Episode_Reward/tracking_ang_vel: 0.1745
               Episode_Reward/work: -0.0174
            Episode_Reward/dof_acc: -0.0002
        Episode_Reward/action_rate: -0.0000
     Episode_Reward/dof_pos_limits: 0.0000
      Episode_Reward/delta_torques: -0.0000
          Episode_Reward/collision: -6.0005
        Episode_Reward/walking_dof: 0.0185
            Episode_Reward/hip_pos: -0.0010
          Episode_Reward/feet_jerk: 0.0000
              Episode_Reward/alive: 0.3000
          Episode_Reward/feet_drag: -0.0044
Episode_Reward/feet_contact_forces: -0.1918
               Episode_Reward/roll: -0.0030
        Episode_Reward/base_height: -0.0088
Episode_Reward/tracking_lin_vel_max: 0.1859
Episode_Reward/flat_orientation_l2: -0.0064
  Episode_Reward/air_time_variance: -0.0000
        Episode_Reward/feet_height: 0.0000
      Episode_Reward/feet_air_time: -0.0001
Episode_Reward/update_last_buffers: 0.0000
   Episode_Reward/wheel_idle_speed: -0.0005
    Episode_Reward/wheel_action_l2: -0.0000
  Episode_Reward/wheel_action_rate: 0.0000
Episode_Reward/teacher_ensemble_match: 0.2250
  Episode_Reward/wheel_forward_use: 0.0289
 Episode_Reward/wheel_turn_support: 0.0183
   Metrics/locomotion/error_vel_xy: 0.4092
  Metrics/locomotion/error_vel_yaw: 0.5527
      Episode_Termination/time_out: 1.0000
   Episode_Termination/bad_contact: 0.0000
          Episode_Termination/tilt: 0.0000
    Episode_Termination/low_height: 0.0000
--------------------------------------------------------------------------------
                   Total timesteps: 35328
                    Iteration time: 2.80s
                      Time elapsed: 00:01:05
                               ETA: 00:00:22

################################################################################
                       [1m Learning iteration 23/30 [0m                       

                       Computation: 551 steps/s (collection: 2.717s, learning 0.070s)
             Mean action noise std: 0.05
          Mean value_function loss: 0.2054
               Mean surrogate loss: -0.0107
                 Mean entropy loss: -25.2287
                       Mean reward: -39.49
               Mean episode length: 300.00
   Episode_Reward/term_bad_contact: 0.0000
          Episode_Reward/term_tilt: 0.0000
    Episode_Reward/term_low_height: 0.0000
      Episode_Reward/leg_action_l2: -0.0000
   Episode_Reward/tracking_lin_vel: 0.4266
Episode_Reward/tracking_lin_vel_x_exp: 0.5596
Episode_Reward/tracking_ang_vel_yaw_l1: 0.0000
Episode_Reward/tracking_ang_vel_yaw_exp: 0.4612
Episode_Reward/tracking_lin_vel_y_l2: 0.0000
Episode_Reward/tracking_lin_vel_z_l2: 0.0000
            Episode_Reward/survive: 0.0000
    Episode_Reward/foot_contacts_z: 0.0000
            Episode_Reward/torques: -0.1074
 Episode_Reward/tracking_lin_vel_y: 0.0000
          Episode_Reward/lin_vel_z: -0.0048
         Episode_Reward/ang_vel_xy: -0.0008
   Episode_Reward/tracking_ang_vel: 0.1745
               Episode_Reward/work: -0.0174
            Episode_Reward/dof_acc: -0.0002
        Episode_Reward/action_rate: -0.0000
     Episode_Reward/dof_pos_limits: 0.0000
      Episode_Reward/delta_torques: -0.0000
          Episode_Reward/collision: -6.0005
        Episode_Reward/walking_dof: 0.0185
            Episode_Reward/hip_pos: -0.0010
          Episode_Reward/feet_jerk: 0.0000
              Episode_Reward/alive: 0.3000
          Episode_Reward/feet_drag: -0.0044
Episode_Reward/feet_contact_forces: -0.1918
               Episode_Reward/roll: -0.0030
        Episode_Reward/base_height: -0.0088
Episode_Reward/tracking_lin_vel_max: 0.1859
Episode_Reward/flat_orientation_l2: -0.0064
  Episode_Reward/air_time_variance: -0.0000
        Episode_Reward/feet_height: 0.0000
      Episode_Reward/feet_air_time: -0.0001
Episode_Reward/update_last_buffers: 0.0000
   Episode_Reward/wheel_idle_speed: -0.0005
    Episode_Reward/wheel_action_l2: -0.0000
  Episode_Reward/wheel_action_rate: 0.0000
Episode_Reward/teacher_ensemble_match: 0.2250
  Episode_Reward/wheel_forward_use: 0.0289
 Episode_Reward/wheel_turn_support: 0.0183
   Metrics/locomotion/error_vel_xy: 0.4092
  Metrics/locomotion/error_vel_yaw: 0.5527
      Episode_Termination/time_out: 1.0000
   Episode_Termination/bad_contact: 0.0000
          Episode_Termination/tilt: 0.0000
    Episode_Termination/low_height: 0.0000
--------------------------------------------------------------------------------
                   Total timesteps: 36864
                    Iteration time: 2.79s
                      Time elapsed: 00:01:08
                               ETA: 00:00:19

################################################################################
                       [1m Learning iteration 24/30 [0m                       

                       Computation: 545 steps/s (collection: 2.745s, learning 0.070s)
             Mean action noise std: 0.05
          Mean value_function loss: 0.2212
               Mean surrogate loss: -0.0176
                 Mean entropy loss: -25.2287
                       Mean reward: -40.21
               Mean episode length: 300.00
   Episode_Reward/term_bad_contact: 0.0000
          Episode_Reward/term_tilt: 0.0000
    Episode_Reward/term_low_height: 0.0000
      Episode_Reward/leg_action_l2: -0.0000
   Episode_Reward/tracking_lin_vel: 0.4266
Episode_Reward/tracking_lin_vel_x_exp: 0.5587
Episode_Reward/tracking_ang_vel_yaw_l1: 0.0000
Episode_Reward/tracking_ang_vel_yaw_exp: 0.4600
Episode_Reward/tracking_lin_vel_y_l2: 0.0000
Episode_Reward/tracking_lin_vel_z_l2: 0.0000
            Episode_Reward/survive: 0.0000
    Episode_Reward/foot_contacts_z: 0.0000
            Episode_Reward/torques: -0.1079
 Episode_Reward/tracking_lin_vel_y: 0.0000
          Episode_Reward/lin_vel_z: -0.0048
         Episode_Reward/ang_vel_xy: -0.0008
   Episode_Reward/tracking_ang_vel: 0.1741
               Episode_Reward/work: -0.0174
            Episode_Reward/dof_acc: -0.0002
        Episode_Reward/action_rate: -0.0000
     Episode_Reward/dof_pos_limits: 0.0000
      Episode_Reward/delta_torques: -0.0000
          Episode_Reward/collision: -6.0020
        Episode_Reward/walking_dof: 0.0186
            Episode_Reward/hip_pos: -0.0010
          Episode_Reward/feet_jerk: 0.0000
              Episode_Reward/alive: 0.3000
          Episode_Reward/feet_drag: -0.0044
Episode_Reward/feet_contact_forces: -0.1918
               Episode_Reward/roll: -0.0031
        Episode_Reward/base_height: -0.0089
Episode_Reward/tracking_lin_vel_max: 0.1854
Episode_Reward/flat_orientation_l2: -0.0066
  Episode_Reward/air_time_variance: -0.0000
        Episode_Reward/feet_height: 0.0000
      Episode_Reward/feet_air_time: -0.0001
Episode_Reward/update_last_buffers: 0.0000
   Episode_Reward/wheel_idle_speed: -0.0005
    Episode_Reward/wheel_action_l2: -0.0000
  Episode_Reward/wheel_action_rate: 0.0000
Episode_Reward/teacher_ensemble_match: 0.2250
  Episode_Reward/wheel_forward_use: 0.0290
 Episode_Reward/wheel_turn_support: 0.0183
   Metrics/locomotion/error_vel_xy: 0.4093
  Metrics/locomotion/error_vel_yaw: 0.5544
      Episode_Termination/time_out: 1.0000
   Episode_Termination/bad_contact: 0.0000
          Episode_Termination/tilt: 0.0000
    Episode_Termination/low_height: 0.0000
--------------------------------------------------------------------------------
                   Total timesteps: 38400
                    Iteration time: 2.81s
                      Time elapsed: 00:01:11
                               ETA: 00:00:17
Loading user config located at: '/isaac-sim/kit/data/Kit/Isaac-Sim/5.1/user.config.json'
[Info] [carb] Logging to file: /isaac-sim/kit/logs/Kit/Isaac-Sim/5.1/kit_20260818_015922.log
2026-08-17T17:59:23Z [437ms] [Warning] [omni.usd_config.extension] Enable omni.materialx.libs extension to use MaterialX
2026-08-17T17:59:23Z [954ms] [Warning] [carb] Acquiring non optional plugin interface which is not listed as dependency: [omni::physx::IPhysxBenchmarks v1.0] (plugin: <default plugin>), by client: omni.physics.physx.plugin. Add it to CARB_PLUGIN_IMPL_DEPS() macro of a client.
2026-08-17T17:59:23Z [1,232ms] [Warning] [omni.isaac.dynamic_control] omni.isaac.dynamic_control is deprecated as of Isaac Sim 4.5. No action is needed from end-users.

|---------------------------------------------------------------------------------------------|
| Driver Version: 580.126.09    | Graphics API: Vulkan
|=============================================================================================|
| GPU | Name                             | Active | LDA | GPU Memory | Vendor-ID | LUID       |
|     |                                  |        |     |            | Device-ID | UUID       |
|     |                                  |        |     |            | Bus-ID    |            |
|---------------------------------------------------------------------------------------------|
| 0   | NVIDIA L40                       | Yes: 0 |     | 46068   MB | 10de      | 0          |
|     |                                  |        |     |            | 26b5      | c3c5dcf0.. |
|     |                                  |        |     |            | 37        |            |
|=============================================================================================|
| OS: 24.04.3 LTS (Noble Numbat) ubuntu, Version: 24.04.3, Kernel: 5.15.0-168-generic
| XServer Vendor: The X.Org Foundation, XServer Version: 12101011 (1.21.1.11)
| Processor: Intel(R) Xeon(R) Platinum 8358 CPU @ 2.60GHz
| Bare Metal Cores: 64 | Bare Metal Logical Cores: 128
| Core Usage Quota: 14
|---------------------------------------------------------------------------------------------|
| Total Memory (MB): 122880 | Free Memory: 119596
| Total Page/Swap (MB): 0 | Free Page/Swap: 0
|---------------------------------------------------------------------------------------------|
2026-08-17T17:59:27Z [4,749ms] [Warning] [gpu.foundation.plugin] ECC is enabled on physical device 0
2026-08-17T18:05:06Z [343,421ms] [Warning] [omni.physx.fabric.plugin] FabricManager::initializePointInstancer mismatched prototypes on point instancer: /Visuals/ee_goal.
2026-08-17T18:05:06Z [343,421ms] [Warning] [omni.physx.fabric.plugin] FabricManager::initializePointInstancer mismatched prototypes on point instancer: /Visuals/Command/velocity_current.
2026-08-17T18:05:06Z [343,421ms] [Warning] [omni.physx.fabric.plugin] FabricManager::initializePointInstancer mismatched prototypes on point instancer: /Visuals/ee_goal_center.
2026-08-17T18:05:06Z [343,421ms] [Warning] [omni.physx.fabric.plugin] FabricManager::initializePointInstancer mismatched prototypes on point instancer: /Visuals/Command/velocity_goal.
2026-08-17T18:05:06Z [343,421ms] [Warning] [omni.physx.fabric.plugin] FabricManager::initializePointInstancer mismatched prototypes on point instancer: /Visuals/ee_current.
