[INFO][AppLauncher]: Using device: cuda:0
[INFO][AppLauncher]: Loading experience file: /workspace/isaaclab/apps/isaaclab.python.headless.kit
[INFO]: Parsing configuration from: quadruped_arm.tasks.manager_based.maniploco.mobility_lower_env_cfg:MobilityLowerEnvCfg
======Missing terms====== 
[]
 =======================
[INFO]: Parsing configuration from: quadruped_arm.tasks.manager_based.maniploco.agents.rsl_rl_ppo_cfg:ManiPLocoPPORunnerCfg
[INFO] Logging experiment in directory: /root/gpufree-data/tandem_hrl_620d798/logs/rsl_rl/maniploco
Exact experiment name requested from command line: 2026-08-18_08-18-27

[36m======================================================================================[0m
[36m[1m[INFO][IsaacLab]: Logging to file: /tmp/isaaclab/logs/isaaclab_2026-08-18_08-18-27.log[0m
[36m======================================================================================[0m

[33m08:18:27 [simulation_context.py] WARNING: The `enable_external_forces_every_iteration` parameter in the PhysxCfg is set to False. If you are experiencing noisy velocities, consider enabling this flag. You may need to slightly increase the number of velocity iterations (setting it to 1 or 2 rather than 0), together with this flag, to improve the accuracy of velocity updates.[0m
[INFO]: Base environment:
	Environment device    : cuda:0
	Environment seed      : 149
	Physics step-size     : 0.008333333333333333
	Rendering step-size   : 0.03333333333333333
	Environment step-size : 0.03333333333333333
[33m08:18:27 [terrain_importer.py] WARNING: Visual material specified for ground plane but no diffuse color found. Using default color: (0.0, 0.0, 0.0)[0m
[INFO]: Time taken for scene creation : 2.849626 seconds
[INFO]: Scene manager:  <class InteractiveScene>
	Number of environments: 64
	Environment spacing   : 4.0
	Source prim name      : /World/envs/env_0
	Global prim paths     : ['/World/ground']
	Replicate physics     : True
[INFO]: Starting the simulation. This may take a few seconds. Please wait...
[INFO]: Time taken for simulation start : 0.860233 seconds
[33m08:18:32 [velocity_command.py] WARNING: The velocity command has the 'ranges.heading' attribute set to '(-3.141592653589793, 3.141592653589793)' but the heading command is not active. Consider setting the flag for the heading command to True.[0m
[INFO] Command Manager:  <CommandManager> contains 2 active terms.
+---------------------------------------------+
|             Active Command Terms            |
+-------+------------+------------------------+
| Index | Name       |          Type          |
+-------+------------+------------------------+
|   0   | locomotion | UniformVelocityCommand |
|   1   | ee_goal    | EeSphericalGoalCommand |
+-------+------------+------------------------+

[INFO] Event Manager:  <EventManager> contains 1 active terms.
+------------------------------------+
| Active Event Terms in Mode: 'reset' |
+-----------+------------------------+
|   Index   | Name                   |
+-----------+------------------------+
|     0     | reset_root             |
|     1     | reset_joints           |
|     2     | init_priv              |
|     3     | reset_rewards          |
+-----------+------------------------+

[INFO] Recorder Manager:  <RecorderManager> contains 0 active terms.
+---------------------+
| Active Recorder Terms |
+-----------+---------+
|   Index   | Name    |
+-----------+---------+
+-----------+---------+

[INFO] Action Manager:  <ActionManager> contains 3 active terms.
+------------------------------------+
|  Active Action Terms (shape: 16)   |
+--------+-------------+-------------+
| Index  | Name        |   Dimension |
+--------+-------------+-------------+
|   0    | leg_pos     |          12 |
|   1    | wheel_vel   |           4 |
|   2    | arm_ik      |           0 |
+--------+-------------+-------------+

[INFO] Observation Manager: <ObservationManager> contains 1 groups.
+--------------------------------------------------+
| Active Observation Terms in Group: 'policy' (shape: (876,)) |
+----------------+-------------+-------------------+
|     Index      | Name        |       Shape       |
+----------------+-------------+-------------------+
|       0        | obs         |       (876,)      |
+----------------+-------------+-------------------+

[INFO] Termination Manager:  <TerminationManager> contains 4 active terms.
+--------------------------------+
|    Active Termination Terms    |
+-------+-------------+----------+
| Index | Name        | Time Out |
+-------+-------------+----------+
|   0   | time_out    |   True   |
|   1   | bad_contact |  False   |
|   2   | tilt        |  False   |
|   3   | low_height  |  False   |
+-------+-------------+----------+

[INFO] Reward Manager:  <RewardManager> contains 43 active terms.
+---------------------------------------------------------+
|                   Active Reward Terms                   |
+-------+--------------------------+----------------------+
| Index | Name                     |               Weight |
+-------+--------------------------+----------------------+
|   0   | term_bad_contact         |              -3000.0 |
|   1   | term_tilt                |              -3000.0 |
|   2   | term_low_height          |              -3000.0 |
|   3   | leg_action_l2            |               -0.003 |
|   4   | tracking_lin_vel         |                  0.6 |
|   5   | tracking_lin_vel_x_exp   |                  1.5 |
|   6   | tracking_ang_vel_yaw_l1  |                  0.0 |
|   7   | tracking_ang_vel_yaw_exp |                  1.5 |
|   8   | tracking_lin_vel_y_l2    |                  0.0 |
|   9   | tracking_lin_vel_z_l2    |                  0.0 |
|   10  | survive                  |                  0.0 |
|   11  | foot_contacts_z          |                  0.0 |
|   12  | torques                  |             -7.5e-06 |
|   13  | tracking_lin_vel_y       |                  0.0 |
|   14  | lin_vel_z                | -0.44999999999999996 |
|   15  | ang_vel_xy               |                -0.06 |
|   16  | tracking_ang_vel         |                  0.3 |
|   17  | work                     |              -0.0009 |
|   18  | dof_acc                  |            -2.25e-07 |
|   19  | action_rate              |              -0.0045 |
|   20  | dof_pos_limits           |                 -3.0 |
|   21  | delta_torques            |               -3e-08 |
|   22  | collision                |                 -3.0 |
|   23  | walking_dof              |                 0.03 |
|   24  | hip_pos                  |                -0.06 |
|   25  | feet_jerk                |               -6e-05 |
|   26  | alive                    |                  0.3 |
|   27  | feet_drag                |               -0.024 |
|   28  | feet_contact_forces      |              -0.0003 |
|   29  | roll                     |                 -0.3 |
|   30  | base_height              |                 -0.6 |
|   31  | tracking_lin_vel_max     |  0.44999999999999996 |
|   32  | flat_orientation_l2      |                 -0.6 |
|   33  | air_time_variance        |                 -0.3 |
|   34  | feet_height              |                  0.0 |
|   35  | feet_air_time            |                0.015 |
|   36  | update_last_buffers      |                  0.0 |
|   37  | wheel_idle_speed         |              -0.0009 |
|   38  | wheel_action_l2          |              -0.0003 |
|   39  | wheel_action_rate        |              -0.0006 |
|   40  | teacher_ensemble_match   |                  0.0 |
|   41  | wheel_forward_use        |                 0.18 |
|   42  | wheel_turn_support       |                0.135 |
+-------+--------------------------+----------------------+

[INFO] Curriculum Manager:  <CurriculumManager> contains 0 active terms.
+----------------------+
| Active Curriculum Terms |
+-----------+----------+
|   Index   | Name     |
+-----------+----------+
+-----------+----------+

[INFO]: Completed setting up the environment...
[INFO] Multi-teacher lower-body mode enabled: ZYB stability + conservative transient + neutral recovery.
--------------------------------------------------------------------------------
Resolved observation sets: 
	 policy :  ['policy']
	 critic :  ['policy']
--------------------------------------------------------------------------------
Actor MLP: MLP(
  (0): Linear(in_features=876, out_features=256, bias=True)
  (1): ELU(alpha=1.0)
  (2): Linear(in_features=256, out_features=128, bias=True)
  (3): ELU(alpha=1.0)
  (4): Linear(in_features=128, out_features=16, bias=True)
)
Critic MLP: MLP(
  (0): Linear(in_features=876, out_features=256, bias=True)
  (1): ELU(alpha=1.0)
  (2): Linear(in_features=256, out_features=128, bias=True)
  (3): ELU(alpha=1.0)
  (4): Linear(in_features=128, out_features=1, bias=True)
)
[INFO] Action exploration std fixed to: 0.040000
[INFO] Leg action exploration std set to: 0.040000
[INFO] Wheel action exploration std fixed to: 0.030000
################################################################################
                       [1m Learning iteration 0/100 [0m                       

                       Computation: 422 steps/s (collection: 3.508s, learning 0.129s)
             Mean action noise std: 0.04
          Mean value_function loss: 1.4125
               Mean surrogate loss: 0.0882
                 Mean entropy loss: -29.9497
                       Mean reward: -1.46
               Mean episode length: 13.50
   Episode_Reward/term_bad_contact: 0.0000
          Episode_Reward/term_tilt: 0.0000
    Episode_Reward/term_low_height: 0.0000
      Episode_Reward/leg_action_l2: -0.0001
   Episode_Reward/tracking_lin_vel: 0.0118
Episode_Reward/tracking_lin_vel_x_exp: 0.0271
Episode_Reward/tracking_ang_vel_yaw_l1: 0.0000
Episode_Reward/tracking_ang_vel_yaw_exp: 0.0133
Episode_Reward/tracking_lin_vel_y_l2: 0.0000
Episode_Reward/tracking_lin_vel_z_l2: 0.0000
            Episode_Reward/survive: 0.0000
    Episode_Reward/foot_contacts_z: 0.0000
            Episode_Reward/torques: -0.0065
 Episode_Reward/tracking_lin_vel_y: 0.0000
          Episode_Reward/lin_vel_z: -0.0057
         Episode_Reward/ang_vel_xy: -0.0012
   Episode_Reward/tracking_ang_vel: 0.0050
               Episode_Reward/work: -0.0103
            Episode_Reward/dof_acc: -0.0004
        Episode_Reward/action_rate: -0.0000
     Episode_Reward/dof_pos_limits: 0.0000
      Episode_Reward/delta_torques: -0.0000
          Episode_Reward/collision: -0.1475
        Episode_Reward/walking_dof: 0.0001
            Episode_Reward/hip_pos: -0.0003
          Episode_Reward/feet_jerk: 0.0000
              Episode_Reward/alive: 0.0101
          Episode_Reward/feet_drag: -0.0004
Episode_Reward/feet_contact_forces: -0.0069
               Episode_Reward/roll: -0.0008
        Episode_Reward/base_height: -0.0014
Episode_Reward/tracking_lin_vel_max: 0.0084
Episode_Reward/flat_orientation_l2: -0.0005
  Episode_Reward/air_time_variance: -0.0000
        Episode_Reward/feet_height: 0.0000
      Episode_Reward/feet_air_time: -0.0000
Episode_Reward/update_last_buffers: 0.0000
   Episode_Reward/wheel_idle_speed: -0.0009
    Episode_Reward/wheel_action_l2: -0.0000
  Episode_Reward/wheel_action_rate: 0.0000
Episode_Reward/teacher_ensemble_match: 0.0000
  Episode_Reward/wheel_forward_use: 0.0000
 Episode_Reward/wheel_turn_support: 0.0014
   Metrics/locomotion/error_vel_xy: 0.0173
  Metrics/locomotion/error_vel_yaw: 0.0220
      Episode_Termination/time_out: 0.0449
   Episode_Termination/bad_contact: 0.0000
          Episode_Termination/tilt: 0.0000
    Episode_Termination/low_height: 0.0000
--------------------------------------------------------------------------------
                   Total timesteps: 1536
                    Iteration time: 3.64s
                      Time elapsed: 00:00:03
                               ETA: 00:06:03

Could not find git repository in /workspace/isaaclab/_isaac_sim/kit/python/lib/python3.11/site-packages/rsl_rl/__init__.py. Skipping.
Could not find git repository in /root/gpufree-data/tandem_hrl_620d798/scripts/rsl_rl/train.py. Skipping.
################################################################################
                       [1m Learning iteration 1/100 [0m                       

                       Computation: 479 steps/s (collection: 3.136s, learning 0.070s)
             Mean action noise std: 0.04
          Mean value_function loss: 1.1266
               Mean surrogate loss: 0.1296
                 Mean entropy loss: -29.9497
                       Mean reward: -3.20
               Mean episode length: 26.23
   Episode_Reward/term_bad_contact: 0.0000
          Episode_Reward/term_tilt: 0.0000
    Episode_Reward/term_low_height: 0.0000
      Episode_Reward/leg_action_l2: -0.0003
   Episode_Reward/tracking_lin_vel: 0.0416
Episode_Reward/tracking_lin_vel_x_exp: 0.0737
Episode_Reward/tracking_ang_vel_yaw_l1: 0.0000
Episode_Reward/tracking_ang_vel_yaw_exp: 0.0631
Episode_Reward/tracking_lin_vel_y_l2: 0.0000
Episode_Reward/tracking_lin_vel_z_l2: 0.0000
            Episode_Reward/survive: 0.0000
    Episode_Reward/foot_contacts_z: 0.0000
            Episode_Reward/torques: -0.0231
 Episode_Reward/tracking_lin_vel_y: 0.0000
          Episode_Reward/lin_vel_z: -0.0086
         Episode_Reward/ang_vel_xy: -0.0020
   Episode_Reward/tracking_ang_vel: 0.0231
               Episode_Reward/work: -0.0180
            Episode_Reward/dof_acc: -0.0004
        Episode_Reward/action_rate: -0.0001
     Episode_Reward/dof_pos_limits: 0.0000
      Episode_Reward/delta_torques: -0.0000
          Episode_Reward/collision: -0.6217
        Episode_Reward/walking_dof: 0.0017
            Episode_Reward/hip_pos: -0.0010
          Episode_Reward/feet_jerk: 0.0000
              Episode_Reward/alive: 0.0347
          Episode_Reward/feet_drag: -0.0012
Episode_Reward/feet_contact_forces: -0.0225
               Episode_Reward/roll: -0.0034
        Episode_Reward/base_height: -0.0041
Episode_Reward/tracking_lin_vel_max: 0.0112
Episode_Reward/flat_orientation_l2: -0.0031
  Episode_Reward/air_time_variance: -0.0001
        Episode_Reward/feet_height: 0.0000
      Episode_Reward/feet_air_time: -0.0000
Episode_Reward/update_last_buffers: 0.0000
   Episode_Reward/wheel_idle_speed: -0.0005
    Episode_Reward/wheel_action_l2: -0.0000
  Episode_Reward/wheel_action_rate: 0.0000
Episode_Reward/teacher_ensemble_match: 0.0000
  Episode_Reward/wheel_forward_use: 0.0026
 Episode_Reward/wheel_turn_support: 0.0083
   Metrics/locomotion/error_vel_xy: 0.0621
  Metrics/locomotion/error_vel_yaw: 0.0544
      Episode_Termination/time_out: 0.1478
   Episode_Termination/bad_contact: 0.0000
          Episode_Termination/tilt: 0.0000
    Episode_Termination/low_height: 0.0000
--------------------------------------------------------------------------------
                   Total timesteps: 3072
                    Iteration time: 3.21s
                      Time elapsed: 00:00:06
                               ETA: 00:05:38

################################################################################
                       [1m Learning iteration 2/100 [0m                       

                       Computation: 578 steps/s (collection: 2.584s, learning 0.070s)
             Mean action noise std: 0.04
          Mean value_function loss: 45.1596
               Mean surrogate loss: -0.0051
                 Mean entropy loss: -29.9497
                       Mean reward: -10.08
               Mean episode length: 35.83
   Episode_Reward/term_bad_contact: 0.0000
          Episode_Reward/term_tilt: -3.3333
    Episode_Reward/term_low_height: 0.0000
      Episode_Reward/leg_action_l2: -0.0004
   Episode_Reward/tracking_lin_vel: 0.0731
Episode_Reward/tracking_lin_vel_x_exp: 0.1022
Episode_Reward/tracking_ang_vel_yaw_l1: 0.0000
Episode_Reward/tracking_ang_vel_yaw_exp: 0.1271
Episode_Reward/tracking_lin_vel_y_l2: 0.0000
Episode_Reward/tracking_lin_vel_z_l2: 0.0000
            Episode_Reward/survive: 0.0000
    Episode_Reward/foot_contacts_z: 0.0000
            Episode_Reward/torques: -0.0462
 Episode_Reward/tracking_lin_vel_y: 0.0000
          Episode_Reward/lin_vel_z: -0.0093
         Episode_Reward/ang_vel_xy: -0.0034
   Episode_Reward/tracking_ang_vel: 0.0448
               Episode_Reward/work: -0.0215
            Episode_Reward/dof_acc: -0.0004
        Episode_Reward/action_rate: -0.0001
     Episode_Reward/dof_pos_limits: 0.0000
      Episode_Reward/delta_torques: -0.0000
          Episode_Reward/collision: -1.0971
        Episode_Reward/walking_dof: 0.0035
            Episode_Reward/hip_pos: -0.0028
          Episode_Reward/feet_jerk: 0.0000
              Episode_Reward/alive: 0.0582
          Episode_Reward/feet_drag: -0.0017
Episode_Reward/feet_contact_forces: -0.0368
               Episode_Reward/roll: -0.0044
        Episode_Reward/base_height: -0.0089
Episode_Reward/tracking_lin_vel_max: 0.0083
Episode_Reward/flat_orientation_l2: -0.0091
  Episode_Reward/air_time_variance: -0.0004
        Episode_Reward/feet_height: 0.0000
      Episode_Reward/feet_air_time: -0.0000
Episode_Reward/update_last_buffers: 0.0000
   Episode_Reward/wheel_idle_speed: -0.0008
    Episode_Reward/wheel_action_l2: -0.0000
  Episode_Reward/wheel_action_rate: 0.0000
Episode_Reward/teacher_ensemble_match: 0.0000
  Episode_Reward/wheel_forward_use: 0.0075
 Episode_Reward/wheel_turn_support: 0.0136
   Metrics/locomotion/error_vel_xy: 0.0962
  Metrics/locomotion/error_vel_yaw: 0.0697
      Episode_Termination/time_out: 0.2344
   Episode_Termination/bad_contact: 0.0000
          Episode_Termination/tilt: 0.0085
    Episode_Termination/low_height: 0.0000
--------------------------------------------------------------------------------
                   Total timesteps: 4608
                    Iteration time: 2.65s
                      Time elapsed: 00:00:09
                               ETA: 00:05:10

################################################################################
                       [1m Learning iteration 3/100 [0m                       

                       Computation: 583 steps/s (collection: 2.560s, learning 0.071s)
             Mean action noise std: 0.04
          Mean value_function loss: 0.9774
               Mean surrogate loss: 0.0289
                 Mean entropy loss: -29.9497
                       Mean reward: -10.00
               Mean episode length: 40.30
   Episode_Reward/term_bad_contact: 0.0000
          Episode_Reward/term_tilt: 0.0000
    Episode_Reward/term_low_height: 0.0000
      Episode_Reward/leg_action_l2: -0.0003
   Episode_Reward/tracking_lin_vel: 0.1096
Episode_Reward/tracking_lin_vel_x_exp: 0.1769
Episode_Reward/tracking_ang_vel_yaw_l1: 0.0000
Episode_Reward/tracking_ang_vel_yaw_exp: 0.1613
Episode_Reward/tracking_lin_vel_y_l2: 0.0000
Episode_Reward/tracking_lin_vel_z_l2: 0.0000
            Episode_Reward/survive: 0.0000
    Episode_Reward/foot_contacts_z: 0.0000
            Episode_Reward/torques: -0.0648
 Episode_Reward/tracking_lin_vel_y: 0.0000
          Episode_Reward/lin_vel_z: -0.0068
         Episode_Reward/ang_vel_xy: -0.0027
   Episode_Reward/tracking_ang_vel: 0.0591
               Episode_Reward/work: -0.0151
            Episode_Reward/dof_acc: -0.0002
        Episode_Reward/action_rate: -0.0001
     Episode_Reward/dof_pos_limits: 0.0000
      Episode_Reward/delta_torques: -0.0001
          Episode_Reward/collision: -1.5112
        Episode_Reward/walking_dof: 0.0055
            Episode_Reward/hip_pos: -0.0035
          Episode_Reward/feet_jerk: 0.0000
              Episode_Reward/alive: 0.0792
          Episode_Reward/feet_drag: -0.0017
Episode_Reward/feet_contact_forces: -0.0491
               Episode_Reward/roll: -0.0078
        Episode_Reward/base_height: -0.0116
Episode_Reward/tracking_lin_vel_max: 0.0427
Episode_Reward/flat_orientation_l2: -0.0127
  Episode_Reward/air_time_variance: -0.0004
        Episode_Reward/feet_height: 0.0000
      Episode_Reward/feet_air_time: -0.0000
Episode_Reward/update_last_buffers: 0.0000
   Episode_Reward/wheel_idle_speed: -0.0002
    Episode_Reward/wheel_action_l2: -0.0000
  Episode_Reward/wheel_action_rate: 0.0000
Episode_Reward/teacher_ensemble_match: 0.0000
  Episode_Reward/wheel_forward_use: 0.0000
 Episode_Reward/wheel_turn_support: 0.0208
   Metrics/locomotion/error_vel_xy: 0.1135
  Metrics/locomotion/error_vel_yaw: 0.1057
      Episode_Termination/time_out: 0.2871
   Episode_Termination/bad_contact: 0.0000
          Episode_Termination/tilt: 0.0156
    Episode_Termination/low_height: 0.0000
--------------------------------------------------------------------------------
                   Total timesteps: 6144
                    Iteration time: 2.63s
                      Time elapsed: 00:00:12
                               ETA: 00:04:54

################################################################################
                       [1m Learning iteration 4/100 [0m                       

                       Computation: 569 steps/s (collection: 2.626s, learning 0.071s)
             Mean action noise std: 0.04
          Mean value_function loss: 0.9252
               Mean surrogate loss: 0.0322
                 Mean entropy loss: -29.9497
                       Mean reward: -11.04
               Mean episode length: 59.75
   Episode_Reward/term_bad_contact: 0.0000
          Episode_Reward/term_tilt: 0.0000
    Episode_Reward/term_low_height: 0.0000
      Episode_Reward/leg_action_l2: -0.0009
   Episode_Reward/tracking_lin_vel: 0.1550
Episode_Reward/tracking_lin_vel_x_exp: 0.2143
Episode_Reward/tracking_ang_vel_yaw_l1: 0.0000
Episode_Reward/tracking_ang_vel_yaw_exp: 0.2392
Episode_Reward/tracking_lin_vel_y_l2: 0.0000
Episode_Reward/tracking_lin_vel_z_l2: 0.0000
            Episode_Reward/survive: 0.0000
    Episode_Reward/foot_contacts_z: 0.0000
            Episode_Reward/torques: -0.0698
 Episode_Reward/tracking_lin_vel_y: 0.0000
          Episode_Reward/lin_vel_z: -0.0091
         Episode_Reward/ang_vel_xy: -0.0025
   Episode_Reward/tracking_ang_vel: 0.0846
               Episode_Reward/work: -0.0202
            Episode_Reward/dof_acc: -0.0004
        Episode_Reward/action_rate: -0.0003
     Episode_Reward/dof_pos_limits: 0.0000
      Episode_Reward/delta_torques: -0.0001
          Episode_Reward/collision: -2.0335
        Episode_Reward/walking_dof: 0.0074
            Episode_Reward/hip_pos: -0.0041
          Episode_Reward/feet_jerk: 0.0000
              Episode_Reward/alive: 0.1053
          Episode_Reward/feet_drag: -0.0019
Episode_Reward/feet_contact_forces: -0.0680
               Episode_Reward/roll: -0.0091
        Episode_Reward/base_height: -0.0137
Episode_Reward/tracking_lin_vel_max: 0.0376
Episode_Reward/flat_orientation_l2: -0.0095
  Episode_Reward/air_time_variance: -0.0011
        Episode_Reward/feet_height: 0.0000
      Episode_Reward/feet_air_time: -0.0001
Episode_Reward/update_last_buffers: 0.0000
   Episode_Reward/wheel_idle_speed: -0.0001
    Episode_Reward/wheel_action_l2: -0.0000
  Episode_Reward/wheel_action_rate: 0.0000
Episode_Reward/teacher_ensemble_match: 0.0000
  Episode_Reward/wheel_forward_use: 0.0010
 Episode_Reward/wheel_turn_support: 0.0325
   Metrics/locomotion/error_vel_xy: 0.1402
  Metrics/locomotion/error_vel_yaw: 0.1153
      Episode_Termination/time_out: 0.3626
   Episode_Termination/bad_contact: 0.0000
          Episode_Termination/tilt: 0.0156
    Episode_Termination/low_height: 0.0000
--------------------------------------------------------------------------------
                   Total timesteps: 7680
                    Iteration time: 2.70s
                      Time elapsed: 00:00:14
                               ETA: 00:04:44

################################################################################
                       [1m Learning iteration 5/100 [0m                       

                       Computation: 564 steps/s (collection: 2.651s, learning 0.070s)
             Mean action noise std: 0.04
          Mean value_function loss: 0.8549
               Mean surrogate loss: 0.0360
                 Mean entropy loss: -29.9497
                       Mean reward: -12.67
               Mean episode length: 79.05
   Episode_Reward/term_bad_contact: 0.0000
          Episode_Reward/term_tilt: 0.0000
    Episode_Reward/term_low_height: 0.0000
      Episode_Reward/leg_action_l2: -0.0006
   Episode_Reward/tracking_lin_vel: 0.1955
Episode_Reward/tracking_lin_vel_x_exp: 0.2488
Episode_Reward/tracking_ang_vel_yaw_l1: 0.0000
Episode_Reward/tracking_ang_vel_yaw_exp: 0.2103
Episode_Reward/tracking_lin_vel_y_l2: 0.0000
Episode_Reward/tracking_lin_vel_z_l2: 0.0000
            Episode_Reward/survive: 0.0000
    Episode_Reward/foot_contacts_z: 0.0000
            Episode_Reward/torques: -0.0946
 Episode_Reward/tracking_lin_vel_y: 0.0000
          Episode_Reward/lin_vel_z: -0.0076
         Episode_Reward/ang_vel_xy: -0.0021
   Episode_Reward/tracking_ang_vel: 0.0939
               Episode_Reward/work: -0.0162
            Episode_Reward/dof_acc: -0.0003
        Episode_Reward/action_rate: -0.0002
     Episode_Reward/dof_pos_limits: 0.0000
      Episode_Reward/delta_torques: -0.0001
          Episode_Reward/collision: -2.5494
        Episode_Reward/walking_dof: 0.0074
            Episode_Reward/hip_pos: -0.0067
          Episode_Reward/feet_jerk: 0.0000
              Episode_Reward/alive: 0.1307
          Episode_Reward/feet_drag: -0.0019
Episode_Reward/feet_contact_forces: -0.0771
               Episode_Reward/roll: -0.0106
        Episode_Reward/base_height: -0.0173
Episode_Reward/tracking_lin_vel_max: 0.0769
Episode_Reward/flat_orientation_l2: -0.0214
  Episode_Reward/air_time_variance: -0.0004
        Episode_Reward/feet_height: 0.0000
      Episode_Reward/feet_air_time: -0.0000
Episode_Reward/update_last_buffers: 0.0000
   Episode_Reward/wheel_idle_speed: -0.0005
    Episode_Reward/wheel_action_l2: -0.0000
  Episode_Reward/wheel_action_rate: 0.0000
Episode_Reward/teacher_ensemble_match: 0.0000
  Episode_Reward/wheel_forward_use: 0.0020
 Episode_Reward/wheel_turn_support: 0.0423
   Metrics/locomotion/error_vel_xy: 0.1667
  Metrics/locomotion/error_vel_yaw: 0.1832
      Episode_Termination/time_out: 0.4993
   Episode_Termination/bad_contact: 0.0000
          Episode_Termination/tilt: 0.0156
    Episode_Termination/low_height: 0.0000
--------------------------------------------------------------------------------
                   Total timesteps: 9216
                    Iteration time: 2.72s
                      Time elapsed: 00:00:17
                               ETA: 00:04:37

################################################################################
                       [1m Learning iteration 6/100 [0m                       

                       Computation: 564 steps/s (collection: 2.650s, learning 0.070s)
             Mean action noise std: 0.04
          Mean value_function loss: 0.8559
               Mean surrogate loss: 0.0212
                 Mean entropy loss: -29.9497
                       Mean reward: -13.99
               Mean episode length: 94.02
   Episode_Reward/term_bad_contact: 0.0000
          Episode_Reward/term_tilt: 0.0000
    Episode_Reward/term_low_height: 0.0000
      Episode_Reward/leg_action_l2: -0.0006
   Episode_Reward/tracking_lin_vel: 0.2213
Episode_Reward/tracking_lin_vel_x_exp: 0.2883
Episode_Reward/tracking_ang_vel_yaw_l1: 0.0000
Episode_Reward/tracking_ang_vel_yaw_exp: 0.4253
Episode_Reward/tracking_lin_vel_y_l2: 0.0000
Episode_Reward/tracking_lin_vel_z_l2: 0.0000
            Episode_Reward/survive: 0.0000
    Episode_Reward/foot_contacts_z: 0.0000
            Episode_Reward/torques: -0.1139
 Episode_Reward/tracking_lin_vel_y: 0.0000
          Episode_Reward/lin_vel_z: -0.0081
         Episode_Reward/ang_vel_xy: -0.0020
   Episode_Reward/tracking_ang_vel: 0.1299
               Episode_Reward/work: -0.0173
            Episode_Reward/dof_acc: -0.0003
        Episode_Reward/action_rate: -0.0002
     Episode_Reward/dof_pos_limits: 0.0000
      Episode_Reward/delta_torques: -0.0001
          Episode_Reward/collision: -3.0388
        Episode_Reward/walking_dof: 0.0098
            Episode_Reward/hip_pos: -0.0072
          Episode_Reward/feet_jerk: 0.0000
              Episode_Reward/alive: 0.1552
          Episode_Reward/feet_drag: -0.0027
Episode_Reward/feet_contact_forces: -0.0948
               Episode_Reward/roll: -0.0130
        Episode_Reward/base_height: -0.0214
Episode_Reward/tracking_lin_vel_max: 0.0684
Episode_Reward/flat_orientation_l2: -0.0224
  Episode_Reward/air_time_variance: -0.0004
        Episode_Reward/feet_height: 0.0000
      Episode_Reward/feet_air_time: -0.0001
Episode_Reward/update_last_buffers: 0.0000
   Episode_Reward/wheel_idle_speed: -0.0004
    Episode_Reward/wheel_action_l2: -0.0000
  Episode_Reward/wheel_action_rate: 0.0000
Episode_Reward/teacher_ensemble_match: 0.0000
  Episode_Reward/wheel_forward_use: 0.0309
 Episode_Reward/wheel_turn_support: 0.0300
   Metrics/locomotion/error_vel_xy: 0.2132
  Metrics/locomotion/error_vel_yaw: 0.1355
      Episode_Termination/time_out: 0.6471
   Episode_Termination/bad_contact: 0.0000
          Episode_Termination/tilt: 0.0156
    Episode_Termination/low_height: 0.0000
--------------------------------------------------------------------------------
                   Total timesteps: 10752
                    Iteration time: 2.72s
                      Time elapsed: 00:00:20
                               ETA: 00:04:32

################################################################################
                       [1m Learning iteration 7/100 [0m                       

                       Computation: 582 steps/s (collection: 2.567s, learning 0.070s)
             Mean action noise std: 0.04
          Mean value_function loss: 0.6920
               Mean surrogate loss: -0.0070
                 Mean entropy loss: -29.9497
                       Mean reward: -14.73
               Mean episode length: 99.16
   Episode_Reward/term_bad_contact: 0.0000
          Episode_Reward/term_tilt: 0.0000
    Episode_Reward/term_low_height: 0.0000
      Episode_Reward/leg_action_l2: -0.0010
   Episode_Reward/tracking_lin_vel: 0.2311
Episode_Reward/tracking_lin_vel_x_exp: 0.2271
Episode_Reward/tracking_ang_vel_yaw_l1: 0.0000
Episode_Reward/tracking_ang_vel_yaw_exp: 0.3714
Episode_Reward/tracking_lin_vel_y_l2: 0.0000
Episode_Reward/tracking_lin_vel_z_l2: 0.0000
            Episode_Reward/survive: 0.0000
    Episode_Reward/foot_contacts_z: 0.0000
            Episode_Reward/torques: -0.1139
 Episode_Reward/tracking_lin_vel_y: 0.0000
          Episode_Reward/lin_vel_z: -0.0085
         Episode_Reward/ang_vel_xy: -0.0018
   Episode_Reward/tracking_ang_vel: 0.1381
               Episode_Reward/work: -0.0191
            Episode_Reward/dof_acc: -0.0006
        Episode_Reward/action_rate: -0.0003
     Episode_Reward/dof_pos_limits: 0.0000
      Episode_Reward/delta_torques: -0.0001
          Episode_Reward/collision: -3.4771
        Episode_Reward/walking_dof: 0.0144
            Episode_Reward/hip_pos: -0.0045
          Episode_Reward/feet_jerk: 0.0000
              Episode_Reward/alive: 0.1772
          Episode_Reward/feet_drag: -0.0032
Episode_Reward/feet_contact_forces: -0.1118
               Episode_Reward/roll: -0.0131
        Episode_Reward/base_height: -0.0183
Episode_Reward/tracking_lin_vel_max: 0.0219
Episode_Reward/flat_orientation_l2: -0.0173
  Episode_Reward/air_time_variance: -0.0003
        Episode_Reward/feet_height: 0.0000
      Episode_Reward/feet_air_time: -0.0001
Episode_Reward/update_last_buffers: 0.0000
   Episode_Reward/wheel_idle_speed: -0.0000
    Episode_Reward/wheel_action_l2: -0.0000
  Episode_Reward/wheel_action_rate: 0.0000
Episode_Reward/teacher_ensemble_match: 0.0000
  Episode_Reward/wheel_forward_use: 0.0091
 Episode_Reward/wheel_turn_support: 0.0550
   Metrics/locomotion/error_vel_xy: 0.2891
  Metrics/locomotion/error_vel_yaw: 0.2034
      Episode_Termination/time_out: 0.7448
   Episode_Termination/bad_contact: 0.0000
          Episode_Termination/tilt: 0.0156
    Episode_Termination/low_height: 0.0000
--------------------------------------------------------------------------------
                   Total timesteps: 12288
                    Iteration time: 2.64s
                      Time elapsed: 00:00:22
                               ETA: 00:04:26

################################################################################
                       [1m Learning iteration 8/100 [0m                       

                       Computation: 585 steps/s (collection: 2.553s, learning 0.070s)
             Mean action noise std: 0.04
          Mean value_function loss: 0.5381
               Mean surrogate loss: -0.0004
                 Mean entropy loss: -29.9497
                       Mean reward: -15.80
               Mean episode length: 105.26
   Episode_Reward/term_bad_contact: 0.0000
          Episode_Reward/term_tilt: 0.0000
    Episode_Reward/term_low_height: 0.0000
      Episode_Reward/leg_action_l2: -0.0014
   Episode_Reward/tracking_lin_vel: 0.3054
Episode_Reward/tracking_lin_vel_x_exp: 0.3784
Episode_Reward/tracking_ang_vel_yaw_l1: 0.0000
Episode_Reward/tracking_ang_vel_yaw_exp: 0.2641
Episode_Reward/tracking_lin_vel_y_l2: 0.0000
Episode_Reward/tracking_lin_vel_z_l2: 0.0000
            Episode_Reward/survive: 0.0000
    Episode_Reward/foot_contacts_z: 0.0000
            Episode_Reward/torques: -0.1272
 Episode_Reward/tracking_lin_vel_y: 0.0000
          Episode_Reward/lin_vel_z: -0.0077
         Episode_Reward/ang_vel_xy: -0.0015
   Episode_Reward/tracking_ang_vel: 0.1315
               Episode_Reward/work: -0.0184
            Episode_Reward/dof_acc: -0.0006
        Episode_Reward/action_rate: -0.0005
     Episode_Reward/dof_pos_limits: 0.0000
      Episode_Reward/delta_torques: -0.0001
          Episode_Reward/collision: -3.9838
        Episode_Reward/walking_dof: 0.0107
            Episode_Reward/hip_pos: -0.0054
          Episode_Reward/feet_jerk: 0.0000
              Episode_Reward/alive: 0.1996
          Episode_Reward/feet_drag: -0.0031
Episode_Reward/feet_contact_forces: -0.1269
               Episode_Reward/roll: -0.0129
        Episode_Reward/base_height: -0.0218
Episode_Reward/tracking_lin_vel_max: 0.1107
Episode_Reward/flat_orientation_l2: -0.0188
  Episode_Reward/air_time_variance: -0.0003
        Episode_Reward/feet_height: 0.0000
      Episode_Reward/feet_air_time: -0.0000
Episode_Reward/update_last_buffers: 0.0000
   Episode_Reward/wheel_idle_speed: -0.0009
    Episode_Reward/wheel_action_l2: -0.0000
  Episode_Reward/wheel_action_rate: 0.0000
Episode_Reward/teacher_ensemble_match: 0.0000
  Episode_Reward/wheel_forward_use: 0.0045
 Episode_Reward/wheel_turn_support: 0.0588
   Metrics/locomotion/error_vel_xy: 0.2483
  Metrics/locomotion/error_vel_yaw: 0.3157
      Episode_Termination/time_out: 0.7852
   Episode_Termination/bad_contact: 0.0000
          Episode_Termination/tilt: 0.0156
    Episode_Termination/low_height: 0.0000
--------------------------------------------------------------------------------
                   Total timesteps: 13824
                    Iteration time: 2.62s
                      Time elapsed: 00:00:25
                               ETA: 00:04:20

################################################################################
                       [1m Learning iteration 9/100 [0m                       

                       Computation: 584 steps/s (collection: 2.557s, learning 0.070s)
             Mean action noise std: 0.04
          Mean value_function loss: 0.5765
               Mean surrogate loss: 0.0131
                 Mean entropy loss: -29.9497
                       Mean reward: -16.40
               Mean episode length: 111.62
   Episode_Reward/term_bad_contact: 0.0000
          Episode_Reward/term_tilt: 0.0000
    Episode_Reward/term_low_height: 0.0000
      Episode_Reward/leg_action_l2: -0.0007
   Episode_Reward/tracking_lin_vel: 0.3954
Episode_Reward/tracking_lin_vel_x_exp: 0.6741
Episode_Reward/tracking_ang_vel_yaw_l1: 0.0000
Episode_Reward/tracking_ang_vel_yaw_exp: 0.4424
Episode_Reward/tracking_lin_vel_y_l2: 0.0000
Episode_Reward/tracking_lin_vel_z_l2: 0.0000
            Episode_Reward/survive: 0.0000
    Episode_Reward/foot_contacts_z: 0.0000
            Episode_Reward/torques: -0.1909
 Episode_Reward/tracking_lin_vel_y: 0.0000
          Episode_Reward/lin_vel_z: -0.0091
         Episode_Reward/ang_vel_xy: -0.0025
   Episode_Reward/tracking_ang_vel: 0.1700
               Episode_Reward/work: -0.0201
            Episode_Reward/dof_acc: -0.0008
        Episode_Reward/action_rate: -0.0002
     Episode_Reward/dof_pos_limits: 0.0000
      Episode_Reward/delta_torques: -0.0002
          Episode_Reward/collision: -4.4188
        Episode_Reward/walking_dof: 0.0060
            Episode_Reward/hip_pos: -0.0154
          Episode_Reward/feet_jerk: 0.0000
              Episode_Reward/alive: 0.2246
          Episode_Reward/feet_drag: -0.0024
Episode_Reward/feet_contact_forces: -0.1422
               Episode_Reward/roll: -0.0263
        Episode_Reward/base_height: -0.0401
Episode_Reward/tracking_lin_vel_max: 0.2177
Episode_Reward/flat_orientation_l2: -0.0361
  Episode_Reward/air_time_variance: -0.0008
        Episode_Reward/feet_height: 0.0000
      Episode_Reward/feet_air_time: -0.0000
Episode_Reward/update_last_buffers: 0.0000
   Episode_Reward/wheel_idle_speed: -0.0024
    Episode_Reward/wheel_action_l2: -0.0000
  Episode_Reward/wheel_action_rate: 0.0000
Episode_Reward/teacher_ensemble_match: 0.0000
  Episode_Reward/wheel_forward_use: 0.0195
 Episode_Reward/wheel_turn_support: 0.0622
   Metrics/locomotion/error_vel_xy: 0.1699
  Metrics/locomotion/error_vel_yaw: 0.2738
      Episode_Termination/time_out: 0.8457
   Episode_Termination/bad_contact: 0.0000
          Episode_Termination/tilt: 0.0156
    Episode_Termination/low_height: 0.0000
--------------------------------------------------------------------------------
                   Total timesteps: 15360
                    Iteration time: 2.63s
                      Time elapsed: 00:00:28
                               ETA: 00:04:16

################################################################################
                      [1m Learning iteration 10/100 [0m                       

                       Computation: 587 steps/s (collection: 2.544s, learning 0.070s)
             Mean action noise std: 0.04
          Mean value_function loss: 0.5193
               Mean surrogate loss: 0.0062
                 Mean entropy loss: -29.9497
                       Mean reward: -16.78
               Mean episode length: 116.31
   Episode_Reward/term_bad_contact: 0.0000
          Episode_Reward/term_tilt: 0.0000
    Episode_Reward/term_low_height: 0.0000
      Episode_Reward/leg_action_l2: -0.0005
   Episode_Reward/tracking_lin_vel: 0.4028
Episode_Reward/tracking_lin_vel_x_exp: 0.5811
Episode_Reward/tracking_ang_vel_yaw_l1: 0.0000
Episode_Reward/tracking_ang_vel_yaw_exp: 0.8656
Episode_Reward/tracking_lin_vel_y_l2: 0.0000
Episode_Reward/tracking_lin_vel_z_l2: 0.0000
            Episode_Reward/survive: 0.0000
    Episode_Reward/foot_contacts_z: 0.0000
            Episode_Reward/torques: -0.2065
 Episode_Reward/tracking_lin_vel_y: 0.0000
          Episode_Reward/lin_vel_z: -0.0095
         Episode_Reward/ang_vel_xy: -0.0017
   Episode_Reward/tracking_ang_vel: 0.2347
               Episode_Reward/work: -0.0220
            Episode_Reward/dof_acc: -0.0002
        Episode_Reward/action_rate: -0.0001
     Episode_Reward/dof_pos_limits: 0.0000
      Episode_Reward/delta_torques: -0.0002
          Episode_Reward/collision: -4.8125
        Episode_Reward/walking_dof: 0.0085
            Episode_Reward/hip_pos: -0.0098
          Episode_Reward/feet_jerk: 0.0000
              Episode_Reward/alive: 0.2442
          Episode_Reward/feet_drag: -0.0034
Episode_Reward/feet_contact_forces: -0.1577
               Episode_Reward/roll: -0.0194
        Episode_Reward/base_height: -0.0379
Episode_Reward/tracking_lin_vel_max: 0.2248
Episode_Reward/flat_orientation_l2: -0.0368
  Episode_Reward/air_time_variance: -0.0002
        Episode_Reward/feet_height: 0.0000
      Episode_Reward/feet_air_time: -0.0000
Episode_Reward/update_last_buffers: 0.0000
   Episode_Reward/wheel_idle_speed: -0.0009
    Episode_Reward/wheel_action_l2: -0.0000
  Episode_Reward/wheel_action_rate: 0.0000
Episode_Reward/teacher_ensemble_match: 0.0000
  Episode_Reward/wheel_forward_use: 0.0435
 Episode_Reward/wheel_turn_support: 0.0117
   Metrics/locomotion/error_vel_xy: 0.2448
  Metrics/locomotion/error_vel_yaw: 0.1011
      Episode_Termination/time_out: 0.8822
   Episode_Termination/bad_contact: 0.0000
          Episode_Termination/tilt: 0.0156
    Episode_Termination/low_height: 0.0000
--------------------------------------------------------------------------------
                   Total timesteps: 16896
                    Iteration time: 2.61s
                      Time elapsed: 00:00:30
                               ETA: 00:04:11

################################################################################
                      [1m Learning iteration 11/100 [0m                       

                       Computation: 582 steps/s (collection: 2.565s, learning 0.069s)
             Mean action noise std: 0.04
          Mean value_function loss: 0.5284
               Mean surrogate loss: 0.0010
                 Mean entropy loss: -29.9497
                       Mean reward: -18.10
               Mean episode length: 129.19
   Episode_Reward/term_bad_contact: 0.0000
          Episode_Reward/term_tilt: 0.0000
    Episode_Reward/term_low_height: 0.0000
      Episode_Reward/leg_action_l2: -0.0011
   Episode_Reward/tracking_lin_vel: 0.4477
Episode_Reward/tracking_lin_vel_x_exp: 0.6776
Episode_Reward/tracking_ang_vel_yaw_l1: 0.0000
Episode_Reward/tracking_ang_vel_yaw_exp: 0.6934
Episode_Reward/tracking_lin_vel_y_l2: 0.0000
Episode_Reward/tracking_lin_vel_z_l2: 0.0000
            Episode_Reward/survive: 0.0000
    Episode_Reward/foot_contacts_z: 0.0000
            Episode_Reward/torques: -0.2166
 Episode_Reward/tracking_lin_vel_y: 0.0000
          Episode_Reward/lin_vel_z: -0.0094
         Episode_Reward/ang_vel_xy: -0.0020
   Episode_Reward/tracking_ang_vel: 0.2281
               Episode_Reward/work: -0.0207
            Episode_Reward/dof_acc: -0.0003
        Episode_Reward/action_rate: -0.0003
     Episode_Reward/dof_pos_limits: 0.0000
      Episode_Reward/delta_torques: -0.0002
          Episode_Reward/collision: -5.2756
        Episode_Reward/walking_dof: 0.0074
            Episode_Reward/hip_pos: -0.0148
          Episode_Reward/feet_jerk: 0.0000
              Episode_Reward/alive: 0.2676
          Episode_Reward/feet_drag: -0.0032
Episode_Reward/feet_contact_forces: -0.1682
               Episode_Reward/roll: -0.0222
        Episode_Reward/base_height: -0.0428
Episode_Reward/tracking_lin_vel_max: 0.2839
Episode_Reward/flat_orientation_l2: -0.0425
  Episode_Reward/air_time_variance: -0.0005
        Episode_Reward/feet_height: 0.0000
      Episode_Reward/feet_air_time: -0.0000
Episode_Reward/update_last_buffers: 0.0000
   Episode_Reward/wheel_idle_speed: -0.0010
    Episode_Reward/wheel_action_l2: -0.0000
  Episode_Reward/wheel_action_rate: 0.0000
Episode_Reward/teacher_ensemble_match: 0.0000
  Episode_Reward/wheel_forward_use: 0.0144
 Episode_Reward/wheel_turn_support: 0.0603
   Metrics/locomotion/error_vel_xy: 0.2510
  Metrics/locomotion/error_vel_yaw: 0.2334
      Episode_Termination/time_out: 0.9245
   Episode_Termination/bad_contact: 0.0000
          Episode_Termination/tilt: 0.0156
    Episode_Termination/low_height: 0.0000
--------------------------------------------------------------------------------
                   Total timesteps: 18432
                    Iteration time: 2.63s
                      Time elapsed: 00:00:33
                               ETA: 00:04:07

################################################################################
                      [1m Learning iteration 12/100 [0m                       

                       Computation: 581 steps/s (collection: 2.571s, learning 0.070s)
             Mean action noise std: 0.04
          Mean value_function loss: 53.4141
               Mean surrogate loss: -0.0034
                 Mean entropy loss: -29.9497
                       Mean reward: -20.69
               Mean episode length: 138.55
   Episode_Reward/term_bad_contact: 0.0000
          Episode_Reward/term_tilt: -0.4167
    Episode_Reward/term_low_height: 0.0000
      Episode_Reward/leg_action_l2: -0.0010
   Episode_Reward/tracking_lin_vel: 0.4779
Episode_Reward/tracking_lin_vel_x_exp: 0.6448
Episode_Reward/tracking_ang_vel_yaw_l1: 0.0000
Episode_Reward/tracking_ang_vel_yaw_exp: 0.6041
Episode_Reward/tracking_lin_vel_y_l2: 0.0000
Episode_Reward/tracking_lin_vel_z_l2: 0.0000
            Episode_Reward/survive: 0.0000
    Episode_Reward/foot_contacts_z: 0.0000
            Episode_Reward/torques: -0.2342
 Episode_Reward/tracking_lin_vel_y: 0.0000
          Episode_Reward/lin_vel_z: -0.0088
         Episode_Reward/ang_vel_xy: -0.0021
   Episode_Reward/tracking_ang_vel: 0.2268
               Episode_Reward/work: -0.0211
            Episode_Reward/dof_acc: -0.0003
        Episode_Reward/action_rate: -0.0003
     Episode_Reward/dof_pos_limits: 0.0000
      Episode_Reward/delta_torques: -0.0002
          Episode_Reward/collision: -5.7967
        Episode_Reward/walking_dof: 0.0061
            Episode_Reward/hip_pos: -0.0145
          Episode_Reward/feet_jerk: 0.0000
              Episode_Reward/alive: 0.2934
          Episode_Reward/feet_drag: -0.0034
Episode_Reward/feet_contact_forces: -0.1837
               Episode_Reward/roll: -0.0242
        Episode_Reward/base_height: -0.0431
Episode_Reward/tracking_lin_vel_max: 0.3264
Episode_Reward/flat_orientation_l2: -0.0464
  Episode_Reward/air_time_variance: -0.0007
        Episode_Reward/feet_height: 0.0000
      Episode_Reward/feet_air_time: -0.0000
Episode_Reward/update_last_buffers: 0.0000
   Episode_Reward/wheel_idle_speed: -0.0011
    Episode_Reward/wheel_action_l2: -0.0000
  Episode_Reward/wheel_action_rate: 0.0000
Episode_Reward/teacher_ensemble_match: 0.0000
  Episode_Reward/wheel_forward_use: 0.0056
 Episode_Reward/wheel_turn_support: 0.0767
   Metrics/locomotion/error_vel_xy: 0.3167
  Metrics/locomotion/error_vel_yaw: 0.3433
      Episode_Termination/time_out: 0.9824
   Episode_Termination/bad_contact: 0.0000
          Episode_Termination/tilt: 0.0156
    Episode_Termination/low_height: 0.0000
--------------------------------------------------------------------------------
                   Total timesteps: 19968
                    Iteration time: 2.64s
                      Time elapsed: 00:00:36
                               ETA: 00:04:03

################################################################################
                      [1m Learning iteration 13/100 [0m                       

                       Computation: 575 steps/s (collection: 2.599s, learning 0.070s)
             Mean action noise std: 0.04
          Mean value_function loss: 0.8297
               Mean surrogate loss: 0.0084
                 Mean entropy loss: -29.9497
                       Mean reward: -22.03
               Mean episode length: 151.82
   Episode_Reward/term_bad_contact: 0.0000
          Episode_Reward/term_tilt: -0.4167
    Episode_Reward/term_low_height: 0.0000
      Episode_Reward/leg_action_l2: -0.0014
   Episode_Reward/tracking_lin_vel: 0.4641
Episode_Reward/tracking_lin_vel_x_exp: 0.6464
Episode_Reward/tracking_ang_vel_yaw_l1: 0.0000
Episode_Reward/tracking_ang_vel_yaw_exp: 0.7276
Episode_Reward/tracking_lin_vel_y_l2: 0.0000
Episode_Reward/tracking_lin_vel_z_l2: 0.0000
            Episode_Reward/survive: 0.0000
    Episode_Reward/foot_contacts_z: 0.0000
            Episode_Reward/torques: -0.2201
 Episode_Reward/tracking_lin_vel_y: 0.0000
          Episode_Reward/lin_vel_z: -0.0092
         Episode_Reward/ang_vel_xy: -0.0030
   Episode_Reward/tracking_ang_vel: 0.2468
               Episode_Reward/work: -0.0236
            Episode_Reward/dof_acc: -0.0004
        Episode_Reward/action_rate: -0.0005
     Episode_Reward/dof_pos_limits: 0.0000
      Episode_Reward/delta_torques: -0.0002
          Episode_Reward/collision: -5.8836
        Episode_Reward/walking_dof: 0.0133
            Episode_Reward/hip_pos: -0.0137
          Episode_Reward/feet_jerk: 0.0000
              Episode_Reward/alive: 0.2980
          Episode_Reward/feet_drag: -0.0040
Episode_Reward/feet_contact_forces: -0.1874
               Episode_Reward/roll: -0.0241
        Episode_Reward/base_height: -0.0413
Episode_Reward/tracking_lin_vel_max: 0.2311
Episode_Reward/flat_orientation_l2: -0.0406
  Episode_Reward/air_time_variance: -0.0012
        Episode_Reward/feet_height: 0.0000
      Episode_Reward/feet_air_time: -0.0000
Episode_Reward/update_last_buffers: 0.0000
   Episode_Reward/wheel_idle_speed: -0.0004
    Episode_Reward/wheel_action_l2: -0.0000
  Episode_Reward/wheel_action_rate: 0.0000
Episode_Reward/teacher_ensemble_match: 0.0000
  Episode_Reward/wheel_forward_use: 0.0283
 Episode_Reward/wheel_turn_support: 0.0779
   Metrics/locomotion/error_vel_xy: 0.3449
  Metrics/locomotion/error_vel_yaw: 0.2920
      Episode_Termination/time_out: 0.9844
   Episode_Termination/bad_contact: 0.0000
          Episode_Termination/tilt: 0.0156
    Episode_Termination/low_height: 0.0000
--------------------------------------------------------------------------------
                   Total timesteps: 21504
                    Iteration time: 2.67s
                      Time elapsed: 00:00:38
                               ETA: 00:04:00

################################################################################
                      [1m Learning iteration 14/100 [0m                       

                       Computation: 574 steps/s (collection: 2.602s, learning 0.070s)
             Mean action noise std: 0.04
          Mean value_function loss: 31.8336
               Mean surrogate loss: 0.3701
                 Mean entropy loss: -29.9497
                       Mean reward: -24.70
               Mean episode length: 165.58
   Episode_Reward/term_bad_contact: 0.0000
          Episode_Reward/term_tilt: -1.2500
    Episode_Reward/term_low_height: 0.0000
      Episode_Reward/leg_action_l2: -0.0021
   Episode_Reward/tracking_lin_vel: 0.4845
Episode_Reward/tracking_lin_vel_x_exp: 0.7160
Episode_Reward/tracking_ang_vel_yaw_l1: 0.0000
Episode_Reward/tracking_ang_vel_yaw_exp: 0.5748
Episode_Reward/tracking_lin_vel_y_l2: 0.0000
Episode_Reward/tracking_lin_vel_z_l2: 0.0000
            Episode_Reward/survive: 0.0000
    Episode_Reward/foot_contacts_z: 0.0000
            Episode_Reward/torques: -0.1921
 Episode_Reward/tracking_lin_vel_y: 0.0000
          Episode_Reward/lin_vel_z: -0.0081
         Episode_Reward/ang_vel_xy: -0.0022
   Episode_Reward/tracking_ang_vel: 0.2149
               Episode_Reward/work: -0.0204
            Episode_Reward/dof_acc: -0.0005
        Episode_Reward/action_rate: -0.0007
     Episode_Reward/dof_pos_limits: 0.0000
      Episode_Reward/delta_torques: -0.0002
          Episode_Reward/collision: -5.7577
        Episode_Reward/walking_dof: 0.0083
            Episode_Reward/hip_pos: -0.0087
          Episode_Reward/feet_jerk: 0.0000
              Episode_Reward/alive: 0.2911
          Episode_Reward/feet_drag: -0.0034
Episode_Reward/feet_contact_forces: -0.1834
               Episode_Reward/roll: -0.0237
        Episode_Reward/base_height: -0.0311
Episode_Reward/tracking_lin_vel_max: 0.2845
Episode_Reward/flat_orientation_l2: -0.0354
  Episode_Reward/air_time_variance: -0.0006
        Episode_Reward/feet_height: 0.0000
      Episode_Reward/feet_air_time: -0.0000
Episode_Reward/update_last_buffers: 0.0000
   Episode_Reward/wheel_idle_speed: -0.0014
    Episode_Reward/wheel_action_l2: -0.0000
  Episode_Reward/wheel_action_rate: 0.0000
Episode_Reward/teacher_ensemble_match: 0.0000
  Episode_Reward/wheel_forward_use: 0.0164
 Episode_Reward/wheel_turn_support: 0.0844
   Metrics/locomotion/error_vel_xy: 0.2812
  Metrics/locomotion/error_vel_yaw: 0.3715
      Episode_Termination/time_out: 0.9727
   Episode_Termination/bad_contact: 0.0000
          Episode_Termination/tilt: 0.0273
    Episode_Termination/low_height: 0.0000
--------------------------------------------------------------------------------
                   Total timesteps: 23040
                    Iteration time: 2.67s
                      Time elapsed: 00:00:41
                               ETA: 00:03:57

################################################################################
                      [1m Learning iteration 15/100 [0m                       

                       Computation: 579 steps/s (collection: 2.582s, learning 0.070s)
             Mean action noise std: 0.04
          Mean value_function loss: 49.9549
               Mean surrogate loss: -0.0113
                 Mean entropy loss: -29.9497
                       Mean reward: -26.34
               Mean episode length: 170.72
   Episode_Reward/term_bad_contact: 0.0000
          Episode_Reward/term_tilt: -0.4167
    Episode_Reward/term_low_height: 0.0000
      Episode_Reward/leg_action_l2: -0.0021
   Episode_Reward/tracking_lin_vel: 0.4654
Episode_Reward/tracking_lin_vel_x_exp: 0.5841
Episode_Reward/tracking_ang_vel_yaw_l1: 0.0000
Episode_Reward/tracking_ang_vel_yaw_exp: 0.6239
Episode_Reward/tracking_lin_vel_y_l2: 0.0000
Episode_Reward/tracking_lin_vel_z_l2: 0.0000
            Episode_Reward/survive: 0.0000
    Episode_Reward/foot_contacts_z: 0.0000
            Episode_Reward/torques: -0.2060
 Episode_Reward/tracking_lin_vel_y: 0.0000
          Episode_Reward/lin_vel_z: -0.0082
         Episode_Reward/ang_vel_xy: -0.0019
   Episode_Reward/tracking_ang_vel: 0.2209
               Episode_Reward/work: -0.0197
            Episode_Reward/dof_acc: -0.0006
        Episode_Reward/action_rate: -0.0007
     Episode_Reward/dof_pos_limits: -0.0000
      Episode_Reward/delta_torques: -0.0002
          Episode_Reward/collision: -5.7433
        Episode_Reward/walking_dof: 0.0079
            Episode_Reward/hip_pos: -0.0114
          Episode_Reward/feet_jerk: 0.0000
              Episode_Reward/alive: 0.2904
          Episode_Reward/feet_drag: -0.0031
Episode_Reward/feet_contact_forces: -0.1825
               Episode_Reward/roll: -0.0223
        Episode_Reward/base_height: -0.0361
Episode_Reward/tracking_lin_vel_max: 0.3006
Episode_Reward/flat_orientation_l2: -0.0397
  Episode_Reward/air_time_variance: -0.0006
        Episode_Reward/feet_height: 0.0000
      Episode_Reward/feet_air_time: -0.0000
Episode_Reward/update_last_buffers: 0.0000
   Episode_Reward/wheel_idle_speed: -0.0015
    Episode_Reward/wheel_action_l2: -0.0000
  Episode_Reward/wheel_action_rate: 0.0000
Episode_Reward/teacher_ensemble_match: 0.0000
  Episode_Reward/wheel_forward_use: 0.0046
 Episode_Reward/wheel_turn_support: 0.0652
   Metrics/locomotion/error_vel_xy: 0.3280
  Metrics/locomotion/error_vel_yaw: 0.3417
      Episode_Termination/time_out: 0.9688
   Episode_Termination/bad_contact: 0.0000
          Episode_Termination/tilt: 0.0312
    Episode_Termination/low_height: 0.0000
--------------------------------------------------------------------------------
                   Total timesteps: 24576
                    Iteration time: 2.65s
                      Time elapsed: 00:00:44
                               ETA: 00:03:53

################################################################################
                      [1m Learning iteration 16/100 [0m                       

                       Computation: 586 steps/s (collection: 2.551s, learning 0.070s)
             Mean action noise std: 0.04
          Mean value_function loss: 0.4724
               Mean surrogate loss: -0.0111
                 Mean entropy loss: -29.9497
                       Mean reward: -26.97
               Mean episode length: 176.47
   Episode_Reward/term_bad_contact: 0.0000
          Episode_Reward/term_tilt: 0.0000
    Episode_Reward/term_low_height: 0.0000
      Episode_Reward/leg_action_l2: -0.0011
   Episode_Reward/tracking_lin_vel: 0.4338
Episode_Reward/tracking_lin_vel_x_exp: 0.5404
Episode_Reward/tracking_ang_vel_yaw_l1: 0.0000
Episode_Reward/tracking_ang_vel_yaw_exp: 0.7282
Episode_Reward/tracking_lin_vel_y_l2: 0.0000
Episode_Reward/tracking_lin_vel_z_l2: 0.0000
            Episode_Reward/survive: 0.0000
    Episode_Reward/foot_contacts_z: 0.0000
            Episode_Reward/torques: -0.2487
 Episode_Reward/tracking_lin_vel_y: 0.0000
          Episode_Reward/lin_vel_z: -0.0071
         Episode_Reward/ang_vel_xy: -0.0026
   Episode_Reward/tracking_ang_vel: 0.2389
               Episode_Reward/work: -0.0192
            Episode_Reward/dof_acc: -0.0003
        Episode_Reward/action_rate: -0.0004
     Episode_Reward/dof_pos_limits: 0.0000
      Episode_Reward/delta_torques: -0.0002
          Episode_Reward/collision: -5.9223
        Episode_Reward/walking_dof: 0.0142
            Episode_Reward/hip_pos: -0.0118
          Episode_Reward/feet_jerk: 0.0000
              Episode_Reward/alive: 0.3000
          Episode_Reward/feet_drag: -0.0036
Episode_Reward/feet_contact_forces: -0.1848
               Episode_Reward/roll: -0.0243
        Episode_Reward/base_height: -0.0410
Episode_Reward/tracking_lin_vel_max: 0.2190
Episode_Reward/flat_orientation_l2: -0.0508
  Episode_Reward/air_time_variance: -0.0011
        Episode_Reward/feet_height: 0.0000
      Episode_Reward/feet_air_time: -0.0001
Episode_Reward/update_last_buffers: 0.0000
   Episode_Reward/wheel_idle_speed: -0.0004
    Episode_Reward/wheel_action_l2: -0.0000
  Episode_Reward/wheel_action_rate: 0.0000
Episode_Reward/teacher_ensemble_match: 0.0000
  Episode_Reward/wheel_forward_use: 0.0353
 Episode_Reward/wheel_turn_support: 0.0724
   Metrics/locomotion/error_vel_xy: 0.4110
  Metrics/locomotion/error_vel_yaw: 0.3166
      Episode_Termination/time_out: 0.9688
   Episode_Termination/bad_contact: 0.0000
          Episode_Termination/tilt: 0.0312
    Episode_Termination/low_height: 0.0000
--------------------------------------------------------------------------------
                   Total timesteps: 26112
                    Iteration time: 2.62s
                      Time elapsed: 00:00:46
                               ETA: 00:03:50

################################################################################
                      [1m Learning iteration 17/100 [0m                       

                       Computation: 577 steps/s (collection: 2.589s, learning 0.070s)
             Mean action noise std: 0.04
          Mean value_function loss: 0.6619
               Mean surrogate loss: -0.0142
                 Mean entropy loss: -29.9497
                       Mean reward: -27.62
               Mean episode length: 185.38
   Episode_Reward/term_bad_contact: 0.0000
          Episode_Reward/term_tilt: 0.0000
    Episode_Reward/term_low_height: 0.0000
      Episode_Reward/leg_action_l2: -0.0018
   Episode_Reward/tracking_lin_vel: 0.4864
Episode_Reward/tracking_lin_vel_x_exp: 0.6385
Episode_Reward/tracking_ang_vel_yaw_l1: 0.0000
Episode_Reward/tracking_ang_vel_yaw_exp: 0.9155
Episode_Reward/tracking_lin_vel_y_l2: 0.0000
Episode_Reward/tracking_lin_vel_z_l2: 0.0000
            Episode_Reward/survive: 0.0000
    Episode_Reward/foot_contacts_z: 0.0000
            Episode_Reward/torques: -0.1976
 Episode_Reward/tracking_lin_vel_y: 0.0000
          Episode_Reward/lin_vel_z: -0.0085
         Episode_Reward/ang_vel_xy: -0.0024
   Episode_Reward/tracking_ang_vel: 0.2668
               Episode_Reward/work: -0.0238
            Episode_Reward/dof_acc: -0.0004
        Episode_Reward/action_rate: -0.0006
     Episode_Reward/dof_pos_limits: 0.0000
      Episode_Reward/delta_torques: -0.0002
          Episode_Reward/collision: -5.9331
        Episode_Reward/walking_dof: 0.0080
            Episode_Reward/hip_pos: -0.0136
          Episode_Reward/feet_jerk: 0.0000
              Episode_Reward/alive: 0.3000
          Episode_Reward/feet_drag: -0.0037
Episode_Reward/feet_contact_forces: -0.1944
               Episode_Reward/roll: -0.0350
        Episode_Reward/base_height: -0.0405
Episode_Reward/tracking_lin_vel_max: 0.3105
Episode_Reward/flat_orientation_l2: -0.0302
  Episode_Reward/air_time_variance: -0.0013
        Episode_Reward/feet_height: 0.0000
      Episode_Reward/feet_air_time: -0.0000
Episode_Reward/update_last_buffers: 0.0000
   Episode_Reward/wheel_idle_speed: -0.0010
    Episode_Reward/wheel_action_l2: -0.0000
  Episode_Reward/wheel_action_rate: 0.0000
Episode_Reward/teacher_ensemble_match: 0.0000
  Episode_Reward/wheel_forward_use: 0.0286
 Episode_Reward/wheel_turn_support: 0.0445
   Metrics/locomotion/error_vel_xy: 0.3295
  Metrics/locomotion/error_vel_yaw: 0.2077
      Episode_Termination/time_out: 0.9688
   Episode_Termination/bad_contact: 0.0000
          Episode_Termination/tilt: 0.0312
    Episode_Termination/low_height: 0.0000
--------------------------------------------------------------------------------
                   Total timesteps: 27648
                    Iteration time: 2.66s
                      Time elapsed: 00:00:49
                               ETA: 00:03:47

################################################################################
                      [1m Learning iteration 18/100 [0m                       

                       Computation: 571 steps/s (collection: 2.619s, learning 0.070s)
             Mean action noise std: 0.04
          Mean value_function loss: 1.0868
               Mean surrogate loss: -0.0131
                 Mean entropy loss: -29.9497
                       Mean reward: -29.90
               Mean episode length: 206.01
   Episode_Reward/term_bad_contact: 0.0000
          Episode_Reward/term_tilt: 0.0000
    Episode_Reward/term_low_height: 0.0000
      Episode_Reward/leg_action_l2: -0.0010
   Episode_Reward/tracking_lin_vel: 0.5148
Episode_Reward/tracking_lin_vel_x_exp: 0.7798
Episode_Reward/tracking_ang_vel_yaw_l1: 0.0000
Episode_Reward/tracking_ang_vel_yaw_exp: 0.7511
Episode_Reward/tracking_lin_vel_y_l2: 0.0000
Episode_Reward/tracking_lin_vel_z_l2: 0.0000
            Episode_Reward/survive: 0.0000
    Episode_Reward/foot_contacts_z: 0.0000
            Episode_Reward/torques: -0.2411
 Episode_Reward/tracking_lin_vel_y: 0.0000
          Episode_Reward/lin_vel_z: -0.0078
         Episode_Reward/ang_vel_xy: -0.0018
   Episode_Reward/tracking_ang_vel: 0.2534
               Episode_Reward/work: -0.0195
            Episode_Reward/dof_acc: -0.0004
        Episode_Reward/action_rate: -0.0003
     Episode_Reward/dof_pos_limits: 0.0000
      Episode_Reward/delta_torques: -0.0002
          Episode_Reward/collision: -5.9388
        Episode_Reward/walking_dof: 0.0082
            Episode_Reward/hip_pos: -0.0150
          Episode_Reward/feet_jerk: 0.0000
              Episode_Reward/alive: 0.3000
          Episode_Reward/feet_drag: -0.0031
Episode_Reward/feet_contact_forces: -0.1864
               Episode_Reward/roll: -0.0275
        Episode_Reward/base_height: -0.0441
Episode_Reward/tracking_lin_vel_max: 0.3122
Episode_Reward/flat_orientation_l2: -0.0488
  Episode_Reward/air_time_variance: -0.0012
        Episode_Reward/feet_height: 0.0000
      Episode_Reward/feet_air_time: -0.0000
Episode_Reward/update_last_buffers: 0.0000
   Episode_Reward/wheel_idle_speed: -0.0009
    Episode_Reward/wheel_action_l2: -0.0000
  Episode_Reward/wheel_action_rate: 0.0000
Episode_Reward/teacher_ensemble_match: 0.0000
  Episode_Reward/wheel_forward_use: 0.0062
 Episode_Reward/wheel_turn_support: 0.0742
   Metrics/locomotion/error_vel_xy: 0.2612
  Metrics/locomotion/error_vel_yaw: 0.2739
      Episode_Termination/time_out: 0.9688
   Episode_Termination/bad_contact: 0.0000
          Episode_Termination/tilt: 0.0312
    Episode_Termination/low_height: 0.0000
--------------------------------------------------------------------------------
                   Total timesteps: 29184
                    Iteration time: 2.69s
                      Time elapsed: 00:00:52
                               ETA: 00:03:44

################################################################################
                      [1m Learning iteration 19/100 [0m                       

                       Computation: 569 steps/s (collection: 2.629s, learning 0.070s)
             Mean action noise std: 0.04
          Mean value_function loss: 0.9369
               Mean surrogate loss: 0.0003
                 Mean entropy loss: -29.9497
                       Mean reward: -32.51
               Mean episode length: 226.90
   Episode_Reward/term_bad_contact: 0.0000
          Episode_Reward/term_tilt: 0.0000
    Episode_Reward/term_low_height: 0.0000
      Episode_Reward/leg_action_l2: -0.0012
   Episode_Reward/tracking_lin_vel: 0.5110
Episode_Reward/tracking_lin_vel_x_exp: 0.8751
Episode_Reward/tracking_ang_vel_yaw_l1: 0.0000
Episode_Reward/tracking_ang_vel_yaw_exp: 0.7556
Episode_Reward/tracking_lin_vel_y_l2: 0.0000
Episode_Reward/tracking_lin_vel_z_l2: 0.0000
            Episode_Reward/survive: 0.0000
    Episode_Reward/foot_contacts_z: 0.0000
            Episode_Reward/torques: -0.1920
 Episode_Reward/tracking_lin_vel_y: 0.0000
          Episode_Reward/lin_vel_z: -0.0093
         Episode_Reward/ang_vel_xy: -0.0020
   Episode_Reward/tracking_ang_vel: 0.2453
               Episode_Reward/work: -0.0219
            Episode_Reward/dof_acc: -0.0005
        Episode_Reward/action_rate: -0.0004
     Episode_Reward/dof_pos_limits: 0.0000
      Episode_Reward/delta_torques: -0.0002
          Episode_Reward/collision: -5.9379
        Episode_Reward/walking_dof: 0.0104
            Episode_Reward/hip_pos: -0.0103
          Episode_Reward/feet_jerk: 0.0000
              Episode_Reward/alive: 0.3000
          Episode_Reward/feet_drag: -0.0038
Episode_Reward/feet_contact_forces: -0.1912
               Episode_Reward/roll: -0.0296
        Episode_Reward/base_height: -0.0367
Episode_Reward/tracking_lin_vel_max: 0.2600
Episode_Reward/flat_orientation_l2: -0.0319
  Episode_Reward/air_time_variance: -0.0017
        Episode_Reward/feet_height: 0.0000
      Episode_Reward/feet_air_time: -0.0000
Episode_Reward/update_last_buffers: 0.0000
   Episode_Reward/wheel_idle_speed: -0.0007
    Episode_Reward/wheel_action_l2: -0.0000
  Episode_Reward/wheel_action_rate: 0.0000
Episode_Reward/teacher_ensemble_match: 0.0000
  Episode_Reward/wheel_forward_use: 0.0254
 Episode_Reward/wheel_turn_support: 0.0650
   Metrics/locomotion/error_vel_xy: 0.2509
  Metrics/locomotion/error_vel_yaw: 0.2910
      Episode_Termination/time_out: 0.9688
   Episode_Termination/bad_contact: 0.0000
          Episode_Termination/tilt: 0.0312
    Episode_Termination/low_height: 0.0000
--------------------------------------------------------------------------------
                   Total timesteps: 30720
                    Iteration time: 2.70s
                      Time elapsed: 00:00:54
                               ETA: 00:03:41

################################################################################
                      [1m Learning iteration 20/100 [0m                       

                       Computation: 587 steps/s (collection: 2.544s, learning 0.070s)
             Mean action noise std: 0.04
          Mean value_function loss: 0.4327
               Mean surrogate loss: -0.0156
                 Mean entropy loss: -29.9497
                       Mean reward: -32.14
               Mean episode length: 231.75
   Episode_Reward/term_bad_contact: 0.0000
          Episode_Reward/term_tilt: 0.0000
    Episode_Reward/term_low_height: 0.0000
      Episode_Reward/leg_action_l2: -0.0008
   Episode_Reward/tracking_lin_vel: 0.4742
Episode_Reward/tracking_lin_vel_x_exp: 0.6421
Episode_Reward/tracking_ang_vel_yaw_l1: 0.0000
Episode_Reward/tracking_ang_vel_yaw_exp: 0.5886
Episode_Reward/tracking_lin_vel_y_l2: 0.0000
Episode_Reward/tracking_lin_vel_z_l2: 0.0000
            Episode_Reward/survive: 0.0000
    Episode_Reward/foot_contacts_z: 0.0000
            Episode_Reward/torques: -0.2313
 Episode_Reward/tracking_lin_vel_y: 0.0000
          Episode_Reward/lin_vel_z: -0.0065
         Episode_Reward/ang_vel_xy: -0.0019
   Episode_Reward/tracking_ang_vel: 0.2318
               Episode_Reward/work: -0.0169
            Episode_Reward/dof_acc: -0.0007
        Episode_Reward/action_rate: -0.0002
     Episode_Reward/dof_pos_limits: 0.0000
      Episode_Reward/delta_torques: -0.0002
          Episode_Reward/collision: -5.9379
        Episode_Reward/walking_dof: 0.0121
            Episode_Reward/hip_pos: -0.0080
          Episode_Reward/feet_jerk: 0.0000
              Episode_Reward/alive: 0.3000
          Episode_Reward/feet_drag: -0.0035
Episode_Reward/feet_contact_forces: -0.1823
               Episode_Reward/roll: -0.0264
        Episode_Reward/base_height: -0.0318
Episode_Reward/tracking_lin_vel_max: 0.2586
Episode_Reward/flat_orientation_l2: -0.0510
  Episode_Reward/air_time_variance: -0.0006
        Episode_Reward/feet_height: 0.0000
      Episode_Reward/feet_air_time: -0.0000
Episode_Reward/update_last_buffers: 0.0000
   Episode_Reward/wheel_idle_speed: -0.0008
    Episode_Reward/wheel_action_l2: -0.0000
  Episode_Reward/wheel_action_rate: 0.0000
Episode_Reward/teacher_ensemble_match: 0.0000
  Episode_Reward/wheel_forward_use: 0.0000
 Episode_Reward/wheel_turn_support: 0.1000
   Metrics/locomotion/error_vel_xy: 0.3372
  Metrics/locomotion/error_vel_yaw: 0.3575
      Episode_Termination/time_out: 0.9688
   Episode_Termination/bad_contact: 0.0000
          Episode_Termination/tilt: 0.0312
    Episode_Termination/low_height: 0.0000
--------------------------------------------------------------------------------
                   Total timesteps: 32256
                    Iteration time: 2.61s
                      Time elapsed: 00:00:57
                               ETA: 00:03:38

################################################################################
                      [1m Learning iteration 21/100 [0m                       

                       Computation: 578 steps/s (collection: 2.584s, learning 0.070s)
             Mean action noise std: 0.04
          Mean value_function loss: 0.4757
               Mean surrogate loss: 0.0117
                 Mean entropy loss: -29.9497
                       Mean reward: -33.15
               Mean episode length: 240.76
   Episode_Reward/term_bad_contact: 0.0000
          Episode_Reward/term_tilt: 0.0000
    Episode_Reward/term_low_height: 0.0000
      Episode_Reward/leg_action_l2: -0.0009
   Episode_Reward/tracking_lin_vel: 0.5237
Episode_Reward/tracking_lin_vel_x_exp: 0.8295
Episode_Reward/tracking_ang_vel_yaw_l1: 0.0000
Episode_Reward/tracking_ang_vel_yaw_exp: 0.9002
Episode_Reward/tracking_lin_vel_y_l2: 0.0000
Episode_Reward/tracking_lin_vel_z_l2: 0.0000
            Episode_Reward/survive: 0.0000
    Episode_Reward/foot_contacts_z: 0.0000
            Episode_Reward/torques: -0.2442
 Episode_Reward/tracking_lin_vel_y: 0.0000
          Episode_Reward/lin_vel_z: -0.0082
         Episode_Reward/ang_vel_xy: -0.0021
   Episode_Reward/tracking_ang_vel: 0.2656
               Episode_Reward/work: -0.0200
            Episode_Reward/dof_acc: -0.0007
        Episode_Reward/action_rate: -0.0003
     Episode_Reward/dof_pos_limits: 0.0000
      Episode_Reward/delta_torques: -0.0002
          Episode_Reward/collision: -5.9554
        Episode_Reward/walking_dof: 0.0046
            Episode_Reward/hip_pos: -0.0159
          Episode_Reward/feet_jerk: 0.0000
              Episode_Reward/alive: 0.3000
          Episode_Reward/feet_drag: -0.0030
Episode_Reward/feet_contact_forces: -0.1878
               Episode_Reward/roll: -0.0245
        Episode_Reward/base_height: -0.0461
Episode_Reward/tracking_lin_vel_max: 0.3700
Episode_Reward/flat_orientation_l2: -0.0469
  Episode_Reward/air_time_variance: -0.0008
        Episode_Reward/feet_height: 0.0000
      Episode_Reward/feet_air_time: -0.0000
Episode_Reward/update_last_buffers: 0.0000
   Episode_Reward/wheel_idle_speed: -0.0018
    Episode_Reward/wheel_action_l2: -0.0000
  Episode_Reward/wheel_action_rate: 0.0000
Episode_Reward/teacher_ensemble_match: 0.0000
  Episode_Reward/wheel_forward_use: 0.0026
 Episode_Reward/wheel_turn_support: 0.0743
   Metrics/locomotion/error_vel_xy: 0.2400
  Metrics/locomotion/error_vel_yaw: 0.2119
      Episode_Termination/time_out: 0.9688
   Episode_Termination/bad_contact: 0.0000
          Episode_Termination/tilt: 0.0312
    Episode_Termination/low_height: 0.0000
--------------------------------------------------------------------------------
                   Total timesteps: 33792
                    Iteration time: 2.65s
                      Time elapsed: 00:00:59
                               ETA: 00:03:35

################################################################################
                      [1m Learning iteration 22/100 [0m                       

                       Computation: 581 steps/s (collection: 2.571s, learning 0.070s)
             Mean action noise std: 0.04
          Mean value_function loss: 0.3078
               Mean surrogate loss: -0.0147
                 Mean entropy loss: -29.9497
                       Mean reward: -33.89
               Mean episode length: 246.68
   Episode_Reward/term_bad_contact: 0.0000
          Episode_Reward/term_tilt: 0.0000
    Episode_Reward/term_low_height: 0.0000
      Episode_Reward/leg_action_l2: -0.0010
   Episode_Reward/tracking_lin_vel: 0.4869
Episode_Reward/tracking_lin_vel_x_exp: 0.6462
Episode_Reward/tracking_ang_vel_yaw_l1: 0.0000
Episode_Reward/tracking_ang_vel_yaw_exp: 0.8489
Episode_Reward/tracking_lin_vel_y_l2: 0.0000
Episode_Reward/tracking_lin_vel_z_l2: 0.0000
            Episode_Reward/survive: 0.0000
    Episode_Reward/foot_contacts_z: 0.0000
            Episode_Reward/torques: -0.2232
 Episode_Reward/tracking_lin_vel_y: 0.0000
          Episode_Reward/lin_vel_z: -0.0099
         Episode_Reward/ang_vel_xy: -0.0020
   Episode_Reward/tracking_ang_vel: 0.2607
               Episode_Reward/work: -0.0223
            Episode_Reward/dof_acc: -0.0004
        Episode_Reward/action_rate: -0.0003
     Episode_Reward/dof_pos_limits: 0.0000
      Episode_Reward/delta_torques: -0.0002
          Episode_Reward/collision: -5.9250
        Episode_Reward/walking_dof: 0.0132
            Episode_Reward/hip_pos: -0.0133
          Episode_Reward/feet_jerk: 0.0000
              Episode_Reward/alive: 0.3000
          Episode_Reward/feet_drag: -0.0044
Episode_Reward/feet_contact_forces: -0.1929
               Episode_Reward/roll: -0.0267
        Episode_Reward/base_height: -0.0424
Episode_Reward/tracking_lin_vel_max: 0.2102
Episode_Reward/flat_orientation_l2: -0.0338
  Episode_Reward/air_time_variance: -0.0005
        Episode_Reward/feet_height: 0.0000
      Episode_Reward/feet_air_time: -0.0001
Episode_Reward/update_last_buffers: 0.0000
   Episode_Reward/wheel_idle_speed: -0.0004
    Episode_Reward/wheel_action_l2: -0.0000
  Episode_Reward/wheel_action_rate: 0.0000
Episode_Reward/teacher_ensemble_match: 0.0000
  Episode_Reward/wheel_forward_use: 0.0578
 Episode_Reward/wheel_turn_support: 0.0452
   Metrics/locomotion/error_vel_xy: 0.3282
  Metrics/locomotion/error_vel_yaw: 0.2324
      Episode_Termination/time_out: 0.9688
   Episode_Termination/bad_contact: 0.0000
          Episode_Termination/tilt: 0.0312
    Episode_Termination/low_height: 0.0000
--------------------------------------------------------------------------------
                   Total timesteps: 35328
                    Iteration time: 2.64s
                      Time elapsed: 00:01:02
                               ETA: 00:03:32

################################################################################
                      [1m Learning iteration 23/100 [0m                       

                       Computation: 589 steps/s (collection: 2.535s, learning 0.070s)
             Mean action noise std: 0.04
          Mean value_function loss: 0.2067
               Mean surrogate loss: 0.0162
                 Mean entropy loss: -29.9497
                       Mean reward: -34.24
               Mean episode length: 250.54
   Episode_Reward/term_bad_contact: 0.0000
          Episode_Reward/term_tilt: 0.0000
    Episode_Reward/term_low_height: 0.0000
      Episode_Reward/leg_action_l2: -0.0010
   Episode_Reward/tracking_lin_vel: 0.4796
Episode_Reward/tracking_lin_vel_x_exp: 0.6963
Episode_Reward/tracking_ang_vel_yaw_l1: 0.0000
Episode_Reward/tracking_ang_vel_yaw_exp: 0.9371
Episode_Reward/tracking_lin_vel_y_l2: 0.0000
Episode_Reward/tracking_lin_vel_z_l2: 0.0000
            Episode_Reward/survive: 0.0000
    Episode_Reward/foot_contacts_z: 0.0000
            Episode_Reward/torques: -0.2129
 Episode_Reward/tracking_lin_vel_y: 0.0000
          Episode_Reward/lin_vel_z: -0.0092
         Episode_Reward/ang_vel_xy: -0.0019
   Episode_Reward/tracking_ang_vel: 0.2763
               Episode_Reward/work: -0.0248
            Episode_Reward/dof_acc: -0.0003
        Episode_Reward/action_rate: -0.0003
     Episode_Reward/dof_pos_limits: 0.0000
      Episode_Reward/delta_torques: -0.0002
          Episode_Reward/collision: -5.9394
        Episode_Reward/walking_dof: 0.0110
            Episode_Reward/hip_pos: -0.0092
          Episode_Reward/feet_jerk: 0.0000
              Episode_Reward/alive: 0.3000
          Episode_Reward/feet_drag: -0.0054
Episode_Reward/feet_contact_forces: -0.1902
               Episode_Reward/roll: -0.0188
        Episode_Reward/base_height: -0.0372
Episode_Reward/tracking_lin_vel_max: 0.2568
Episode_Reward/flat_orientation_l2: -0.0347
  Episode_Reward/air_time_variance: -0.0004
        Episode_Reward/feet_height: 0.0000
      Episode_Reward/feet_air_time: -0.0001
Episode_Reward/update_last_buffers: 0.0000
   Episode_Reward/wheel_idle_speed: -0.0009
    Episode_Reward/wheel_action_l2: -0.0000
  Episode_Reward/wheel_action_rate: 0.0000
Episode_Reward/teacher_ensemble_match: 0.0000
  Episode_Reward/wheel_forward_use: 0.0445
 Episode_Reward/wheel_turn_support: 0.0681
   Metrics/locomotion/error_vel_xy: 0.3319
  Metrics/locomotion/error_vel_yaw: 0.1803
      Episode_Termination/time_out: 0.9688
   Episode_Termination/bad_contact: 0.0000
          Episode_Termination/tilt: 0.0312
    Episode_Termination/low_height: 0.0000
--------------------------------------------------------------------------------
                   Total timesteps: 36864
                    Iteration time: 2.60s
                      Time elapsed: 00:01:05
                               ETA: 00:03:29

################################################################################
                      [1m Learning iteration 24/100 [0m                       

                       Computation: 579 steps/s (collection: 2.582s, learning 0.070s)
             Mean action noise std: 0.04
          Mean value_function loss: 0.6969
               Mean surrogate loss: -0.0068
                 Mean entropy loss: -29.9497
                       Mean reward: -35.15
               Mean episode length: 257.87
   Episode_Reward/term_bad_contact: 0.0000
          Episode_Reward/term_tilt: 0.0000
    Episode_Reward/term_low_height: 0.0000
      Episode_Reward/leg_action_l2: -0.0006
   Episode_Reward/tracking_lin_vel: 0.5100
Episode_Reward/tracking_lin_vel_x_exp: 0.8479
Episode_Reward/tracking_ang_vel_yaw_l1: 0.0000
Episode_Reward/tracking_ang_vel_yaw_exp: 0.7874
Episode_Reward/tracking_lin_vel_y_l2: 0.0000
Episode_Reward/tracking_lin_vel_z_l2: 0.0000
            Episode_Reward/survive: 0.0000
    Episode_Reward/foot_contacts_z: 0.0000
            Episode_Reward/torques: -0.2482
 Episode_Reward/tracking_lin_vel_y: 0.0000
          Episode_Reward/lin_vel_z: -0.0089
         Episode_Reward/ang_vel_xy: -0.0019
   Episode_Reward/tracking_ang_vel: 0.2593
               Episode_Reward/work: -0.0208
            Episode_Reward/dof_acc: -0.0003
        Episode_Reward/action_rate: -0.0002
     Episode_Reward/dof_pos_limits: 0.0000
      Episode_Reward/delta_torques: -0.0002
          Episode_Reward/collision: -5.9279
        Episode_Reward/walking_dof: 0.0110
            Episode_Reward/hip_pos: -0.0135
          Episode_Reward/feet_jerk: 0.0000
              Episode_Reward/alive: 0.3000
          Episode_Reward/feet_drag: -0.0037
Episode_Reward/feet_contact_forces: -0.1879
               Episode_Reward/roll: -0.0261
        Episode_Reward/base_height: -0.0437
Episode_Reward/tracking_lin_vel_max: 0.2543
Episode_Reward/flat_orientation_l2: -0.0474
  Episode_Reward/air_time_variance: -0.0029
        Episode_Reward/feet_height: 0.0000
      Episode_Reward/feet_air_time: -0.0000
Episode_Reward/update_last_buffers: 0.0000
   Episode_Reward/wheel_idle_speed: -0.0008
    Episode_Reward/wheel_action_l2: -0.0000
  Episode_Reward/wheel_action_rate: 0.0000
Episode_Reward/teacher_ensemble_match: 0.0000
  Episode_Reward/wheel_forward_use: 0.0131
 Episode_Reward/wheel_turn_support: 0.0723
   Metrics/locomotion/error_vel_xy: 0.2549
  Metrics/locomotion/error_vel_yaw: 0.2524
      Episode_Termination/time_out: 0.9688
   Episode_Termination/bad_contact: 0.0000
          Episode_Termination/tilt: 0.0312
    Episode_Termination/low_height: 0.0000
--------------------------------------------------------------------------------
                   Total timesteps: 38400
                    Iteration time: 2.65s
                      Time elapsed: 00:01:07
                               ETA: 00:03:26

################################################################################
                      [1m Learning iteration 25/100 [0m                       

                       Computation: 576 steps/s (collection: 2.592s, learning 0.070s)
             Mean action noise std: 0.04
          Mean value_function loss: 36.7739
               Mean surrogate loss: 0.0079
                 Mean entropy loss: -29.9497
                       Mean reward: -37.51
               Mean episode length: 268.85
   Episode_Reward/term_bad_contact: 0.0000
          Episode_Reward/term_tilt: -0.8333
    Episode_Reward/term_low_height: 0.0000
      Episode_Reward/leg_action_l2: -0.0009
   Episode_Reward/tracking_lin_vel: 0.4921
Episode_Reward/tracking_lin_vel_x_exp: 0.7751
Episode_Reward/tracking_ang_vel_yaw_l1: 0.0000
Episode_Reward/tracking_ang_vel_yaw_exp: 0.7675
Episode_Reward/tracking_lin_vel_y_l2: 0.0000
Episode_Reward/tracking_lin_vel_z_l2: 0.0000
            Episode_Reward/survive: 0.0000
    Episode_Reward/foot_contacts_z: 0.0000
            Episode_Reward/torques: -0.2477
 Episode_Reward/tracking_lin_vel_y: 0.0000
          Episode_Reward/lin_vel_z: -0.0093
         Episode_Reward/ang_vel_xy: -0.0027
   Episode_Reward/tracking_ang_vel: 0.2517
               Episode_Reward/work: -0.0243
            Episode_Reward/dof_acc: -0.0004
        Episode_Reward/action_rate: -0.0003
     Episode_Reward/dof_pos_limits: 0.0000
      Episode_Reward/delta_torques: -0.0002
          Episode_Reward/collision: -5.9083
        Episode_Reward/walking_dof: 0.0067
            Episode_Reward/hip_pos: -0.0169
          Episode_Reward/feet_jerk: 0.0000
              Episode_Reward/alive: 0.2940
          Episode_Reward/feet_drag: -0.0036
Episode_Reward/feet_contact_forces: -0.1891
               Episode_Reward/roll: -0.0273
        Episode_Reward/base_height: -0.0489
Episode_Reward/tracking_lin_vel_max: 0.3216
Episode_Reward/flat_orientation_l2: -0.0437
  Episode_Reward/air_time_variance: -0.0011
        Episode_Reward/feet_height: 0.0000
      Episode_Reward/feet_air_time: -0.0000
Episode_Reward/update_last_buffers: 0.0000
   Episode_Reward/wheel_idle_speed: -0.0013
    Episode_Reward/wheel_action_l2: -0.0000
  Episode_Reward/wheel_action_rate: 0.0000
Episode_Reward/teacher_ensemble_match: 0.0000
  Episode_Reward/wheel_forward_use: 0.0077
 Episode_Reward/wheel_turn_support: 0.0708
   Metrics/locomotion/error_vel_xy: 0.2716
  Metrics/locomotion/error_vel_yaw: 0.2585
      Episode_Termination/time_out: 0.9688
   Episode_Termination/bad_contact: 0.0000
          Episode_Termination/tilt: 0.0312
    Episode_Termination/low_height: 0.0000
--------------------------------------------------------------------------------
                   Total timesteps: 39936
                    Iteration time: 2.66s
                      Time elapsed: 00:01:10
                               ETA: 00:03:23

################################################################################
                      [1m Learning iteration 26/100 [0m                       

                       Computation: 569 steps/s (collection: 2.625s, learning 0.070s)
             Mean action noise std: 0.04
          Mean value_function loss: 0.8394
               Mean surrogate loss: -0.0169
                 Mean entropy loss: -29.9497
                       Mean reward: -38.82
               Mean episode length: 280.80
   Episode_Reward/term_bad_contact: 0.0000
          Episode_Reward/term_tilt: 0.0000
    Episode_Reward/term_low_height: 0.0000
      Episode_Reward/leg_action_l2: -0.0010
   Episode_Reward/tracking_lin_vel: 0.5108
Episode_Reward/tracking_lin_vel_x_exp: 0.7626
Episode_Reward/tracking_ang_vel_yaw_l1: 0.0000
Episode_Reward/tracking_ang_vel_yaw_exp: 0.5827
Episode_Reward/tracking_lin_vel_y_l2: 0.0000
Episode_Reward/tracking_lin_vel_z_l2: 0.0000
            Episode_Reward/survive: 0.0000
    Episode_Reward/foot_contacts_z: 0.0000
            Episode_Reward/torques: -0.2382
 Episode_Reward/tracking_lin_vel_y: 0.0000
          Episode_Reward/lin_vel_z: -0.0091
         Episode_Reward/ang_vel_xy: -0.0026
   Episode_Reward/tracking_ang_vel: 0.2224
               Episode_Reward/work: -0.0238
            Episode_Reward/dof_acc: -0.0003
        Episode_Reward/action_rate: -0.0003
     Episode_Reward/dof_pos_limits: 0.0000
      Episode_Reward/delta_torques: -0.0002
          Episode_Reward/collision: -5.9975
        Episode_Reward/walking_dof: 0.0070
            Episode_Reward/hip_pos: -0.0114
          Episode_Reward/feet_jerk: 0.0000
              Episode_Reward/alive: 0.3000
          Episode_Reward/feet_drag: -0.0035
Episode_Reward/feet_contact_forces: -0.1924
               Episode_Reward/roll: -0.0235
        Episode_Reward/base_height: -0.0418
Episode_Reward/tracking_lin_vel_max: 0.3366
Episode_Reward/flat_orientation_l2: -0.0398
  Episode_Reward/air_time_variance: -0.0009
        Episode_Reward/feet_height: 0.0000
      Episode_Reward/feet_air_time: -0.0000
Episode_Reward/update_last_buffers: 0.0000
   Episode_Reward/wheel_idle_speed: -0.0009
    Episode_Reward/wheel_action_l2: -0.0000
  Episode_Reward/wheel_action_rate: 0.0000
Episode_Reward/teacher_ensemble_match: 0.0000
  Episode_Reward/wheel_forward_use: 0.0117
 Episode_Reward/wheel_turn_support: 0.0774
   Metrics/locomotion/error_vel_xy: 0.2759
  Metrics/locomotion/error_vel_yaw: 0.3884
      Episode_Termination/time_out: 0.9727
   Episode_Termination/bad_contact: 0.0000
          Episode_Termination/tilt: 0.0273
    Episode_Termination/low_height: 0.0000
--------------------------------------------------------------------------------
                   Total timesteps: 41472
                    Iteration time: 2.70s
                      Time elapsed: 00:01:13
                               ETA: 00:03:20

################################################################################
                      [1m Learning iteration 27/100 [0m                       

                       Computation: 585 steps/s (collection: 2.552s, learning 0.070s)
             Mean action noise std: 0.04
          Mean value_function loss: 0.4571
               Mean surrogate loss: -0.0078
                 Mean entropy loss: -29.9497
                       Mean reward: -39.66
               Mean episode length: 286.18
   Episode_Reward/term_bad_contact: 0.0000
          Episode_Reward/term_tilt: 0.0000
    Episode_Reward/term_low_height: 0.0000
      Episode_Reward/leg_action_l2: -0.0008
   Episode_Reward/tracking_lin_vel: 0.4705
Episode_Reward/tracking_lin_vel_x_exp: 0.6252
Episode_Reward/tracking_ang_vel_yaw_l1: 0.0000
Episode_Reward/tracking_ang_vel_yaw_exp: 0.6516
Episode_Reward/tracking_lin_vel_y_l2: 0.0000
Episode_Reward/tracking_lin_vel_z_l2: 0.0000
            Episode_Reward/survive: 0.0000
    Episode_Reward/foot_contacts_z: 0.0000
            Episode_Reward/torques: -0.2578
 Episode_Reward/tracking_lin_vel_y: 0.0000
          Episode_Reward/lin_vel_z: -0.0074
         Episode_Reward/ang_vel_xy: -0.0022
   Episode_Reward/tracking_ang_vel: 0.2419
               Episode_Reward/work: -0.0191
            Episode_Reward/dof_acc: -0.0004
        Episode_Reward/action_rate: -0.0002
     Episode_Reward/dof_pos_limits: 0.0000
      Episode_Reward/delta_torques: -0.0002
          Episode_Reward/collision: -6.3542
        Episode_Reward/walking_dof: 0.0170
            Episode_Reward/hip_pos: -0.0073
          Episode_Reward/feet_jerk: 0.0000
              Episode_Reward/alive: 0.3000
          Episode_Reward/feet_drag: -0.0031
Episode_Reward/feet_contact_forces: -0.1859
               Episode_Reward/roll: -0.0161
        Episode_Reward/base_height: -0.0362
Episode_Reward/tracking_lin_vel_max: 0.1771
Episode_Reward/flat_orientation_l2: -0.0573
  Episode_Reward/air_time_variance: -0.0004
        Episode_Reward/feet_height: 0.0000
      Episode_Reward/feet_air_time: -0.0000
Episode_Reward/update_last_buffers: 0.0000
   Episode_Reward/wheel_idle_speed: -0.0010
    Episode_Reward/wheel_action_l2: -0.0000
  Episode_Reward/wheel_action_rate: 0.0000
Episode_Reward/teacher_ensemble_match: 0.0000
  Episode_Reward/wheel_forward_use: 0.0374
 Episode_Reward/wheel_turn_support: 0.0978
   Metrics/locomotion/error_vel_xy: 0.3448
  Metrics/locomotion/error_vel_yaw: 0.3204
      Episode_Termination/time_out: 0.9844
   Episode_Termination/bad_contact: 0.0000
          Episode_Termination/tilt: 0.0156
    Episode_Termination/low_height: 0.0000
--------------------------------------------------------------------------------
                   Total timesteps: 43008
                    Iteration time: 2.62s
                      Time elapsed: 00:01:15
                               ETA: 00:03:17

################################################################################
                      [1m Learning iteration 28/100 [0m                       

                       Computation: 585 steps/s (collection: 2.553s, learning 0.070s)
             Mean action noise std: 0.04
          Mean value_function loss: 0.4103
               Mean surrogate loss: -0.0070
                 Mean entropy loss: -29.9497
                       Mean reward: -39.72
               Mean episode length: 288.52
   Episode_Reward/term_bad_contact: 0.0000
          Episode_Reward/term_tilt: 0.0000
    Episode_Reward/term_low_height: 0.0000
      Episode_Reward/leg_action_l2: -0.0011
   Episode_Reward/tracking_lin_vel: 0.5247
Episode_Reward/tracking_lin_vel_x_exp: 0.8773
Episode_Reward/tracking_ang_vel_yaw_l1: 0.0000
Episode_Reward/tracking_ang_vel_yaw_exp: 0.6635
Episode_Reward/tracking_lin_vel_y_l2: 0.0000
Episode_Reward/tracking_lin_vel_z_l2: 0.0000
            Episode_Reward/survive: 0.0000
    Episode_Reward/foot_contacts_z: 0.0000
            Episode_Reward/torques: -0.2180
 Episode_Reward/tracking_lin_vel_y: 0.0000
          Episode_Reward/lin_vel_z: -0.0075
         Episode_Reward/ang_vel_xy: -0.0024
   Episode_Reward/tracking_ang_vel: 0.2365
               Episode_Reward/work: -0.0225
            Episode_Reward/dof_acc: -0.0003
        Episode_Reward/action_rate: -0.0003
     Episode_Reward/dof_pos_limits: 0.0000
      Episode_Reward/delta_torques: -0.0002
          Episode_Reward/collision: -5.9225
        Episode_Reward/walking_dof: 0.0045
            Episode_Reward/hip_pos: -0.0110
          Episode_Reward/feet_jerk: 0.0000
              Episode_Reward/alive: 0.3000
          Episode_Reward/feet_drag: -0.0036
Episode_Reward/feet_contact_forces: -0.1912
               Episode_Reward/roll: -0.0321
        Episode_Reward/base_height: -0.0386
Episode_Reward/tracking_lin_vel_max: 0.3630
Episode_Reward/flat_orientation_l2: -0.0339
  Episode_Reward/air_time_variance: -0.0011
        Episode_Reward/feet_height: 0.0000
      Episode_Reward/feet_air_time: 0.0000
Episode_Reward/update_last_buffers: 0.0000
   Episode_Reward/wheel_idle_speed: -0.0013
    Episode_Reward/wheel_action_l2: -0.0000
  Episode_Reward/wheel_action_rate: 0.0000
Episode_Reward/teacher_ensemble_match: 0.0000
  Episode_Reward/wheel_forward_use: 0.0025
 Episode_Reward/wheel_turn_support: 0.0982
   Metrics/locomotion/error_vel_xy: 0.2333
  Metrics/locomotion/error_vel_yaw: 0.3355
      Episode_Termination/time_out: 0.9844
   Episode_Termination/bad_contact: 0.0000
          Episode_Termination/tilt: 0.0156
    Episode_Termination/low_height: 0.0000
--------------------------------------------------------------------------------
                   Total timesteps: 44544
                    Iteration time: 2.62s
                      Time elapsed: 00:01:18
                               ETA: 00:03:14

################################################################################
                      [1m Learning iteration 29/100 [0m                       

                       Computation: 579 steps/s (collection: 2.582s, learning 0.069s)
             Mean action noise std: 0.04
          Mean value_function loss: 0.8285
               Mean surrogate loss: -0.0144
                 Mean entropy loss: -29.9497
                       Mean reward: -40.34
               Mean episode length: 294.12
   Episode_Reward/term_bad_contact: 0.0000
          Episode_Reward/term_tilt: 0.0000
    Episode_Reward/term_low_height: 0.0000
      Episode_Reward/leg_action_l2: -0.0020
   Episode_Reward/tracking_lin_vel: 0.4902
Episode_Reward/tracking_lin_vel_x_exp: 0.7224
Episode_Reward/tracking_ang_vel_yaw_l1: 0.0000
Episode_Reward/tracking_ang_vel_yaw_exp: 0.6947
Episode_Reward/tracking_lin_vel_y_l2: 0.0000
Episode_Reward/tracking_lin_vel_z_l2: 0.0000
            Episode_Reward/survive: 0.0000
    Episode_Reward/foot_contacts_z: 0.0000
            Episode_Reward/torques: -0.1953
 Episode_Reward/tracking_lin_vel_y: 0.0000
          Episode_Reward/lin_vel_z: -0.0078
         Episode_Reward/ang_vel_xy: -0.0025
   Episode_Reward/tracking_ang_vel: 0.2459
               Episode_Reward/work: -0.0234
            Episode_Reward/dof_acc: -0.0005
        Episode_Reward/action_rate: -0.0006
     Episode_Reward/dof_pos_limits: 0.0000
      Episode_Reward/delta_torques: -0.0002
          Episode_Reward/collision: -5.9311
        Episode_Reward/walking_dof: 0.0101
            Episode_Reward/hip_pos: -0.0096
          Episode_Reward/feet_jerk: 0.0000
              Episode_Reward/alive: 0.3000
          Episode_Reward/feet_drag: -0.0041
Episode_Reward/feet_contact_forces: -0.1900
               Episode_Reward/roll: -0.0265
        Episode_Reward/base_height: -0.0329
Episode_Reward/tracking_lin_vel_max: 0.2788
Episode_Reward/flat_orientation_l2: -0.0337
  Episode_Reward/air_time_variance: -0.0011
        Episode_Reward/feet_height: 0.0000
      Episode_Reward/feet_air_time: -0.0000
Episode_Reward/update_last_buffers: 0.0000
   Episode_Reward/wheel_idle_speed: -0.0012
    Episode_Reward/wheel_action_l2: -0.0000
  Episode_Reward/wheel_action_rate: 0.0000
Episode_Reward/teacher_ensemble_match: 0.0000
  Episode_Reward/wheel_forward_use: 0.0333
 Episode_Reward/wheel_turn_support: 0.0784
   Metrics/locomotion/error_vel_xy: 0.3045
  Metrics/locomotion/error_vel_yaw: 0.3060
      Episode_Termination/time_out: 0.9844
   Episode_Termination/bad_contact: 0.0000
          Episode_Termination/tilt: 0.0156
    Episode_Termination/low_height: 0.0000
--------------------------------------------------------------------------------
                   Total timesteps: 46080
                    Iteration time: 2.65s
                      Time elapsed: 00:01:21
                               ETA: 00:03:11

################################################################################
                      [1m Learning iteration 30/100 [0m                       

                       Computation: 573 steps/s (collection: 2.606s, learning 0.070s)
             Mean action noise std: 0.04
          Mean value_function loss: 1.1591
               Mean surrogate loss: 0.0094
                 Mean entropy loss: -29.9497
                       Mean reward: -39.75
               Mean episode length: 296.27
   Episode_Reward/term_bad_contact: 0.0000
          Episode_Reward/term_tilt: 0.0000
    Episode_Reward/term_low_height: 0.0000
      Episode_Reward/leg_action_l2: -0.0009
   Episode_Reward/tracking_lin_vel: 0.4794
Episode_Reward/tracking_lin_vel_x_exp: 0.7029
Episode_Reward/tracking_ang_vel_yaw_l1: 0.0000
Episode_Reward/tracking_ang_vel_yaw_exp: 0.5671
Episode_Reward/tracking_lin_vel_y_l2: 0.0000
Episode_Reward/tracking_lin_vel_z_l2: 0.0000
            Episode_Reward/survive: 0.0000
    Episode_Reward/foot_contacts_z: 0.0000
            Episode_Reward/torques: -0.2258
 Episode_Reward/tracking_lin_vel_y: 0.0000
          Episode_Reward/lin_vel_z: -0.0081
         Episode_Reward/ang_vel_xy: -0.0020
   Episode_Reward/tracking_ang_vel: 0.2280
               Episode_Reward/work: -0.0205
            Episode_Reward/dof_acc: -0.0004
        Episode_Reward/action_rate: -0.0003
     Episode_Reward/dof_pos_limits: 0.0000
      Episode_Reward/delta_torques: -0.0002
          Episode_Reward/collision: -5.9979
        Episode_Reward/walking_dof: 0.0123
            Episode_Reward/hip_pos: -0.0132
          Episode_Reward/feet_jerk: 0.0000
              Episode_Reward/alive: 0.3000
          Episode_Reward/feet_drag: -0.0039
Episode_Reward/feet_contact_forces: -0.1861
               Episode_Reward/roll: -0.0278
        Episode_Reward/base_height: -0.0400
Episode_Reward/tracking_lin_vel_max: 0.2381
Episode_Reward/flat_orientation_l2: -0.0437
  Episode_Reward/air_time_variance: -0.0009
        Episode_Reward/feet_height: 0.0000
      Episode_Reward/feet_air_time: -0.0000
Episode_Reward/update_last_buffers: 0.0000
   Episode_Reward/wheel_idle_speed: -0.0008
    Episode_Reward/wheel_action_l2: -0.0000
  Episode_Reward/wheel_action_rate: 0.0000
Episode_Reward/teacher_ensemble_match: 0.0000
  Episode_Reward/wheel_forward_use: 0.0061
 Episode_Reward/wheel_turn_support: 0.0994
   Metrics/locomotion/error_vel_xy: 0.3201
  Metrics/locomotion/error_vel_yaw: 0.3744
      Episode_Termination/time_out: 0.9844
   Episode_Termination/bad_contact: 0.0000
          Episode_Termination/tilt: 0.0156
    Episode_Termination/low_height: 0.0000
--------------------------------------------------------------------------------
                   Total timesteps: 47616
                    Iteration time: 2.68s
                      Time elapsed: 00:01:23
                               ETA: 00:03:09
