[INFO][AppLauncher]: Using device: cuda:0
[INFO][AppLauncher]: Loading experience file: /workspace/isaaclab/apps/isaaclab.python.headless.kit
======Missing terms====== 
[]
 =======================

[36m======================================================================================[0m
[36m[1m[INFO][IsaacLab]: Logging to file: /tmp/isaaclab/logs/isaaclab_2026-08-18_06-08-51.log[0m
[36m======================================================================================[0m

[33m06:08:51 [simulation_context.py] WARNING: The `enable_external_forces_every_iteration` parameter in the PhysxCfg is set to False. If you are experiencing noisy velocities, consider enabling this flag. You may need to slightly increase the number of velocity iterations (setting it to 1 or 2 rather than 0), together with this flag, to improve the accuracy of velocity updates.[0m
[INFO]: Base environment:
	Environment device    : cuda:0
	Environment seed      : 271828
	Physics step-size     : 0.008333333333333333
	Rendering step-size   : 833.3333333333334
	Environment step-size : 0.03333333333333333
[33m06:08:51 [terrain_importer.py] WARNING: Visual material specified for ground plane but no diffuse color found. Using default color: (0.0, 0.0, 0.0)[0m
[INFO]: Time taken for scene creation : 54.186755 seconds
[INFO]: Scene manager:  <class InteractiveScene>
	Number of environments: 1
	Environment spacing   : 4.0
	Source prim name      : /World/envs/env_0
	Global prim paths     : ['/World/ground']
	Replicate physics     : True
[INFO]: Starting the simulation. This may take a few seconds. Please wait...
[INFO]: Time taken for simulation start : 0.737786 seconds
[33m06:09:46 [velocity_command.py] WARNING: The velocity command has the 'ranges.heading' attribute set to '(-3.141592653589793, 3.141592653589793)' but the heading command is not active. Consider setting the flag for the heading command to True.[0m
[INFO] Command Manager:  <CommandManager> contains 2 active terms.
+---------------------------------------------+
|             Active Command Terms            |
+-------+------------+------------------------+
| Index | Name       |          Type          |
+-------+------------+------------------------+
|   0   | locomotion | UniformVelocityCommand |
|   1   | ee_goal    | EeSphericalGoalCommand |
+-------+------------+------------------------+

[INFO] Event Manager:  <EventManager> contains 1 active terms.
+------------------------------------+
| Active Event Terms in Mode: 'reset' |
+-----------+------------------------+
|   Index   | Name                   |
+-----------+------------------------+
|     0     | reset_root             |
|     1     | reset_joints           |
|     2     | init_priv              |
|     3     | reset_rewards          |
+-----------+------------------------+

[INFO] Recorder Manager:  <RecorderManager> contains 0 active terms.
+---------------------+
| Active Recorder Terms |
+-----------+---------+
|   Index   | Name    |
+-----------+---------+
+-----------+---------+

[INFO] Action Manager:  <ActionManager> contains 3 active terms.
+------------------------------------+
|  Active Action Terms (shape: 16)   |
+--------+-------------+-------------+
| Index  | Name        |   Dimension |
+--------+-------------+-------------+
|   0    | leg_pos     |          12 |
|   1    | wheel_vel   |           4 |
|   2    | arm_ik      |           0 |
+--------+-------------+-------------+

[INFO] Observation Manager: <ObservationManager> contains 1 groups.
+--------------------------------------------------+
| Active Observation Terms in Group: 'policy' (shape: (876,)) |
+----------------+-------------+-------------------+
|     Index      | Name        |       Shape       |
+----------------+-------------+-------------------+
|       0        | obs         |       (876,)      |
+----------------+-------------+-------------------+

[INFO] Termination Manager:  <TerminationManager> contains 4 active terms.
+--------------------------------+
|    Active Termination Terms    |
+-------+-------------+----------+
| Index | Name        | Time Out |
+-------+-------------+----------+
|   0   | time_out    |   True   |
|   1   | bad_contact |  False   |
|   2   | tilt        |  False   |
|   3   | low_height  |  False   |
+-------+-------------+----------+

[INFO] Reward Manager:  <RewardManager> contains 43 active terms.
+---------------------------------------------------------+
|                   Active Reward Terms                   |
+-------+--------------------------+----------------------+
| Index | Name                     |               Weight |
+-------+--------------------------+----------------------+
|   0   | term_bad_contact         |              -3000.0 |
|   1   | term_tilt                |              -3000.0 |
|   2   | term_low_height          |              -3000.0 |
|   3   | leg_action_l2            |               -0.003 |
|   4   | tracking_lin_vel         |                  0.6 |
|   5   | tracking_lin_vel_x_exp   |                  1.5 |
|   6   | tracking_ang_vel_yaw_l1  |                  0.0 |
|   7   | tracking_ang_vel_yaw_exp |                  1.5 |
|   8   | tracking_lin_vel_y_l2    |                  0.0 |
|   9   | tracking_lin_vel_z_l2    |                  0.0 |
|   10  | survive                  |                  0.0 |
|   11  | foot_contacts_z          |                  0.0 |
|   12  | torques                  |             -7.5e-06 |
|   13  | tracking_lin_vel_y       |                  0.0 |
|   14  | lin_vel_z                | -0.44999999999999996 |
|   15  | ang_vel_xy               |                -0.06 |
|   16  | tracking_ang_vel         |                  0.3 |
|   17  | work                     |              -0.0009 |
|   18  | dof_acc                  |            -2.25e-07 |
|   19  | action_rate              |              -0.0045 |
|   20  | dof_pos_limits           |                 -3.0 |
|   21  | delta_torques            |               -3e-08 |
|   22  | collision                |                 -3.0 |
|   23  | walking_dof              |                 0.03 |
|   24  | hip_pos                  |                -0.06 |
|   25  | feet_jerk                |               -6e-05 |
|   26  | alive                    |                  0.3 |
|   27  | feet_drag                |               -0.024 |
|   28  | feet_contact_forces      |              -0.0003 |
|   29  | roll                     |                 -0.3 |
|   30  | base_height              |                 -0.6 |
|   31  | tracking_lin_vel_max     |  0.44999999999999996 |
|   32  | flat_orientation_l2      |                 -0.6 |
|   33  | air_time_variance        |                 -0.3 |
|   34  | feet_height              |                  0.0 |
|   35  | feet_air_time            |                0.015 |
|   36  | update_last_buffers      |                  0.0 |
|   37  | wheel_idle_speed         |              -0.0009 |
|   38  | wheel_action_l2          |              -0.0003 |
|   39  | wheel_action_rate        |              -0.0006 |
|   40  | teacher_ensemble_match   |  0.22499999999999998 |
|   41  | wheel_forward_use        |                 0.18 |
|   42  | wheel_turn_support       |                0.135 |
+-------+--------------------------+----------------------+

[INFO] Curriculum Manager:  <CurriculumManager> contains 0 active terms.
+----------------------+
| Active Curriculum Terms |
+-----------+----------+
|   Index   | Name     |
+-----------+----------+
+-----------+----------+

[INFO]: Completed setting up the environment...
sweep_config {'steps': 90, 'warmup': 45, 'magnitude': 3.5, 'wheel_damping': 2.0, 'leg_stiffness': 220.0, 'leg_damping': 8.0, 'calf_stiffness': 220.0, 'calf_damping': 8.0, 'ground_friction': None, 'patterns': ['forward_rearflip', 'ideal_yaw', 'tactic_yaw_minus']}
sample forward_rearflip step 45 vx -0.009044710546731949 wz -0.0036860725376755 z 0.5009686946868896 tilt 0.022892365232110023 wheel_vel [0.4322226047515869, 0.6049301028251648, 0.32497188448905945, 0.41172751784324646] wheel_target [0.3333333432674408, 0.3333333432674408, -0.3333333432674408, -0.3333333432674408] wheel_torque [-0.11783444881439209, -0.49142807722091675, -1.3527154922485352, -1.530726432800293] foot_contact_force [207.2377166748047, 197.48812866210938, 204.01693725585938, 197.42478942871094]
sample forward_rearflip step 89 vx 0.0001060588110703975 wz -0.0011484508868306875 z 0.47138074040412903 tilt 0.06641346961259842 wheel_vel [0.6078658103942871, 0.5418636202812195, 0.1739778220653534, -0.4560604691505432] wheel_target [3.5, 3.5, -3.5, -3.5] wheel_torque [5.771759033203125, 5.913156509399414, -7.351574897766113, -6.06849479675293] foot_contact_force [219.36904907226562, 222.7893524169922, 194.55421447753906, 179.53631591796875]
response forward_rearflip pattern [3.5, 3.5, -3.5, -3.5] mean_vx_active 0.03978598308054239 mean_wz_active -0.005763488411644681 final_vx 0.0001060588110703975 final_wz -0.0011484508868306875 mean_wheel_active [1.1045482158660889, 1.125569462776184, -0.7974700927734375, -1.2264904975891113] final_wheel [0.6078658103942871, 0.5418636202812195, 0.1739778220653534, -0.4560604691505432] mean_foot_contact_force_active [214.43650817871094, 214.42050170898438, 196.66592407226562, 188.92654418945312] min_z_active 0.4697933793067932 max_tilt_active 0.0688367560505867 tilt_term False low_term False bad_term False
sample ideal_yaw step 45 vx 0.002345110522583127 wz 0.006871815770864487 z 0.5000403523445129 tilt 0.02209184691309929 wheel_vel [-0.11860986799001694, 0.35403555631637573, 0.25601547956466675, 0.3269820809364319] wheel_target [-0.3333333432674408, 0.3333333432674408, 0.3333333432674408, -0.3333333432674408] wheel_torque [-0.4309415817260742, 0.006369411945343018, 0.24173372983932495, -1.3867559432983398] foot_contact_force [212.28997802734375, 195.1297149658203, 199.5182647705078, 205.58975219726562]
sample ideal_yaw step 89 vx 0.02565329521894455 wz -0.011983754113316536 z 0.4937695264816284 tilt 0.06132517755031586 wheel_vel [-0.9446402788162231, 0.8916584849357605, 1.4397567510604858, -0.5438933372497559] wheel_target [-3.5, 3.5, 3.5, -3.5] wheel_torque [-5.102318286895752, 5.187748908996582, 4.577968597412109, -5.871574401855469] foot_contact_force [232.4333038330078, 217.9468536376953, 132.115966796875, 229.49510192871094]
response ideal_yaw pattern [-3.5, 3.5, 3.5, -3.5] mean_vx_active 0.04063874454263391 mean_wz_active -0.04097295799033923 final_vx 0.02565329521894455 final_wz -0.011983754113316536 mean_wheel_active [-0.8753162026405334, 0.9218499660491943, 1.2801313400268555, -1.2273433208465576] final_wheel [-0.9446402788162231, 0.8916584849357605, 1.4397567510604858, -0.5438933372497559] mean_foot_contact_force_active [224.79164123535156, 198.0050811767578, 162.81759643554688, 228.9068145751953] min_z_active 0.492982417345047 max_tilt_active 0.06132517755031586 tilt_term False low_term False bad_term False
sample tactic_yaw_minus step 45 vx 0.0016586706042289734 wz -0.00781030859798193 z 0.5000414848327637 tilt 0.022195888683199883 wheel_vel [0.19160281121730804, 0.05516844242811203, 0.28588151931762695, 0.2715902626514435] wheel_target [0.3333333432674408, -0.3333333432674408, -0.3333333432674408, 0.3333333432674408] wheel_torque [0.020700395107269287, -0.6951285600662231, -1.280275583267212, 0.18584328889846802] foot_contact_force [209.8917694091797, 198.3772430419922, 201.11619567871094, 203.33311462402344]
sample tactic_yaw_minus step 89 vx 0.023280199617147446 wz 0.014612254686653614 z 0.4918115735054016 tilt 0.07271964848041534 wheel_vel [1.0528349876403809, -0.874842643737793, 0.16971619427204132, 0.8582406640052795] wheel_target [3.5, -3.5, -3.5, 3.5] wheel_torque [4.928347110748291, -5.1310930252075195, -7.332151889801025, 5.296722412109375] foot_contact_force [225.33084106445312, 225.39584350585938, 231.4026641845703, 132.32167053222656]
response tactic_yaw_minus pattern [3.5, -3.5, -3.5, 3.5] mean_vx_active 0.04925832577605939 mean_wz_active 0.030503613404127664 final_vx 0.023280199617147446 final_wz 0.014612254686653614 mean_wheel_active [1.1375839710235596, -0.6552026271820068, -0.7595941424369812, 1.2228294610977173] final_wheel [1.0528349876403809, -0.874842643737793, 0.16971619427204132, 0.8582406640052795] mean_foot_contact_force_active [204.33255004882812, 218.1315155029297, 224.89117431640625, 166.09005737304688] min_z_active 0.4918115735054016 max_tilt_active 0.07271964848041534 tilt_term False low_term False bad_term False
Loading user config located at: '/isaac-sim/kit/data/Kit/Isaac-Sim/5.1/user.config.json'
[Info] [carb] Logging to file: /isaac-sim/kit/logs/Kit/Isaac-Sim/5.1/kit_20260818_060845.log
2026-08-17T22:08:45Z [437ms] [Warning] [omni.usd_config.extension] Enable omni.materialx.libs extension to use MaterialX
2026-08-17T22:08:46Z [961ms] [Warning] [carb] Acquiring non optional plugin interface which is not listed as dependency: [omni::physx::IPhysxBenchmarks v1.0] (plugin: <default plugin>), by client: omni.physics.physx.plugin. Add it to CARB_PLUGIN_IMPL_DEPS() macro of a client.
2026-08-17T22:08:46Z [1,242ms] [Warning] [omni.isaac.dynamic_control] omni.isaac.dynamic_control is deprecated as of Isaac Sim 4.5. No action is needed from end-users.

|---------------------------------------------------------------------------------------------|
| Driver Version: 580.126.09    | Graphics API: Vulkan
|=============================================================================================|
| GPU | Name                             | Active | LDA | GPU Memory | Vendor-ID | LUID       |
|     |                                  |        |     |            | Device-ID | UUID       |
|     |                                  |        |     |            | Bus-ID    |            |
|---------------------------------------------------------------------------------------------|
| 0   | NVIDIA L40                       | Yes: 0 |     | 46068   MB | 10de      | 0          |
|     |                                  |        |     |            | 26b5      | c3c5dcf0.. |
|     |                                  |        |     |            | 37        |            |
|=============================================================================================|
| OS: 24.04.3 LTS (Noble Numbat) ubuntu, Version: 24.04.3, Kernel: 5.15.0-168-generic
| XServer Vendor: The X.Org Foundation, XServer Version: 12101011 (1.21.1.11)
| Processor: Intel(R) Xeon(R) Platinum 8358 CPU @ 2.60GHz
| Bare Metal Cores: 64 | Bare Metal Logical Cores: 128
| Core Usage Quota: 14
|---------------------------------------------------------------------------------------------|
| Total Memory (MB): 122880 | Free Memory: 119018
| Total Page/Swap (MB): 0 | Free Page/Swap: 0
|---------------------------------------------------------------------------------------------|
2026-08-17T22:08:50Z [4,755ms] [Warning] [gpu.foundation.plugin] ECC is enabled on physical device 0
