[INFO][AppLauncher]: Using device: cuda:0
[INFO][AppLauncher]: Loading experience file: /workspace/isaaclab/apps/isaaclab.python.headless.kit
======Missing terms====== 
[]
 =======================
wheel_actuator=ImplicitActuator

[36m======================================================================================[0m
[36m[1m[INFO][IsaacLab]: Logging to file: /tmp/isaaclab/logs/isaaclab_2026-08-17_22-14-55.log[0m
[36m======================================================================================[0m

[33m22:14:55 [simulation_context.py] WARNING: The `enable_external_forces_every_iteration` parameter in the PhysxCfg is set to False. If you are experiencing noisy velocities, consider enabling this flag. You may need to slightly increase the number of velocity iterations (setting it to 1 or 2 rather than 0), together with this flag, to improve the accuracy of velocity updates.[0m
[INFO]: Base environment:
	Environment device    : cuda:0
	Environment seed      : 271828
	Physics step-size     : 0.008333333333333333
	Rendering step-size   : 833.3333333333334
	Environment step-size : 0.03333333333333333
[33m22:14:55 [terrain_importer.py] WARNING: Visual material specified for ground plane but no diffuse color found. Using default color: (0.0, 0.0, 0.0)[0m
[INFO]: Time taken for scene creation : 4.708886 seconds
[INFO]: Scene manager:  <class InteractiveScene>
	Number of environments: 4
	Environment spacing   : 4.0
	Source prim name      : /World/envs/env_0
	Global prim paths     : ['/World/ground']
	Replicate physics     : True
[INFO]: Starting the simulation. This may take a few seconds. Please wait...
[INFO]: Time taken for simulation start : 0.833125 seconds
[33m22:15:01 [velocity_command.py] WARNING: The velocity command has the 'ranges.heading' attribute set to '(-3.141592653589793, 3.141592653589793)' but the heading command is not active. Consider setting the flag for the heading command to True.[0m
[INFO] Command Manager:  <CommandManager> contains 2 active terms.
+---------------------------------------------+
|             Active Command Terms            |
+-------+------------+------------------------+
| Index | Name       |          Type          |
+-------+------------+------------------------+
|   0   | locomotion | UniformVelocityCommand |
|   1   | ee_goal    | EeSphericalGoalCommand |
+-------+------------+------------------------+

[INFO] Event Manager:  <EventManager> contains 1 active terms.
+------------------------------------+
| Active Event Terms in Mode: 'reset' |
+-----------+------------------------+
|   Index   | Name                   |
+-----------+------------------------+
|     0     | reset_root             |
|     1     | reset_joints           |
|     2     | init_priv              |
|     3     | reset_rewards          |
+-----------+------------------------+

[INFO] Recorder Manager:  <RecorderManager> contains 0 active terms.
+---------------------+
| Active Recorder Terms |
+-----------+---------+
|   Index   | Name    |
+-----------+---------+
+-----------+---------+

[INFO] Action Manager:  <ActionManager> contains 3 active terms.
+------------------------------------+
|  Active Action Terms (shape: 16)   |
+--------+-------------+-------------+
| Index  | Name        |   Dimension |
+--------+-------------+-------------+
|   0    | leg_pos     |          12 |
|   1    | wheel_vel   |           4 |
|   2    | arm_ik      |           0 |
+--------+-------------+-------------+

[INFO] Observation Manager: <ObservationManager> contains 1 groups.
+--------------------------------------------------+
| Active Observation Terms in Group: 'policy' (shape: (876,)) |
+----------------+-------------+-------------------+
|     Index      | Name        |       Shape       |
+----------------+-------------+-------------------+
|       0        | obs         |       (876,)      |
+----------------+-------------+-------------------+

[INFO] Termination Manager:  <TerminationManager> contains 4 active terms.
+--------------------------------+
|    Active Termination Terms    |
+-------+-------------+----------+
| Index | Name        | Time Out |
+-------+-------------+----------+
|   0   | time_out    |   True   |
|   1   | bad_contact |  False   |
|   2   | tilt        |  False   |
|   3   | low_height  |  False   |
+-------+-------------+----------+

[INFO] Reward Manager:  <RewardManager> contains 42 active terms.
+---------------------------------------------------------+
|                   Active Reward Terms                   |
+-------+--------------------------+----------------------+
| Index | Name                     |               Weight |
+-------+--------------------------+----------------------+
|   0   | term_bad_contact         |              -3000.0 |
|   1   | term_tilt                |              -3000.0 |
|   2   | term_low_height          |              -3000.0 |
|   3   | leg_action_l2            |               -0.003 |
|   4   | tracking_lin_vel         |                  0.0 |
|   5   | tracking_lin_vel_x_exp   |   0.8999999999999999 |
|   6   | tracking_ang_vel_yaw_l1  |                  0.0 |
|   7   | tracking_ang_vel_yaw_exp |   0.8999999999999999 |
|   8   | tracking_lin_vel_y_l2    |                  0.0 |
|   9   | tracking_lin_vel_z_l2    |                  0.0 |
|   10  | survive                  |                  0.0 |
|   11  | foot_contacts_z          |                  0.0 |
|   12  | torques                  |             -7.5e-06 |
|   13  | tracking_lin_vel_y       |                  0.0 |
|   14  | lin_vel_z                | -0.44999999999999996 |
|   15  | ang_vel_xy               |                -0.06 |
|   16  | tracking_ang_vel         |                0.075 |
|   17  | work                     |              -0.0009 |
|   18  | dof_acc                  |            -2.25e-07 |
|   19  | action_rate              |              -0.0045 |
|   20  | dof_pos_limits           |                 -3.0 |
|   21  | delta_torques            |               -3e-08 |
|   22  | collision                |                 -3.0 |
|   23  | walking_dof              |                 0.15 |
|   24  | hip_pos                  |                -0.06 |
|   25  | feet_jerk                |               -6e-05 |
|   26  | alive                    |                  0.3 |
|   27  | feet_drag                |               -0.024 |
|   28  | feet_contact_forces      |              -0.0003 |
|   29  | roll                     |                 -0.3 |
|   30  | base_height              |                 -1.5 |
|   31  | tracking_lin_vel_max     |                  0.3 |
|   32  | flat_orientation_l2      |                -0.15 |
|   33  | air_time_variance        | -0.44999999999999996 |
|   34  | feet_height              |                  0.0 |
|   35  | feet_air_time            |                0.015 |
|   36  | update_last_buffers      |                  0.0 |
|   37  | wheel_idle_speed         |              -0.0009 |
|   38  | wheel_action_l2          |              -0.0003 |
|   39  | wheel_action_rate        |              -0.0006 |
|   40  | wheel_forward_use        |                 0.18 |
|   41  | wheel_turn_support       |                0.135 |
+-------+--------------------------+----------------------+

[INFO] Curriculum Manager:  <CurriculumManager> contains 0 active terms.
+----------------------+
| Active Curriculum Terms |
+-----------+----------+
|   Index   | Name     |
+-----------+----------+
+-----------+----------+

[INFO]: Completed setting up the environment...
wheel_ids= [15, 16, 17, 18] wheel_names= ['FL_foot_wheel_joint', 'FR_foot_wheel_joint', 'RL_foot_wheel_joint', 'RR_foot_wheel_joint']
reset_force_by_body= [('base', 0.0), ('FL_hip', 0.0), ('FL_thigh', 0.0), ('FL_calf', 0.0), ('FL_foot', 1359.7447509765625), ('FR_hip', 0.0), ('FR_thigh', 0.0), ('FR_calf', 0.0), ('FR_foot', 885.16357421875), ('RL_hip', 0.0), ('RL_thigh', 0.0), ('RL_calf', 0.0), ('RL_foot', 0.0), ('RR_hip', 0.0), ('RR_thigh', 0.0), ('RR_calf', 0.0), ('RR_foot', 0.0), ('link1', 0.0), ('link2', 0.0), ('link3', 0.0), ('link4', 0.0), ('link5', 0.0), ('link6', 0.0), ('link7', 0.0), ('link8', 0.0)]
reset_root_z= 0.7799999713897705 reset_foot_z= [0.3199816346168518, 0.3231385052204132, 0.3330218493938446, 0.33326467871665955] reset_foot_names= ['FL_foot', 'FR_foot', 'RL_foot', 'RR_foot'] reset_contact_force_shape= (4, 25, 3) reset_contact_force_max= 1359.7447509765625
zero post_reset_wheel_vel [0.0, 0.0, 0.0, 0.0]
zero joint_vel_target [0.0, 0.0, 0.0, 0.0]
zero computed_torque [-1.5487602311736737e-09, -1.3207888116539834e-09, -2.8429676390828718e-09, -2.774400709171232e-10]
zero applied_torque [-1.5487602311736737e-09, -1.3207888116539834e-09, -2.8429676390828718e-09, -2.774400709171232e-10]
zero contact_force_max 0.0
zero mean_vx= -0.09947068244218826 mean_wz= 0.003199082100763917 mean_wheel= [1.6779251098632812, 0.8153973817825317, -0.41558265686035156, -0.19508859515190125] first_wheel= [5.730486307697902e-09, 3.3190954429329622e-09, 2.6963760113574153e-09, 7.91670906608033e-09] last_wheel= [1.517360806465149, 1.4017819166183472, 0.4144570529460907, 0.43517494201660156] first_vx= 0.0007872359710745513 last_vx= -0.02487810328602791
all_plus post_reset_wheel_vel [0.0, 0.0, 0.0, 0.0]
all_plus joint_vel_target [0.10000000149011612, 0.10000000149011612, 0.10000000149011612, 0.10000000149011612]
all_plus computed_torque [0.046135857701301575, 0.05000000074505806, 0.05000011622905731, 0.04999995604157448]
all_plus applied_torque [0.046135857701301575, 0.05000000074505806, 0.05000011622905731, 0.04999995604157448]
all_plus contact_force_max 0.0
all_plus mean_vx= -0.10251348465681076 mean_wz= 0.0024828652385622263 mean_wheel= [1.5148730278015137, 1.2450075149536133, -0.2913648784160614, -0.10050308704376221] first_wheel= [-1.210719347000122e-08, 6.51925802230835e-09, -1.210719347000122e-08, -9.313225746154785e-10] last_wheel= [1.207003116607666, 1.1813689470291138, 0.215687096118927, 0.7536896467208862] first_vx= 0.0005809574504382908 last_vx= -0.025906594470143318
all_minus post_reset_wheel_vel [0.0, 0.0, 0.0, 0.0]
all_minus joint_vel_target [-0.10000000149011612, -0.10000000149011612, -0.10000000149011612, -0.10000000149011612]
all_minus computed_torque [-0.04999999701976776, -0.04999999701976776, -0.04999999329447746, -0.05000000074505806]
all_minus applied_torque [-0.04999999701976776, -0.04999999701976776, -0.04999999329447746, -0.05000000074505806]
all_minus contact_force_max 0.0
all_minus mean_vx= -0.09964773803949356 mean_wz= 0.0028426572680473328 mean_wheel= [1.4996427297592163, 0.9517130851745605, -0.48700299859046936, -0.1322469264268875] first_wheel= [-6.51925802230835e-09, 0.0, 7.450580596923828e-09, 5.587935447692871e-09] last_wheel= [2.288278341293335, 1.8091979026794434, 0.8426601886749268, 1.0948611497879028] first_vx= -0.0009043054888024926 last_vx= -0.019816715270280838
yaw_positive post_reset_wheel_vel [0.0, 0.0, 0.0, 0.0]
yaw_positive joint_vel_target [-0.10000000149011612, 0.10000000149011612, -0.10000000149011612, 0.10000000149011612]
yaw_positive computed_torque [-0.05000000447034836, 0.05000000074505806, -0.05000000074505806, 0.04999999701976776]
yaw_positive applied_torque [-0.05000000447034836, 0.05000000074505806, -0.05000000074505806, 0.04999999701976776]
yaw_positive contact_force_max 0.0
yaw_positive mean_vx= -0.11444422602653503 mean_wz= 0.004303969442844391 mean_wheel= [1.3754256963729858, 1.0143229961395264, -0.1200684979557991, 0.14351937174797058] first_wheel= [0.0, 6.51925802230835e-09, 6.51925802230835e-09, 1.3969838619232178e-08] last_wheel= [1.8502192497253418, 0.62364661693573, 0.891076922416687, 0.6088735461235046] first_vx= -0.00011076033115386963 last_vx= -0.04043245688080788
yaw_negative post_reset_wheel_vel [0.0, 0.0, 0.0, 0.0]
yaw_negative joint_vel_target [0.10000000149011612, -0.10000000149011612, 0.10000000149011612, -0.10000000149011612]
yaw_negative computed_torque [0.05000000074505806, -0.05000000074505806, 0.05000000074505806, -0.05000000447034836]
yaw_negative applied_torque [0.05000000074505806, -0.05000000074505806, 0.05000000074505806, -0.05000000447034836]
yaw_negative contact_force_max 0.0
yaw_negative mean_vx= -0.10517241060733795 mean_wz= -0.0034580882638692856 mean_wheel= [1.9963849782943726, 1.4593007564544678, -0.19674736261367798, -0.06351307034492493] first_wheel= [0.0, 2.7939677238464355e-09, -5.587935447692871e-09, -5.587935447692871e-09] last_wheel= [2.4467709064483643, 0.7916581034660339, 0.7505859136581421, 0.4777947962284088] first_vx= 0.0031912215054035187 last_vx= -0.01496191043406725
Loading user config located at: '/isaac-sim/kit/data/Kit/Isaac-Sim/5.1/user.config.json'
[Info] [carb] Logging to file: /isaac-sim/kit/logs/Kit/Isaac-Sim/5.1/kit_20260817_221448.log
2026-08-17T14:14:48Z [472ms] [Warning] [omni.usd_config.extension] Enable omni.materialx.libs extension to use MaterialX
2026-08-17T14:14:49Z [1,029ms] [Warning] [carb] Acquiring non optional plugin interface which is not listed as dependency: [omni::physx::IPhysxBenchmarks v1.0] (plugin: <default plugin>), by client: omni.physics.physx.plugin. Add it to CARB_PLUGIN_IMPL_DEPS() macro of a client.
2026-08-17T14:14:49Z [1,326ms] [Warning] [omni.isaac.dynamic_control] omni.isaac.dynamic_control is deprecated as of Isaac Sim 4.5. No action is needed from end-users.

|---------------------------------------------------------------------------------------------|
| Driver Version: 580.126.09    | Graphics API: Vulkan
|=============================================================================================|
| GPU | Name                             | Active | LDA | GPU Memory | Vendor-ID | LUID       |
|     |                                  |        |     |            | Device-ID | UUID       |
|     |                                  |        |     |            | Bus-ID    |            |
|---------------------------------------------------------------------------------------------|
| 0   | NVIDIA L40                       | Yes: 0 |     | 46068   MB | 10de      | 0          |
|     |                                  |        |     |            | 26b5      | c3c5dcf0.. |
|     |                                  |        |     |            | 37        |            |
|=============================================================================================|
| OS: 24.04.3 LTS (Noble Numbat) ubuntu, Version: 24.04.3, Kernel: 5.15.0-168-generic
| XServer Vendor: The X.Org Foundation, XServer Version: 12101011 (1.21.1.11)
| Processor: Intel(R) Xeon(R) Platinum 8358 CPU @ 2.60GHz
| Bare Metal Cores: 64 | Bare Metal Logical Cores: 128
| Core Usage Quota: 14
|---------------------------------------------------------------------------------------------|
| Total Memory (MB): 122880 | Free Memory: 120369
| Total Page/Swap (MB): 0 | Free Page/Swap: 0
|---------------------------------------------------------------------------------------------|
2026-08-17T14:14:53Z [5,142ms] [Warning] [gpu.foundation.plugin] ECC is enabled on physical device 0
