[INFO][AppLauncher]: Using device: cuda:0
[INFO][AppLauncher]: Loading experience file: /workspace/isaaclab/apps/isaaclab.python.headless.kit
======Missing terms====== 
[]
 =======================

[36m======================================================================================[0m
[36m[1m[INFO][IsaacLab]: Logging to file: /tmp/isaaclab/logs/isaaclab_2026-08-18_05-28-01.log[0m
[36m======================================================================================[0m

[33m05:28:01 [simulation_context.py] WARNING: The `enable_external_forces_every_iteration` parameter in the PhysxCfg is set to False. If you are experiencing noisy velocities, consider enabling this flag. You may need to slightly increase the number of velocity iterations (setting it to 1 or 2 rather than 0), together with this flag, to improve the accuracy of velocity updates.[0m
[INFO]: Base environment:
	Environment device    : cuda:0
	Environment seed      : 271828
	Physics step-size     : 0.008333333333333333
	Rendering step-size   : 833.3333333333334
	Environment step-size : 0.03333333333333333
[33m05:28:02 [terrain_importer.py] WARNING: Visual material specified for ground plane but no diffuse color found. Using default color: (0.0, 0.0, 0.0)[0m
[INFO]: Time taken for scene creation : 145.429762 seconds
[INFO]: Scene manager:  <class InteractiveScene>
	Number of environments: 1
	Environment spacing   : 4.0
	Source prim name      : /World/envs/env_0
	Global prim paths     : ['/World/ground']
	Replicate physics     : True
[INFO]: Starting the simulation. This may take a few seconds. Please wait...
[INFO]: Time taken for simulation start : 0.727684 seconds
[33m05:30:28 [velocity_command.py] WARNING: The velocity command has the 'ranges.heading' attribute set to '(-3.141592653589793, 3.141592653589793)' but the heading command is not active. Consider setting the flag for the heading command to True.[0m
[INFO] Command Manager:  <CommandManager> contains 2 active terms.
+---------------------------------------------+
|             Active Command Terms            |
+-------+------------+------------------------+
| Index | Name       |          Type          |
+-------+------------+------------------------+
|   0   | locomotion | UniformVelocityCommand |
|   1   | ee_goal    | EeSphericalGoalCommand |
+-------+------------+------------------------+

[INFO] Event Manager:  <EventManager> contains 1 active terms.
+------------------------------------+
| Active Event Terms in Mode: 'reset' |
+-----------+------------------------+
|   Index   | Name                   |
+-----------+------------------------+
|     0     | reset_root             |
|     1     | reset_joints           |
|     2     | init_priv              |
|     3     | reset_rewards          |
+-----------+------------------------+

[INFO] Recorder Manager:  <RecorderManager> contains 0 active terms.
+---------------------+
| Active Recorder Terms |
+-----------+---------+
|   Index   | Name    |
+-----------+---------+
+-----------+---------+

[INFO] Action Manager:  <ActionManager> contains 3 active terms.
+------------------------------------+
|  Active Action Terms (shape: 16)   |
+--------+-------------+-------------+
| Index  | Name        |   Dimension |
+--------+-------------+-------------+
|   0    | leg_pos     |          12 |
|   1    | wheel_vel   |           4 |
|   2    | arm_ik      |           0 |
+--------+-------------+-------------+

[INFO] Observation Manager: <ObservationManager> contains 1 groups.
+--------------------------------------------------+
| Active Observation Terms in Group: 'policy' (shape: (876,)) |
+----------------+-------------+-------------------+
|     Index      | Name        |       Shape       |
+----------------+-------------+-------------------+
|       0        | obs         |       (876,)      |
+----------------+-------------+-------------------+

[INFO] Termination Manager:  <TerminationManager> contains 4 active terms.
+--------------------------------+
|    Active Termination Terms    |
+-------+-------------+----------+
| Index | Name        | Time Out |
+-------+-------------+----------+
|   0   | time_out    |   True   |
|   1   | bad_contact |  False   |
|   2   | tilt        |  False   |
|   3   | low_height  |  False   |
+-------+-------------+----------+

[INFO] Reward Manager:  <RewardManager> contains 43 active terms.
+---------------------------------------------------------+
|                   Active Reward Terms                   |
+-------+--------------------------+----------------------+
| Index | Name                     |               Weight |
+-------+--------------------------+----------------------+
|   0   | term_bad_contact         |              -3000.0 |
|   1   | term_tilt                |              -3000.0 |
|   2   | term_low_height          |              -3000.0 |
|   3   | leg_action_l2            |               -0.003 |
|   4   | tracking_lin_vel         |                  0.6 |
|   5   | tracking_lin_vel_x_exp   |                  1.5 |
|   6   | tracking_ang_vel_yaw_l1  |                  0.0 |
|   7   | tracking_ang_vel_yaw_exp |                  1.5 |
|   8   | tracking_lin_vel_y_l2    |                  0.0 |
|   9   | tracking_lin_vel_z_l2    |                  0.0 |
|   10  | survive                  |                  0.0 |
|   11  | foot_contacts_z          |                  0.0 |
|   12  | torques                  |             -7.5e-06 |
|   13  | tracking_lin_vel_y       |                  0.0 |
|   14  | lin_vel_z                | -0.44999999999999996 |
|   15  | ang_vel_xy               |                -0.06 |
|   16  | tracking_ang_vel         |                  0.3 |
|   17  | work                     |              -0.0009 |
|   18  | dof_acc                  |            -2.25e-07 |
|   19  | action_rate              |              -0.0045 |
|   20  | dof_pos_limits           |                 -3.0 |
|   21  | delta_torques            |               -3e-08 |
|   22  | collision                |                 -3.0 |
|   23  | walking_dof              |                 0.03 |
|   24  | hip_pos                  |                -0.06 |
|   25  | feet_jerk                |               -6e-05 |
|   26  | alive                    |                  0.3 |
|   27  | feet_drag                |               -0.024 |
|   28  | feet_contact_forces      |              -0.0003 |
|   29  | roll                     |                 -0.3 |
|   30  | base_height              |                 -0.6 |
|   31  | tracking_lin_vel_max     |  0.44999999999999996 |
|   32  | flat_orientation_l2      |                 -0.6 |
|   33  | air_time_variance        |                 -0.3 |
|   34  | feet_height              |                  0.0 |
|   35  | feet_air_time            |                0.015 |
|   36  | update_last_buffers      |                  0.0 |
|   37  | wheel_idle_speed         |              -0.0009 |
|   38  | wheel_action_l2          |              -0.0003 |
|   39  | wheel_action_rate        |              -0.0006 |
|   40  | teacher_ensemble_match   |  0.22499999999999998 |
|   41  | wheel_forward_use        |                 0.18 |
|   42  | wheel_turn_support       |                0.135 |
+-------+--------------------------+----------------------+

[INFO] Curriculum Manager:  <CurriculumManager> contains 0 active terms.
+----------------------+
| Active Curriculum Terms |
+-----------+----------+
|   Index   | Name     |
+-----------+----------+
+-----------+----------+

[INFO]: Completed setting up the environment...
sweep_config {'steps': 90, 'warmup': 45, 'magnitude': 3.5, 'wheel_damping': 2.0, 'leg_stiffness': 300.0, 'leg_damping': 10.0, 'calf_stiffness': 300.0, 'calf_damping': 10.0, 'ground_friction': 0.5, 'patterns': ['forward_rearflip', 'ideal_yaw', 'tactic_yaw_minus']}
sample forward_rearflip step 45 vx 0.004394382704049349 wz 0.0031944415532052517 z 0.5172088742256165 tilt 0.01183049101382494 wheel_vel [0.24171441793441772, 0.5007393956184387, 0.2185596227645874, 0.2803308963775635] wheel_target [0.3333333432674408, 0.3333333432674408, -0.3333333432674408, -0.3333333432674408] wheel_torque [0.5004184246063232, -0.23274952173233032, -1.0225483179092407, -1.284711241722107] foot_contact_force [204.8160400390625, 201.95433044433594, 207.7476806640625, 197.37188720703125]
sample forward_rearflip step 89 vx -0.035196639597415924 wz -0.00956671591848135 z 0.49827030301094055 tilt 0.04395611211657524 wheel_vel [0.7678979635238647, 0.6670213341712952, -1.4156560897827148, -0.9226769208908081] wheel_target [3.5, 3.5, -3.5, -3.5] wheel_torque [5.5308661460876465, 6.066234588623047, -4.24497127532959, -3.861798048019409] foot_contact_force [220.37884521484375, 225.40711975097656, 186.4712371826172, 180.43128967285156]
response forward_rearflip pattern [3.5, 3.5, -3.5, -3.5] mean_vx_active 0.028682623517427903 mean_wz_active 3.253245942889609e-05 final_vx -0.035196639597415924 final_wz -0.00956671591848135 mean_wheel_active [0.9713172316551208, 0.9006344079971313, -1.2082651853561401, -1.1270275115966797] final_wheel [0.7678979635238647, 0.6670213341712952, -1.4156560897827148, -0.9226769208908081] mean_foot_contact_force_active [217.33412170410156, 214.9075469970703, 192.25474548339844, 188.64988708496094] min_z_active 0.49827030301094055 max_tilt_active 0.044873543083667755 tilt_term False low_term False bad_term False
sample ideal_yaw step 45 vx -0.006869773846119642 wz -0.0006794965011067688 z 0.5164355635643005 tilt 0.0177120603621006 wheel_vel [-0.10479606688022614, -0.27898210287094116, 0.1459307223558426, 0.23703914880752563] wheel_target [-0.3333333432674408, 0.3333333432674408, 0.3333333432674408, -0.3333333432674408] wheel_torque [-0.4258047938346863, 1.2906231880187988, 0.3996719717979431, -1.1836366653442383] foot_contact_force [209.19500732421875, 208.69326782226562, 206.40383911132812, 188.37139892578125]
sample ideal_yaw step 89 vx 0.014367968775331974 wz 0.006255063693970442 z 0.511562168598175 tilt 0.029141616076231003 wheel_vel [0.030899327248334885, 0.7459471821784973, 0.14725977182388306, -0.7128103375434875] wheel_target [-3.5, 3.5, 3.5, -3.5] wheel_torque [-7.071666240692139, 5.527753829956055, 6.678734302520752, -5.498300552368164] foot_contact_force [227.8365020751953, 201.4184112548828, 161.453369140625, 223.0398406982422]
response ideal_yaw pattern [-3.5, 3.5, 3.5, -3.5] mean_vx_active 0.0110692234024302 mean_wz_active -0.029193286940507178 final_vx 0.014367968775331974 final_wz 0.006255063693970442 mean_wheel_active [-0.3451598584651947, 0.6967417597770691, 0.9103566408157349, -1.0816409587860107] final_wheel [0.030899327248334885, 0.7459471821784973, 0.14725977182388306, -0.7128103375434875] mean_foot_contact_force_active [222.56639099121094, 203.68008422851562, 172.91453552246094, 214.177001953125] min_z_active 0.511562168598175 max_tilt_active 0.03245781734585762 tilt_term False low_term False bad_term False
sample tactic_yaw_minus step 45 vx -0.00962615292519331 wz 0.0037529149558395147 z 0.516545295715332 tilt 0.01767602376639843 wheel_vel [-0.2298639863729477, -0.1848044991493225, 0.16777601838111877, 0.1618061661720276] wheel_target [0.3333333432674408, -0.3333333432674408, -0.3333333432674408, 0.3333333432674408] wheel_torque [1.1148216724395752, -0.3510531783103943, -0.9245206117630005, 0.4000664949417114] foot_contact_force [206.40850830078125, 210.99395751953125, 206.8599090576172, 187.52041625976562]
sample tactic_yaw_minus step 89 vx 0.0025051257107406855 wz -0.001213948242366314 z 0.5116708278656006 tilt 0.03154929354786873 wheel_vel [0.37046366930007935, 0.08017631620168686, -0.6775577664375305, 0.4212641716003418] wheel_target [3.5, -3.5, -3.5, 3.5] wheel_torque [6.1819586753845215, -7.1007981300354, -5.648494243621826, 6.2721076011657715] foot_contact_force [206.93142700195312, 217.36224365234375, 219.1630859375, 171.06454467773438]
response tactic_yaw_minus pattern [3.5, -3.5, -3.5, 3.5] mean_vx_active 0.004861980139200265 mean_wz_active 0.033983055409044026 final_vx 0.0025051257107406855 final_wz -0.001213948242366314 mean_wheel_active [0.5571841597557068, -0.20505328476428986, -1.1271425485610962, 1.030216932296753] final_wheel [0.37046366930007935, 0.08017631620168686, -0.6775577664375305, 0.4212641716003418] mean_foot_contact_force_active [206.85154724121094, 219.62794494628906, 217.97950744628906, 169.66189575195312] min_z_active 0.5116708278656006 max_tilt_active 0.037091419100761414 tilt_term False low_term False bad_term False
Loading user config located at: '/isaac-sim/kit/data/Kit/Isaac-Sim/5.1/user.config.json'
[Info] [carb] Logging to file: /isaac-sim/kit/logs/Kit/Isaac-Sim/5.1/kit_20260818_052755.log
2026-08-17T21:27:55Z [436ms] [Warning] [omni.usd_config.extension] Enable omni.materialx.libs extension to use MaterialX
2026-08-17T21:27:56Z [933ms] [Warning] [carb] Acquiring non optional plugin interface which is not listed as dependency: [omni::physx::IPhysxBenchmarks v1.0] (plugin: <default plugin>), by client: omni.physics.physx.plugin. Add it to CARB_PLUGIN_IMPL_DEPS() macro of a client.
2026-08-17T21:27:56Z [1,210ms] [Warning] [omni.isaac.dynamic_control] omni.isaac.dynamic_control is deprecated as of Isaac Sim 4.5. No action is needed from end-users.

|---------------------------------------------------------------------------------------------|
| Driver Version: 580.126.09    | Graphics API: Vulkan
|=============================================================================================|
| GPU | Name                             | Active | LDA | GPU Memory | Vendor-ID | LUID       |
|     |                                  |        |     |            | Device-ID | UUID       |
|     |                                  |        |     |            | Bus-ID    |            |
|---------------------------------------------------------------------------------------------|
| 0   | NVIDIA L40                       | Yes: 0 |     | 46068   MB | 10de      | 0          |
|     |                                  |        |     |            | 26b5      | c3c5dcf0.. |
|     |                                  |        |     |            | 37        |            |
|=============================================================================================|
| OS: 24.04.3 LTS (Noble Numbat) ubuntu, Version: 24.04.3, Kernel: 5.15.0-168-generic
| XServer Vendor: The X.Org Foundation, XServer Version: 12101011 (1.21.1.11)
| Processor: Intel(R) Xeon(R) Platinum 8358 CPU @ 2.60GHz
| Bare Metal Cores: 64 | Bare Metal Logical Cores: 128
| Core Usage Quota: 14
|---------------------------------------------------------------------------------------------|
| Total Memory (MB): 122880 | Free Memory: 119097
| Total Page/Swap (MB): 0 | Free Page/Swap: 0
|---------------------------------------------------------------------------------------------|
2026-08-17T21:28:00Z [4,789ms] [Warning] [gpu.foundation.plugin] ECC is enabled on physical device 0
