Loading user config located at: '/isaac-sim/kit/data/Kit/Isaac-Sim/5.1/user.config.json'
[Info] [carb] Logging to file: /isaac-sim/kit/logs/Kit/Isaac-Sim/5.1/kit_20260818_080301.log
[0.064s] [ext: omni.kit.async_engine-0.0.3] startup
[0.567s] [ext: omni.metrics.core-0.0.3] startup
[0.567s] [ext: omni.client.lib-1.1.0] startup
[0.584s] [ext: omni.blobkey-1.1.2] startup
[0.584s] [ext: omni.stats-1.0.1] startup
[0.585s] [ext: omni.datastore-0.0.0] startup
[0.591s] [ext: omni.client-1.3.0] startup
[0.595s] [ext: omni.ujitso.default-1.0.0] startup
[0.597s] [ext: omni.hsscclient-1.1.2] startup
[0.604s] [ext: omni.gpu_foundation.shadercache.vulkan-1.0.0] startup
[0.609s] [ext: omni.assets.plugins-0.0.0] startup
[0.610s] [ext: omni.gpu_foundation-0.0.0] startup
[0.617s] [ext: carb.windowing.plugins-1.0.0] startup
[0.635s] [ext: omni.kit.renderer.init-0.0.0] startup

|---------------------------------------------------------------------------------------------|
| Driver Version: 580.126.09    | Graphics API: Vulkan
|=============================================================================================|
| GPU | Name                             | Active | LDA | GPU Memory | Vendor-ID | LUID       |
|     |                                  |        |     |            | Device-ID | UUID       |
|     |                                  |        |     |            | Bus-ID    |            |
|---------------------------------------------------------------------------------------------|
| 0   | NVIDIA L40                       | Yes: 0 |     | 46068   MB | 10de      | 0          |
|     |                                  |        |     |            | 26b5      | c3c5dcf0.. |
|     |                                  |        |     |            | 37        |            |
|=============================================================================================|
| OS: 24.04.3 LTS (Noble Numbat) ubuntu, Version: 24.04.3, Kernel: 5.15.0-168-generic
| XServer Vendor: The X.Org Foundation, XServer Version: 12101011 (1.21.1.11)
| Processor: Intel(R) Xeon(R) Platinum 8358 CPU @ 2.60GHz
| Bare Metal Cores: 64 | Bare Metal Logical Cores: 128
| Core Usage Quota: 14
|---------------------------------------------------------------------------------------------|
| Total Memory (MB): 122880 | Free Memory: 119211
| Total Page/Swap (MB): 0 | Free Page/Swap: 0
|---------------------------------------------------------------------------------------------|
2026-08-18T00:03:03Z [2,245ms] [Warning] [gpu.foundation.plugin] ECC is enabled on physical device 0
[2.552s] [ext: omni.kit.pipapi-0.0.0] startup
[2.554s] [ext: omni.kit.pip_archive-0.0.0] startup
[2.554s] [ext: omni.pip.compute-1.6.3] startup
[2.555s] [ext: omni.pip.cloud-1.4.3] startup
[2.559s] [ext: omni.isaac.core_archive-3.0.0] startup
[2.560s] [ext: omni.materialx.libs-1.0.7] startup
[2.569s] [ext: omni.kit.loop-isaac-1.3.7] startup
[2.570s] [ext: omni.kit.test-2.0.1] startup
[2.631s] [ext: omni.kit.telemetry-0.5.2] startup
[2.661s] [ext: omni.isaac.ml_archive-3.0.4] startup
[2.662s] [ext: omni.usd.config-1.0.6] startup
[2.667s] [ext: omni.gpucompute.plugins-0.0.0] startup
[2.668s] [ext: omni.usd.libs-1.0.1] startup
[2.758s] [ext: omni.mdl-56.0.3] startup
[2.883s] [ext: omni.iray.libs-0.0.0] startup
[2.889s] [ext: omni.mdl.neuraylib-0.2.12] startup
[2.892s] [ext: omni.kit.usd.mdl-1.1.5] startup
[3.011s] [ext: omni.appwindow-1.1.10] startup
[3.014s] [ext: omni.kit.renderer.core-1.1.0] startup
[3.077s] [ext: omni.kit.renderer.capture-0.0.0] startup
[3.079s] [ext: omni.kit.renderer.imgui-2.0.5] startup
[3.156s] [ext: omni.ui-2.27.1] startup
[3.167s] [ext: omni.kit.mainwindow-1.0.3] startup
[3.169s] [ext: carb.audio-0.1.0] startup
[3.173s] [ext: omni.uiaudio-1.0.0] startup
[3.174s] [ext: omni.kit.uiapp-0.0.0] startup
[3.174s] [ext: omni.usd.schema.metrics.assembler-107.3.1] startup
[3.178s] [ext: omni.usd.schema.anim-0.0.0] startup
[3.201s] [ext: omni.usd.schema.physx-107.3.26] startup
[3.242s] [ext: omni.usd.schema.geospatial-0.0.0] startup
[3.245s] [ext: omni.usd.schema.omniscripting-1.0.0] startup
[3.250s] [ext: omni.usd.schema.audio-0.0.0] startup
[3.254s] [ext: omni.usd.schema.semantics-0.0.0] startup
[3.257s] [ext: omni.usd_resolver-1.0.0] startup
[3.260s] [ext: usdrt.scenegraph-7.6.1] startup
[3.306s] [ext: omni.kit.actions.core-1.0.0] startup
[3.309s] [ext: omni.timeline-1.0.14] startup
[3.311s] [ext: omni.usd.core-1.5.3] startup
[3.314s] [ext: omni.resourcemonitor-107.0.1] startup
[3.317s] [ext: omni.activity.core-1.0.3] startup
[3.318s] [ext: omni.kit.audiodeviceenum-1.0.2] startup
[3.320s] [ext: omni.hydra.usdrt_delegate-7.5.1] startup
[3.327s] [ext: omni.graph.exec-0.9.6] startup
[3.327s] [ext: omni.kit.window.popup_dialog-2.0.24] startup
[3.332s] [ext: omni.kit.exec.core-0.13.4] startup
[3.334s] [ext: omni.kit.widget.nucleus_connector-2.0.1] startup
[3.336s] [ext: omni.kit.usd_undo-0.1.8] startup
[3.337s] [ext: omni.kit.commands-1.4.10] startup
[3.343s] [ext: omni.hydra.scene_delegate-0.3.4] startup
[3.347s] [ext: omni.usd-1.13.10] startup
[3.401s] [ext: omni.kit.asset_converter-5.0.17] startup
[3.415s] [ext: omni.usd.schema.omni_lens_distortion-0.0.0] startup
[3.416s] [ext: omni.usd.schema.omni_sensors-0.0.0] startup
[3.416s] [ext: omni.usd.schema.render_settings.rtx-0.0.0] startup
[3.417s] [ext: omni.usd.schema.omnigraph-1.0.0] startup
[3.424s] [ext: isaacsim.robot.schema-3.6.0] startup
[3.433s] [ext: omni.kit.property.adapter.core-1.0.2] startup
[3.436s] [ext: omni.kit.menu.core-1.1.2] startup
[3.437s] [ext: omni.kit.property.adapter.fabric-1.0.3] startup
[3.438s] [ext: omni.kit.usd.layers-2.2.11] startup
[3.448s] [ext: omni.kit.clipboard-1.0.5] startup
[3.448s] [ext: omni.kit.widget.context_menu-1.2.5] startup
[3.450s] [ext: omni.kit.hotkeys.core-1.3.10] startup
[3.454s] [ext: omni.kit.widget.path_field-2.0.11] startup
[3.455s] [ext: omni.kit.context_menu-1.8.6] startup
[3.458s] [ext: omni.index.libs-380600.8087.0] startup
[3.458s] [ext: omni.kit.widget.browser_bar-2.0.10] startup
[3.459s] [ext: omni.kit.widget.options_menu-1.1.6] startup
[3.462s] [ext: omni.kit.helper.file_utils-0.1.9] startup
[3.464s] [ext: omni.index-1.0.1] startup
[3.465s] [ext: omni.hydra.rtx.shadercache.vulkan-1.0.0] startup
[3.466s] [ext: omni.kit.widget.options_button-1.0.3] startup
[3.467s] [ext: omni.kit.widget.filebrowser-2.12.3] startup
[3.473s] [ext: omni.volume-0.5.2] startup
[3.475s] [ext: omni.ujitso.client-0.0.0] startup
[3.476s] [ext: omni.kit.notification_manager-1.0.10] startup
[3.478s] [ext: omni.hydra.rtx-1.0.0] startup
2026-08-18T00:03:04Z [3,477ms] [Warning] [omni.log] Source: omni.hydra was already registered.
[3.514s] [ext: omni.ui.scene-1.11.5] startup
[3.519s] [ext: omni.kit.widget.searchable_combobox-1.0.6] startup
[3.521s] [ext: omni.kit.window.filepicker-2.13.4] startup
[3.539s] [ext: omni.kit.widget.searchfield-1.1.8] startup
[3.540s] [ext: omni.kit.widget.settings-1.2.6] startup
[3.543s] [ext: omni.kit.menu.utils-2.0.5] startup
[3.548s] [ext: omni.kit.window.file_exporter-1.0.33] startup
[3.551s] [ext: omni.kit.widget.filter-1.1.4] startup
[3.551s] [ext: omni.hydra.engine.stats-1.0.3] startup
[3.554s] [ext: omni.kit.window.preferences-1.8.0] startup
[3.558s] [ext: omni.kit.widget.stage-3.1.4] startup
[3.572s] [ext: omni.kit.window.file_importer-1.1.18] startup
[3.573s] [ext: omni.kit.raycast.query-1.1.0] startup
[3.578s] [ext: omni.kit.viewport.registry-104.0.6] startup
[3.579s] [ext: omni.kit.viewport.legacy_gizmos-1.0.19] startup
[3.581s] [ext: omni.kit.material.library-2.0.7] startup
[3.589s] [ext: omni.kit.property.adapter.usd-1.0.2] startup
[3.590s] [ext: omni.kit.viewport.scene_camera_model-1.0.6] startup
[3.595s] [ext: omni.kit.hydra_texture-1.4.6] startup
[3.598s] [ext: omni.kit.window.drop_support-1.0.5] startup
[3.599s] [ext: omni.kit.widget.viewport-107.1.3] startup
[3.603s] [ext: omni.kit.primitive.mesh-1.0.17] startup
[3.607s] [ext: omni.kit.viewport.window-107.2.0] startup
[3.625s] [ext: omni.kit.manipulator.transform-107.0.0] startup
[3.630s] [ext: omni.kit.stage_template.core-1.1.22] startup
[3.631s] [ext: omni.kit.widget.toolbar-2.0.1] startup
[3.639s] [ext: omni.kit.viewport.utility-1.1.2] startup
[3.640s] [ext: omni.kit.window.content_browser_registry-0.0.6] startup
[3.640s] [ext: omni.kit.widget.highlight_label-1.0.3] startup
[3.641s] [ext: omni.kit.window.file-2.0.5] startup
[3.645s] [ext: omni.kit.manipulator.tool.snap-1.5.13] startup
[3.649s] [ext: omni.kit.manipulator.selector-1.1.3] startup
[3.651s] [ext: omni.kit.window.property-1.12.1] startup
[3.654s] [ext: omni.kit.window.content_browser-3.1.3] startup
[3.667s] [ext: omni.kit.viewport.manipulator.transform-107.0.4] startup
[3.670s] [ext: omni.kit.manipulator.viewport-107.0.1] startup
[3.671s] [ext: omni.kit.property.usd-4.5.12] startup
[3.684s] [ext: omni.kit.manipulator.selection-106.0.1] startup
[3.685s] [ext: omni.fabric.commands-1.1.6] startup
[3.689s] [ext: omni.kvdb-107.3.26] startup
[3.690s] [ext: omni.kit.manipulator.prim.core-107.0.8] startup
[3.698s] [ext: omni.convexdecomposition-107.3.26] startup
[3.701s] [ext: omni.physx.foundation-107.3.26] startup
[3.703s] [ext: omni.localcache-107.3.26] startup
[3.705s] [ext: omni.kit.manipulator.prim.fabric-107.0.4] startup
[3.706s] [ext: omni.kit.viewport.menubar.core-107.2.1] startup
[3.723s] [ext: omni.kit.viewport.actions-107.0.2] startup
[3.728s] [ext: omni.usdphysics-107.3.26] startup
[3.731s] [ext: omni.kit.widget.prompt-1.0.7] startup
[3.732s] [ext: omni.kit.manipulator.prim.usd-107.0.3] startup
[3.733s] [ext: omni.kit.viewport.menubar.display-107.0.3] startup
[3.735s] [ext: omni.physx.cooking-107.3.26] startup
[3.738s] [ext: omni.inspect-1.0.2] startup
[3.739s] [ext: omni.kit.widget.layers-1.8.6] startup
[3.754s] [ext: omni.kit.manipulator.prim-107.0.0] startup
[3.754s] [ext: omni.debugdraw-0.1.4] startup
[3.760s] [ext: omni.physx-107.3.26] startup
[3.772s] [ext: omni.physics-107.3.26] startup
[3.776s] [ext: omni.graph.core-2.184.5] startup
[3.779s] [ext: omni.usdphysics.ui-107.3.26] startup
[3.812s] [ext: omni.physx.commands-107.3.26] startup
[3.820s] [ext: omni.physics.stageupdate-107.3.26] startup
[3.822s] [ext: isaacsim.core.deprecation_manager-0.2.7] startup
[3.823s] [ext: omni.physx.ui-107.3.26] startup
[3.865s] [ext: isaacsim.core.version-2.0.6] startup
[3.866s] [ext: omni.physics.physx-107.3.26] startup
2026-08-18T00:03:05Z [3,846ms] [Warning] [carb] Acquiring non optional plugin interface which is not listed as dependency: [omni::physx::IPhysxBenchmarks v1.0] (plugin: <default plugin>), by client: omni.physics.physx.plugin. Add it to CARB_PLUGIN_IMPL_DEPS() macro of a client.
[3.868s] [ext: isaacsim.storage.native-1.5.1] startup
[3.870s] [ext: omni.usd.metrics.assembler-107.3.1] startup
[3.877s] [ext: omni.kit.numpy.common-0.1.3] startup
[3.878s] [ext: omni.physics.tensors-107.3.26] startup
[3.885s] [ext: omni.warp.core-1.8.2] startup
[4.180s] [ext: omni.usd.metrics.assembler.physics-107.3.26] startup
[4.182s] [ext: omni.isaac.dynamic_control-2.0.7] startup
2026-08-18T00:03:05Z [4,167ms] [Warning] [omni.isaac.dynamic_control] omni.isaac.dynamic_control is deprecated as of Isaac Sim 4.5. No action is needed from end-users.
[4.189s] [ext: omni.physx.tensors-107.3.26] startup
[4.195s] [ext: isaacsim.core.utils-3.5.1] startup
[4.199s] [ext: isaacsim.core.simulation_manager-1.4.4] startup
[6.034s] [ext: omni.kit.widget.stage_icons-1.0.8] startup
[6.037s] [ext: omni.kit.stagerecorder.core-107.0.3] startup
[6.042s] [ext: omni.kit.window.stage-2.6.1] startup
[6.047s] [ext: omni.kit.menu.create-2.0.1] startup
[6.048s] [ext: omni.kit.widget.zoombar-1.0.6] startup
[6.049s] [ext: omni.kit.scripting-107.3.2] startup
[6.055s] [ext: omni.kit.browser.core-2.3.13] startup
[6.059s] [ext: isaacsim.replicator.behavior-1.1.16] startup
[6.060s] [ext: omni.kit.browser.folder.core-1.10.9] startup
[6.066s] [ext: omni.kit.usd.collect-2.4.5] startup
[6.069s] [ext: omni.graph.tools-1.79.2] startup
[6.097s] [ext: omni.kit.usdz_export-1.0.9] startup
[6.101s] [ext: omni.graph.action_core-1.1.7] startup
[6.103s] [ext: omni.graph-1.141.2] startup
[6.158s] [ext: omni.kit.tool.asset_importer-4.3.2] startup
[6.165s] [ext: omni.graph.action_nodes-1.50.4] startup
[6.169s] [ext: omni.kit.widget.text_editor-1.1.1] startup
[6.174s] [ext: omni.ui_query-1.1.8] startup
[6.175s] [ext: omni.graph.action-1.130.0] startup
[6.176s] [ext: omni.kit.window.extensions-1.4.27] startup
[6.190s] [ext: omni.kit.ui_test-1.3.7] startup
[6.193s] [ext: omni.graph.visualization.nodes-2.1.3] startup
[6.230s] [ext: omni.kit.tool.collect-2.2.18] startup
[6.234s] [ext: omni.kit.menu.stage-1.2.7] startup
[6.239s] [ext: isaacsim.gui.components-1.2.1] startup
[6.247s] [ext: isaacsim.examples.browser-0.2.1] startup
[6.254s] [ext: isaacsim.asset.importer.urdf-2.4.31] startup
[6.329s] [ext: isaacsim.core.cloner-1.4.10] startup
[6.334s] [ext: omni.kit.stagerecorder.ui-107.0.1] startup
[6.344s] [ext: isaacsim.asset.browser-1.3.23] startup
[6.430s] [ext: semantics.schema.editor-2.0.2] startup
2026-08-18T00:03:07Z [6,414ms] [Warning] [pxr.Semantics] pxr.Semantics is deprecated - please use Semantics instead
[6.439s] [ext: omni.kit.stagerecorder.bundle-105.0.2] startup
[6.440s] [ext: omni.kit.window.status_bar-0.1.9] startup
[6.444s] [ext: omni.kit.widget.graph-2.0.0] startup
[6.451s] [ext: omni.kit.stage_templates-2.0.0] startup
[6.454s] [ext: omni.graph.image.core-0.6.1] startup
[6.456s] [ext: omni.kit.graph.delegate.default-1.2.3] startup
[6.456s] [ext: isaacsim.core.experimental.utils-0.3.0] startup
[6.458s] [ext: omni.graph.image.nodes-1.3.1] startup
[6.460s] [ext: omni.kit.graph.editor.core-1.5.3] startup
[6.463s] [ext: omni.kit.graph.usd.commands-1.3.1] startup
[6.464s] [ext: omni.graph.nodes-1.170.10] startup
[6.476s] [ext: omni.graph.ui_nodes-1.50.5] startup
[6.481s] [ext: omni.kit.widget.material_preview-1.0.16] startup
[6.484s] [ext: omni.syntheticdata-0.6.13] startup
[6.521s] [ext: omni.videoencoding-0.1.2] startup
[6.527s] [ext: omni.warp-1.8.2] startup
[6.540s] [ext: omni.kit.window.material_graph-1.9.1] startup
[6.581s] [ext: omni.graph.scriptnode-1.50.0] startup
[6.587s] [ext: isaacsim.core.prims-0.6.1] startup
[6.685s] [ext: isaacsim.test.docstring-1.1.0] startup
[6.695s] [ext: omni.replicator.core-1.12.27] startup
2026-08-18T00:03:08Z [6,842ms] [Warning] [omni.graph.core.plugin] Found duplicate of category 'Replicator' - was 'Annotators', adding 'Fabric Reader'
2026-08-18T00:03:08Z [6,842ms] [Warning] [omni.graph.core.plugin] Category 'Replicator' not accepted on node type 'omni.replicator.core.FabricReader' in extension 'omni.replicator.core'
2026-08-18T00:03:08Z [6,843ms] [Warning] [omni.replicator.core.scripts.extension] No material configuration file, adding configuration to material settings directly.
[6.869s] [ext: isaacsim.core.api-4.8.0] startup
[6.906s] [ext: isaacsim.core.experimental.prims-0.8.1] startup
[6.990s] [ext: isaacsim.core.nodes-3.4.3] startup
[7.009s] [ext: isaacsim.robot.surface_gripper-3.3.1] startup
[7.019s] [ext: isaacsim.util.debug_draw-3.1.0] startup
[7.031s] [ext: omni.sensors.nv.common-3.0.0] startup
[7.098s] [ext: isaacsim.robot.manipulators-3.3.6] startup
[7.159s] [ext: isaacsim.sensors.physx-2.3.2] startup
[7.264s] [ext: omni.sensors.nv.materials-2.0.0] startup
[7.279s] [ext: omni.sensors.net-1.0.0] startup
[7.293s] [ext: isaacsim.app.about-2.0.11] startup
[7.377s] [ext: isaacsim.simulation_app-2.12.2] startup
[7.379s] [ext: omni.sensors.nv.ids-2.0.0] startup
[7.446s] [ext: omni.sensors.nv.lidar-3.0.0] startup
[7.461s] [ext: omni.kit.property.audio-1.0.16] startup
[7.492s] [ext: omni.kit.property.camera-1.0.10] startup
[7.573s] [ext: omni.kit.property.geometry-2.0.4] startup
[7.657s] [ext: omni.hydra.scene_api-0.1.2] startup
[7.708s] [ext: omni.kit.property.light-1.0.12] startup
[7.821s] [ext: omni.sensors.nv.wpm-3.0.0] startup
[7.823s] [ext: omni.kit.selection-0.1.6] startup
[7.826s] [ext: omni.kit.property.material-1.11.9] startup
[7.846s] [ext: omni.kit.property.transform-1.5.13] startup
[7.854s] [ext: omni.kit.property.render-1.2.1] startup
[7.857s] [ext: omni.sensors.nv.radar-3.0.0] startup
[7.862s] [ext: isaacsim.gui.menu-2.4.4] startup
[7.887s] [ext: omni.kit.manipulator.camera-106.0.4] startup
[7.897s] [ext: isaacsim.gui.property-1.1.3] startup
[7.901s] [ext: omni.kit.property.bundle-1.4.1] startup
[7.903s] [ext: isaacsim.sensors.rtx-15.8.4] startup
[7.913s] [ext: isaacsim.sensors.physics-0.4.3] startup
[7.926s] [ext: omni.kit.viewport.menubar.camera-107.0.6] startup
[7.942s] [ext: omni.kit.viewport.menubar.lighting-107.3.1] startup
[7.949s] [ext: omni.kit.viewport.menubar.settings-107.0.3] startup
[7.954s] [ext: omni.kit.viewport.menubar.render-107.0.10] startup
[7.957s] [ext: isaacsim.robot.policy.examples-4.1.11] startup
[7.959s] [ext: isaacsim.asset.importer.mjcf-2.5.13] startup
[7.968s] [ext: omni.kit.window.console-1.1.4] startup
[7.974s] [ext: omni.rtx.window.settings-0.6.19] startup
[7.980s] [ext: omni.ocio-0.1.1] startup
[7.983s] [ext: omni.physx.demos-107.3.26] startup
[8.009s] [ext: omni.kit.property.physx-107.3.26] startup
[8.041s] [ext: omni.replicator.replicator_yaml-2.0.11] startup
[8.062s] [ext: omni.asset_validator.core-1.1.6] startup
[8.139s] [ext: omni.rtx.settings.core-0.6.5] startup
[8.144s] [ext: omni.physx.vehicle-107.3.26] startup
[8.167s] [ext: omni.usd.metrics.assembler.ui-107.3.1] startup
[8.180s] [ext: omni.kit.window.script_editor-2.0.1] startup
[8.184s] [ext: isaacsim.robot.wheeled_robots-4.0.24] startup
[8.190s] [ext: omni.physx.asset_validator-107.3.26] startup
[8.200s] [ext: omni.kit.window.toolbar-2.0.0] startup
[8.207s] [ext: omni.physx.camera-107.3.26] startup
[8.226s] [ext: omni.anim.curve.core-1.3.1] startup
[8.244s] [ext: omni.physx.cct-107.3.26] startup
[8.264s] [ext: omni.physx.graph-107.3.26] startup
[8.288s] [ext: omni.physx.supportui-107.3.26] startup
[8.305s] [ext: omni.physx.telemetry-107.3.26] startup
[8.309s] [ext: isaaclab-0.54.2] startup
[8.569s] [ext: isaaclab_contrib-0.0.2] startup
[8.571s] [ext: isaacsim.core.throttling-2.2.2] startup
[8.573s] [ext: omni.kit.ui.actions-1.0.5] startup
[8.576s] [ext: semantics.schema.property-2.0.1] startup
[8.578s] [ext: omni.physx.bundle-107.3.26] startup
[8.580s] [ext: isaacsim.sensors.camera-1.3.6] startup
[8.586s] [ext: isaaclab_assets-0.2.4] startup
[8.992s] [ext: isaaclab_tasks-0.11.12] startup
[9.233s] [ext: omni.kit.menu.common-2.0.1] startup
[9.235s] [ext: isaaclab_rl-0.4.7] startup
[9.236s] [ext: isaaclab_mimic-1.0.16] startup
[9.237s] [ext: isaaclab.python-2.3.2] startup
[9.240s] Simulation App Starting
2026-08-18T00:03:10Z [9,481ms] [Warning] [carb.audio.device] audio device is misconfigured or broken {deviceIndex = 0, name = 'default'} (The device is likely misconfigured, check your $HOME/.asoundrc)
2026-08-18T00:03:10Z [9,481ms] [Warning] [carb.audio.output] failed to retrieve the capabilities for device 0 {result = eDeviceLost (2)}
2026-08-18T00:03:10Z [9,481ms] [Warning] [carb.audio.context] failed to set the requested output during context creation.  Using a null streamer instead {result = eDeviceLost (2)}
2026-08-18T00:03:10Z [9,519ms] [Warning] [omni.fabric.plugin] Warning: attribute viewportHandle not found for bucket id 9

[9.747s] app ready
sh: 1: zenity: not found
sh: 1: zenity: not found
sh: 1: zenity: not found
