[INFO][AppLauncher]: Using device: cuda:0
[INFO][AppLauncher]: Loading experience file: /workspace/isaaclab/apps/isaaclab.python.headless.kit
======Missing terms====== 
[]
 =======================

[36m======================================================================================[0m
[36m[1m[INFO][IsaacLab]: Logging to file: /tmp/isaaclab/logs/isaaclab_2026-08-18_04-37-06.log[0m
[36m======================================================================================[0m

[33m04:37:06 [simulation_context.py] WARNING: The `enable_external_forces_every_iteration` parameter in the PhysxCfg is set to False. If you are experiencing noisy velocities, consider enabling this flag. You may need to slightly increase the number of velocity iterations (setting it to 1 or 2 rather than 0), together with this flag, to improve the accuracy of velocity updates.[0m
[INFO]: Base environment:
	Environment device    : cuda:0
	Environment seed      : 271828
	Physics step-size     : 0.008333333333333333
	Rendering step-size   : 833.3333333333334
	Environment step-size : 0.03333333333333333
[33m04:37:06 [terrain_importer.py] WARNING: Visual material specified for ground plane but no diffuse color found. Using default color: (0.0, 0.0, 0.0)[0m
[INFO]: Time taken for scene creation : 83.763285 seconds
[INFO]: Scene manager:  <class InteractiveScene>
	Number of environments: 1
	Environment spacing   : 4.0
	Source prim name      : /World/envs/env_0
	Global prim paths     : ['/World/ground']
	Replicate physics     : True
[INFO]: Starting the simulation. This may take a few seconds. Please wait...
[INFO]: Time taken for simulation start : 0.763720 seconds
[33m04:38:31 [velocity_command.py] WARNING: The velocity command has the 'ranges.heading' attribute set to '(-3.141592653589793, 3.141592653589793)' but the heading command is not active. Consider setting the flag for the heading command to True.[0m
[INFO] Command Manager:  <CommandManager> contains 2 active terms.
+---------------------------------------------+
|             Active Command Terms            |
+-------+------------+------------------------+
| Index | Name       |          Type          |
+-------+------------+------------------------+
|   0   | locomotion | UniformVelocityCommand |
|   1   | ee_goal    | EeSphericalGoalCommand |
+-------+------------+------------------------+

[INFO] Event Manager:  <EventManager> contains 1 active terms.
+------------------------------------+
| Active Event Terms in Mode: 'reset' |
+-----------+------------------------+
|   Index   | Name                   |
+-----------+------------------------+
|     0     | reset_root             |
|     1     | reset_joints           |
|     2     | init_priv              |
|     3     | reset_rewards          |
+-----------+------------------------+

[INFO] Recorder Manager:  <RecorderManager> contains 0 active terms.
+---------------------+
| Active Recorder Terms |
+-----------+---------+
|   Index   | Name    |
+-----------+---------+
+-----------+---------+

[INFO] Action Manager:  <ActionManager> contains 3 active terms.
+------------------------------------+
|  Active Action Terms (shape: 16)   |
+--------+-------------+-------------+
| Index  | Name        |   Dimension |
+--------+-------------+-------------+
|   0    | leg_pos     |          12 |
|   1    | wheel_vel   |           4 |
|   2    | arm_ik      |           0 |
+--------+-------------+-------------+

[INFO] Observation Manager: <ObservationManager> contains 1 groups.
+--------------------------------------------------+
| Active Observation Terms in Group: 'policy' (shape: (876,)) |
+----------------+-------------+-------------------+
|     Index      | Name        |       Shape       |
+----------------+-------------+-------------------+
|       0        | obs         |       (876,)      |
+----------------+-------------+-------------------+

[INFO] Termination Manager:  <TerminationManager> contains 4 active terms.
+--------------------------------+
|    Active Termination Terms    |
+-------+-------------+----------+
| Index | Name        | Time Out |
+-------+-------------+----------+
|   0   | time_out    |   True   |
|   1   | bad_contact |  False   |
|   2   | tilt        |  False   |
|   3   | low_height  |  False   |
+-------+-------------+----------+

[INFO] Reward Manager:  <RewardManager> contains 43 active terms.
+---------------------------------------------------------+
|                   Active Reward Terms                   |
+-------+--------------------------+----------------------+
| Index | Name                     |               Weight |
+-------+--------------------------+----------------------+
|   0   | term_bad_contact         |              -3000.0 |
|   1   | term_tilt                |              -3000.0 |
|   2   | term_low_height          |              -3000.0 |
|   3   | leg_action_l2            |               -0.003 |
|   4   | tracking_lin_vel         |                  0.6 |
|   5   | tracking_lin_vel_x_exp   |                  1.5 |
|   6   | tracking_ang_vel_yaw_l1  |                  0.0 |
|   7   | tracking_ang_vel_yaw_exp |                  1.5 |
|   8   | tracking_lin_vel_y_l2    |                  0.0 |
|   9   | tracking_lin_vel_z_l2    |                  0.0 |
|   10  | survive                  |                  0.0 |
|   11  | foot_contacts_z          |                  0.0 |
|   12  | torques                  |             -7.5e-06 |
|   13  | tracking_lin_vel_y       |                  0.0 |
|   14  | lin_vel_z                | -0.44999999999999996 |
|   15  | ang_vel_xy               |                -0.06 |
|   16  | tracking_ang_vel         |                  0.3 |
|   17  | work                     |              -0.0009 |
|   18  | dof_acc                  |            -2.25e-07 |
|   19  | action_rate              |              -0.0045 |
|   20  | dof_pos_limits           |                 -3.0 |
|   21  | delta_torques            |               -3e-08 |
|   22  | collision                |                 -3.0 |
|   23  | walking_dof              |                 0.03 |
|   24  | hip_pos                  |                -0.06 |
|   25  | feet_jerk                |               -6e-05 |
|   26  | alive                    |                  0.3 |
|   27  | feet_drag                |               -0.024 |
|   28  | feet_contact_forces      |              -0.0003 |
|   29  | roll                     |                 -0.3 |
|   30  | base_height              |                 -0.6 |
|   31  | tracking_lin_vel_max     |  0.44999999999999996 |
|   32  | flat_orientation_l2      |                 -0.6 |
|   33  | air_time_variance        |                 -0.3 |
|   34  | feet_height              |                  0.0 |
|   35  | feet_air_time            |                0.015 |
|   36  | update_last_buffers      |                  0.0 |
|   37  | wheel_idle_speed         |              -0.0009 |
|   38  | wheel_action_l2          |              -0.0003 |
|   39  | wheel_action_rate        |              -0.0006 |
|   40  | teacher_ensemble_match   |  0.22499999999999998 |
|   41  | wheel_forward_use        |                 0.18 |
|   42  | wheel_turn_support       |                0.135 |
+-------+--------------------------+----------------------+

[INFO] Curriculum Manager:  <CurriculumManager> contains 0 active terms.
+----------------------+
| Active Curriculum Terms |
+-----------+----------+
|   Index   | Name     |
+-----------+----------+
+-----------+----------+

[INFO]: Completed setting up the environment...
sweep_config {'steps': 90, 'warmup': 45, 'magnitude': 3.5, 'wheel_damping': 1.0, 'patterns': ['ideal_yaw', 'tactic_yaw_plus', 'tactic_yaw_minus', 'allplus_yaw', 'front_yaw', 'rear_yaw']}
sample ideal_yaw step 45 vx 0.016693050041794777 wz -0.0018302854150533676 z 0.4529345631599426 tilt 0.007931209169328213 wheel_vel [0.06197793036699295, 0.17039978504180908, -0.537822961807251, 0.07933822274208069] wheel_target [-0.3333333432674408, 0.3333333432674408, 0.3333333432674408, -0.3333333432674408]
sample ideal_yaw step 89 vx -0.0840439647436142 wz -0.07884473353624344 z 0.43525999784469604 tilt 0.07349918782711029 wheel_vel [-0.2500503659248352, -0.13571526110172272, 1.2959206104278564, -0.5253883600234985] wheel_target [-3.5, 3.5, 3.5, -3.5]
response ideal_yaw pattern [-3.5, 3.5, 3.5, -3.5] mean_vx_active -0.0038809318147185775 mean_wz_active -0.04971635661398371 final_vx -0.0840439647436142 final_wz -0.07884473353624344 min_z_active 0.43525999784469604 max_tilt_active 0.07349918782711029 tilt_term False low_term False bad_term False
sample tactic_yaw_plus step 45 vx 0.013882001861929893 wz -0.0018821583362296224 z 0.4530361294746399 tilt 0.007366051897406578 wheel_vel [-0.7825621366500854, 0.03607812523841858, -0.5026559233665466, -0.011035766452550888] wheel_target [-0.3333333432674408, 0.3333333432674408, 0.3333333432674408, 0.3333333432674408]
sample tactic_yaw_plus step 89 vx -0.01838349923491478 wz 0.05761072412133217 z 0.3771558403968811 tilt 0.274569571018219 wheel_vel [0.3424270749092102, -0.38053613901138306, 0.47455471754074097, -0.12984223663806915] wheel_target [-3.5, 3.5, 3.5, 3.5]
response tactic_yaw_plus pattern [-3.5, 3.5, 3.5, 3.5] mean_vx_active -0.016833449294790626 mean_wz_active 0.034064369907395704 final_vx -0.01838349923491478 final_wz 0.05761072412133217 min_z_active 0.3771558403968811 max_tilt_active 0.2780030071735382 tilt_term False low_term False bad_term False
sample tactic_yaw_minus step 45 vx 0.0271697249263525 wz -0.009571604430675507 z 0.4544205963611603 tilt 0.004682700615376234 wheel_vel [-0.18160493671894073, 0.3506212532520294, -0.5171827077865601, -0.026017453521490097] wheel_target [0.3333333432674408, -0.3333333432674408, -0.3333333432674408, 0.3333333432674408]
sample tactic_yaw_minus step 89 vx -0.018679020926356316 wz 0.026072854176163673 z 0.4422872066497803 tilt 0.054390888661146164 wheel_vel [-0.5753577947616577, 0.12956751883029938, -0.5872982144355774, 1.123605489730835] wheel_target [3.5, -3.5, -3.5, 3.5]
response tactic_yaw_minus pattern [3.5, -3.5, -3.5, 3.5] mean_vx_active -0.004379485495802429 mean_wz_active 0.04002330925043983 final_vx -0.018679020926356316 final_wz 0.026072854176163673 min_z_active 0.44206029176712036 max_tilt_active 0.054390888661146164 tilt_term False low_term False bad_term False
sample allplus_yaw step 45 vx 0.01652407832443714 wz -0.013188113458454609 z 0.45288392901420593 tilt 0.007914204150438309 wheel_vel [-0.02277505397796631, 0.05412144958972931, -0.5012195110321045, 0.0412653349339962] wheel_target [-0.3333333432674408, 0.3333333432674408, -0.3333333432674408, 0.3333333432674408]
sample allplus_yaw step 89 vx -0.001285546226426959 wz 0.03431065380573273 z 0.4093753695487976 tilt 0.25928372144699097 wheel_vel [0.006403695791959763, 0.09727983176708221, -0.6143322587013245, -0.17009001970291138] wheel_target [-3.5, 3.5, -3.5, 3.5]
response allplus_yaw pattern [-3.5, 3.5, -3.5, 3.5] mean_vx_active -0.013849725845890741 mean_wz_active 0.08537448942176222 final_vx -0.001285546226426959 final_wz 0.03431065380573273 min_z_active 0.40538620948791504 max_tilt_active 0.25975823402404785 tilt_term False low_term False bad_term False
sample front_yaw step 45 vx 0.03956688567996025 wz -0.009875049814581871 z 0.453449010848999 tilt 0.008906407281756401 wheel_vel [0.1835363507270813, 0.12293737381696701, -0.6427897810935974, -0.014307727105915546] wheel_target [-0.3333333432674408, 0.3333333432674408, 0.0, 0.0]
sample front_yaw step 89 vx -0.004465701524168253 wz -0.0026739041786640882 z 0.45902639627456665 tilt 0.052879780530929565 wheel_vel [-0.0021029189229011536, -0.43680134415626526, -0.2382473349571228, 0.09558739513158798] wheel_target [-3.5, 3.5, 0.0, 0.0]
response front_yaw pattern [-3.5, 3.5, 0.0, 0.0] mean_vx_active 0.010221814931477032 mean_wz_active -0.01276378772551349 final_vx -0.004465701524168253 final_wz -0.0026739041786640882 min_z_active 0.453449010848999 max_tilt_active 0.052879780530929565 tilt_term False low_term False bad_term False
sample rear_yaw step 45 vx 0.041876792907714844 wz -0.009546569548547268 z 0.4539761543273926 tilt 0.009697428904473782 wheel_vel [0.1295040100812912, 0.12860198318958282, 0.23075087368488312, 0.025475796312093735] wheel_target [0.0, 0.0, 0.3333333432674408, -0.3333333432674408]
sample rear_yaw step 89 vx -0.12379080057144165 wz 0.020624535158276558 z 0.43181511759757996 tilt 0.1253724843263626 wheel_vel [0.19881249964237213, -1.1034926176071167, 0.017495475709438324, -0.2137986272573471] wheel_target [0.0, 0.0, 3.5, -3.5]
response rear_yaw pattern [0.0, 0.0, 3.5, -3.5] mean_vx_active -0.01771121734701511 mean_wz_active -0.0835429969864587 final_vx -0.12379080057144165 final_wz 0.020624535158276558 min_z_active 0.43181511759757996 max_tilt_active 0.1253724843263626 tilt_term False low_term False bad_term False
Loading user config located at: '/isaac-sim/kit/data/Kit/Isaac-Sim/5.1/user.config.json'
[Info] [carb] Logging to file: /isaac-sim/kit/logs/Kit/Isaac-Sim/5.1/kit_20260818_043700.log
2026-08-17T20:37:00Z [448ms] [Warning] [omni.usd_config.extension] Enable omni.materialx.libs extension to use MaterialX
2026-08-17T20:37:01Z [963ms] [Warning] [carb] Acquiring non optional plugin interface which is not listed as dependency: [omni::physx::IPhysxBenchmarks v1.0] (plugin: <default plugin>), by client: omni.physics.physx.plugin. Add it to CARB_PLUGIN_IMPL_DEPS() macro of a client.
2026-08-17T20:37:01Z [1,241ms] [Warning] [omni.isaac.dynamic_control] omni.isaac.dynamic_control is deprecated as of Isaac Sim 4.5. No action is needed from end-users.

|---------------------------------------------------------------------------------------------|
| Driver Version: 580.126.09    | Graphics API: Vulkan
|=============================================================================================|
| GPU | Name                             | Active | LDA | GPU Memory | Vendor-ID | LUID       |
|     |                                  |        |     |            | Device-ID | UUID       |
|     |                                  |        |     |            | Bus-ID    |            |
|---------------------------------------------------------------------------------------------|
| 0   | NVIDIA L40                       | Yes: 0 |     | 46068   MB | 10de      | 0          |
|     |                                  |        |     |            | 26b5      | c3c5dcf0.. |
|     |                                  |        |     |            | 37        |            |
|=============================================================================================|
| OS: 24.04.3 LTS (Noble Numbat) ubuntu, Version: 24.04.3, Kernel: 5.15.0-168-generic
| XServer Vendor: The X.Org Foundation, XServer Version: 12101011 (1.21.1.11)
| Processor: Intel(R) Xeon(R) Platinum 8358 CPU @ 2.60GHz
| Bare Metal Cores: 64 | Bare Metal Logical Cores: 128
| Core Usage Quota: 14
|---------------------------------------------------------------------------------------------|
| Total Memory (MB): 122880 | Free Memory: 119538
| Total Page/Swap (MB): 0 | Free Page/Swap: 0
|---------------------------------------------------------------------------------------------|
2026-08-17T20:37:04Z [4,806ms] [Warning] [gpu.foundation.plugin] ECC is enabled on physical device 0
