Loading user config located at: '/isaac-sim/kit/data/Kit/Isaac-Sim/5.1/user.config.json'
[Info] [carb] Logging to file: /isaac-sim/kit/logs/Kit/Isaac-Sim/5.1/kit_20260818_081001.log
[0.063s] [ext: omni.kit.async_engine-0.0.3] startup
[0.544s] [ext: omni.metrics.core-0.0.3] startup
[0.544s] [ext: omni.client.lib-1.1.0] startup
[0.561s] [ext: omni.blobkey-1.1.2] startup
[0.562s] [ext: omni.stats-1.0.1] startup
[0.562s] [ext: omni.datastore-0.0.0] startup
[0.569s] [ext: omni.client-1.3.0] startup
[0.574s] [ext: omni.ujitso.default-1.0.0] startup
[0.576s] [ext: omni.hsscclient-1.1.2] startup
[0.584s] [ext: omni.gpu_foundation.shadercache.vulkan-1.0.0] startup
[0.589s] [ext: omni.assets.plugins-0.0.0] startup
[0.590s] [ext: omni.gpu_foundation-0.0.0] startup
[0.597s] [ext: carb.windowing.plugins-1.0.0] startup
[0.615s] [ext: omni.kit.renderer.init-0.0.0] startup

|---------------------------------------------------------------------------------------------|
| Driver Version: 580.126.09    | Graphics API: Vulkan
|=============================================================================================|
| GPU | Name                             | Active | LDA | GPU Memory | Vendor-ID | LUID       |
|     |                                  |        |     |            | Device-ID | UUID       |
|     |                                  |        |     |            | Bus-ID    |            |
|---------------------------------------------------------------------------------------------|
| 0   | NVIDIA L40                       | Yes: 0 |     | 46068   MB | 10de      | 0          |
|     |                                  |        |     |            | 26b5      | c3c5dcf0.. |
|     |                                  |        |     |            | 37        |            |
|=============================================================================================|
| OS: 24.04.3 LTS (Noble Numbat) ubuntu, Version: 24.04.3, Kernel: 5.15.0-168-generic
| XServer Vendor: The X.Org Foundation, XServer Version: 12101011 (1.21.1.11)
| Processor: Intel(R) Xeon(R) Platinum 8358 CPU @ 2.60GHz
| Bare Metal Cores: 64 | Bare Metal Logical Cores: 128
| Core Usage Quota: 14
|---------------------------------------------------------------------------------------------|
| Total Memory (MB): 122880 | Free Memory: 119211
| Total Page/Swap (MB): 0 | Free Page/Swap: 0
|---------------------------------------------------------------------------------------------|
2026-08-18T00:10:03Z [2,011ms] [Warning] [gpu.foundation.plugin] ECC is enabled on physical device 0
[2.317s] [ext: omni.kit.pipapi-0.0.0] startup
[2.318s] [ext: omni.kit.pip_archive-0.0.0] startup
[2.319s] [ext: omni.pip.compute-1.6.3] startup
[2.319s] [ext: omni.pip.cloud-1.4.3] startup
[2.324s] [ext: omni.isaac.core_archive-3.0.0] startup
[2.324s] [ext: omni.materialx.libs-1.0.7] startup
[2.333s] [ext: omni.kit.loop-isaac-1.3.7] startup
[2.334s] [ext: omni.kit.test-2.0.1] startup
[2.418s] [ext: omni.kit.telemetry-0.5.2] startup
[2.457s] [ext: omni.isaac.ml_archive-3.0.4] startup
[2.458s] [ext: omni.usd.config-1.0.6] startup
[2.466s] [ext: omni.gpucompute.plugins-0.0.0] startup
[2.466s] [ext: omni.usd.libs-1.0.1] startup
[2.572s] [ext: omni.mdl-56.0.3] startup
[2.698s] [ext: omni.iray.libs-0.0.0] startup
[2.704s] [ext: omni.mdl.neuraylib-0.2.12] startup
[2.707s] [ext: omni.kit.usd.mdl-1.1.5] startup
[2.831s] [ext: omni.appwindow-1.1.10] startup
[2.836s] [ext: omni.kit.renderer.core-1.1.0] startup
[2.905s] [ext: omni.kit.renderer.capture-0.0.0] startup
[2.908s] [ext: omni.kit.renderer.imgui-2.0.5] startup
[2.987s] [ext: omni.ui-2.27.1] startup
[3.000s] [ext: omni.kit.mainwindow-1.0.3] startup
[3.001s] [ext: carb.audio-0.1.0] startup
[3.025s] [ext: omni.uiaudio-1.0.0] startup
[3.027s] [ext: omni.kit.uiapp-0.0.0] startup
[3.027s] [ext: omni.usd.schema.metrics.assembler-107.3.1] startup
[3.030s] [ext: omni.usd.schema.anim-0.0.0] startup
[3.054s] [ext: omni.usd.schema.physx-107.3.26] startup
[3.097s] [ext: omni.usd.schema.geospatial-0.0.0] startup
[3.100s] [ext: omni.usd.schema.omniscripting-1.0.0] startup
[3.105s] [ext: omni.usd.schema.audio-0.0.0] startup
[3.108s] [ext: omni.usd.schema.semantics-0.0.0] startup
[3.111s] [ext: omni.usd_resolver-1.0.0] startup
[3.114s] [ext: usdrt.scenegraph-7.6.1] startup
[3.161s] [ext: omni.kit.actions.core-1.0.0] startup
[3.164s] [ext: omni.timeline-1.0.14] startup
[3.166s] [ext: omni.usd.core-1.5.3] startup
[3.169s] [ext: omni.resourcemonitor-107.0.1] startup
[3.171s] [ext: omni.activity.core-1.0.3] startup
[3.172s] [ext: omni.kit.audiodeviceenum-1.0.2] startup
[3.174s] [ext: omni.hydra.usdrt_delegate-7.5.1] startup
[3.181s] [ext: omni.graph.exec-0.9.6] startup
[3.182s] [ext: omni.kit.window.popup_dialog-2.0.24] startup
[3.187s] [ext: omni.kit.exec.core-0.13.4] startup
[3.189s] [ext: omni.kit.widget.nucleus_connector-2.0.1] startup
[3.192s] [ext: omni.kit.usd_undo-0.1.8] startup
[3.192s] [ext: omni.kit.commands-1.4.10] startup
[3.198s] [ext: omni.hydra.scene_delegate-0.3.4] startup
[3.203s] [ext: omni.usd-1.13.10] startup
[3.256s] [ext: omni.kit.asset_converter-5.0.17] startup
[3.270s] [ext: omni.usd.schema.omni_lens_distortion-0.0.0] startup
[3.271s] [ext: omni.usd.schema.omni_sensors-0.0.0] startup
[3.271s] [ext: omni.usd.schema.render_settings.rtx-0.0.0] startup
[3.272s] [ext: omni.usd.schema.omnigraph-1.0.0] startup
[3.279s] [ext: isaacsim.robot.schema-3.6.0] startup
[3.288s] [ext: omni.kit.property.adapter.core-1.0.2] startup
[3.292s] [ext: omni.kit.menu.core-1.1.2] startup
[3.293s] [ext: omni.kit.property.adapter.fabric-1.0.3] startup
[3.294s] [ext: omni.kit.usd.layers-2.2.11] startup
[3.304s] [ext: omni.kit.clipboard-1.0.5] startup
[3.305s] [ext: omni.kit.widget.context_menu-1.2.5] startup
[3.306s] [ext: omni.kit.hotkeys.core-1.3.10] startup
[3.311s] [ext: omni.kit.widget.path_field-2.0.11] startup
[3.312s] [ext: omni.kit.context_menu-1.8.6] startup
[3.314s] [ext: omni.index.libs-380600.8087.0] startup
[3.314s] [ext: omni.kit.widget.browser_bar-2.0.10] startup
[3.315s] [ext: omni.kit.widget.options_menu-1.1.6] startup
[3.318s] [ext: omni.kit.helper.file_utils-0.1.9] startup
[3.321s] [ext: omni.index-1.0.1] startup
[3.321s] [ext: omni.hydra.rtx.shadercache.vulkan-1.0.0] startup
[3.323s] [ext: omni.kit.widget.options_button-1.0.3] startup
[3.324s] [ext: omni.kit.widget.filebrowser-2.12.3] startup
[3.330s] [ext: omni.volume-0.5.2] startup
[3.333s] [ext: omni.ujitso.client-0.0.0] startup
[3.333s] [ext: omni.kit.notification_manager-1.0.10] startup
[3.335s] [ext: omni.hydra.rtx-1.0.0] startup
2026-08-18T00:10:04Z [3,334ms] [Warning] [omni.log] Source: omni.hydra was already registered.
[3.372s] [ext: omni.ui.scene-1.11.5] startup
[3.377s] [ext: omni.kit.widget.searchable_combobox-1.0.6] startup
[3.379s] [ext: omni.kit.window.filepicker-2.13.4] startup
[3.397s] [ext: omni.kit.widget.searchfield-1.1.8] startup
[3.399s] [ext: omni.kit.widget.settings-1.2.6] startup
[3.401s] [ext: omni.kit.menu.utils-2.0.5] startup
[3.408s] [ext: omni.kit.window.file_exporter-1.0.33] startup
[3.410s] [ext: omni.kit.widget.filter-1.1.4] startup
[3.411s] [ext: omni.hydra.engine.stats-1.0.3] startup
[3.414s] [ext: omni.kit.window.preferences-1.8.0] startup
[3.418s] [ext: omni.kit.widget.stage-3.1.4] startup
[3.432s] [ext: omni.kit.window.file_importer-1.1.18] startup
[3.433s] [ext: omni.kit.raycast.query-1.1.0] startup
[3.440s] [ext: omni.kit.viewport.registry-104.0.6] startup
[3.440s] [ext: omni.kit.viewport.legacy_gizmos-1.0.19] startup
[3.443s] [ext: omni.kit.material.library-2.0.7] startup
[3.451s] [ext: omni.kit.property.adapter.usd-1.0.2] startup
[3.452s] [ext: omni.kit.viewport.scene_camera_model-1.0.6] startup
[3.458s] [ext: omni.kit.hydra_texture-1.4.6] startup
[3.462s] [ext: omni.kit.window.drop_support-1.0.5] startup
[3.463s] [ext: omni.kit.widget.viewport-107.1.3] startup
[3.468s] [ext: omni.kit.primitive.mesh-1.0.17] startup
[3.472s] [ext: omni.kit.viewport.window-107.2.0] startup
[3.491s] [ext: omni.kit.manipulator.transform-107.0.0] startup
[3.497s] [ext: omni.kit.stage_template.core-1.1.22] startup
[3.498s] [ext: omni.kit.widget.toolbar-2.0.1] startup
[3.507s] [ext: omni.kit.viewport.utility-1.1.2] startup
[3.508s] [ext: omni.kit.window.content_browser_registry-0.0.6] startup
[3.508s] [ext: omni.kit.widget.highlight_label-1.0.3] startup
[3.509s] [ext: omni.kit.window.file-2.0.5] startup
[3.513s] [ext: omni.kit.manipulator.tool.snap-1.5.13] startup
[3.518s] [ext: omni.kit.manipulator.selector-1.1.3] startup
[3.519s] [ext: omni.kit.window.property-1.12.1] startup
[3.522s] [ext: omni.kit.window.content_browser-3.1.3] startup
[3.536s] [ext: omni.kit.viewport.manipulator.transform-107.0.4] startup
[3.539s] [ext: omni.kit.manipulator.viewport-107.0.1] startup
[3.540s] [ext: omni.kit.property.usd-4.5.12] startup
[3.553s] [ext: omni.kit.manipulator.selection-106.0.1] startup
[3.554s] [ext: omni.fabric.commands-1.1.6] startup
[3.558s] [ext: omni.kvdb-107.3.26] startup
[3.559s] [ext: omni.kit.manipulator.prim.core-107.0.8] startup
[3.568s] [ext: omni.convexdecomposition-107.3.26] startup
[3.572s] [ext: omni.physx.foundation-107.3.26] startup
[3.574s] [ext: omni.localcache-107.3.26] startup
[3.576s] [ext: omni.kit.manipulator.prim.fabric-107.0.4] startup
[3.578s] [ext: omni.kit.viewport.menubar.core-107.2.1] startup
[3.595s] [ext: omni.kit.viewport.actions-107.0.2] startup
[3.602s] [ext: omni.usdphysics-107.3.26] startup
[3.605s] [ext: omni.kit.widget.prompt-1.0.7] startup
[3.606s] [ext: omni.kit.manipulator.prim.usd-107.0.3] startup
[3.608s] [ext: omni.kit.viewport.menubar.display-107.0.3] startup
[3.610s] [ext: omni.physx.cooking-107.3.26] startup
[3.614s] [ext: omni.inspect-1.0.2] startup
[3.615s] [ext: omni.kit.widget.layers-1.8.6] startup
[3.631s] [ext: omni.kit.manipulator.prim-107.0.0] startup
[3.631s] [ext: omni.debugdraw-0.1.4] startup
[3.634s] [ext: omni.physx-107.3.26] startup
[3.646s] [ext: omni.physics-107.3.26] startup
[3.651s] [ext: omni.graph.core-2.184.5] startup
[3.654s] [ext: omni.usdphysics.ui-107.3.26] startup
[3.691s] [ext: omni.physx.commands-107.3.26] startup
[3.700s] [ext: omni.physics.stageupdate-107.3.26] startup
[3.703s] [ext: isaacsim.core.deprecation_manager-0.2.7] startup
[3.704s] [ext: omni.physx.ui-107.3.26] startup
[3.748s] [ext: isaacsim.core.version-2.0.6] startup
[3.749s] [ext: omni.physics.physx-107.3.26] startup
2026-08-18T00:10:05Z [3,730ms] [Warning] [carb] Acquiring non optional plugin interface which is not listed as dependency: [omni::physx::IPhysxBenchmarks v1.0] (plugin: <default plugin>), by client: omni.physics.physx.plugin. Add it to CARB_PLUGIN_IMPL_DEPS() macro of a client.
[3.752s] [ext: isaacsim.storage.native-1.5.1] startup
[3.755s] [ext: omni.usd.metrics.assembler-107.3.1] startup
[3.761s] [ext: omni.kit.numpy.common-0.1.3] startup
[3.763s] [ext: omni.physics.tensors-107.3.26] startup
[3.769s] [ext: omni.warp.core-1.8.2] startup
[4.066s] [ext: omni.usd.metrics.assembler.physics-107.3.26] startup
[4.069s] [ext: omni.isaac.dynamic_control-2.0.7] startup
2026-08-18T00:10:05Z [4,055ms] [Warning] [omni.isaac.dynamic_control] omni.isaac.dynamic_control is deprecated as of Isaac Sim 4.5. No action is needed from end-users.
[4.077s] [ext: omni.physx.tensors-107.3.26] startup
[4.082s] [ext: isaacsim.core.utils-3.5.1] startup
[4.086s] [ext: isaacsim.core.simulation_manager-1.4.4] startup
[5.977s] [ext: omni.kit.widget.stage_icons-1.0.8] startup
[5.979s] [ext: omni.kit.stagerecorder.core-107.0.3] startup
[5.984s] [ext: omni.kit.window.stage-2.6.1] startup
[5.990s] [ext: omni.kit.menu.create-2.0.1] startup
[5.992s] [ext: omni.kit.widget.zoombar-1.0.6] startup
[5.993s] [ext: omni.kit.scripting-107.3.2] startup
[5.999s] [ext: omni.kit.browser.core-2.3.13] startup
[6.004s] [ext: isaacsim.replicator.behavior-1.1.16] startup
[6.005s] [ext: omni.kit.browser.folder.core-1.10.9] startup
[6.010s] [ext: omni.kit.usd.collect-2.4.5] startup
[6.014s] [ext: omni.graph.tools-1.79.2] startup
[6.042s] [ext: omni.kit.usdz_export-1.0.9] startup
[6.045s] [ext: omni.graph.action_core-1.1.7] startup
[6.047s] [ext: omni.graph-1.141.2] startup
[6.103s] [ext: omni.kit.tool.asset_importer-4.3.2] startup
[6.110s] [ext: omni.graph.action_nodes-1.50.4] startup
[6.115s] [ext: omni.kit.widget.text_editor-1.1.1] startup
[6.118s] [ext: omni.ui_query-1.1.8] startup
[6.121s] [ext: omni.graph.action-1.130.0] startup
[6.122s] [ext: omni.kit.window.extensions-1.4.27] startup
[6.137s] [ext: omni.kit.ui_test-1.3.7] startup
[6.141s] [ext: omni.graph.visualization.nodes-2.1.3] startup
[6.180s] [ext: omni.kit.tool.collect-2.2.18] startup
[6.185s] [ext: omni.kit.menu.stage-1.2.7] startup
[6.189s] [ext: isaacsim.gui.components-1.2.1] startup
[6.198s] [ext: isaacsim.examples.browser-0.2.1] startup
[6.206s] [ext: isaacsim.asset.importer.urdf-2.4.31] startup
[6.289s] [ext: isaacsim.core.cloner-1.4.10] startup
[6.293s] [ext: omni.kit.stagerecorder.ui-107.0.1] startup
[6.308s] [ext: isaacsim.asset.browser-1.3.23] startup
[6.397s] [ext: semantics.schema.editor-2.0.2] startup
2026-08-18T00:10:07Z [6,381ms] [Warning] [pxr.Semantics] pxr.Semantics is deprecated - please use Semantics instead
[6.405s] [ext: omni.kit.stagerecorder.bundle-105.0.2] startup
[6.406s] [ext: omni.kit.window.status_bar-0.1.9] startup
[6.410s] [ext: omni.kit.widget.graph-2.0.0] startup
[6.418s] [ext: omni.kit.stage_templates-2.0.0] startup
[6.421s] [ext: omni.graph.image.core-0.6.1] startup
[6.422s] [ext: omni.kit.graph.delegate.default-1.2.3] startup
[6.423s] [ext: isaacsim.core.experimental.utils-0.3.0] startup
[6.425s] [ext: omni.graph.image.nodes-1.3.1] startup
[6.428s] [ext: omni.kit.graph.editor.core-1.5.3] startup
[6.431s] [ext: omni.kit.graph.usd.commands-1.3.1] startup
[6.433s] [ext: omni.graph.nodes-1.170.10] startup
[6.445s] [ext: omni.graph.ui_nodes-1.50.5] startup
[6.448s] [ext: omni.kit.widget.material_preview-1.0.16] startup
[6.453s] [ext: omni.syntheticdata-0.6.13] startup
[6.492s] [ext: omni.videoencoding-0.1.2] startup
[6.502s] [ext: omni.warp-1.8.2] startup
[6.517s] [ext: omni.kit.window.material_graph-1.9.1] startup
[6.560s] [ext: omni.graph.scriptnode-1.50.0] startup
[6.565s] [ext: isaacsim.core.prims-0.6.1] startup
[6.690s] [ext: isaacsim.test.docstring-1.1.0] startup
[6.713s] [ext: omni.replicator.core-1.12.27] startup
2026-08-18T00:10:08Z [6,891ms] [Warning] [omni.graph.core.plugin] Found duplicate of category 'Replicator' - was 'Annotators', adding 'Fabric Reader'
2026-08-18T00:10:08Z [6,891ms] [Warning] [omni.graph.core.plugin] Category 'Replicator' not accepted on node type 'omni.replicator.core.FabricReader' in extension 'omni.replicator.core'
2026-08-18T00:10:08Z [6,892ms] [Warning] [omni.replicator.core.scripts.extension] No material configuration file, adding configuration to material settings directly.
[6.918s] [ext: isaacsim.core.api-4.8.0] startup
[6.954s] [ext: isaacsim.core.experimental.prims-0.8.1] startup
[7.043s] [ext: isaacsim.core.nodes-3.4.3] startup
[7.058s] [ext: isaacsim.robot.surface_gripper-3.3.1] startup
[7.074s] [ext: isaacsim.util.debug_draw-3.1.0] startup
[7.085s] [ext: omni.sensors.nv.common-3.0.0] startup
[7.123s] [ext: isaacsim.robot.manipulators-3.3.6] startup
[7.154s] [ext: isaacsim.sensors.physx-2.3.2] startup
[7.171s] [ext: omni.sensors.nv.materials-2.0.0] startup
[7.180s] [ext: omni.sensors.net-1.0.0] startup
[7.187s] [ext: isaacsim.app.about-2.0.11] startup
[7.195s] [ext: isaacsim.simulation_app-2.12.2] startup
[7.196s] [ext: omni.sensors.nv.ids-2.0.0] startup
[7.207s] [ext: omni.sensors.nv.lidar-3.0.0] startup
[7.222s] [ext: omni.kit.property.audio-1.0.16] startup
[7.272s] [ext: omni.kit.property.camera-1.0.10] startup
[7.293s] [ext: omni.kit.property.geometry-2.0.4] startup
[7.334s] [ext: omni.hydra.scene_api-0.1.2] startup
[7.359s] [ext: omni.kit.property.light-1.0.12] startup
[7.597s] [ext: omni.sensors.nv.wpm-3.0.0] startup
[7.604s] [ext: omni.kit.selection-0.1.6] startup
[7.631s] [ext: omni.kit.property.material-1.11.9] startup
[7.949s] [ext: omni.kit.property.transform-1.5.13] startup
[7.971s] [ext: omni.kit.property.render-1.2.1] startup
[7.979s] [ext: omni.sensors.nv.radar-3.0.0] startup
[7.985s] [ext: isaacsim.gui.menu-2.4.4] startup
[8.003s] [ext: omni.kit.manipulator.camera-106.0.4] startup
[8.019s] [ext: isaacsim.gui.property-1.1.3] startup
[8.024s] [ext: omni.kit.property.bundle-1.4.1] startup
[8.028s] [ext: isaacsim.sensors.rtx-15.8.4] startup
[8.046s] [ext: isaacsim.sensors.physics-0.4.3] startup
[8.062s] [ext: omni.kit.viewport.menubar.camera-107.0.6] startup
[8.084s] [ext: omni.kit.viewport.menubar.lighting-107.3.1] startup
[8.094s] [ext: omni.kit.viewport.menubar.settings-107.0.3] startup
[8.113s] [ext: omni.kit.viewport.menubar.render-107.0.10] startup
[8.117s] [ext: isaacsim.robot.policy.examples-4.1.11] startup
[8.119s] [ext: isaacsim.asset.importer.mjcf-2.5.13] startup
[8.127s] [ext: omni.kit.window.console-1.1.4] startup
[8.133s] [ext: omni.rtx.window.settings-0.6.19] startup
[8.139s] [ext: omni.ocio-0.1.1] startup
[8.142s] [ext: omni.physx.demos-107.3.26] startup
[8.169s] [ext: omni.kit.property.physx-107.3.26] startup
[8.201s] [ext: omni.replicator.replicator_yaml-2.0.11] startup
[8.224s] [ext: omni.asset_validator.core-1.1.6] startup
[8.298s] [ext: omni.rtx.settings.core-0.6.5] startup
[8.303s] [ext: omni.physx.vehicle-107.3.26] startup
[8.327s] [ext: omni.usd.metrics.assembler.ui-107.3.1] startup
[8.340s] [ext: omni.kit.window.script_editor-2.0.1] startup
[8.344s] [ext: isaacsim.robot.wheeled_robots-4.0.24] startup
[8.351s] [ext: omni.physx.asset_validator-107.3.26] startup
[8.360s] [ext: omni.kit.window.toolbar-2.0.0] startup
[8.368s] [ext: omni.physx.camera-107.3.26] startup
[8.389s] [ext: omni.anim.curve.core-1.3.1] startup
[8.411s] [ext: omni.physx.cct-107.3.26] startup
[8.430s] [ext: omni.physx.graph-107.3.26] startup
[8.456s] [ext: omni.physx.supportui-107.3.26] startup
[8.475s] [ext: omni.physx.telemetry-107.3.26] startup
[8.479s] [ext: isaaclab-0.54.2] startup
[8.741s] [ext: isaaclab_contrib-0.0.2] startup
[8.742s] [ext: isaacsim.core.throttling-2.2.2] startup
[8.745s] [ext: omni.kit.ui.actions-1.0.5] startup
[8.748s] [ext: semantics.schema.property-2.0.1] startup
[8.750s] [ext: omni.physx.bundle-107.3.26] startup
[8.752s] [ext: isaacsim.sensors.camera-1.3.6] startup
[8.758s] [ext: isaaclab_assets-0.2.4] startup
[9.174s] [ext: isaaclab_tasks-0.11.12] startup
[9.440s] [ext: omni.kit.menu.common-2.0.1] startup
[9.442s] [ext: isaaclab_rl-0.4.7] startup
[9.443s] [ext: isaaclab_mimic-1.0.16] startup
[9.444s] [ext: isaaclab.python-2.3.2] startup
[9.447s] Simulation App Starting
2026-08-18T00:10:10Z [9,714ms] [Warning] [carb.audio.device] audio device is misconfigured or broken {deviceIndex = 0, name = 'default'} (The device is likely misconfigured, check your $HOME/.asoundrc)
2026-08-18T00:10:10Z [9,714ms] [Warning] [carb.audio.output] failed to retrieve the capabilities for device 0 {result = eDeviceLost (2)}
2026-08-18T00:10:10Z [9,714ms] [Warning] [carb.audio.context] failed to set the requested output during context creation.  Using a null streamer instead {result = eDeviceLost (2)}
2026-08-18T00:10:11Z [9,753ms] [Warning] [omni.fabric.plugin] Warning: attribute viewportHandle not found for bucket id 9

[9.949s] app ready
sh: 1: zenity: not found
