[INFO][AppLauncher]: Using device: cuda:0
[INFO][AppLauncher]: Loading experience file: /workspace/isaaclab/apps/isaaclab.python.headless.kit
======Missing terms====== 
[]
 =======================

[36m======================================================================================[0m
[36m[1m[INFO][IsaacLab]: Logging to file: /tmp/isaaclab/logs/isaaclab_2026-08-18_08-33-27.log[0m
[36m======================================================================================[0m

[33m08:33:27 [simulation_context.py] WARNING: The `enable_external_forces_every_iteration` parameter in the PhysxCfg is set to False. If you are experiencing noisy velocities, consider enabling this flag. You may need to slightly increase the number of velocity iterations (setting it to 1 or 2 rather than 0), together with this flag, to improve the accuracy of velocity updates.[0m
[INFO]: Base environment:
	Environment device    : cuda:0
	Environment seed      : 271828
	Physics step-size     : 0.008333333333333333
	Rendering step-size   : 833.3333333333334
	Environment step-size : 0.03333333333333333
[33m08:33:27 [terrain_importer.py] WARNING: Visual material specified for ground plane but no diffuse color found. Using default color: (0.0, 0.0, 0.0)[0m
[INFO]: Time taken for scene creation : 2.416660 seconds
[INFO]: Scene manager:  <class InteractiveScene>
	Number of environments: 1
	Environment spacing   : 4.0
	Source prim name      : /World/envs/env_0
	Global prim paths     : ['/World/ground']
	Replicate physics     : True
[INFO]: Starting the simulation. This may take a few seconds. Please wait...
[INFO]: Time taken for simulation start : 0.778481 seconds
[33m08:33:30 [velocity_command.py] WARNING: The velocity command has the 'ranges.heading' attribute set to '(-3.141592653589793, 3.141592653589793)' but the heading command is not active. Consider setting the flag for the heading command to True.[0m
[INFO] Command Manager:  <CommandManager> contains 2 active terms.
+---------------------------------------------+
|             Active Command Terms            |
+-------+------------+------------------------+
| Index | Name       |          Type          |
+-------+------------+------------------------+
|   0   | locomotion | UniformVelocityCommand |
|   1   | ee_goal    | EeSphericalGoalCommand |
+-------+------------+------------------------+

[INFO] Event Manager:  <EventManager> contains 1 active terms.
+------------------------------------+
| Active Event Terms in Mode: 'reset' |
+-----------+------------------------+
|   Index   | Name                   |
+-----------+------------------------+
|     0     | reset_root             |
|     1     | reset_joints           |
|     2     | init_priv              |
|     3     | reset_rewards          |
+-----------+------------------------+

[INFO] Recorder Manager:  <RecorderManager> contains 0 active terms.
+---------------------+
| Active Recorder Terms |
+-----------+---------+
|   Index   | Name    |
+-----------+---------+
+-----------+---------+

[INFO] Action Manager:  <ActionManager> contains 3 active terms.
+------------------------------------+
|  Active Action Terms (shape: 16)   |
+--------+-------------+-------------+
| Index  | Name        |   Dimension |
+--------+-------------+-------------+
|   0    | leg_pos     |          12 |
|   1    | wheel_vel   |           4 |
|   2    | arm_ik      |           0 |
+--------+-------------+-------------+

[INFO] Observation Manager: <ObservationManager> contains 1 groups.
+--------------------------------------------------+
| Active Observation Terms in Group: 'policy' (shape: (876,)) |
+----------------+-------------+-------------------+
|     Index      | Name        |       Shape       |
+----------------+-------------+-------------------+
|       0        | obs         |       (876,)      |
+----------------+-------------+-------------------+

[INFO] Termination Manager:  <TerminationManager> contains 4 active terms.
+--------------------------------+
|    Active Termination Terms    |
+-------+-------------+----------+
| Index | Name        | Time Out |
+-------+-------------+----------+
|   0   | time_out    |   True   |
|   1   | bad_contact |  False   |
|   2   | tilt        |  False   |
|   3   | low_height  |  False   |
+-------+-------------+----------+

[INFO] Reward Manager:  <RewardManager> contains 43 active terms.
+---------------------------------------------------------+
|                   Active Reward Terms                   |
+-------+--------------------------+----------------------+
| Index | Name                     |               Weight |
+-------+--------------------------+----------------------+
|   0   | term_bad_contact         |              -3000.0 |
|   1   | term_tilt                |              -3000.0 |
|   2   | term_low_height          |              -3000.0 |
|   3   | leg_action_l2            |               -0.003 |
|   4   | tracking_lin_vel         |                  0.6 |
|   5   | tracking_lin_vel_x_exp   |                  1.5 |
|   6   | tracking_ang_vel_yaw_l1  |                  0.0 |
|   7   | tracking_ang_vel_yaw_exp |                  1.5 |
|   8   | tracking_lin_vel_y_l2    |                  0.0 |
|   9   | tracking_lin_vel_z_l2    |                  0.0 |
|   10  | survive                  |                  0.0 |
|   11  | foot_contacts_z          |                  0.0 |
|   12  | torques                  |             -7.5e-06 |
|   13  | tracking_lin_vel_y       |                  0.0 |
|   14  | lin_vel_z                | -0.44999999999999996 |
|   15  | ang_vel_xy               |                -0.06 |
|   16  | tracking_ang_vel         |                  0.3 |
|   17  | work                     |              -0.0009 |
|   18  | dof_acc                  |            -2.25e-07 |
|   19  | action_rate              |              -0.0045 |
|   20  | dof_pos_limits           |                 -3.0 |
|   21  | delta_torques            |               -3e-08 |
|   22  | collision                |                 -3.0 |
|   23  | walking_dof              |                 0.03 |
|   24  | hip_pos                  |                -0.06 |
|   25  | feet_jerk                |               -6e-05 |
|   26  | alive                    |                  0.3 |
|   27  | feet_drag                |               -0.024 |
|   28  | feet_contact_forces      |              -0.0003 |
|   29  | roll                     |                 -0.3 |
|   30  | base_height              |                 -0.6 |
|   31  | tracking_lin_vel_max     |  0.44999999999999996 |
|   32  | flat_orientation_l2      |                 -0.6 |
|   33  | air_time_variance        |                 -0.3 |
|   34  | feet_height              |                  0.0 |
|   35  | feet_air_time            |                0.015 |
|   36  | update_last_buffers      |                  0.0 |
|   37  | wheel_idle_speed         |              -0.0009 |
|   38  | wheel_action_l2          |              -0.0003 |
|   39  | wheel_action_rate        |              -0.0006 |
|   40  | teacher_ensemble_match   |                  0.0 |
|   41  | wheel_forward_use        |                 0.18 |
|   42  | wheel_turn_support       |                0.135 |
+-------+--------------------------+----------------------+

[INFO] Curriculum Manager:  <CurriculumManager> contains 0 active terms.
+----------------------+
| Active Curriculum Terms |
+-----------+----------+
|   Index   | Name     |
+-----------+----------+
+-----------+----------+

[INFO]: Completed setting up the environment...
sweep_config {'steps': 90, 'warmup': 45, 'magnitude': 3.5, 'wheel_damping': 6.0, 'leg_stiffness': None, 'leg_damping': None, 'calf_stiffness': None, 'calf_damping': None, 'ground_friction': None, 'patterns': ['forward_rearflip', 'ideal_yaw', 'tactic_yaw_plus', 'tactic_yaw_minus']}
sample forward_rearflip step 45 vx -0.046976618468761444 wz -0.0006400768761523068 z 0.5179978609085083 tilt 0.009479571133852005 wheel_vel [0.20481280982494354, 0.23620659112930298, 0.16567754745483398, 0.37279146909713745] wheel_target [0.3333333432674408, 0.3333333432674408, -0.3333333432674408, -0.3333333432674408] wheel_torque [0.5827562808990479, 0.5002164244651794, -3.205793857574463, -4.39762020111084] foot_contact_force [206.79940795898438, 198.3750457763672, 208.49269104003906, 201.3109588623047]
sample forward_rearflip step 89 vx -0.006871740333735943 wz 0.008335973136126995 z 0.4768310785293579 tilt 0.04865073785185814 wheel_vel [1.008302092552185, 1.2131026983261108, -1.5313955545425415, -1.8720039129257202] wheel_target [3.5, 3.5, -3.5, -3.5] wheel_torque [14.924858093261719, 9.151946067810059, -11.125782012939453, -9.841350555419922] foot_contact_force [227.67025756835938, 217.64308166503906, 185.17459106445312, 190.68641662597656]
response forward_rearflip pattern [3.5, 3.5, -3.5, -3.5] mean_vx_active 0.04587748553862588 mean_wz_active 0.0004943770015314739 final_vx -0.006871740333735943 final_wz 0.008335973136126995 mean_wheel_active [1.474571704864502, 1.5901252031326294, -1.8832364082336426, -1.8861372470855713] final_wheel [1.008302092552185, 1.2131026983261108, -1.5313955545425415, -1.8720039129257202] mean_foot_contact_force_active [216.86390686035156, 215.091064453125, 193.01695251464844, 188.5912322998047] min_z_active 0.4768310785293579 max_tilt_active 0.05049335956573486 tilt_term False low_term False bad_term False
sample ideal_yaw step 45 vx 0.00032607800676487386 wz 0.003484834684059024 z 0.5164506435394287 tilt 0.017017453908920288 wheel_vel [-0.15766407549381256, -0.44968917965888977, 0.25277960300445557, 0.22209079563617706] wheel_target [-0.3333333432674408, 0.3333333432674408, 0.3333333432674408, -0.3333333432674408] wheel_torque [-0.7103058099746704, 4.772963047027588, 0.41385895013809204, -3.449089527130127] foot_contact_force [207.83547973632812, 212.79598999023438, 201.88404846191406, 192.95806884765625]
sample ideal_yaw step 89 vx 0.0297841876745224 wz -0.05906372889876366 z 0.4995710849761963 tilt 0.07631994038820267 wheel_vel [-0.7495583295822144, 1.4239954948425293, 3.1673262119293213, -1.542025089263916] wheel_target [-3.5, 3.5, 3.5, -3.5] wheel_torque [-16.588890075683594, 12.533881187438965, 2.0200695991516113, -12.882415771484375] foot_contact_force [255.4964599609375, 232.62045288085938, 82.84178924560547, 238.61343383789062]
response ideal_yaw pattern [-3.5, 3.5, 3.5, -3.5] mean_vx_active 0.04861803321335982 mean_wz_active -0.04016030863082657 final_vx 0.0297841876745224 final_wz -0.05906372889876366 mean_wheel_active [-1.2711236476898193, 1.604826807975769, 1.9882464408874512, -1.9210186004638672] final_wheel [-0.7495583295822144, 1.4239954948425293, 3.1673262119293213, -1.542025089263916] mean_foot_contact_force_active [240.41712951660156, 206.11375427246094, 141.906005859375, 224.0282745361328] min_z_active 0.4995710849761963 max_tilt_active 0.07631994038820267 tilt_term False low_term False bad_term False
sample tactic_yaw_plus step 45 vx -0.0007802201434969902 wz -0.0016415441641584039 z 0.516353189945221 tilt 0.016929147765040398 wheel_vel [-0.16983163356781006, -0.4259521961212158, 0.27708059549331665, -0.07610578835010529] wheel_target [-0.3333333432674408, 0.3333333432674408, 0.3333333432674408, 0.3333333432674408] wheel_torque [-1.0531575679779053, 4.692599296569824, 0.38002198934555054, 2.0683066844940186] foot_contact_force [207.0533905029297, 213.45999145507812, 202.62464904785156, 191.92837524414062]
sample tactic_yaw_plus step 89 vx 0.23412996530532837 wz 0.07786547392606735 z 0.517787516117096 tilt 0.030192701146006584 wheel_vel [-1.2976545095443726, 2.299184560775757, 2.2458364963531494, 3.163475275039673] wheel_target [-3.5, 3.5, 3.5, 3.5] wheel_torque [-12.98437213897705, 8.559797286987305, 7.26123046875, 3.7659974098205566] foot_contact_force [302.14666748046875, 157.3624267578125, 90.19084930419922, 260.2949523925781]
response tactic_yaw_plus pattern [-3.5, 3.5, 3.5, 3.5] mean_vx_active 0.15749527154904272 mean_wz_active 0.029716420193047575 final_vx 0.23412996530532837 final_wz 0.07786547392606735 mean_wheel_active [-1.661838412284851, 2.0481247901916504, 2.3085601329803467, 2.393623113632202] final_wheel [-1.2976545095443726, 2.299184560775757, 2.2458364963531494, 3.163475275039673] mean_foot_contact_force_active [248.427490234375, 158.65969848632812, 141.00155639648438, 265.9923095703125] min_z_active 0.5149693489074707 max_tilt_active 0.042836423963308334 tilt_term False low_term False bad_term False
sample tactic_yaw_minus step 45 vx 0.0009887085761874914 wz 0.026479369029402733 z 0.5163825154304504 tilt 0.01689773052930832 wheel_vel [-0.29250797629356384, -0.28191784024238586, -0.07598841190338135, 0.07951993495225906] wheel_target [0.3333333432674408, -0.3333333432674408, -0.3333333432674408, 0.3333333432674408] wheel_torque [3.557760000228882, -0.3227260708808899, -0.5306984782218933, 1.7485592365264893] foot_contact_force [204.08609008789062, 217.25848388671875, 202.48851013183594, 191.6818084716797]
sample tactic_yaw_minus step 89 vx 0.046715762466192245 wz 0.020765427500009537 z 0.5026094317436218 tilt 0.07454272359609604 wheel_vel [1.3949272632598877, -0.6653690338134766, -0.6996617913246155, 2.2680678367614746] wheel_target [3.5, -3.5, -3.5, 3.5] wheel_torque [12.742592811584473, -17.007688522338867, -16.767269134521484, 7.692137718200684] foot_contact_force [229.9150390625, 258.0577697753906, 225.3052215576172, 102.9935302734375]
response tactic_yaw_minus pattern [3.5, -3.5, -3.5, 3.5] mean_vx_active 0.05714946542543152 mean_wz_active 0.03858185233030882 final_vx 0.046715762466192245 final_wz 0.020765427500009537 mean_wheel_active [1.636444091796875, -1.1977144479751587, -1.6040890216827393, 1.9916917085647583] final_wheel [1.3949272632598877, -0.6653690338134766, -0.6996617913246155, 2.2680678367614746] mean_foot_contact_force_active [209.53927612304688, 237.83424377441406, 228.30221557617188, 138.2476348876953] min_z_active 0.5026094317436218 max_tilt_active 0.07454272359609604 tilt_term False low_term False bad_term False
Loading user config located at: '/isaac-sim/kit/data/Kit/Isaac-Sim/5.1/user.config.json'
[Info] [carb] Logging to file: /isaac-sim/kit/logs/Kit/Isaac-Sim/5.1/kit_20260818_083321.log
2026-08-18T00:33:21Z [440ms] [Warning] [omni.usd_config.extension] Enable omni.materialx.libs extension to use MaterialX
2026-08-18T00:33:22Z [945ms] [Warning] [carb] Acquiring non optional plugin interface which is not listed as dependency: [omni::physx::IPhysxBenchmarks v1.0] (plugin: <default plugin>), by client: omni.physics.physx.plugin. Add it to CARB_PLUGIN_IMPL_DEPS() macro of a client.
2026-08-18T00:33:22Z [1,225ms] [Warning] [omni.isaac.dynamic_control] omni.isaac.dynamic_control is deprecated as of Isaac Sim 4.5. No action is needed from end-users.

|---------------------------------------------------------------------------------------------|
| Driver Version: 580.126.09    | Graphics API: Vulkan
|=============================================================================================|
| GPU | Name                             | Active | LDA | GPU Memory | Vendor-ID | LUID       |
|     |                                  |        |     |            | Device-ID | UUID       |
|     |                                  |        |     |            | Bus-ID    |            |
|---------------------------------------------------------------------------------------------|
| 0   | NVIDIA L40                       | Yes: 0 |     | 46068   MB | 10de      | 0          |
|     |                                  |        |     |            | 26b5      | c3c5dcf0.. |
|     |                                  |        |     |            | 37        |            |
|=============================================================================================|
| OS: 24.04.3 LTS (Noble Numbat) ubuntu, Version: 24.04.3, Kernel: 5.15.0-168-generic
| XServer Vendor: The X.Org Foundation, XServer Version: 12101011 (1.21.1.11)
| Processor: Intel(R) Xeon(R) Platinum 8358 CPU @ 2.60GHz
| Bare Metal Cores: 64 | Bare Metal Logical Cores: 128
| Core Usage Quota: 14
|---------------------------------------------------------------------------------------------|
| Total Memory (MB): 122880 | Free Memory: 118743
| Total Page/Swap (MB): 0 | Free Page/Swap: 0
|---------------------------------------------------------------------------------------------|
2026-08-18T00:33:25Z [4,764ms] [Warning] [gpu.foundation.plugin] ECC is enabled on physical device 0
