[INFO][AppLauncher]: Using device: cuda:0
[INFO][AppLauncher]: Loading experience file: /workspace/isaaclab/apps/isaaclab.python.headless.kit
======Missing terms====== 
[]
 =======================
wheel_actuator=ImplicitActuator

[36m======================================================================================[0m
[36m[1m[INFO][IsaacLab]: Logging to file: /tmp/isaaclab/logs/isaaclab_2026-08-17_22-19-24.log[0m
[36m======================================================================================[0m

[33m22:19:24 [simulation_context.py] WARNING: The `enable_external_forces_every_iteration` parameter in the PhysxCfg is set to False. If you are experiencing noisy velocities, consider enabling this flag. You may need to slightly increase the number of velocity iterations (setting it to 1 or 2 rather than 0), together with this flag, to improve the accuracy of velocity updates.[0m
[INFO]: Base environment:
	Environment device    : cuda:0
	Environment seed      : 271828
	Physics step-size     : 0.008333333333333333
	Rendering step-size   : 833.3333333333334
	Environment step-size : 0.03333333333333333
[33m22:19:24 [terrain_importer.py] WARNING: Visual material specified for ground plane but no diffuse color found. Using default color: (0.0, 0.0, 0.0)[0m
[INFO]: Time taken for scene creation : 1.383604 seconds
[INFO]: Scene manager:  <class InteractiveScene>
	Number of environments: 4
	Environment spacing   : 4.0
	Source prim name      : /World/envs/env_0
	Global prim paths     : ['/World/ground']
	Replicate physics     : True
[INFO]: Starting the simulation. This may take a few seconds. Please wait...
[INFO]: Time taken for simulation start : 0.801172 seconds
[33m22:19:26 [velocity_command.py] WARNING: The velocity command has the 'ranges.heading' attribute set to '(-3.141592653589793, 3.141592653589793)' but the heading command is not active. Consider setting the flag for the heading command to True.[0m
[INFO] Command Manager:  <CommandManager> contains 2 active terms.
+---------------------------------------------+
|             Active Command Terms            |
+-------+------------+------------------------+
| Index | Name       |          Type          |
+-------+------------+------------------------+
|   0   | locomotion | UniformVelocityCommand |
|   1   | ee_goal    | EeSphericalGoalCommand |
+-------+------------+------------------------+

[INFO] Event Manager:  <EventManager> contains 1 active terms.
+------------------------------------+
| Active Event Terms in Mode: 'reset' |
+-----------+------------------------+
|   Index   | Name                   |
+-----------+------------------------+
|     0     | reset_root             |
|     1     | reset_joints           |
|     2     | init_priv              |
|     3     | reset_rewards          |
+-----------+------------------------+

[INFO] Recorder Manager:  <RecorderManager> contains 0 active terms.
+---------------------+
| Active Recorder Terms |
+-----------+---------+
|   Index   | Name    |
+-----------+---------+
+-----------+---------+

[INFO] Action Manager:  <ActionManager> contains 3 active terms.
+------------------------------------+
|  Active Action Terms (shape: 16)   |
+--------+-------------+-------------+
| Index  | Name        |   Dimension |
+--------+-------------+-------------+
|   0    | leg_pos     |          12 |
|   1    | wheel_vel   |           4 |
|   2    | arm_ik      |           0 |
+--------+-------------+-------------+

[INFO] Observation Manager: <ObservationManager> contains 1 groups.
+--------------------------------------------------+
| Active Observation Terms in Group: 'policy' (shape: (876,)) |
+----------------+-------------+-------------------+
|     Index      | Name        |       Shape       |
+----------------+-------------+-------------------+
|       0        | obs         |       (876,)      |
+----------------+-------------+-------------------+

[INFO] Termination Manager:  <TerminationManager> contains 4 active terms.
+--------------------------------+
|    Active Termination Terms    |
+-------+-------------+----------+
| Index | Name        | Time Out |
+-------+-------------+----------+
|   0   | time_out    |   True   |
|   1   | bad_contact |  False   |
|   2   | tilt        |  False   |
|   3   | low_height  |  False   |
+-------+-------------+----------+

[INFO] Reward Manager:  <RewardManager> contains 42 active terms.
+---------------------------------------------------------+
|                   Active Reward Terms                   |
+-------+--------------------------+----------------------+
| Index | Name                     |               Weight |
+-------+--------------------------+----------------------+
|   0   | term_bad_contact         |              -3000.0 |
|   1   | term_tilt                |              -3000.0 |
|   2   | term_low_height          |              -3000.0 |
|   3   | leg_action_l2            |               -0.003 |
|   4   | tracking_lin_vel         |                  0.0 |
|   5   | tracking_lin_vel_x_exp   |   0.8999999999999999 |
|   6   | tracking_ang_vel_yaw_l1  |                  0.0 |
|   7   | tracking_ang_vel_yaw_exp |   0.8999999999999999 |
|   8   | tracking_lin_vel_y_l2    |                  0.0 |
|   9   | tracking_lin_vel_z_l2    |                  0.0 |
|   10  | survive                  |                  0.0 |
|   11  | foot_contacts_z          |                  0.0 |
|   12  | torques                  |             -7.5e-06 |
|   13  | tracking_lin_vel_y       |                  0.0 |
|   14  | lin_vel_z                | -0.44999999999999996 |
|   15  | ang_vel_xy               |                -0.06 |
|   16  | tracking_ang_vel         |                0.075 |
|   17  | work                     |              -0.0009 |
|   18  | dof_acc                  |            -2.25e-07 |
|   19  | action_rate              |              -0.0045 |
|   20  | dof_pos_limits           |                 -3.0 |
|   21  | delta_torques            |               -3e-08 |
|   22  | collision                |                 -3.0 |
|   23  | walking_dof              |                 0.15 |
|   24  | hip_pos                  |                -0.06 |
|   25  | feet_jerk                |               -6e-05 |
|   26  | alive                    |                  0.3 |
|   27  | feet_drag                |               -0.024 |
|   28  | feet_contact_forces      |              -0.0003 |
|   29  | roll                     |                 -0.3 |
|   30  | base_height              |                 -1.5 |
|   31  | tracking_lin_vel_max     |                  0.3 |
|   32  | flat_orientation_l2      |                -0.15 |
|   33  | air_time_variance        | -0.44999999999999996 |
|   34  | feet_height              |                  0.0 |
|   35  | feet_air_time            |                0.015 |
|   36  | update_last_buffers      |                  0.0 |
|   37  | wheel_idle_speed         |              -0.0009 |
|   38  | wheel_action_l2          |              -0.0003 |
|   39  | wheel_action_rate        |              -0.0006 |
|   40  | wheel_forward_use        |                 0.18 |
|   41  | wheel_turn_support       |                0.135 |
+-------+--------------------------+----------------------+

[INFO] Curriculum Manager:  <CurriculumManager> contains 0 active terms.
+----------------------+
| Active Curriculum Terms |
+-----------+----------+
|   Index   | Name     |
+-----------+----------+
+-----------+----------+

[INFO]: Completed setting up the environment...
wheel_ids= [15, 16, 17, 18] wheel_names= ['FL_foot_wheel_joint', 'FR_foot_wheel_joint', 'RL_foot_wheel_joint', 'RR_foot_wheel_joint']
reset_force_by_body= [('base', 0.0), ('FL_hip', 0.0), ('FL_thigh', 0.0), ('FL_calf', 0.0), ('FL_foot', 0.0), ('FR_hip', 0.0), ('FR_thigh', 0.0), ('FR_calf', 0.0), ('FR_foot', 2982.57373046875), ('RL_hip', 0.0), ('RL_thigh', 0.0), ('RL_calf', 0.0), ('RL_foot', 0.0), ('RR_hip', 0.0), ('RR_thigh', 0.0), ('RR_calf', 0.0), ('RR_foot', 0.0), ('link1', 0.0), ('link2', 0.0), ('link3', 0.0), ('link4', 0.0), ('link5', 0.0), ('link6', 0.0), ('link7', 0.0), ('link8', 0.0)]
reset_root_z= 0.7799999713897705 reset_foot_z= [0.3199816346168518, 0.3231385052204132, 0.3330218493938446, 0.33326467871665955] reset_foot_names= ['FL_foot', 'FR_foot', 'RL_foot', 'RR_foot'] reset_contact_force_shape= (4, 25, 3) reset_contact_force_max= 2982.57373046875
zero post_reset_wheel_vel [0.0, 0.0, 0.0, 0.0]
zero joint_vel_target [0.0, 0.0, 0.0, 0.0]
zero computed_torque [-1.4451797536452204e-09, -3.530520764627454e-09, 5.056454699392532e-10, 1.3463538062197244e-09]
zero applied_torque [-1.4451797536452204e-09, -3.530520764627454e-09, 5.056454699392532e-10, 1.3463538062197244e-09]
zero contact_force_max 0.0
zero mean_vx= 0.00225978996604681 mean_wz= -0.006684038322418928 mean_wheel= [-2.915365449052132e-10, -5.996943386321618e-09, 2.7458524343160207e-09, 1.7349093184293451e-07] first_wheel= [3.94367916101146e-09, 3.141552573637796e-09, -7.399833634735842e-09, -8.814136087664792e-10] last_wheel= [3.5526970254551316e-10, 4.275019782618017e-10, -1.004774263790864e-09, 1.0922980298033735e-09] first_vx= 0.00060412532184273 last_vx= 0.0033994244877249002
all_plus post_reset_wheel_vel [0.0, 0.0, 0.0, 0.0]
all_plus joint_vel_target [0.10000000149011612, 0.10000000149011612, 0.10000000149011612, 0.10000000149011612]
all_plus computed_torque [0.04629234969615936, 0.05000000447034836, 0.05000011622905731, 0.04999995604157448]
all_plus applied_torque [0.04629234969615936, 0.05000000447034836, 0.05000011622905731, 0.04999995604157448]
all_plus contact_force_max 0.0
all_plus mean_vx= 0.002223351038992405 mean_wz= -0.005017981864511967 mean_wheel= [0.021000828593969345, 0.02449045516550541, 0.01838172972202301, 0.018676593899726868] first_wheel= [-1.862645149230957e-09, 1.5832483768463135e-08, 2.7939677238464355e-09, -8.381903171539307e-09] last_wheel= [0.05116569995880127, 0.06936940550804138, 0.05096438154578209, 0.07220910489559174] first_vx= 0.0005320846103131771 last_vx= 0.004651173017919064
all_minus post_reset_wheel_vel [0.0, 0.0, 0.0, 0.0]
all_minus joint_vel_target [-0.10000000149011612, -0.10000000149011612, -0.10000000149011612, -0.10000000149011612]
all_minus computed_torque [-0.05000000447034836, -0.04999999701976776, -0.05000000447034836, -0.05000000074505806]
all_minus applied_torque [-0.05000000447034836, -0.04999999701976776, -0.05000000447034836, -0.05000000074505806]
all_minus contact_force_max 0.0
all_minus mean_vx= 0.0033992421813309193 mean_wz= 0.016695065423846245 mean_wheel= [-0.01463453471660614, -0.015572190284729004, -0.012574230320751667, -0.00965398270636797] first_wheel= [-4.6566128730773926e-09, -9.313225746154785e-10, 6.51925802230835e-09, -4.6566128730773926e-09] last_wheel= [-0.04014027118682861, -0.05135906860232353, -0.047504812479019165, -0.04707635939121246] first_vx= -0.00108815124258399 last_vx= 0.006110673770308495
yaw_positive post_reset_wheel_vel [0.0, 0.0, 0.0, 0.0]
yaw_positive joint_vel_target [-0.10000000149011612, 0.10000000149011612, -0.10000000149011612, 0.10000000149011612]
yaw_positive computed_torque [-0.05000000447034836, 0.04999999329447746, -0.05000000074505806, 0.04999999701976776]
yaw_positive applied_torque [-0.05000000447034836, 0.04999999329447746, -0.05000000074505806, 0.04999999701976776]
yaw_positive contact_force_max 0.0
yaw_positive mean_vx= 0.0027566561475396156 mean_wz= 0.004112862981855869 mean_wheel= [-0.018896976485848427, 0.013041013851761818, -0.02026742696762085, 0.01667182520031929] first_wheel= [-1.862645149230957e-09, 6.51925802230835e-09, 1.862645149230957e-09, -8.381903171539307e-09] last_wheel= [-0.05027309060096741, 0.03656218200922012, -0.04416032135486603, 0.04864262044429779] first_vx= -0.0005018445081077516 last_vx= 0.004307077266275883
yaw_negative post_reset_wheel_vel [0.0, 0.0, 0.0, 0.0]
yaw_negative joint_vel_target [0.10000000149011612, -0.10000000149011612, 0.10000000149011612, -0.10000000149011612]
yaw_negative computed_torque [0.04999999701976776, -0.05000000074505806, 0.04999999329447746, -0.05000000074505806]
yaw_negative applied_torque [0.04999999701976776, -0.05000000074505806, 0.04999999329447746, -0.05000000074505806]
yaw_negative contact_force_max 0.0
yaw_negative mean_vx= 0.0037836399860680103 mean_wz= -0.013143954798579216 mean_wheel= [0.017893841490149498, -0.016341784968972206, 0.01844404637813568, -0.01649632304906845] first_wheel= [1.862645149230957e-09, 9.313225746154785e-09, 1.0244548320770264e-08, 5.587935447692871e-09] last_wheel= [0.06798198819160461, -0.03799959272146225, 0.03132548928260803, -0.04896887391805649] first_vx= 0.0032532857730984688 last_vx= 0.006174584850668907
Loading user config located at: '/isaac-sim/kit/data/Kit/Isaac-Sim/5.1/user.config.json'
[Info] [carb] Logging to file: /isaac-sim/kit/logs/Kit/Isaac-Sim/5.1/kit_20260817_221917.log
2026-08-17T14:19:17Z [481ms] [Warning] [omni.usd_config.extension] Enable omni.materialx.libs extension to use MaterialX
2026-08-17T14:19:18Z [1,056ms] [Warning] [carb] Acquiring non optional plugin interface which is not listed as dependency: [omni::physx::IPhysxBenchmarks v1.0] (plugin: <default plugin>), by client: omni.physics.physx.plugin. Add it to CARB_PLUGIN_IMPL_DEPS() macro of a client.
2026-08-17T14:19:18Z [1,353ms] [Warning] [omni.isaac.dynamic_control] omni.isaac.dynamic_control is deprecated as of Isaac Sim 4.5. No action is needed from end-users.

|---------------------------------------------------------------------------------------------|
| Driver Version: 580.126.09    | Graphics API: Vulkan
|=============================================================================================|
| GPU | Name                             | Active | LDA | GPU Memory | Vendor-ID | LUID       |
|     |                                  |        |     |            | Device-ID | UUID       |
|     |                                  |        |     |            | Bus-ID    |            |
|---------------------------------------------------------------------------------------------|
| 0   | NVIDIA L40                       | Yes: 0 |     | 46068   MB | 10de      | 0          |
|     |                                  |        |     |            | 26b5      | c3c5dcf0.. |
|     |                                  |        |     |            | 37        |            |
|=============================================================================================|
| OS: 24.04.3 LTS (Noble Numbat) ubuntu, Version: 24.04.3, Kernel: 5.15.0-168-generic
| XServer Vendor: The X.Org Foundation, XServer Version: 12101011 (1.21.1.11)
| Processor: Intel(R) Xeon(R) Platinum 8358 CPU @ 2.60GHz
| Bare Metal Cores: 64 | Bare Metal Logical Cores: 128
| Core Usage Quota: 14
|---------------------------------------------------------------------------------------------|
| Total Memory (MB): 122880 | Free Memory: 120370
| Total Page/Swap (MB): 0 | Free Page/Swap: 0
|---------------------------------------------------------------------------------------------|
2026-08-17T14:19:22Z [5,178ms] [Warning] [gpu.foundation.plugin] ECC is enabled on physical device 0
