[INFO][AppLauncher]: Using device: cuda:0
[INFO][AppLauncher]: Loading experience file: /workspace/isaaclab/apps/isaaclab.python.headless.kit
======Missing terms====== 
[]
 =======================

[36m======================================================================================[0m
[36m[1m[INFO][IsaacLab]: Logging to file: /tmp/isaaclab/logs/isaaclab_2026-08-18_08-35-02.log[0m
[36m======================================================================================[0m

[33m08:35:02 [simulation_context.py] WARNING: The `enable_external_forces_every_iteration` parameter in the PhysxCfg is set to False. If you are experiencing noisy velocities, consider enabling this flag. You may need to slightly increase the number of velocity iterations (setting it to 1 or 2 rather than 0), together with this flag, to improve the accuracy of velocity updates.[0m
[INFO]: Base environment:
	Environment device    : cuda:0
	Environment seed      : 271828
	Physics step-size     : 0.008333333333333333
	Rendering step-size   : 833.3333333333334
	Environment step-size : 0.03333333333333333
[33m08:35:02 [terrain_importer.py] WARNING: Visual material specified for ground plane but no diffuse color found. Using default color: (0.0, 0.0, 0.0)[0m
[INFO]: Time taken for scene creation : 158.144445 seconds
[INFO]: Scene manager:  <class InteractiveScene>
	Number of environments: 1
	Environment spacing   : 4.0
	Source prim name      : /World/envs/env_0
	Global prim paths     : ['/World/ground']
	Replicate physics     : True
[INFO]: Starting the simulation. This may take a few seconds. Please wait...
[INFO]: Time taken for simulation start : 0.794470 seconds
[33m08:37:41 [velocity_command.py] WARNING: The velocity command has the 'ranges.heading' attribute set to '(-3.141592653589793, 3.141592653589793)' but the heading command is not active. Consider setting the flag for the heading command to True.[0m
[INFO] Command Manager:  <CommandManager> contains 2 active terms.
+---------------------------------------------+
|             Active Command Terms            |
+-------+------------+------------------------+
| Index | Name       |          Type          |
+-------+------------+------------------------+
|   0   | locomotion | UniformVelocityCommand |
|   1   | ee_goal    | EeSphericalGoalCommand |
+-------+------------+------------------------+

[INFO] Event Manager:  <EventManager> contains 1 active terms.
+------------------------------------+
| Active Event Terms in Mode: 'reset' |
+-----------+------------------------+
|   Index   | Name                   |
+-----------+------------------------+
|     0     | reset_root             |
|     1     | reset_joints           |
|     2     | init_priv              |
|     3     | reset_rewards          |
+-----------+------------------------+

[INFO] Recorder Manager:  <RecorderManager> contains 0 active terms.
+---------------------+
| Active Recorder Terms |
+-----------+---------+
|   Index   | Name    |
+-----------+---------+
+-----------+---------+

[INFO] Action Manager:  <ActionManager> contains 3 active terms.
+------------------------------------+
|  Active Action Terms (shape: 16)   |
+--------+-------------+-------------+
| Index  | Name        |   Dimension |
+--------+-------------+-------------+
|   0    | leg_pos     |          12 |
|   1    | wheel_vel   |           4 |
|   2    | arm_ik      |           0 |
+--------+-------------+-------------+

[INFO] Observation Manager: <ObservationManager> contains 1 groups.
+--------------------------------------------------+
| Active Observation Terms in Group: 'policy' (shape: (876,)) |
+----------------+-------------+-------------------+
|     Index      | Name        |       Shape       |
+----------------+-------------+-------------------+
|       0        | obs         |       (876,)      |
+----------------+-------------+-------------------+

[INFO] Termination Manager:  <TerminationManager> contains 4 active terms.
+--------------------------------+
|    Active Termination Terms    |
+-------+-------------+----------+
| Index | Name        | Time Out |
+-------+-------------+----------+
|   0   | time_out    |   True   |
|   1   | bad_contact |  False   |
|   2   | tilt        |  False   |
|   3   | low_height  |  False   |
+-------+-------------+----------+

[INFO] Reward Manager:  <RewardManager> contains 43 active terms.
+---------------------------------------------------------+
|                   Active Reward Terms                   |
+-------+--------------------------+----------------------+
| Index | Name                     |               Weight |
+-------+--------------------------+----------------------+
|   0   | term_bad_contact         |              -3000.0 |
|   1   | term_tilt                |              -3000.0 |
|   2   | term_low_height          |              -3000.0 |
|   3   | leg_action_l2            |               -0.003 |
|   4   | tracking_lin_vel         |                  0.6 |
|   5   | tracking_lin_vel_x_exp   |                  1.5 |
|   6   | tracking_ang_vel_yaw_l1  |                  0.0 |
|   7   | tracking_ang_vel_yaw_exp |                  1.5 |
|   8   | tracking_lin_vel_y_l2    |                  0.0 |
|   9   | tracking_lin_vel_z_l2    |                  0.0 |
|   10  | survive                  |                  0.0 |
|   11  | foot_contacts_z          |                  0.0 |
|   12  | torques                  |             -7.5e-06 |
|   13  | tracking_lin_vel_y       |                  0.0 |
|   14  | lin_vel_z                | -0.44999999999999996 |
|   15  | ang_vel_xy               |                -0.06 |
|   16  | tracking_ang_vel         |                  0.3 |
|   17  | work                     |              -0.0009 |
|   18  | dof_acc                  |            -2.25e-07 |
|   19  | action_rate              |              -0.0045 |
|   20  | dof_pos_limits           |                 -3.0 |
|   21  | delta_torques            |               -3e-08 |
|   22  | collision                |                 -3.0 |
|   23  | walking_dof              |                 0.03 |
|   24  | hip_pos                  |                -0.06 |
|   25  | feet_jerk                |               -6e-05 |
|   26  | alive                    |                  0.3 |
|   27  | feet_drag                |               -0.024 |
|   28  | feet_contact_forces      |              -0.0003 |
|   29  | roll                     |                 -0.3 |
|   30  | base_height              |                 -0.6 |
|   31  | tracking_lin_vel_max     |  0.44999999999999996 |
|   32  | flat_orientation_l2      |                 -0.6 |
|   33  | air_time_variance        |                 -0.3 |
|   34  | feet_height              |                  0.0 |
|   35  | feet_air_time            |                0.015 |
|   36  | update_last_buffers      |                  0.0 |
|   37  | wheel_idle_speed         |              -0.0009 |
|   38  | wheel_action_l2          |              -0.0003 |
|   39  | wheel_action_rate        |              -0.0006 |
|   40  | teacher_ensemble_match   |                  0.0 |
|   41  | wheel_forward_use        |                 0.18 |
|   42  | wheel_turn_support       |                0.135 |
+-------+--------------------------+----------------------+

[INFO] Curriculum Manager:  <CurriculumManager> contains 0 active terms.
+----------------------+
| Active Curriculum Terms |
+-----------+----------+
|   Index   | Name     |
+-----------+----------+
+-----------+----------+

[INFO]: Completed setting up the environment...
sweep_config {'steps': 70, 'warmup': 35, 'magnitude': 3.5, 'wheel_damping': 6.0, 'leg_stiffness': None, 'leg_damping': None, 'calf_stiffness': None, 'calf_damping': None, 'ground_friction': None, 'patterns': ['fl_plus', 'fl_minus', 'fr_plus', 'fr_minus', 'rl_plus', 'rl_minus', 'rr_plus', 'rr_minus', 'forward_rearflip', 'forward_tactic', 'ideal_yaw', 'tactic_yaw_plus', 'tactic_yaw_minus', 'allplus_yaw']}
sample fl_plus step 35 vx -0.0015678330091759562 wz -0.0018913489766418934 z 0.5206459760665894 tilt 0.012682669796049595 wheel_vel [0.49092036485671997, 0.07476023584604263, 0.0023817713372409344, 0.2590804100036621] wheel_target [0.3333333432674408, 0.0, 0.0, 0.0] wheel_torque [0.18983137607574463, -0.5142149925231934, 0.025712309405207634, -1.454582691192627] foot_contact_force [219.13992309570312, 219.06117248535156, 187.27024841308594, 179.0160369873047]
sample fl_plus step 69 vx 0.07296398282051086 wz 0.047004882246255875 z 0.513153076171875 tilt 0.044328637421131134 wheel_vel [1.329871416091919, 0.8247442245483398, 0.20601628720760345, 0.3657337725162506] wheel_target [3.5, 0.0, 0.0, 0.0] wheel_torque [12.741487503051758, -4.786444664001465, -0.8997160792350769, -2.0063376426696777] foot_contact_force [185.94290161132812, 264.02996826171875, 252.36412048339844, 115.84684753417969]
response fl_plus pattern [3.5, 0.0, 0.0, 0.0] mean_vx_active 0.0705621414718085 mean_wz_active 0.006185190711403265 final_vx 0.07296398282051086 final_wz 0.047004882246255875 mean_wheel_active [1.7077564001083374, 0.2379785031080246, 0.10575846582651138, 0.17442862689495087] final_wheel [1.329871416091919, 0.8247442245483398, 0.20601628720760345, 0.3657337725162506] mean_foot_contact_force_active [180.08090209960938, 239.2664031982422, 240.94241333007812, 152.6508026123047] min_z_active 0.5112693309783936 max_tilt_active 0.044328637421131134 tilt_term False low_term False bad_term False
sample fl_minus step 35 vx 0.018518611788749695 wz -0.0038248870987445116 z 0.5199882984161377 tilt 0.014094160869717598 wheel_vel [0.00813231896609068, 0.049900803714990616, 0.025856580585241318, 0.08635876327753067] wheel_target [-0.3333333432674408, 0.0, 0.0, 0.0] wheel_torque [-2.1566295623779297, -0.5456844568252563, -0.29341423511505127, -0.48189228773117065] foot_contact_force [215.6265106201172, 225.82115173339844, 196.46783447265625, 175.7421875]
sample fl_minus step 69 vx -0.005487135611474514 wz -0.018408820033073425 z 0.5202043652534485 tilt 0.026916613802313805 wheel_vel [-1.2550798654556274, -0.381498783826828, -0.12641705572605133, 0.5521255135536194] wheel_target [-3.5, 0.0, 0.0, 0.0] wheel_torque [-13.423015594482422, 2.4491310119628906, 0.9817480444908142, -3.3361172676086426] foot_contact_force [237.3424530029297, 172.6888885498047, 147.07957458496094, 255.3862762451172]
response fl_minus pattern [-3.5, 0.0, 0.0, 0.0] mean_vx_active -0.05360565978501524 mean_wz_active 0.0038650705412562403 final_vx -0.005487135611474514 final_wz -0.018408820033073425 mean_wheel_active [-1.7183012962341309, -0.02294781804084778, -0.04313012957572937, 0.5233507752418518] final_wheel [-1.2550798654556274, -0.381498783826828, -0.12641705572605133, 0.5521255135536194] mean_foot_contact_force_active [232.837158203125, 190.0199432373047, 167.78160095214844, 223.26593017578125] min_z_active 0.519412636756897 max_tilt_active 0.026916613802313805 tilt_term False low_term False bad_term False
sample fr_plus step 35 vx 0.01720254495739937 wz -0.006040592677891254 z 0.5200735330581665 tilt 0.013702684082090855 wheel_vel [0.22132763266563416, 0.40401461720466614, 0.031934160739183426, 0.1036197766661644] wheel_target [0.0, 0.3333333432674408, 0.0, 0.0] wheel_torque [-1.9395856857299805, -0.5928432941436768, -0.24533039331436157, -0.5807548761367798] foot_contact_force [213.9102325439453, 222.70883178710938, 195.09519958496094, 176.50216674804688]
sample fr_plus step 69 vx 0.05768894404172897 wz -0.009565230458974838 z 0.5119088888168335 tilt 0.03856214880943298 wheel_vel [0.12993380427360535, 1.6966526508331299, 0.5089045166969299, -0.03421406447887421] wheel_target [0.0, 3.5, 0.0, 0.0] wheel_torque [-0.34183362126350403, 9.430599212646484, -3.096493721008301, 0.5340819954872131] foot_contact_force [268.17169189453125, 175.07818603515625, 129.93544006347656, 233.4945831298828]
response fr_plus pattern [0.0, 3.5, 0.0, 0.0] mean_vx_active 0.07748595347428429 mean_wz_active -0.004836591263301671 final_vx 0.05768894404172897 final_wz -0.009565230458974838 mean_wheel_active [0.14092937111854553, 1.9071673154830933, 0.1466001719236374, 0.029532531276345253] final_wheel [0.12993380427360535, 1.6966526508331299, 0.5089045166969299, -0.03421406447887421] mean_foot_contact_force_active [233.5514678955078, 187.2499237060547, 169.3541259765625, 224.227294921875] min_z_active 0.5108118653297424 max_tilt_active 0.03856214880943298 tilt_term False low_term False bad_term False
sample fr_minus step 35 vx 0.013402950949966908 wz -0.0026135267689824104 z 0.5186759233474731 tilt 0.01355365663766861 wheel_vel [0.30933138728141785, 0.0682450383901596, 0.10626988857984543, 0.12416379153728485] wheel_target [0.0, -0.3333333432674408, 0.0, 0.0] wheel_torque [-1.27219820022583, -2.517697811126709, -0.6141846776008606, -0.7206659913063049] foot_contact_force [213.8028106689453, 211.64251708984375, 196.84951782226562, 190.2060546875]
sample fr_minus step 69 vx -0.053435321897268295 wz -0.008370567113161087 z 0.5203598737716675 tilt 0.031605616211891174 wheel_vel [-0.5712452530860901, -0.9847580790519714, 0.4305034875869751, -0.34789443016052246] wheel_target [0.0, -3.5, 0.0, 0.0] wheel_torque [3.4531002044677734, -14.803462028503418, -2.596856117248535, 3.326859712600708] foot_contact_force [179.20263671875, 260.6474609375, 255.81214904785156, 128.54298400878906]
response fr_minus pattern [0.0, -3.5, 0.0, 0.0] mean_vx_active -0.03451823087276092 mean_wz_active -0.0014131387961762293 final_vx -0.053435321897268295 final_wz -0.008370567113161087 mean_wheel_active [-0.05160565301775932, -1.7020331621170044, 0.2541475296020508, 0.10412997752428055] final_wheel [-0.5712452530860901, -0.9847580790519714, 0.4305034875869751, -0.34789443016052246] mean_foot_contact_force_active [189.94781494140625, 240.5008087158203, 229.7491455078125, 154.07362365722656] min_z_active 0.5179675817489624 max_tilt_active 0.031605616211891174 tilt_term False low_term False bad_term False
sample rl_plus step 35 vx 0.012495330534875393 wz -0.004339866805821657 z 0.5186725854873657 tilt 0.013496791943907738 wheel_vel [0.33765077590942383, 0.3184899687767029, 0.22764717042446136, 0.11949975788593292] wheel_target [0.0, 0.0, 0.3333333432674408, 0.0] wheel_torque [-1.7940809726715088, -1.6797664165496826, 0.21610718965530396, -0.6875829696655273] foot_contact_force [214.64012145996094, 210.86056518554688, 196.16868591308594, 190.39602661132812]
sample rl_plus step 69 vx 0.03868429735302925 wz -0.02361738122999668 z 0.5151602625846863 tilt 0.02877875231206417 wheel_vel [0.6687453389167786, 0.2630307674407959, 2.0499696731567383, -0.1439715325832367] wheel_target [0.0, 0.0, 3.5, 0.0] wheel_torque [-3.4101920127868652, -1.3893318176269531, 8.862361907958984, 0.5953618884086609] foot_contact_force [171.6281280517578, 203.1890869140625, 244.3108367919922, 188.39434814453125]
response rl_plus pattern [0.0, 0.0, 3.5, 0.0] mean_vx_active 0.025175773405603 mean_wz_active -0.04731634526646563 final_vx 0.03868429735302925 final_wz -0.02361738122999668 mean_wheel_active [0.14583541452884674, -0.1666840761899948, 2.0240652561187744, 0.03468288853764534] final_wheel [0.6687453389167786, 0.2630307674407959, 2.0499696731567383, -0.1439715325832367] mean_foot_contact_force_active [192.04275512695312, 204.33729553222656, 223.54832458496094, 194.4530487060547] min_z_active 0.5151602625846863 max_tilt_active 0.02877875231206417 tilt_term False low_term False bad_term False
sample rl_minus step 35 vx 0.013450243510305882 wz -0.008662755601108074 z 0.5186663866043091 tilt 0.013698132708668709 wheel_vel [0.4108768701553345, 0.3024529814720154, 0.0859699547290802, -0.11749079823493958] wheel_target [0.0, 0.0, -0.3333333432674408, 0.0] wheel_torque [-1.1001194715499878, -1.5367388725280762, -2.2236409187316895, 0.7383322715759277] foot_contact_force [214.91021728515625, 211.4589385986328, 196.93040466308594, 190.06871032714844]
sample rl_minus step 69 vx -0.0025927238166332245 wz -0.0029276921413838863 z 0.5070492029190063 tilt 0.03320655599236488 wheel_vel [-0.31078287959098816, 0.01921575516462326, -1.8462496995925903, 0.414878785610199] wheel_target [0.0, 0.0, -3.5, 0.0] wheel_torque [2.575956344604492, -0.12767018377780914, -10.01982593536377, -2.497645139694214] foot_contact_force [244.59217834472656, 193.58255004882812, 174.50779724121094, 202.9475555419922]
response rl_minus pattern [0.0, 0.0, -3.5, 0.0] mean_vx_active -0.0157726679255055 mean_wz_active 0.018861224143100635 final_vx -0.0025927238166332245 final_wz -0.0029276921413838863 mean_wheel_active [0.0037814686074852943, -0.04060569405555725, -2.022932529449463, 0.23744961619377136] final_wheel [-0.31078287959098816, 0.01921575516462326, -1.8462496995925903, 0.414878785610199] mean_foot_contact_force_active [225.03244018554688, 205.36782836914062, 186.11463928222656, 197.73902893066406] min_z_active 0.5070492029190063 max_tilt_active 0.03320655599236488 tilt_term False low_term False bad_term False
sample rr_plus step 35 vx 0.011949010193347931 wz -0.004442437086254358 z 0.5186500549316406 tilt 0.01353359967470169 wheel_vel [0.22669155895709991, 0.30111926794052124, 0.09034034609794617, 0.058604318648576736] wheel_target [0.0, 0.0, 0.0, 0.3333333432674408] wheel_torque [-1.7854640483856201, -1.5831799507141113, -0.5358181595802307, 1.610671043395996] foot_contact_force [214.88720703125, 211.1617431640625, 196.97535705566406, 189.03114318847656]
sample rr_plus step 69 vx 0.07633034139871597 wz 0.03840747848153114 z 0.5153468251228333 tilt 0.018672658130526543 wheel_vel [0.1025921180844307, 0.15674926340579987, 0.09217684715986252, 2.0289342403411865] wheel_target [0.0, 0.0, 0.0, 3.5] wheel_torque [-0.4765931963920593, -1.6363892555236816, 0.5684586763381958, 9.143404006958008] foot_contact_force [201.75265502929688, 182.92811584472656, 199.16629028320312, 234.048828125]
response rr_plus pattern [0.0, 0.0, 0.0, 3.5] mean_vx_active 0.03303456697613001 mean_wz_active 0.04498892489417423 final_vx 0.07633034139871597 final_wz 0.03840747848153114 mean_wheel_active [0.01612251065671444, 0.10991038382053375, -0.06550160050392151, 2.0920917987823486] final_wheel [0.1025921180844307, 0.15674926340579987, 0.09217684715986252, 2.0289342403411865] mean_foot_contact_force_active [203.043701171875, 195.1575927734375, 205.65594482421875, 210.4429473876953] min_z_active 0.5153468251228333 max_tilt_active 0.018672658130526543 tilt_term False low_term False bad_term False
sample rr_minus step 35 vx 0.014325428754091263 wz 0.010675305500626564 z 0.5187065601348877 tilt 0.0135330306366086 wheel_vel [0.3626778721809387, 0.2626868784427643, -0.009126171469688416, 0.22139698266983032] wheel_target [0.0, 0.0, 0.0, -0.3333333432674408] wheel_torque [-1.76389741897583, -1.3704371452331543, 0.0550578273832798, -3.440528154373169] foot_contact_force [214.91517639160156, 211.34034729003906, 195.39012145996094, 191.49314880371094]
sample rr_minus step 69 vx -0.00700836256146431 wz -0.006013845093548298 z 0.5073406100273132 tilt 0.027536556124687195 wheel_vel [-0.024106454104185104, 0.15069958567619324, 0.3020266890525818, -1.7164057493209839] wheel_target [0.0, 0.0, 0.0, -3.5] wheel_torque [0.17218917608261108, -0.8928503394126892, -1.8046009540557861, -11.026041984558105] foot_contact_force [188.3465118408203, 244.99453735351562, 220.0515899658203, 161.8610382080078]
response rr_minus pattern [0.0, 0.0, 0.0, -3.5] mean_vx_active -0.019221159572147633 mean_wz_active -0.019907012398886894 final_vx -0.00700836256146431 final_wz -0.006013845093548298 mean_wheel_active [0.023320941254496574, 0.10722945630550385, 0.22321921586990356, -2.0391085147857666] final_wheel [-0.024106454104185104, 0.15069958567619324, 0.3020266890525818, -1.7164057493209839] mean_foot_contact_force_active [199.50094604492188, 229.52635192871094, 207.98468017578125, 176.76602172851562] min_z_active 0.5073406100273132 max_tilt_active 0.027784399688243866 tilt_term False low_term False bad_term False
sample forward_rearflip step 35 vx 0.01517564244568348 wz -0.0003731649194378406 z 0.5186237096786499 tilt 0.013695075176656246 wheel_vel [0.5675225257873535, 0.6904239058494568, 0.05625277757644653, 0.05101766437292099] wheel_target [0.3333333432674408, 0.3333333432674408, -0.3333333432674408, -0.3333333432674408] wheel_torque [-0.9535766243934631, -1.9878718852996826, -1.7994914054870605, -3.2895522117614746] foot_contact_force [211.95684814453125, 207.40115356445312, 195.8714141845703, 191.46115112304688]
sample forward_rearflip step 69 vx 0.026300160214304924 wz 0.04028981178998947 z 0.4802495241165161 tilt 0.04985616356134415 wheel_vel [0.6638931035995483, 1.204420566558838, -1.5409117937088013, -1.6686307191848755] wheel_target [3.5, 3.5, -3.5, -3.5] wheel_torque [16.982030868530273, 12.103164672851562, -11.693473815917969, -10.977336883544922] foot_contact_force [221.33668518066406, 233.69874572753906, 190.6416473388672, 177.2229461669922]
response forward_rearflip pattern [3.5, 3.5, -3.5, -3.5] mean_vx_active 0.05009107789290803 mean_wz_active -0.0020660440957206965 final_vx 0.026300160214304924 final_wz 0.04028981178998947 mean_wheel_active [1.697107195854187, 1.675205111503601, -1.9441052675247192, -1.8977181911468506] final_wheel [0.6638931035995483, 1.204420566558838, -1.5409117937088013, -1.6686307191848755] mean_foot_contact_force_active [216.75506591796875, 217.82717895507812, 192.5963134765625, 187.18527221679688] min_z_active 0.4802495241165161 max_tilt_active 0.05019935220479965 tilt_term False low_term False bad_term False
sample forward_tactic step 35 vx 0.012941076420247555 wz 0.0015972930705174804 z 0.5186213850975037 tilt 0.013597716577351093 wheel_vel [0.4802144169807434, 0.5686421990394592, 0.08547083288431168, 0.061075691133737564] wheel_target [0.3333333432674408, 0.3333333432674408, -0.3333333432674408, 0.3333333432674408] wheel_torque [-1.430213451385498, -1.6699492931365967, -3.0568342208862305, 1.757472276687622] foot_contact_force [211.6543731689453, 207.83499145507812, 198.05886840820312, 189.15342712402344]
sample forward_tactic step 69 vx 0.16035309433937073 wz 0.04178639501333237 z 0.4919048249721527 tilt 0.052788808941841125 wheel_vel [2.495915412902832, 2.3225419521331787, -1.363494634628296, 2.5449135303497314] wheel_target [3.5, 3.5, -3.5, 3.5] wheel_torque [6.575802326202393, 7.438426494598389, -12.80348014831543, 4.214376926422119] foot_contact_force [283.5748596191406, 135.67225646972656, 172.5160369873047, 248.12152099609375]
response forward_tactic pattern [3.5, 3.5, -3.5, 3.5] mean_vx_active 0.15003240965306758 mean_wz_active 0.029973465387177253 final_vx 0.16035309433937073 final_wz 0.04178639501333237 mean_wheel_active [2.243478775024414, 2.071206569671631, -1.6264761686325073, 2.251636505126953] final_wheel [2.495915412902832, 2.3225419521331787, -1.363494634628296, 2.5449135303497314] mean_foot_contact_force_active [232.20156860351562, 171.11114501953125, 183.6865692138672, 226.1087188720703] min_z_active 0.4919048249721527 max_tilt_active 0.052788808941841125 tilt_term False low_term False bad_term False
sample ideal_yaw step 35 vx 0.017473386600613594 wz -0.0003381559799890965 z 0.5185685753822327 tilt 0.013918525539338589 wheel_vel [0.03400067239999771, 0.5629241466522217, 0.24890877306461334, 0.18803972005844116] wheel_target [-0.3333333432674408, 0.3333333432674408, 0.3333333432674408, -0.3333333432674408] wheel_torque [-2.299788475036621, -1.3794045448303223, 0.1527441143989563, -3.2631418704986572] foot_contact_force [217.7918243408203, 207.245361328125, 197.48956298828125, 190.48904418945312]
sample ideal_yaw step 69 vx 0.07509716600179672 wz 0.01830017939209938 z 0.5063508152961731 tilt 0.057233624160289764 wheel_vel [-0.6986507177352905, 2.0803141593933105, 1.5999585390090942, -1.6803460121154785] wheel_target [-3.5, 3.5, 3.5, -3.5] wheel_torque [-16.784770965576172, 7.024250507354736, 11.288188934326172, -10.927993774414062] foot_contact_force [258.8730773925781, 210.76800537109375, 118.50614166259766, 220.77780151367188]
response ideal_yaw pattern [-3.5, 3.5, 3.5, -3.5] mean_vx_active 0.04976682947682483 mean_wz_active -0.04750571542868524 final_vx 0.07509716600179672 final_wz 0.01830017939209938 mean_wheel_active [-1.3323981761932373, 1.6454461812973022, 1.9608209133148193, -1.931060552597046] final_wheel [-0.6986507177352905, 2.0803141593933105, 1.5999585390090942, -1.6803460121154785] mean_foot_contact_force_active [238.45111083984375, 199.68338012695312, 148.425537109375, 225.89730834960938] min_z_active 0.5063508152961731 max_tilt_active 0.057233624160289764 tilt_term False low_term False bad_term False
sample tactic_yaw_plus step 35 vx 0.01469125971198082 wz -0.010739409364759922 z 0.5185577869415283 tilt 0.01382063515484333 wheel_vel [0.05495413392782211, 0.5730277895927429, 0.2711673378944397, 0.07757939398288727] wheel_target [-0.3333333432674408, 0.3333333432674408, 0.3333333432674408, 0.3333333432674408] wheel_torque [-2.3978829383850098, -1.4360299110412598, 0.4405394196510315, 1.5140552520751953] foot_contact_force [217.4849395751953, 207.35121154785156, 198.42132568359375, 187.8651580810547]
sample tactic_yaw_plus step 69 vx 0.24264061450958252 wz 0.07043011486530304 z 0.5189947485923767 tilt 0.039139192551374435 wheel_vel [-1.8204967975616455, 3.033400297164917, 3.4186348915100098, 2.5437986850738525] wheel_target [-3.5, 3.5, 3.5, 3.5] wheel_torque [-10.070368766784668, 4.940340042114258, 1.0355615615844727, 6.016542434692383] foot_contact_force [277.149658203125, 144.58749389648438, 101.72368621826172, 286.5669860839844]
response tactic_yaw_plus pattern [-3.5, 3.5, 3.5, 3.5] mean_vx_active 0.13836380100942083 mean_wz_active 0.019091090405293342 final_vx 0.24264061450958252 final_wz 0.07043011486530304 mean_wheel_active [-1.603538155555725, 2.0607521533966064, 2.2708852291107178, 2.3465449810028076] final_wheel [-1.8204967975616455, 3.033400297164917, 3.4186348915100098, 2.5437986850738525] mean_foot_contact_force_active [236.55245971679688, 158.43788146972656, 152.896728515625, 266.1696472167969] min_z_active 0.5148416757583618 max_tilt_active 0.04416150599718094 tilt_term False low_term False bad_term False
sample tactic_yaw_minus step 35 vx 0.015482619404792786 wz -0.005281540565192699 z 0.5185991525650024 tilt 0.014011138118803501 wheel_vel [0.6023752689361572, -0.052837491035461426, -0.1562962532043457, 0.05449669435620308] wheel_target [0.3333333432674408, -0.3333333432674408, -0.3333333432674408, 0.3333333432674408] wheel_torque [-1.7326157093048096, -1.844727873802185, -1.9873650074005127, 1.5592050552368164] foot_contact_force [210.93980407714844, 214.02206420898438, 198.1372528076172, 187.70550537109375]
sample tactic_yaw_minus step 69 vx 0.09000904113054276 wz -0.03492210805416107 z 0.5069363713264465 tilt 0.06574715673923492 wheel_vel [1.7589432001113892, -1.314145803451538, -1.455426812171936, 1.9517613649368286] wheel_target [3.5, -3.5, -3.5, 3.5] wheel_torque [9.933347702026367, -13.079472541809082, -12.207263946533203, 9.465070724487305] foot_contact_force [216.03936767578125, 250.45083618164062, 227.93270874023438, 112.0605697631836]
response tactic_yaw_minus pattern [3.5, -3.5, -3.5, 3.5] mean_vx_active 0.053450796753168106 mean_wz_active 0.04770446003863721 final_vx 0.09000904113054276 final_wz -0.03492210805416107 mean_wheel_active [1.7636854648590088, -1.3507505655288696, -1.8526453971862793, 1.984862208366394] final_wheel [1.7589432001113892, -1.314145803451538, -1.455426812171936, 1.9517613649368286] mean_foot_contact_force_active [202.3221893310547, 236.821044921875, 229.0845947265625, 145.88247680664062] min_z_active 0.5069363713264465 max_tilt_active 0.06574715673923492 tilt_term False low_term False bad_term False
sample allplus_yaw step 35 vx 0.013508839532732964 wz -0.0014077804517000914 z 0.5187243819236755 tilt 0.01348663680255413 wheel_vel [-0.1496163308620453, 0.6968672871589661, -0.23247447609901428, 0.060294270515441895] wheel_target [-0.3333333432674408, 0.3333333432674408, -0.3333333432674408, 0.3333333432674408] wheel_torque [-2.236056327819824, -2.0482711791992188, -0.4212394952774048, 1.552566647529602] foot_contact_force [216.89801025390625, 207.99842834472656, 197.30250549316406, 189.1798858642578]
sample allplus_yaw step 69 vx -0.04823564365506172 wz 0.07434800267219543 z 0.5006164312362671 tilt 0.08079901337623596 wheel_vel [-1.3311793804168701, 1.7153918743133545, -1.534157633781433, 2.2289042472839355] wheel_target [-3.5, 3.5, -3.5, 3.5] wheel_torque [-13.177265167236328, 10.783536911010742, -13.649574279785156, 6.940818786621094] foot_contact_force [258.1160583496094, 105.02681732177734, 104.13533782958984, 352.7893981933594]
response allplus_yaw pattern [-3.5, 3.5, -3.5, 3.5] mean_vx_active -0.019585462157348438 mean_wz_active 0.0670050774950401 final_vx -0.04823564365506172 final_wz 0.07434800267219543 mean_wheel_active [-1.6067482233047485, 1.4897630214691162, -2.0347940921783447, 2.150122880935669] final_wheel [-1.3311793804168701, 1.7153918743133545, -1.534157633781433, 2.2289042472839355] mean_foot_contact_force_active [260.0455017089844, 142.561279296875, 127.02633666992188, 283.06103515625] min_z_active 0.5006164312362671 max_tilt_active 0.08079901337623596 tilt_term False low_term False bad_term False
Loading user config located at: '/isaac-sim/kit/data/Kit/Isaac-Sim/5.1/user.config.json'
[Info] [carb] Logging to file: /isaac-sim/kit/logs/Kit/Isaac-Sim/5.1/kit_20260818_083455.log
2026-08-18T00:34:55Z [456ms] [Warning] [omni.usd_config.extension] Enable omni.materialx.libs extension to use MaterialX
2026-08-18T00:34:56Z [1,010ms] [Warning] [carb] Acquiring non optional plugin interface which is not listed as dependency: [omni::physx::IPhysxBenchmarks v1.0] (plugin: <default plugin>), by client: omni.physics.physx.plugin. Add it to CARB_PLUGIN_IMPL_DEPS() macro of a client.
2026-08-18T00:34:56Z [1,297ms] [Warning] [omni.isaac.dynamic_control] omni.isaac.dynamic_control is deprecated as of Isaac Sim 4.5. No action is needed from end-users.

|---------------------------------------------------------------------------------------------|
| Driver Version: 580.126.09    | Graphics API: Vulkan
|=============================================================================================|
| GPU | Name                             | Active | LDA | GPU Memory | Vendor-ID | LUID       |
|     |                                  |        |     |            | Device-ID | UUID       |
|     |                                  |        |     |            | Bus-ID    |            |
|---------------------------------------------------------------------------------------------|
| 0   | NVIDIA L40                       | Yes: 0 |     | 46068   MB | 10de      | 0          |
|     |                                  |        |     |            | 26b5      | c3c5dcf0.. |
|     |                                  |        |     |            | 37        |            |
|=============================================================================================|
| OS: 24.04.3 LTS (Noble Numbat) ubuntu, Version: 24.04.3, Kernel: 5.15.0-168-generic
| XServer Vendor: The X.Org Foundation, XServer Version: 12101011 (1.21.1.11)
| Processor: Intel(R) Xeon(R) Platinum 8358 CPU @ 2.60GHz
| Bare Metal Cores: 64 | Bare Metal Logical Cores: 128
| Core Usage Quota: 14
|---------------------------------------------------------------------------------------------|
| Total Memory (MB): 122880 | Free Memory: 118732
| Total Page/Swap (MB): 0 | Free Page/Swap: 0
|---------------------------------------------------------------------------------------------|
2026-08-18T00:35:00Z [5,028ms] [Warning] [gpu.foundation.plugin] ECC is enabled on physical device 0
