[INFO][AppLauncher]: Using device: cuda:0
[INFO][AppLauncher]: Loading experience file: /workspace/isaaclab/apps/isaaclab.python.headless.kit
======Missing terms====== 
[]
 =======================

[36m======================================================================================[0m
[36m[1m[INFO][IsaacLab]: Logging to file: /tmp/isaaclab/logs/isaaclab_2026-08-18_05-18-03.log[0m
[36m======================================================================================[0m

[33m05:18:03 [simulation_context.py] WARNING: The `enable_external_forces_every_iteration` parameter in the PhysxCfg is set to False. If you are experiencing noisy velocities, consider enabling this flag. You may need to slightly increase the number of velocity iterations (setting it to 1 or 2 rather than 0), together with this flag, to improve the accuracy of velocity updates.[0m
[INFO]: Base environment:
	Environment device    : cuda:0
	Environment seed      : 271828
	Physics step-size     : 0.008333333333333333
	Rendering step-size   : 833.3333333333334
	Environment step-size : 0.03333333333333333
[33m05:18:03 [terrain_importer.py] WARNING: Visual material specified for ground plane but no diffuse color found. Using default color: (0.0, 0.0, 0.0)[0m
[INFO]: Time taken for scene creation : 71.894385 seconds
[INFO]: Scene manager:  <class InteractiveScene>
	Number of environments: 1
	Environment spacing   : 4.0
	Source prim name      : /World/envs/env_0
	Global prim paths     : ['/World/ground']
	Replicate physics     : True
[INFO]: Starting the simulation. This may take a few seconds. Please wait...
[INFO]: Time taken for simulation start : 0.798581 seconds
[33m05:19:16 [velocity_command.py] WARNING: The velocity command has the 'ranges.heading' attribute set to '(-3.141592653589793, 3.141592653589793)' but the heading command is not active. Consider setting the flag for the heading command to True.[0m
[INFO] Command Manager:  <CommandManager> contains 2 active terms.
+---------------------------------------------+
|             Active Command Terms            |
+-------+------------+------------------------+
| Index | Name       |          Type          |
+-------+------------+------------------------+
|   0   | locomotion | UniformVelocityCommand |
|   1   | ee_goal    | EeSphericalGoalCommand |
+-------+------------+------------------------+

[INFO] Event Manager:  <EventManager> contains 1 active terms.
+------------------------------------+
| Active Event Terms in Mode: 'reset' |
+-----------+------------------------+
|   Index   | Name                   |
+-----------+------------------------+
|     0     | reset_root             |
|     1     | reset_joints           |
|     2     | init_priv              |
|     3     | reset_rewards          |
+-----------+------------------------+

[INFO] Recorder Manager:  <RecorderManager> contains 0 active terms.
+---------------------+
| Active Recorder Terms |
+-----------+---------+
|   Index   | Name    |
+-----------+---------+
+-----------+---------+

[INFO] Action Manager:  <ActionManager> contains 3 active terms.
+------------------------------------+
|  Active Action Terms (shape: 16)   |
+--------+-------------+-------------+
| Index  | Name        |   Dimension |
+--------+-------------+-------------+
|   0    | leg_pos     |          12 |
|   1    | wheel_vel   |           4 |
|   2    | arm_ik      |           0 |
+--------+-------------+-------------+

[INFO] Observation Manager: <ObservationManager> contains 1 groups.
+--------------------------------------------------+
| Active Observation Terms in Group: 'policy' (shape: (876,)) |
+----------------+-------------+-------------------+
|     Index      | Name        |       Shape       |
+----------------+-------------+-------------------+
|       0        | obs         |       (876,)      |
+----------------+-------------+-------------------+

[INFO] Termination Manager:  <TerminationManager> contains 4 active terms.
+--------------------------------+
|    Active Termination Terms    |
+-------+-------------+----------+
| Index | Name        | Time Out |
+-------+-------------+----------+
|   0   | time_out    |   True   |
|   1   | bad_contact |  False   |
|   2   | tilt        |  False   |
|   3   | low_height  |  False   |
+-------+-------------+----------+

[INFO] Reward Manager:  <RewardManager> contains 43 active terms.
+---------------------------------------------------------+
|                   Active Reward Terms                   |
+-------+--------------------------+----------------------+
| Index | Name                     |               Weight |
+-------+--------------------------+----------------------+
|   0   | term_bad_contact         |              -3000.0 |
|   1   | term_tilt                |              -3000.0 |
|   2   | term_low_height          |              -3000.0 |
|   3   | leg_action_l2            |               -0.003 |
|   4   | tracking_lin_vel         |                  0.6 |
|   5   | tracking_lin_vel_x_exp   |                  1.5 |
|   6   | tracking_ang_vel_yaw_l1  |                  0.0 |
|   7   | tracking_ang_vel_yaw_exp |                  1.5 |
|   8   | tracking_lin_vel_y_l2    |                  0.0 |
|   9   | tracking_lin_vel_z_l2    |                  0.0 |
|   10  | survive                  |                  0.0 |
|   11  | foot_contacts_z          |                  0.0 |
|   12  | torques                  |             -7.5e-06 |
|   13  | tracking_lin_vel_y       |                  0.0 |
|   14  | lin_vel_z                | -0.44999999999999996 |
|   15  | ang_vel_xy               |                -0.06 |
|   16  | tracking_ang_vel         |                  0.3 |
|   17  | work                     |              -0.0009 |
|   18  | dof_acc                  |            -2.25e-07 |
|   19  | action_rate              |              -0.0045 |
|   20  | dof_pos_limits           |                 -3.0 |
|   21  | delta_torques            |               -3e-08 |
|   22  | collision                |                 -3.0 |
|   23  | walking_dof              |                 0.03 |
|   24  | hip_pos                  |                -0.06 |
|   25  | feet_jerk                |               -6e-05 |
|   26  | alive                    |                  0.3 |
|   27  | feet_drag                |               -0.024 |
|   28  | feet_contact_forces      |              -0.0003 |
|   29  | roll                     |                 -0.3 |
|   30  | base_height              |                 -0.6 |
|   31  | tracking_lin_vel_max     |  0.44999999999999996 |
|   32  | flat_orientation_l2      |                 -0.6 |
|   33  | air_time_variance        |                 -0.3 |
|   34  | feet_height              |                  0.0 |
|   35  | feet_air_time            |                0.015 |
|   36  | update_last_buffers      |                  0.0 |
|   37  | wheel_idle_speed         |              -0.0009 |
|   38  | wheel_action_l2          |              -0.0003 |
|   39  | wheel_action_rate        |              -0.0006 |
|   40  | teacher_ensemble_match   |  0.22499999999999998 |
|   41  | wheel_forward_use        |                 0.18 |
|   42  | wheel_turn_support       |                0.135 |
+-------+--------------------------+----------------------+

[INFO] Curriculum Manager:  <CurriculumManager> contains 0 active terms.
+----------------------+
| Active Curriculum Terms |
+-----------+----------+
|   Index   | Name     |
+-----------+----------+
+-----------+----------+

[INFO]: Completed setting up the environment...
sweep_config {'steps': 90, 'warmup': 45, 'magnitude': 3.5, 'wheel_damping': 2.0, 'leg_stiffness': 300.0, 'leg_damping': 10.0, 'calf_stiffness': 300.0, 'calf_damping': 10.0, 'patterns': ['forward_rearflip', 'ideal_yaw', 'tactic_yaw_minus']}
sample forward_rearflip step 45 vx -0.0019727356266230345 wz 0.006505879107862711 z 0.517402172088623 tilt 0.011085587553679943 wheel_vel [0.22684946656227112, 0.3138377368450165, 0.2566521167755127, 0.33010464906692505] wheel_target [0.3333333432674408, 0.3333333432674408, -0.3333333432674408, -0.3333333432674408] wheel_torque [0.14378678798675537, 0.15934765338897705, -1.099482536315918, -1.3849315643310547] foot_contact_force [204.50559997558594, 202.2171630859375, 209.70730590820312, 197.2960205078125]
sample forward_rearflip step 89 vx -0.0024168831296265125 wz -0.0017427017446607351 z 0.5012140274047852 tilt 0.043387316167354584 wheel_vel [0.5867615938186646, 0.7529983520507812, -0.7377356886863708, -0.6060900092124939] wheel_target [3.5, 3.5, -3.5, -3.5] wheel_torque [5.854722023010254, 5.829927444458008, -5.517382621765137, -5.78433895111084] foot_contact_force [224.02337646484375, 218.69696044921875, 186.97991943359375, 183.18569946289062]
response forward_rearflip pattern [3.5, 3.5, -3.5, -3.5] mean_vx_active 0.033973437427387884 mean_wz_active 0.0008637534878087334 final_vx -0.0024168831296265125 final_wz -0.0017427017446607351 mean_wheel_active [0.9257585406303406, 0.9292454123497009, -1.086984634399414, -0.964867889881134] final_wheel [0.5867615938186646, 0.7529983520507812, -0.7377356886863708, -0.6060900092124939] mean_foot_contact_force_active [217.58993530273438, 213.94375610351562, 192.1077880859375, 190.07296752929688] min_z_active 0.500408411026001 max_tilt_active 0.04420921579003334 tilt_term False low_term False bad_term False
sample ideal_yaw step 45 vx 0.011706267483532429 wz 0.0060355169698596 z 0.5172222852706909 tilt 0.01144132949411869 wheel_vel [-0.2388916164636612, -0.004536369815468788, 0.08039875328540802, -0.034800831228494644] wheel_target [-0.3333333432674408, 0.3333333432674408, 0.3333333432674408, -0.3333333432674408] wheel_torque [-0.12686771154403687, 0.2772791385650635, 0.412596732378006, -0.6837742328643799] foot_contact_force [217.6869354248047, 192.81906127929688, 191.30870056152344, 213.818359375]
sample ideal_yaw step 89 vx 0.0064690145663917065 wz -0.0010078029008582234 z 0.5122835636138916 tilt 0.033284127712249756 wheel_vel [-6.376206874847412e-05, 0.26034122705459595, 0.20720234513282776, -0.7310043573379517] wheel_target [-3.5, 3.5, 3.5, -3.5] wheel_torque [-6.9973368644714355, 6.475551128387451, 6.581436634063721, -5.481134414672852] foot_contact_force [228.69442749023438, 206.99728393554688, 153.82730102539062, 224.024658203125]
response ideal_yaw pattern [-3.5, 3.5, 3.5, -3.5] mean_vx_active 0.02220841557912839 mean_wz_active -0.02925685544291304 final_vx 0.0064690145663917065 final_wz -0.0010078029008582234 mean_wheel_active [-0.20234835147857666, 0.6819068193435669, 0.8979176878929138, -1.0964618921279907] final_wheel [-6.376206874847412e-05, 0.26034122705459595, 0.20720234513282776, -0.7310043573379517] mean_foot_contact_force_active [226.56570434570312, 201.5945587158203, 167.16036987304688, 218.36288452148438] min_z_active 0.5120455026626587 max_tilt_active 0.03331408649682999 tilt_term False low_term False bad_term False
sample tactic_yaw_minus step 45 vx 0.020036756992340088 wz -0.021845201030373573 z 0.5169112086296082 tilt 0.01230163499712944 wheel_vel [0.5483457446098328, 0.05697234719991684, 0.1344051957130432, 0.3149712383747101] wheel_target [0.3333333432674408, -0.3333333432674408, -0.3333333432674408, 0.3333333432674408] wheel_torque [-0.1693994402885437, -0.6952541470527649, -0.8186514973640442, 0.1858064830303192] foot_contact_force [208.75, 204.68295288085938, 195.99063110351562, 206.46994018554688]
sample tactic_yaw_minus step 89 vx -0.000558751227799803 wz -0.002372714690864086 z 0.5119917392730713 tilt 0.03817267715930939 wheel_vel [0.16957055032253265, -0.10051382333040237, -0.7583730816841125, 0.37649229168891907] wheel_target [3.5, -3.5, -3.5, 3.5] wheel_torque [6.702906131744385, -6.915781497955322, -5.483498573303223, 6.247247695922852] foot_contact_force [209.1103515625, 226.36468505859375, 219.7242431640625, 159.0764617919922]
response tactic_yaw_minus pattern [3.5, -3.5, -3.5, 3.5] mean_vx_active 0.019016275184953378 mean_wz_active 0.030514508413357868 final_vx -0.000558751227799803 final_wz -0.002372714690864086 mean_wheel_active [0.7252696752548218, -0.2697764039039612, -1.1625919342041016, 0.995357871055603] final_wheel [0.16957055032253265, -0.10051382333040237, -0.7583730816841125, 0.37649229168891907] mean_foot_contact_force_active [207.05551147460938, 222.60227966308594, 218.40513610839844, 165.8964385986328] min_z_active 0.5115296244621277 max_tilt_active 0.04068129137158394 tilt_term False low_term False bad_term False
Loading user config located at: '/isaac-sim/kit/data/Kit/Isaac-Sim/5.1/user.config.json'
[Info] [carb] Logging to file: /isaac-sim/kit/logs/Kit/Isaac-Sim/5.1/kit_20260818_051757.log
2026-08-17T21:17:57Z [434ms] [Warning] [omni.usd_config.extension] Enable omni.materialx.libs extension to use MaterialX
2026-08-17T21:17:58Z [968ms] [Warning] [carb] Acquiring non optional plugin interface which is not listed as dependency: [omni::physx::IPhysxBenchmarks v1.0] (plugin: <default plugin>), by client: omni.physics.physx.plugin. Add it to CARB_PLUGIN_IMPL_DEPS() macro of a client.
2026-08-17T21:17:58Z [1,248ms] [Warning] [omni.isaac.dynamic_control] omni.isaac.dynamic_control is deprecated as of Isaac Sim 4.5. No action is needed from end-users.

|---------------------------------------------------------------------------------------------|
| Driver Version: 580.126.09    | Graphics API: Vulkan
|=============================================================================================|
| GPU | Name                             | Active | LDA | GPU Memory | Vendor-ID | LUID       |
|     |                                  |        |     |            | Device-ID | UUID       |
|     |                                  |        |     |            | Bus-ID    |            |
|---------------------------------------------------------------------------------------------|
| 0   | NVIDIA L40                       | Yes: 0 |     | 46068   MB | 10de      | 0          |
|     |                                  |        |     |            | 26b5      | c3c5dcf0.. |
|     |                                  |        |     |            | 37        |            |
|=============================================================================================|
| OS: 24.04.3 LTS (Noble Numbat) ubuntu, Version: 24.04.3, Kernel: 5.15.0-168-generic
| XServer Vendor: The X.Org Foundation, XServer Version: 12101011 (1.21.1.11)
| Processor: Intel(R) Xeon(R) Platinum 8358 CPU @ 2.60GHz
| Bare Metal Cores: 64 | Bare Metal Logical Cores: 128
| Core Usage Quota: 14
|---------------------------------------------------------------------------------------------|
| Total Memory (MB): 122880 | Free Memory: 119097
| Total Page/Swap (MB): 0 | Free Page/Swap: 0
|---------------------------------------------------------------------------------------------|
2026-08-17T21:18:01Z [4,704ms] [Warning] [gpu.foundation.plugin] ECC is enabled on physical device 0
