[INFO][AppLauncher]: Using device: cuda:0
[INFO][AppLauncher]: Loading experience file: /workspace/isaaclab/apps/isaaclab.python.headless.kit
======Missing terms====== 
[]
 =======================

[36m======================================================================================[0m
[36m[1m[INFO][IsaacLab]: Logging to file: /tmp/isaaclab/logs/isaaclab_2026-08-18_05-20-45.log[0m
[36m======================================================================================[0m

[33m05:20:45 [simulation_context.py] WARNING: The `enable_external_forces_every_iteration` parameter in the PhysxCfg is set to False. If you are experiencing noisy velocities, consider enabling this flag. You may need to slightly increase the number of velocity iterations (setting it to 1 or 2 rather than 0), together with this flag, to improve the accuracy of velocity updates.[0m
[INFO]: Base environment:
	Environment device    : cuda:0
	Environment seed      : 271828
	Physics step-size     : 0.008333333333333333
	Rendering step-size   : 833.3333333333334
	Environment step-size : 0.03333333333333333
[33m05:20:45 [terrain_importer.py] WARNING: Visual material specified for ground plane but no diffuse color found. Using default color: (0.0, 0.0, 0.0)[0m
[INFO]: Time taken for scene creation : 109.254186 seconds
[INFO]: Scene manager:  <class InteractiveScene>
	Number of environments: 1
	Environment spacing   : 4.0
	Source prim name      : /World/envs/env_0
	Global prim paths     : ['/World/ground']
	Replicate physics     : True
[INFO]: Starting the simulation. This may take a few seconds. Please wait...
[INFO]: Time taken for simulation start : 0.761177 seconds
[33m05:22:35 [velocity_command.py] WARNING: The velocity command has the 'ranges.heading' attribute set to '(-3.141592653589793, 3.141592653589793)' but the heading command is not active. Consider setting the flag for the heading command to True.[0m
[INFO] Command Manager:  <CommandManager> contains 2 active terms.
+---------------------------------------------+
|             Active Command Terms            |
+-------+------------+------------------------+
| Index | Name       |          Type          |
+-------+------------+------------------------+
|   0   | locomotion | UniformVelocityCommand |
|   1   | ee_goal    | EeSphericalGoalCommand |
+-------+------------+------------------------+

[INFO] Event Manager:  <EventManager> contains 1 active terms.
+------------------------------------+
| Active Event Terms in Mode: 'reset' |
+-----------+------------------------+
|   Index   | Name                   |
+-----------+------------------------+
|     0     | reset_root             |
|     1     | reset_joints           |
|     2     | init_priv              |
|     3     | reset_rewards          |
+-----------+------------------------+

[INFO] Recorder Manager:  <RecorderManager> contains 0 active terms.
+---------------------+
| Active Recorder Terms |
+-----------+---------+
|   Index   | Name    |
+-----------+---------+
+-----------+---------+

[INFO] Action Manager:  <ActionManager> contains 3 active terms.
+------------------------------------+
|  Active Action Terms (shape: 16)   |
+--------+-------------+-------------+
| Index  | Name        |   Dimension |
+--------+-------------+-------------+
|   0    | leg_pos     |          12 |
|   1    | wheel_vel   |           4 |
|   2    | arm_ik      |           0 |
+--------+-------------+-------------+

[INFO] Observation Manager: <ObservationManager> contains 1 groups.
+--------------------------------------------------+
| Active Observation Terms in Group: 'policy' (shape: (876,)) |
+----------------+-------------+-------------------+
|     Index      | Name        |       Shape       |
+----------------+-------------+-------------------+
|       0        | obs         |       (876,)      |
+----------------+-------------+-------------------+

[INFO] Termination Manager:  <TerminationManager> contains 4 active terms.
+--------------------------------+
|    Active Termination Terms    |
+-------+-------------+----------+
| Index | Name        | Time Out |
+-------+-------------+----------+
|   0   | time_out    |   True   |
|   1   | bad_contact |  False   |
|   2   | tilt        |  False   |
|   3   | low_height  |  False   |
+-------+-------------+----------+

[INFO] Reward Manager:  <RewardManager> contains 43 active terms.
+---------------------------------------------------------+
|                   Active Reward Terms                   |
+-------+--------------------------+----------------------+
| Index | Name                     |               Weight |
+-------+--------------------------+----------------------+
|   0   | term_bad_contact         |              -3000.0 |
|   1   | term_tilt                |              -3000.0 |
|   2   | term_low_height          |              -3000.0 |
|   3   | leg_action_l2            |               -0.003 |
|   4   | tracking_lin_vel         |                  0.6 |
|   5   | tracking_lin_vel_x_exp   |                  1.5 |
|   6   | tracking_ang_vel_yaw_l1  |                  0.0 |
|   7   | tracking_ang_vel_yaw_exp |                  1.5 |
|   8   | tracking_lin_vel_y_l2    |                  0.0 |
|   9   | tracking_lin_vel_z_l2    |                  0.0 |
|   10  | survive                  |                  0.0 |
|   11  | foot_contacts_z          |                  0.0 |
|   12  | torques                  |             -7.5e-06 |
|   13  | tracking_lin_vel_y       |                  0.0 |
|   14  | lin_vel_z                | -0.44999999999999996 |
|   15  | ang_vel_xy               |                -0.06 |
|   16  | tracking_ang_vel         |                  0.3 |
|   17  | work                     |              -0.0009 |
|   18  | dof_acc                  |            -2.25e-07 |
|   19  | action_rate              |              -0.0045 |
|   20  | dof_pos_limits           |                 -3.0 |
|   21  | delta_torques            |               -3e-08 |
|   22  | collision                |                 -3.0 |
|   23  | walking_dof              |                 0.03 |
|   24  | hip_pos                  |                -0.06 |
|   25  | feet_jerk                |               -6e-05 |
|   26  | alive                    |                  0.3 |
|   27  | feet_drag                |               -0.024 |
|   28  | feet_contact_forces      |              -0.0003 |
|   29  | roll                     |                 -0.3 |
|   30  | base_height              |                 -0.6 |
|   31  | tracking_lin_vel_max     |  0.44999999999999996 |
|   32  | flat_orientation_l2      |                 -0.6 |
|   33  | air_time_variance        |                 -0.3 |
|   34  | feet_height              |                  0.0 |
|   35  | feet_air_time            |                0.015 |
|   36  | update_last_buffers      |                  0.0 |
|   37  | wheel_idle_speed         |              -0.0009 |
|   38  | wheel_action_l2          |              -0.0003 |
|   39  | wheel_action_rate        |              -0.0006 |
|   40  | teacher_ensemble_match   |  0.22499999999999998 |
|   41  | wheel_forward_use        |                 0.18 |
|   42  | wheel_turn_support       |                0.135 |
+-------+--------------------------+----------------------+

[INFO] Curriculum Manager:  <CurriculumManager> contains 0 active terms.
+----------------------+
| Active Curriculum Terms |
+-----------+----------+
|   Index   | Name     |
+-----------+----------+
+-----------+----------+

[INFO]: Completed setting up the environment...
sweep_config {'steps': 90, 'warmup': 45, 'magnitude': 5.0, 'wheel_damping': 2.0, 'leg_stiffness': 300.0, 'leg_damping': 10.0, 'calf_stiffness': 300.0, 'calf_damping': 10.0, 'patterns': ['forward_rearflip', 'ideal_yaw', 'tactic_yaw_minus']}
sample forward_rearflip step 45 vx -0.0019727356266230345 wz 0.006505879107862711 z 0.517402172088623 tilt 0.011085587553679943 wheel_vel [0.22684946656227112, 0.3138377368450165, 0.2566521167755127, 0.33010464906692505] wheel_target [0.3333333432674408, 0.3333333432674408, -0.3333333432674408, -0.3333333432674408] wheel_torque [0.14378678798675537, 0.15934765338897705, -1.099482536315918, -1.3849315643310547] foot_contact_force [204.50559997558594, 202.2171630859375, 209.70730590820312, 197.2960205078125]
sample forward_rearflip step 89 vx 0.016351161524653435 wz 0.0031539280898869038 z 0.48970234394073486 tilt 0.046098046004772186 wheel_vel [0.3690979778766632, 0.8530773520469666, -0.5007767081260681, -1.0251415967941284] wheel_target [5.0, 5.0, -5.0, -5.0] wheel_torque [9.25844955444336, 8.28954792022705, -9.003705978393555, -7.964274883270264] foot_contact_force [218.7008514404297, 223.2740478515625, 184.5045166015625, 179.9605712890625]
response forward_rearflip pattern [5.0, 5.0, -5.0, -5.0] mean_vx_active 0.031616964594771466 mean_wz_active 0.00045680206708817016 final_vx 0.016351161524653435 final_wz 0.0031539280898869038 mean_wheel_active [1.211746096611023, 1.241873025894165, -1.3854780197143555, -1.4968711137771606] final_wheel [0.3690979778766632, 0.8530773520469666, -0.5007767081260681, -1.0251415967941284] mean_foot_contact_force_active [216.09861755371094, 217.48741149902344, 194.77951049804688, 185.65382385253906] min_z_active 0.487775593996048 max_tilt_active 0.04892697185277939 tilt_term False low_term False bad_term False
sample ideal_yaw step 45 vx 0.02497434802353382 wz -0.0174719225615263 z 0.5167813301086426 tilt 0.013026579283177853 wheel_vel [-0.13132037222385406, -0.07546980679035187, 0.06008360534906387, 0.19452156126499176] wheel_target [-0.3333333432674408, 0.3333333432674408, 0.3333333432674408, -0.3333333432674408] wheel_torque [-0.5884214043617249, 0.8157956600189209, 0.5331393480300903, -1.1439540386199951] foot_contact_force [211.245849609375, 204.3719482421875, 197.79644775390625, 206.1709442138672]
sample ideal_yaw step 89 vx -0.009198088198900223 wz -0.007703273557126522 z 0.5088882446289062 tilt 0.0476483516395092 wheel_vel [-0.908730149269104, 0.8666695952415466, 1.1069648265838623, -0.9961762428283691] wheel_target [-5.0, 5.0, 5.0, -5.0] wheel_torque [-8.184029579162598, 8.25893783569336, 7.848064422607422, -8.012495994567871] foot_contact_force [238.4039764404297, 210.75564575195312, 138.06951904296875, 227.5407257080078]
response ideal_yaw pattern [-5.0, 5.0, 5.0, -5.0] mean_vx_active 0.030610177252027724 mean_wz_active -0.03658289557012419 final_vx -0.009198088198900223 final_wz -0.007703273557126522 mean_wheel_active [-1.0159924030303955, 1.0639697313308716, 1.5139987468719482, -1.5107141733169556] final_wheel [-0.908730149269104, 0.8666695952415466, 1.1069648265838623, -0.9961762428283691] mean_foot_contact_force_active [232.14309692382812, 205.07504272460938, 155.99583435058594, 220.63504028320312] min_z_active 0.5088882446289062 max_tilt_active 0.0476483516395092 tilt_term False low_term False bad_term False
sample tactic_yaw_minus step 45 vx 0.0239862147718668 wz -0.01114143431186676 z 0.5168184638023376 tilt 0.013521663844585419 wheel_vel [0.38620659708976746, 0.004060607403516769, 0.11920240521430969, 0.16053840517997742] wheel_target [0.3333333432674408, -0.3333333432674408, -0.3333333432674408, 0.3333333432674408] wheel_torque [0.0168302059173584, -0.6120485067367554, -0.7811474800109863, 0.39341676235198975] foot_contact_force [206.62506103515625, 208.95289611816406, 197.99830627441406, 202.2135772705078]
sample tactic_yaw_minus step 89 vx -9.57927477429621e-06 wz 0.003493125783279538 z 0.507665753364563 tilt 0.05562108755111694 wheel_vel [0.8750234246253967, -0.7682740092277527, -0.5429075360298157, 0.9112868905067444] wheel_target [5.0, -5.0, -5.0, 5.0] wheel_torque [8.249283790588379, -8.457768440246582, -8.893909454345703, 8.188005447387695] foot_contact_force [220.49868774414062, 233.83938598632812, 218.8896942138672, 137.2742156982422]
response tactic_yaw_minus pattern [5.0, -5.0, -5.0, 5.0] mean_vx_active 0.0396103364794625 mean_wz_active 0.03680985528303103 final_vx -9.57927477429621e-06 final_wz 0.003493125783279538 mean_wheel_active [1.2796852588653564, -0.8390721678733826, -1.351454496383667, 1.544629454612732] final_wheel [0.8750234246253967, -0.7682740092277527, -0.5429075360298157, 0.9112868905067444] mean_foot_contact_force_active [210.64968872070312, 226.47860717773438, 220.75711059570312, 155.89186096191406] min_z_active 0.507328450679779 max_tilt_active 0.05661400407552719 tilt_term False low_term False bad_term False
Loading user config located at: '/isaac-sim/kit/data/Kit/Isaac-Sim/5.1/user.config.json'
[Info] [carb] Logging to file: /isaac-sim/kit/logs/Kit/Isaac-Sim/5.1/kit_20260818_052039.log
2026-08-17T21:20:39Z [434ms] [Warning] [omni.usd_config.extension] Enable omni.materialx.libs extension to use MaterialX
2026-08-17T21:20:40Z [957ms] [Warning] [carb] Acquiring non optional plugin interface which is not listed as dependency: [omni::physx::IPhysxBenchmarks v1.0] (plugin: <default plugin>), by client: omni.physics.physx.plugin. Add it to CARB_PLUGIN_IMPL_DEPS() macro of a client.
2026-08-17T21:20:40Z [1,235ms] [Warning] [omni.isaac.dynamic_control] omni.isaac.dynamic_control is deprecated as of Isaac Sim 4.5. No action is needed from end-users.

|---------------------------------------------------------------------------------------------|
| Driver Version: 580.126.09    | Graphics API: Vulkan
|=============================================================================================|
| GPU | Name                             | Active | LDA | GPU Memory | Vendor-ID | LUID       |
|     |                                  |        |     |            | Device-ID | UUID       |
|     |                                  |        |     |            | Bus-ID    |            |
|---------------------------------------------------------------------------------------------|
| 0   | NVIDIA L40                       | Yes: 0 |     | 46068   MB | 10de      | 0          |
|     |                                  |        |     |            | 26b5      | c3c5dcf0.. |
|     |                                  |        |     |            | 37        |            |
|=============================================================================================|
| OS: 24.04.3 LTS (Noble Numbat) ubuntu, Version: 24.04.3, Kernel: 5.15.0-168-generic
| XServer Vendor: The X.Org Foundation, XServer Version: 12101011 (1.21.1.11)
| Processor: Intel(R) Xeon(R) Platinum 8358 CPU @ 2.60GHz
| Bare Metal Cores: 64 | Bare Metal Logical Cores: 128
| Core Usage Quota: 14
|---------------------------------------------------------------------------------------------|
| Total Memory (MB): 122880 | Free Memory: 119097
| Total Page/Swap (MB): 0 | Free Page/Swap: 0
|---------------------------------------------------------------------------------------------|
2026-08-17T21:20:43Z [4,743ms] [Warning] [gpu.foundation.plugin] ECC is enabled on physical device 0
