[INFO][AppLauncher]: Using device: cuda:0
[INFO][AppLauncher]: Loading experience file: /workspace/isaaclab/apps/isaaclab.python.headless.kit
======Missing terms====== 
[]
 =======================

[36m======================================================================================[0m
[36m[1m[INFO][IsaacLab]: Logging to file: /tmp/isaaclab/logs/isaaclab_2026-08-18_05-13-18.log[0m
[36m======================================================================================[0m

[33m05:13:18 [simulation_context.py] WARNING: The `enable_external_forces_every_iteration` parameter in the PhysxCfg is set to False. If you are experiencing noisy velocities, consider enabling this flag. You may need to slightly increase the number of velocity iterations (setting it to 1 or 2 rather than 0), together with this flag, to improve the accuracy of velocity updates.[0m
[INFO]: Base environment:
	Environment device    : cuda:0
	Environment seed      : 271828
	Physics step-size     : 0.008333333333333333
	Rendering step-size   : 833.3333333333334
	Environment step-size : 0.03333333333333333
[33m05:13:18 [terrain_importer.py] WARNING: Visual material specified for ground plane but no diffuse color found. Using default color: (0.0, 0.0, 0.0)[0m
[INFO]: Time taken for scene creation : 130.802411 seconds
[INFO]: Scene manager:  <class InteractiveScene>
	Number of environments: 1
	Environment spacing   : 4.0
	Source prim name      : /World/envs/env_0
	Global prim paths     : ['/World/ground']
	Replicate physics     : True
[INFO]: Starting the simulation. This may take a few seconds. Please wait...
[INFO]: Time taken for simulation start : 0.750637 seconds
[33m05:15:29 [velocity_command.py] WARNING: The velocity command has the 'ranges.heading' attribute set to '(-3.141592653589793, 3.141592653589793)' but the heading command is not active. Consider setting the flag for the heading command to True.[0m
[INFO] Command Manager:  <CommandManager> contains 2 active terms.
+---------------------------------------------+
|             Active Command Terms            |
+-------+------------+------------------------+
| Index | Name       |          Type          |
+-------+------------+------------------------+
|   0   | locomotion | UniformVelocityCommand |
|   1   | ee_goal    | EeSphericalGoalCommand |
+-------+------------+------------------------+

[INFO] Event Manager:  <EventManager> contains 1 active terms.
+------------------------------------+
| Active Event Terms in Mode: 'reset' |
+-----------+------------------------+
|   Index   | Name                   |
+-----------+------------------------+
|     0     | reset_root             |
|     1     | reset_joints           |
|     2     | init_priv              |
|     3     | reset_rewards          |
+-----------+------------------------+

[INFO] Recorder Manager:  <RecorderManager> contains 0 active terms.
+---------------------+
| Active Recorder Terms |
+-----------+---------+
|   Index   | Name    |
+-----------+---------+
+-----------+---------+

[INFO] Action Manager:  <ActionManager> contains 3 active terms.
+------------------------------------+
|  Active Action Terms (shape: 16)   |
+--------+-------------+-------------+
| Index  | Name        |   Dimension |
+--------+-------------+-------------+
|   0    | leg_pos     |          12 |
|   1    | wheel_vel   |           4 |
|   2    | arm_ik      |           0 |
+--------+-------------+-------------+

[INFO] Observation Manager: <ObservationManager> contains 1 groups.
+--------------------------------------------------+
| Active Observation Terms in Group: 'policy' (shape: (876,)) |
+----------------+-------------+-------------------+
|     Index      | Name        |       Shape       |
+----------------+-------------+-------------------+
|       0        | obs         |       (876,)      |
+----------------+-------------+-------------------+

[INFO] Termination Manager:  <TerminationManager> contains 4 active terms.
+--------------------------------+
|    Active Termination Terms    |
+-------+-------------+----------+
| Index | Name        | Time Out |
+-------+-------------+----------+
|   0   | time_out    |   True   |
|   1   | bad_contact |  False   |
|   2   | tilt        |  False   |
|   3   | low_height  |  False   |
+-------+-------------+----------+

[INFO] Reward Manager:  <RewardManager> contains 43 active terms.
+---------------------------------------------------------+
|                   Active Reward Terms                   |
+-------+--------------------------+----------------------+
| Index | Name                     |               Weight |
+-------+--------------------------+----------------------+
|   0   | term_bad_contact         |              -3000.0 |
|   1   | term_tilt                |              -3000.0 |
|   2   | term_low_height          |              -3000.0 |
|   3   | leg_action_l2            |               -0.003 |
|   4   | tracking_lin_vel         |                  0.6 |
|   5   | tracking_lin_vel_x_exp   |                  1.5 |
|   6   | tracking_ang_vel_yaw_l1  |                  0.0 |
|   7   | tracking_ang_vel_yaw_exp |                  1.5 |
|   8   | tracking_lin_vel_y_l2    |                  0.0 |
|   9   | tracking_lin_vel_z_l2    |                  0.0 |
|   10  | survive                  |                  0.0 |
|   11  | foot_contacts_z          |                  0.0 |
|   12  | torques                  |             -7.5e-06 |
|   13  | tracking_lin_vel_y       |                  0.0 |
|   14  | lin_vel_z                | -0.44999999999999996 |
|   15  | ang_vel_xy               |                -0.06 |
|   16  | tracking_ang_vel         |                  0.3 |
|   17  | work                     |              -0.0009 |
|   18  | dof_acc                  |            -2.25e-07 |
|   19  | action_rate              |              -0.0045 |
|   20  | dof_pos_limits           |                 -3.0 |
|   21  | delta_torques            |               -3e-08 |
|   22  | collision                |                 -3.0 |
|   23  | walking_dof              |                 0.03 |
|   24  | hip_pos                  |                -0.06 |
|   25  | feet_jerk                |               -6e-05 |
|   26  | alive                    |                  0.3 |
|   27  | feet_drag                |               -0.024 |
|   28  | feet_contact_forces      |              -0.0003 |
|   29  | roll                     |                 -0.3 |
|   30  | base_height              |                 -0.6 |
|   31  | tracking_lin_vel_max     |  0.44999999999999996 |
|   32  | flat_orientation_l2      |                 -0.6 |
|   33  | air_time_variance        |                 -0.3 |
|   34  | feet_height              |                  0.0 |
|   35  | feet_air_time            |                0.015 |
|   36  | update_last_buffers      |                  0.0 |
|   37  | wheel_idle_speed         |              -0.0009 |
|   38  | wheel_action_l2          |              -0.0003 |
|   39  | wheel_action_rate        |              -0.0006 |
|   40  | teacher_ensemble_match   |  0.22499999999999998 |
|   41  | wheel_forward_use        |                 0.18 |
|   42  | wheel_turn_support       |                0.135 |
+-------+--------------------------+----------------------+

[INFO] Curriculum Manager:  <CurriculumManager> contains 0 active terms.
+----------------------+
| Active Curriculum Terms |
+-----------+----------+
|   Index   | Name     |
+-----------+----------+
+-----------+----------+

[INFO]: Completed setting up the environment...
sweep_config {'steps': 90, 'warmup': 45, 'magnitude': 3.5, 'wheel_damping': 2.0, 'patterns': ['forward_rearflip', 'ideal_yaw', 'tactic_yaw_minus']}
sample forward_rearflip step 45 vx -0.061252567917108536 wz 0.010655301623046398 z 0.4376775920391083 tilt 0.05587255582213402 wheel_vel [-0.16603054106235504, -0.4127763509750366, -0.14413994550704956, -0.3215833604335785] wheel_target [0.3333333432674408, 0.3333333432674408, -0.3333333432674408, -0.3333333432674408] wheel_torque [1.0558295249938965, 1.2053154706954956, -0.44506436586380005, -0.0579339861869812] foot_contact_force [146.27587890625, 141.43011474609375, 264.9391784667969, 255.76229858398438]
sample forward_rearflip step 89 vx 0.2066037356853485 wz -0.04031125083565712 z 0.44484350085258484 tilt 0.08527111262083054 wheel_vel [3.48891544342041, 3.0370233058929443, -2.0576255321502686, -1.9078460931777954] wheel_target [3.5, 3.5, -3.5, -3.5] wheel_torque [0.5787739753723145, 0.8482837677001953, -2.1103549003601074, -3.23268985748291] foot_contact_force [224.61160278320312, 234.84352111816406, 167.0885772705078, 162.19422912597656]
response forward_rearflip pattern [3.5, 3.5, -3.5, -3.5] mean_vx_active 0.19077607113867998 mean_wz_active 6.711693842791849e-05 final_vx 0.2066037356853485 final_wz -0.04031125083565712 mean_wheel_active [1.5103487968444824, 1.533363699913025, -1.3687522411346436, -1.3870041370391846] final_wheel [3.48891544342041, 3.0370233058929443, -2.0576255321502686, -1.9078460931777954] mean_foot_contact_force_active [168.61380004882812, 162.16879272460938, 242.36805725097656, 235.1458282470703] min_z_active 0.42296600341796875 max_tilt_active 0.08527111262083054 tilt_term False low_term False bad_term False
sample ideal_yaw step 45 vx -0.051060453057289124 wz -0.019978398457169533 z 0.43901944160461426 tilt 0.05237236246466637 wheel_vel [-0.3716214895248413, -0.16105268895626068, 1.090453863143921, -0.31185662746429443] wheel_target [-0.3333333432674408, 0.3333333432674408, 0.3333333432674408, -0.3333333432674408] wheel_torque [-0.11530601978302002, 1.0144158601760864, -3.217278480529785, -0.1369888186454773] foot_contact_force [150.50631713867188, 141.1371612548828, 269.5718994140625, 252.0990447998047]
sample ideal_yaw step 89 vx 0.0013654287904500961 wz -0.015820667147636414 z 0.3764159381389618 tilt 0.3054385185241699 wheel_vel [-0.5201552510261536, 0.4376624822616577, -0.06293174624443054, 0.12097632884979248] wheel_target [-3.5, 3.5, 3.5, -3.5] wheel_torque [-5.934919834136963, 6.1172943115234375, 6.9792609214782715, -7.411836624145508] foot_contact_force [95.5621109008789, 99.71080017089844, 221.6113739013672, 312.6803283691406]
response ideal_yaw pattern [-3.5, 3.5, 3.5, -3.5] mean_vx_active -0.06593260852128474 mean_wz_active -0.10594767555077043 final_vx 0.0013654287904500961 final_wz -0.015820667147636414 mean_wheel_active [-1.1124835014343262, 0.397977352142334, 1.250430941581726, -0.00036117236595600843] final_wheel [-0.5201552510261536, 0.4376624822616577, -0.06293174624443054, 0.12097632884979248] mean_foot_contact_force_active [124.03169250488281, 108.22438049316406, 238.13645935058594, 296.6197204589844] min_z_active 0.3728879988193512 max_tilt_active 0.3054385185241699 tilt_term False low_term False bad_term False
sample tactic_yaw_minus step 45 vx -0.05484849587082863 wz -0.004974721930921078 z 0.43894341588020325 tilt 0.0520000085234642 wheel_vel [0.04517494514584541, -0.5737263560295105, 0.1929132640361786, -0.3481273055076599] wheel_target [0.3333333432674408, -0.3333333432674408, -0.3333333432674408, 0.3333333432674408] wheel_torque [0.5753822922706604, 0.4032410979270935, -1.1248598098754883, 1.3349828720092773] foot_contact_force [146.29103088378906, 145.15452575683594, 265.431640625, 252.31736755371094]
sample tactic_yaw_minus step 89 vx -0.005856035277247429 wz 0.0036480077542364597 z 0.37477901577949524 tilt 0.3060927391052246 wheel_vel [0.4521828591823578, -0.41436004638671875, 0.24015310406684875, -0.03750158101320267] wheel_target [3.5, -3.5, -3.5, 3.5] wheel_torque [6.093435764312744, -6.233506202697754, -7.289710521697998, 6.687430381774902] foot_contact_force [92.4653549194336, 112.18042755126953, 311.3231506347656, 226.99905395507812]
response tactic_yaw_minus pattern [3.5, -3.5, -3.5, 3.5] mean_vx_active -0.06596342449968991 mean_wz_active 0.08475266981921677 final_vx -0.005856035277247429 final_wz 0.0036480077542364597 mean_wheel_active [0.47502610087394714, -1.0236369371414185, 0.05030083283782005, 1.3877346515655518] final_wheel [0.4521828591823578, -0.41436004638671875, 0.24015310406684875, -0.03750158101320267] mean_foot_contact_force_active [109.70687103271484, 126.18285369873047, 303.662109375, 233.35633850097656] min_z_active 0.3671402633190155 max_tilt_active 0.3081510066986084 tilt_term False low_term False bad_term False
Loading user config located at: '/isaac-sim/kit/data/Kit/Isaac-Sim/5.1/user.config.json'
[Info] [carb] Logging to file: /isaac-sim/kit/logs/Kit/Isaac-Sim/5.1/kit_20260818_051311.log
2026-08-17T21:13:12Z [439ms] [Warning] [omni.usd_config.extension] Enable omni.materialx.libs extension to use MaterialX
2026-08-17T21:13:12Z [961ms] [Warning] [carb] Acquiring non optional plugin interface which is not listed as dependency: [omni::physx::IPhysxBenchmarks v1.0] (plugin: <default plugin>), by client: omni.physics.physx.plugin. Add it to CARB_PLUGIN_IMPL_DEPS() macro of a client.
2026-08-17T21:13:12Z [1,240ms] [Warning] [omni.isaac.dynamic_control] omni.isaac.dynamic_control is deprecated as of Isaac Sim 4.5. No action is needed from end-users.

|---------------------------------------------------------------------------------------------|
| Driver Version: 580.126.09    | Graphics API: Vulkan
|=============================================================================================|
| GPU | Name                             | Active | LDA | GPU Memory | Vendor-ID | LUID       |
|     |                                  |        |     |            | Device-ID | UUID       |
|     |                                  |        |     |            | Bus-ID    |            |
|---------------------------------------------------------------------------------------------|
| 0   | NVIDIA L40                       | Yes: 0 |     | 46068   MB | 10de      | 0          |
|     |                                  |        |     |            | 26b5      | c3c5dcf0.. |
|     |                                  |        |     |            | 37        |            |
|=============================================================================================|
| OS: 24.04.3 LTS (Noble Numbat) ubuntu, Version: 24.04.3, Kernel: 5.15.0-168-generic
| XServer Vendor: The X.Org Foundation, XServer Version: 12101011 (1.21.1.11)
| Processor: Intel(R) Xeon(R) Platinum 8358 CPU @ 2.60GHz
| Bare Metal Cores: 64 | Bare Metal Logical Cores: 128
| Core Usage Quota: 14
|---------------------------------------------------------------------------------------------|
| Total Memory (MB): 122880 | Free Memory: 119097
| Total Page/Swap (MB): 0 | Free Page/Swap: 0
|---------------------------------------------------------------------------------------------|
2026-08-17T21:13:16Z [4,668ms] [Warning] [gpu.foundation.plugin] ECC is enabled on physical device 0
