[INFO][AppLauncher]: Using device: cuda:0
[INFO][AppLauncher]: Loading experience file: /workspace/isaaclab/apps/isaaclab.python.headless.kit
[INFO]: Parsing configuration from: quadruped_arm.tasks.manager_based.maniploco.maniploco_env_cfg:ManipLocoEnvCfg
======Missing terms====== 
[]
 =======================
[INFO]: Parsing configuration from: quadruped_arm.tasks.manager_based.maniploco.agents.rsl_rl_ppo_cfg:ManiPLocoPPORunnerCfg
[INFO] Logging experiment in directory: /root/gpufree-data/tandem_hrl_620d798/logs/rsl_rl/maniploco
Exact experiment name requested from command line: 2026-08-17_21-36-42

[36m======================================================================================[0m
[36m[1m[INFO][IsaacLab]: Logging to file: /tmp/isaaclab/logs/isaaclab_2026-08-17_21-36-42.log[0m
[36m======================================================================================[0m

[33m21:36:42 [simulation_context.py] WARNING: The `enable_external_forces_every_iteration` parameter in the PhysxCfg is set to False. If you are experiencing noisy velocities, consider enabling this flag. You may need to slightly increase the number of velocity iterations (setting it to 1 or 2 rather than 0), together with this flag, to improve the accuracy of velocity updates.[0m
[INFO]: Base environment:
	Environment device    : cuda:0
	Environment seed      : 271828
	Physics step-size     : 0.008333333333333333
	Rendering step-size   : 0.03333333333333333
	Environment step-size : 0.03333333333333333
[33m21:36:42 [terrain_importer.py] WARNING: Visual material specified for ground plane but no diffuse color found. Using default color: (0.0, 0.0, 0.0)[0m
[INFO]: Time taken for scene creation : 3.057818 seconds
[INFO]: Scene manager:  <class InteractiveScene>
	Number of environments: 128
	Environment spacing   : 4.0
	Source prim name      : /World/envs/env_0
	Global prim paths     : ['/World/ground']
	Replicate physics     : True
[INFO]: Starting the simulation. This may take a few seconds. Please wait...
[INFO]: Time taken for simulation start : 1.257627 seconds
[33m21:36:47 [velocity_command.py] WARNING: The velocity command has the 'ranges.heading' attribute set to '(-3.141592653589793, 3.141592653589793)' but the heading command is not active. Consider setting the flag for the heading command to True.[0m
[INFO] Command Manager:  <CommandManager> contains 2 active terms.
+---------------------------------------------+
|             Active Command Terms            |
+-------+------------+------------------------+
| Index | Name       |          Type          |
+-------+------------+------------------------+
|   0   | locomotion | UniformVelocityCommand |
|   1   | ee_goal    | EeSphericalGoalCommand |
+-------+------------+------------------------+

[INFO] Event Manager:  <EventManager> contains 1 active terms.
+------------------------------------+
| Active Event Terms in Mode: 'reset' |
+-----------+------------------------+
|   Index   | Name                   |
+-----------+------------------------+
|     0     | reset_root             |
|     1     | reset_joints           |
|     2     | init_priv              |
|     3     | reset_rewards          |
+-----------+------------------------+

[INFO] Recorder Manager:  <RecorderManager> contains 0 active terms.
+---------------------+
| Active Recorder Terms |
+-----------+---------+
|   Index   | Name    |
+-----------+---------+
+-----------+---------+

[INFO] Action Manager:  <ActionManager> contains 3 active terms.
+------------------------------------+
|  Active Action Terms (shape: 16)   |
+--------+-------------+-------------+
| Index  | Name        |   Dimension |
+--------+-------------+-------------+
|   0    | leg_pos     |          12 |
|   1    | wheel_vel   |           4 |
|   2    | arm_ik      |           0 |
+--------+-------------+-------------+

[INFO] Observation Manager: <ObservationManager> contains 1 groups.
+--------------------------------------------------+
| Active Observation Terms in Group: 'policy' (shape: (876,)) |
+----------------+-------------+-------------------+
|     Index      | Name        |       Shape       |
+----------------+-------------+-------------------+
|       0        | obs         |       (876,)      |
+----------------+-------------+-------------------+

[INFO] Termination Manager:  <TerminationManager> contains 4 active terms.
+--------------------------------+
|    Active Termination Terms    |
+-------+-------------+----------+
| Index | Name        | Time Out |
+-------+-------------+----------+
|   0   | time_out    |   True   |
|   1   | bad_contact |  False   |
|   2   | tilt        |  False   |
|   3   | low_height  |  False   |
+-------+-------------+----------+

[INFO] Reward Manager:  <RewardManager> contains 42 active terms.
+---------------------------------------------------------+
|                   Active Reward Terms                   |
+-------+--------------------------+----------------------+
| Index | Name                     |               Weight |
+-------+--------------------------+----------------------+
|   0   | term_bad_contact         |              -3000.0 |
|   1   | term_tilt                |              -3000.0 |
|   2   | term_low_height          |              -3000.0 |
|   3   | leg_action_l2            |               -0.003 |
|   4   | tracking_lin_vel         |                  0.0 |
|   5   | tracking_lin_vel_x_exp   |   0.8999999999999999 |
|   6   | tracking_ang_vel_yaw_l1  |                  0.0 |
|   7   | tracking_ang_vel_yaw_exp |   0.8999999999999999 |
|   8   | tracking_lin_vel_y_l2    |                  0.0 |
|   9   | tracking_lin_vel_z_l2    |                  0.0 |
|   10  | survive                  |                  0.0 |
|   11  | foot_contacts_z          |                  0.0 |
|   12  | torques                  |             -7.5e-06 |
|   13  | tracking_lin_vel_y       |                  0.0 |
|   14  | lin_vel_z                | -0.44999999999999996 |
|   15  | ang_vel_xy               |                -0.06 |
|   16  | tracking_ang_vel         |                0.075 |
|   17  | work                     |              -0.0009 |
|   18  | dof_acc                  |            -2.25e-07 |
|   19  | action_rate              |              -0.0045 |
|   20  | dof_pos_limits           |                 -3.0 |
|   21  | delta_torques            |               -3e-08 |
|   22  | collision                |                 -3.0 |
|   23  | walking_dof              |                 0.15 |
|   24  | hip_pos                  |                -0.06 |
|   25  | feet_jerk                |               -6e-05 |
|   26  | alive                    |                  0.3 |
|   27  | feet_drag                |               -0.024 |
|   28  | feet_contact_forces      |              -0.0003 |
|   29  | roll                     |                 -0.3 |
|   30  | base_height              |                 -1.5 |
|   31  | tracking_lin_vel_max     |                  0.3 |
|   32  | flat_orientation_l2      |                -0.15 |
|   33  | air_time_variance        | -0.44999999999999996 |
|   34  | feet_height              |                  0.0 |
|   35  | feet_air_time            |                0.015 |
|   36  | update_last_buffers      |                  0.0 |
|   37  | wheel_idle_speed         |              -0.0009 |
|   38  | wheel_action_l2          |              -0.0003 |
|   39  | wheel_action_rate        |              -0.0006 |
|   40  | wheel_forward_use        |                 0.18 |
|   41  | wheel_turn_support       |                0.135 |
+-------+--------------------------+----------------------+

[INFO] Curriculum Manager:  <CurriculumManager> contains 0 active terms.
+----------------------+
| Active Curriculum Terms |
+-----------+----------+
|   Index   | Name     |
+-----------+----------+
+-----------+----------+

[INFO]: Completed setting up the environment...
--------------------------------------------------------------------------------
Resolved observation sets: 
	 policy :  ['policy']
	 critic :  ['policy']
--------------------------------------------------------------------------------
Actor MLP: MLP(
  (0): Linear(in_features=876, out_features=256, bias=True)
  (1): ELU(alpha=1.0)
  (2): Linear(in_features=256, out_features=128, bias=True)
  (3): ELU(alpha=1.0)
  (4): Linear(in_features=128, out_features=16, bias=True)
)
Critic MLP: MLP(
  (0): Linear(in_features=876, out_features=256, bias=True)
  (1): ELU(alpha=1.0)
  (2): Linear(in_features=256, out_features=128, bias=True)
  (3): ELU(alpha=1.0)
  (4): Linear(in_features=128, out_features=1, bias=True)
)
[INFO]: Loading model checkpoint from: /root/gpufree-data/zyb_v0_lower_init_zero_wheel.pt
[INFO] Action exploration std fixed to: 0.080000
[INFO] Leg action exploration std set to: 0.060000
[INFO] Wheel action exploration std fixed to: 0.050000
################################################################################
                     [1m Learning iteration 1122/1172 [0m                     

                       Computation: 611 steps/s (collection: 4.887s, learning 0.139s)
             Mean action noise std: 0.06
          Mean value_function loss: 3489.2704
               Mean surrogate loss: 0.0811
                 Mean entropy loss: -23.0408
                       Mean reward: -71.87
               Mean episode length: 13.32
   Episode_Reward/term_bad_contact: 0.0000
          Episode_Reward/term_tilt: -4.3056
    Episode_Reward/term_low_height: 0.0000
      Episode_Reward/leg_action_l2: -0.0039
   Episode_Reward/tracking_lin_vel: 0.0000
Episode_Reward/tracking_lin_vel_x_exp: 0.0083
Episode_Reward/tracking_ang_vel_yaw_l1: 0.0000
Episode_Reward/tracking_ang_vel_yaw_exp: 0.0062
Episode_Reward/tracking_lin_vel_y_l2: 0.0000
Episode_Reward/tracking_lin_vel_z_l2: 0.0000
            Episode_Reward/survive: 0.0000
    Episode_Reward/foot_contacts_z: 0.0000
            Episode_Reward/torques: -0.0152
 Episode_Reward/tracking_lin_vel_y: 0.0000
          Episode_Reward/lin_vel_z: -0.0018
         Episode_Reward/ang_vel_xy: -0.0093
   Episode_Reward/tracking_ang_vel: 0.0010
               Episode_Reward/work: -0.3262
            Episode_Reward/dof_acc: -0.5771
        Episode_Reward/action_rate: -0.0038
     Episode_Reward/dof_pos_limits: -0.0000
      Episode_Reward/delta_torques: -0.0001
          Episode_Reward/collision: -0.1688
        Episode_Reward/walking_dof: 0.0038
            Episode_Reward/hip_pos: -0.0018
          Episode_Reward/feet_jerk: 0.0000
              Episode_Reward/alive: 0.0120
          Episode_Reward/feet_drag: -0.0017
Episode_Reward/feet_contact_forces: -0.0080
               Episode_Reward/roll: -0.0011
        Episode_Reward/base_height: -0.0034
Episode_Reward/tracking_lin_vel_max: 0.0017
Episode_Reward/flat_orientation_l2: -0.0007
  Episode_Reward/air_time_variance: -0.0001
        Episode_Reward/feet_height: 0.0000
      Episode_Reward/feet_air_time: -0.0000
Episode_Reward/update_last_buffers: 0.0000
   Episode_Reward/wheel_idle_speed: -0.3936
    Episode_Reward/wheel_action_l2: -0.0000
  Episode_Reward/wheel_action_rate: 0.0000
  Episode_Reward/wheel_forward_use: 0.0003
 Episode_Reward/wheel_turn_support: 0.0001
   Metrics/locomotion/error_vel_xy: 0.0280
  Metrics/locomotion/error_vel_yaw: 0.0483
      Episode_Termination/time_out: 0.0459
   Episode_Termination/bad_contact: 0.0000
          Episode_Termination/tilt: 0.0492
    Episode_Termination/low_height: 0.0000
--------------------------------------------------------------------------------
                   Total timesteps: 3072
                    Iteration time: 5.03s
                      Time elapsed: 00:00:05
                               ETA: 00:04:11

Could not find git repository in /workspace/isaaclab/_isaac_sim/kit/python/lib/python3.11/site-packages/rsl_rl/__init__.py. Skipping.
Could not find git repository in /root/gpufree-data/tandem_hrl_620d798/scripts/rsl_rl/train.py. Skipping.
################################################################################
                     [1m Learning iteration 1123/1172 [0m                     

                       Computation: 923 steps/s (collection: 3.238s, learning 0.086s)
             Mean action noise std: 0.06
          Mean value_function loss: 48.0510
               Mean surrogate loss: 0.0647
                 Mean entropy loss: -23.0408
                       Mean reward: -78.56
               Mean episode length: 22.07
   Episode_Reward/term_bad_contact: 0.0000
          Episode_Reward/term_tilt: -2.5694
    Episode_Reward/term_low_height: -5.0000
      Episode_Reward/leg_action_l2: -0.0077
   Episode_Reward/tracking_lin_vel: 0.0000
Episode_Reward/tracking_lin_vel_x_exp: 0.0474
Episode_Reward/tracking_ang_vel_yaw_l1: 0.0000
Episode_Reward/tracking_ang_vel_yaw_exp: 0.0224
Episode_Reward/tracking_lin_vel_y_l2: 0.0000
Episode_Reward/tracking_lin_vel_z_l2: 0.0000
            Episode_Reward/survive: 0.0000
    Episode_Reward/foot_contacts_z: 0.0000
            Episode_Reward/torques: -0.0376
 Episode_Reward/tracking_lin_vel_y: 0.0000
          Episode_Reward/lin_vel_z: -0.0056
         Episode_Reward/ang_vel_xy: -0.0168
   Episode_Reward/tracking_ang_vel: 0.0038
               Episode_Reward/work: -0.5152
            Episode_Reward/dof_acc: -0.9375
        Episode_Reward/action_rate: -0.0079
     Episode_Reward/dof_pos_limits: -0.0001
      Episode_Reward/delta_torques: -0.0001
          Episode_Reward/collision: -0.6041
        Episode_Reward/walking_dof: 0.0095
            Episode_Reward/hip_pos: -0.0060
          Episode_Reward/feet_jerk: 0.0000
              Episode_Reward/alive: 0.0356
          Episode_Reward/feet_drag: -0.0037
Episode_Reward/feet_contact_forces: -0.0245
               Episode_Reward/roll: -0.0039
        Episode_Reward/base_height: -0.0214
Episode_Reward/tracking_lin_vel_max: 0.0198
Episode_Reward/flat_orientation_l2: -0.0019
  Episode_Reward/air_time_variance: -0.0003
        Episode_Reward/feet_height: 0.0000
      Episode_Reward/feet_air_time: -0.0000
Episode_Reward/update_last_buffers: 0.0000
   Episode_Reward/wheel_idle_speed: -1.5469
    Episode_Reward/wheel_action_l2: -0.0000
  Episode_Reward/wheel_action_rate: 0.0000
  Episode_Reward/wheel_forward_use: 0.0010
 Episode_Reward/wheel_turn_support: 0.0012
   Metrics/locomotion/error_vel_xy: 0.0577
  Metrics/locomotion/error_vel_yaw: 0.1249
      Episode_Termination/time_out: 0.1507
   Episode_Termination/bad_contact: 0.0000
          Episode_Termination/tilt: 0.1400
    Episode_Termination/low_height: 0.0000
--------------------------------------------------------------------------------
                   Total timesteps: 6144
                    Iteration time: 3.32s
                      Time elapsed: 00:00:08
                               ETA: 00:03:24

################################################################################
                     [1m Learning iteration 1124/1172 [0m                     

                       Computation: 913 steps/s (collection: 3.280s, learning 0.085s)
             Mean action noise std: 0.06
          Mean value_function loss: 39.2169
               Mean surrogate loss: 0.0281
                 Mean entropy loss: -23.0408
                       Mean reward: -70.44
               Mean episode length: 28.25
   Episode_Reward/term_bad_contact: 0.0000
          Episode_Reward/term_tilt: 0.0000
    Episode_Reward/term_low_height: 0.0000
      Episode_Reward/leg_action_l2: -0.0107
   Episode_Reward/tracking_lin_vel: 0.0000
Episode_Reward/tracking_lin_vel_x_exp: 0.0593
Episode_Reward/tracking_ang_vel_yaw_l1: 0.0000
Episode_Reward/tracking_ang_vel_yaw_exp: 0.0564
Episode_Reward/tracking_lin_vel_y_l2: 0.0000
Episode_Reward/tracking_lin_vel_z_l2: 0.0000
            Episode_Reward/survive: 0.0000
    Episode_Reward/foot_contacts_z: 0.0000
            Episode_Reward/torques: -0.0458
 Episode_Reward/tracking_lin_vel_y: 0.0000
          Episode_Reward/lin_vel_z: -0.0022
         Episode_Reward/ang_vel_xy: -0.0140
   Episode_Reward/tracking_ang_vel: 0.0081
               Episode_Reward/work: -0.4083
            Episode_Reward/dof_acc: -0.6572
        Episode_Reward/action_rate: -0.0099
     Episode_Reward/dof_pos_limits: -0.0001
      Episode_Reward/delta_torques: -0.0001
          Episode_Reward/collision: -1.0832
        Episode_Reward/walking_dof: 0.0189
            Episode_Reward/hip_pos: -0.0097
          Episode_Reward/feet_jerk: 0.0000
              Episode_Reward/alive: 0.0579
          Episode_Reward/feet_drag: -0.0039
Episode_Reward/feet_contact_forces: -0.0386
               Episode_Reward/roll: -0.0092
        Episode_Reward/base_height: -0.0363
Episode_Reward/tracking_lin_vel_max: 0.0162
Episode_Reward/flat_orientation_l2: -0.0035
  Episode_Reward/air_time_variance: -0.0003
        Episode_Reward/feet_height: 0.0000
      Episode_Reward/feet_air_time: -0.0000
Episode_Reward/update_last_buffers: 0.0000
   Episode_Reward/wheel_idle_speed: -1.0355
    Episode_Reward/wheel_action_l2: -0.0000
  Episode_Reward/wheel_action_rate: 0.0000
  Episode_Reward/wheel_forward_use: 0.0065
 Episode_Reward/wheel_turn_support: 0.0018
   Metrics/locomotion/error_vel_xy: 0.1099
  Metrics/locomotion/error_vel_yaw: 0.1340
      Episode_Termination/time_out: 0.2380
   Episode_Termination/bad_contact: 0.0000
          Episode_Termination/tilt: 0.1484
    Episode_Termination/low_height: 0.0000
--------------------------------------------------------------------------------
                   Total timesteps: 9216
                    Iteration time: 3.36s
                      Time elapsed: 00:00:11
                               ETA: 00:03:07

################################################################################
                     [1m Learning iteration 1125/1172 [0m                     

                       Computation: 878 steps/s (collection: 3.411s, learning 0.088s)
             Mean action noise std: 0.06
          Mean value_function loss: 0.4071
               Mean surrogate loss: 0.0873
                 Mean entropy loss: -23.0408
                       Mean reward: -67.21
               Mean episode length: 37.47
   Episode_Reward/term_bad_contact: 0.0000
          Episode_Reward/term_tilt: 0.0000
    Episode_Reward/term_low_height: -2.5000
      Episode_Reward/leg_action_l2: -0.0128
   Episode_Reward/tracking_lin_vel: 0.0000
Episode_Reward/tracking_lin_vel_x_exp: 0.0861
Episode_Reward/tracking_ang_vel_yaw_l1: 0.0000
Episode_Reward/tracking_ang_vel_yaw_exp: 0.0613
Episode_Reward/tracking_lin_vel_y_l2: 0.0000
Episode_Reward/tracking_lin_vel_z_l2: 0.0000
            Episode_Reward/survive: 0.0000
    Episode_Reward/foot_contacts_z: 0.0000
            Episode_Reward/torques: -0.0587
 Episode_Reward/tracking_lin_vel_y: 0.0000
          Episode_Reward/lin_vel_z: -0.0051
         Episode_Reward/ang_vel_xy: -0.0088
   Episode_Reward/tracking_ang_vel: 0.0112
               Episode_Reward/work: -0.3654
            Episode_Reward/dof_acc: -0.5861
        Episode_Reward/action_rate: -0.0101
     Episode_Reward/dof_pos_limits: -0.0001
      Episode_Reward/delta_torques: -0.0001
          Episode_Reward/collision: -1.6085
        Episode_Reward/walking_dof: 0.0281
            Episode_Reward/hip_pos: -0.0146
          Episode_Reward/feet_jerk: 0.0000
              Episode_Reward/alive: 0.0830
          Episode_Reward/feet_drag: -0.0051
Episode_Reward/feet_contact_forces: -0.0554
               Episode_Reward/roll: -0.0083
        Episode_Reward/base_height: -0.0613
Episode_Reward/tracking_lin_vel_max: 0.0284
Episode_Reward/flat_orientation_l2: -0.0027
  Episode_Reward/air_time_variance: -0.0008
        Episode_Reward/feet_height: 0.0000
      Episode_Reward/feet_air_time: -0.0000
Episode_Reward/update_last_buffers: 0.0000
   Episode_Reward/wheel_idle_speed: -0.5170
    Episode_Reward/wheel_action_l2: -0.0000
  Episode_Reward/wheel_action_rate: 0.0000
  Episode_Reward/wheel_forward_use: 0.0040
 Episode_Reward/wheel_turn_support: 0.0073
   Metrics/locomotion/error_vel_xy: 0.1345
  Metrics/locomotion/error_vel_yaw: 0.1807
      Episode_Termination/time_out: 0.3197
   Episode_Termination/bad_contact: 0.0000
          Episode_Termination/tilt: 0.1484
    Episode_Termination/low_height: 0.0000
--------------------------------------------------------------------------------
                   Total timesteps: 12288
                    Iteration time: 3.50s
                      Time elapsed: 00:00:15
                               ETA: 00:02:58

################################################################################
                     [1m Learning iteration 1126/1172 [0m                     

                       Computation: 895 steps/s (collection: 3.348s, learning 0.083s)
             Mean action noise std: 0.06
          Mean value_function loss: 0.8382
               Mean surrogate loss: 0.0801
                 Mean entropy loss: -23.0408
                       Mean reward: -63.80
               Mean episode length: 44.30
   Episode_Reward/term_bad_contact: 0.0000
          Episode_Reward/term_tilt: 0.0000
    Episode_Reward/term_low_height: 0.0000
      Episode_Reward/leg_action_l2: -0.0177
   Episode_Reward/tracking_lin_vel: 0.0000
Episode_Reward/tracking_lin_vel_x_exp: 0.0854
Episode_Reward/tracking_ang_vel_yaw_l1: 0.0000
Episode_Reward/tracking_ang_vel_yaw_exp: 0.1069
Episode_Reward/tracking_lin_vel_y_l2: 0.0000
Episode_Reward/tracking_lin_vel_z_l2: 0.0000
            Episode_Reward/survive: 0.0000
    Episode_Reward/foot_contacts_z: 0.0000
            Episode_Reward/torques: -0.0820
 Episode_Reward/tracking_lin_vel_y: 0.0000
          Episode_Reward/lin_vel_z: -0.0054
         Episode_Reward/ang_vel_xy: -0.0114
   Episode_Reward/tracking_ang_vel: 0.0160
               Episode_Reward/work: -0.3886
            Episode_Reward/dof_acc: -0.6046
        Episode_Reward/action_rate: -0.0131
     Episode_Reward/dof_pos_limits: -0.0001
      Episode_Reward/delta_torques: -0.0002
          Episode_Reward/collision: -2.0383
        Episode_Reward/walking_dof: 0.0384
            Episode_Reward/hip_pos: -0.0196
          Episode_Reward/feet_jerk: 0.0000
              Episode_Reward/alive: 0.1057
          Episode_Reward/feet_drag: -0.0051
Episode_Reward/feet_contact_forces: -0.0702
               Episode_Reward/roll: -0.0097
        Episode_Reward/base_height: -0.0650
Episode_Reward/tracking_lin_vel_max: 0.0197
Episode_Reward/flat_orientation_l2: -0.0041
  Episode_Reward/air_time_variance: -0.0014
        Episode_Reward/feet_height: 0.0000
      Episode_Reward/feet_air_time: -0.0000
Episode_Reward/update_last_buffers: 0.0000
   Episode_Reward/wheel_idle_speed: -0.1734
    Episode_Reward/wheel_action_l2: -0.0000
  Episode_Reward/wheel_action_rate: 0.0000
  Episode_Reward/wheel_forward_use: 0.0119
 Episode_Reward/wheel_turn_support: 0.0080
   Metrics/locomotion/error_vel_xy: 0.1920
  Metrics/locomotion/error_vel_yaw: 0.2078
      Episode_Termination/time_out: 0.3841
   Episode_Termination/bad_contact: 0.0000
          Episode_Termination/tilt: 0.1484
    Episode_Termination/low_height: 0.0000
--------------------------------------------------------------------------------
                   Total timesteps: 15360
                    Iteration time: 3.43s
                      Time elapsed: 00:00:18
                               ETA: 00:02:51

################################################################################
                     [1m Learning iteration 1127/1172 [0m                     

                       Computation: 898 steps/s (collection: 3.336s, learning 0.083s)
             Mean action noise std: 0.06
          Mean value_function loss: 0.5510
               Mean surrogate loss: 0.0556
                 Mean entropy loss: -23.0408
                       Mean reward: -61.88
               Mean episode length: 54.64
   Episode_Reward/term_bad_contact: 0.0000
          Episode_Reward/term_tilt: 0.0000
    Episode_Reward/term_low_height: 0.0000
      Episode_Reward/leg_action_l2: -0.0234
   Episode_Reward/tracking_lin_vel: 0.0000
Episode_Reward/tracking_lin_vel_x_exp: 0.1444
Episode_Reward/tracking_ang_vel_yaw_l1: 0.0000
Episode_Reward/tracking_ang_vel_yaw_exp: 0.0493
Episode_Reward/tracking_lin_vel_y_l2: 0.0000
Episode_Reward/tracking_lin_vel_z_l2: 0.0000
            Episode_Reward/survive: 0.0000
    Episode_Reward/foot_contacts_z: 0.0000
            Episode_Reward/torques: -0.0935
 Episode_Reward/tracking_lin_vel_y: 0.0000
          Episode_Reward/lin_vel_z: -0.0049
         Episode_Reward/ang_vel_xy: -0.0075
   Episode_Reward/tracking_ang_vel: 0.0109
               Episode_Reward/work: -0.3194
            Episode_Reward/dof_acc: -0.5046
        Episode_Reward/action_rate: -0.0157
     Episode_Reward/dof_pos_limits: -0.0002
      Episode_Reward/delta_torques: -0.0002
          Episode_Reward/collision: -2.7312
        Episode_Reward/walking_dof: 0.0469
            Episode_Reward/hip_pos: -0.0230
          Episode_Reward/feet_jerk: 0.0000
              Episode_Reward/alive: 0.1300
          Episode_Reward/feet_drag: -0.0059
Episode_Reward/feet_contact_forces: -0.0861
               Episode_Reward/roll: -0.0092
        Episode_Reward/base_height: -0.0878
Episode_Reward/tracking_lin_vel_max: 0.0502
Episode_Reward/flat_orientation_l2: -0.0035
  Episode_Reward/air_time_variance: -0.0012
        Episode_Reward/feet_height: 0.0000
      Episode_Reward/feet_air_time: -0.0000
Episode_Reward/update_last_buffers: 0.0000
   Episode_Reward/wheel_idle_speed: -0.4633
    Episode_Reward/wheel_action_l2: -0.0000
  Episode_Reward/wheel_action_rate: 0.0000
  Episode_Reward/wheel_forward_use: 0.0006
 Episode_Reward/wheel_turn_support: 0.0183
   Metrics/locomotion/error_vel_xy: 0.1956
  Metrics/locomotion/error_vel_yaw: 0.3707
      Episode_Termination/time_out: 0.4320
   Episode_Termination/bad_contact: 0.0000
          Episode_Termination/tilt: 0.1484
    Episode_Termination/low_height: 0.0000
--------------------------------------------------------------------------------
                   Total timesteps: 18432
                    Iteration time: 3.42s
                      Time elapsed: 00:00:22
                               ETA: 00:02:45

################################################################################
                     [1m Learning iteration 1128/1172 [0m                     

                       Computation: 897 steps/s (collection: 3.328s, learning 0.096s)
             Mean action noise std: 0.06
          Mean value_function loss: 0.5480
               Mean surrogate loss: 0.0402
                 Mean entropy loss: -23.0408
                       Mean reward: -61.63
               Mean episode length: 60.48
   Episode_Reward/term_bad_contact: 0.0000
          Episode_Reward/term_tilt: 0.0000
    Episode_Reward/term_low_height: 0.0000
      Episode_Reward/leg_action_l2: -0.0219
   Episode_Reward/tracking_lin_vel: 0.0000
Episode_Reward/tracking_lin_vel_x_exp: 0.2276
Episode_Reward/tracking_ang_vel_yaw_l1: 0.0000
Episode_Reward/tracking_ang_vel_yaw_exp: 0.1451
Episode_Reward/tracking_lin_vel_y_l2: 0.0000
Episode_Reward/tracking_lin_vel_z_l2: 0.0000
            Episode_Reward/survive: 0.0000
    Episode_Reward/foot_contacts_z: 0.0000
            Episode_Reward/torques: -0.1023
 Episode_Reward/tracking_lin_vel_y: 0.0000
          Episode_Reward/lin_vel_z: -0.0031
         Episode_Reward/ang_vel_xy: -0.0101
   Episode_Reward/tracking_ang_vel: 0.0232
               Episode_Reward/work: -0.2747
            Episode_Reward/dof_acc: -0.3793
        Episode_Reward/action_rate: -0.0141
     Episode_Reward/dof_pos_limits: -0.0002
      Episode_Reward/delta_torques: -0.0002
          Episode_Reward/collision: -3.0200
        Episode_Reward/walking_dof: 0.0235
            Episode_Reward/hip_pos: -0.0273
          Episode_Reward/feet_jerk: 0.0000
              Episode_Reward/alive: 0.1540
          Episode_Reward/feet_drag: -0.0063
Episode_Reward/feet_contact_forces: -0.1024
               Episode_Reward/roll: -0.0127
        Episode_Reward/base_height: -0.1158
Episode_Reward/tracking_lin_vel_max: 0.0884
Episode_Reward/flat_orientation_l2: -0.0042
  Episode_Reward/air_time_variance: -0.0024
        Episode_Reward/feet_height: 0.0000
      Episode_Reward/feet_air_time: -0.0000
Episode_Reward/update_last_buffers: 0.0000
   Episode_Reward/wheel_idle_speed: -2.4313
    Episode_Reward/wheel_action_l2: -0.0000
  Episode_Reward/wheel_action_rate: 0.0000
  Episode_Reward/wheel_forward_use: 0.0000
 Episode_Reward/wheel_turn_support: 0.0117
   Metrics/locomotion/error_vel_xy: 0.1713
  Metrics/locomotion/error_vel_yaw: 0.2789
      Episode_Termination/time_out: 0.5010
   Episode_Termination/bad_contact: 0.0000
          Episode_Termination/tilt: 0.1484
    Episode_Termination/low_height: 0.0000
--------------------------------------------------------------------------------
                   Total timesteps: 21504
                    Iteration time: 3.42s
                      Time elapsed: 00:00:25
                               ETA: 00:02:40

################################################################################
                     [1m Learning iteration 1129/1172 [0m                     

                       Computation: 874 steps/s (collection: 3.414s, learning 0.098s)
             Mean action noise std: 0.06
          Mean value_function loss: 2.2541
               Mean surrogate loss: 0.0163
                 Mean entropy loss: -23.0408
                       Mean reward: -60.73
               Mean episode length: 73.12
   Episode_Reward/term_bad_contact: 0.0000
          Episode_Reward/term_tilt: 0.0000
    Episode_Reward/term_low_height: 0.0000
      Episode_Reward/leg_action_l2: -0.0263
   Episode_Reward/tracking_lin_vel: 0.0000
Episode_Reward/tracking_lin_vel_x_exp: 0.1947
Episode_Reward/tracking_ang_vel_yaw_l1: 0.0000
Episode_Reward/tracking_ang_vel_yaw_exp: 0.2234
Episode_Reward/tracking_lin_vel_y_l2: 0.0000
Episode_Reward/tracking_lin_vel_z_l2: 0.0000
            Episode_Reward/survive: 0.0000
    Episode_Reward/foot_contacts_z: 0.0000
            Episode_Reward/torques: -0.1211
 Episode_Reward/tracking_lin_vel_y: 0.0000
          Episode_Reward/lin_vel_z: -0.0049
         Episode_Reward/ang_vel_xy: -0.0117
   Episode_Reward/tracking_ang_vel: 0.0327
               Episode_Reward/work: -0.3915
            Episode_Reward/dof_acc: -0.7026
        Episode_Reward/action_rate: -0.0162
     Episode_Reward/dof_pos_limits: -0.0002
      Episode_Reward/delta_torques: -0.0002
          Episode_Reward/collision: -3.5863
        Episode_Reward/walking_dof: 0.0456
            Episode_Reward/hip_pos: -0.0327
          Episode_Reward/feet_jerk: 0.0000
              Episode_Reward/alive: 0.1790
          Episode_Reward/feet_drag: -0.0069
Episode_Reward/feet_contact_forces: -0.1182
               Episode_Reward/roll: -0.0166
        Episode_Reward/base_height: -0.1430
Episode_Reward/tracking_lin_vel_max: 0.0637
Episode_Reward/flat_orientation_l2: -0.0049
  Episode_Reward/air_time_variance: -0.0024
        Episode_Reward/feet_height: 0.0000
      Episode_Reward/feet_air_time: -0.0000
Episode_Reward/update_last_buffers: 0.0000
   Episode_Reward/wheel_idle_speed: -1.2744
    Episode_Reward/wheel_action_l2: -0.0000
  Episode_Reward/wheel_action_rate: 0.0000
  Episode_Reward/wheel_forward_use: 0.0267
 Episode_Reward/wheel_turn_support: 0.0049
   Metrics/locomotion/error_vel_xy: 0.2610
  Metrics/locomotion/error_vel_yaw: 0.2502
      Episode_Termination/time_out: 0.5563
   Episode_Termination/bad_contact: 0.0000
          Episode_Termination/tilt: 0.1484
    Episode_Termination/low_height: 0.0000
--------------------------------------------------------------------------------
                   Total timesteps: 24576
                    Iteration time: 3.51s
                      Time elapsed: 00:00:28
                               ETA: 00:02:35

################################################################################
                     [1m Learning iteration 1130/1172 [0m                     

                       Computation: 877 steps/s (collection: 3.401s, learning 0.099s)
             Mean action noise std: 0.06
          Mean value_function loss: 0.5083
               Mean surrogate loss: 0.0330
                 Mean entropy loss: -23.0408
                       Mean reward: -60.79
               Mean episode length: 85.88
   Episode_Reward/term_bad_contact: 0.0000
          Episode_Reward/term_tilt: 0.0000
    Episode_Reward/term_low_height: 0.0000
      Episode_Reward/leg_action_l2: -0.0306
   Episode_Reward/tracking_lin_vel: 0.0000
Episode_Reward/tracking_lin_vel_x_exp: 0.1853
Episode_Reward/tracking_ang_vel_yaw_l1: 0.0000
Episode_Reward/tracking_ang_vel_yaw_exp: 0.1296
Episode_Reward/tracking_lin_vel_y_l2: 0.0000
Episode_Reward/tracking_lin_vel_z_l2: 0.0000
            Episode_Reward/survive: 0.0000
    Episode_Reward/foot_contacts_z: 0.0000
            Episode_Reward/torques: -0.1450
 Episode_Reward/tracking_lin_vel_y: 0.0000
          Episode_Reward/lin_vel_z: -0.0041
         Episode_Reward/ang_vel_xy: -0.0141
   Episode_Reward/tracking_ang_vel: 0.0227
               Episode_Reward/work: -0.3764
            Episode_Reward/dof_acc: -0.6505
        Episode_Reward/action_rate: -0.0181
     Episode_Reward/dof_pos_limits: -0.0002
      Episode_Reward/delta_torques: -0.0002
          Episode_Reward/collision: -4.0525
        Episode_Reward/walking_dof: 0.0691
            Episode_Reward/hip_pos: -0.0367
          Episode_Reward/feet_jerk: 0.0000
              Episode_Reward/alive: 0.2032
          Episode_Reward/feet_drag: -0.0077
Episode_Reward/feet_contact_forces: -0.1345
               Episode_Reward/roll: -0.0145
        Episode_Reward/base_height: -0.1630
Episode_Reward/tracking_lin_vel_max: 0.0564
Episode_Reward/flat_orientation_l2: -0.0054
  Episode_Reward/air_time_variance: -0.0006
        Episode_Reward/feet_height: 0.0000
      Episode_Reward/feet_air_time: -0.0001
Episode_Reward/update_last_buffers: 0.0000
   Episode_Reward/wheel_idle_speed: -0.0989
    Episode_Reward/wheel_action_l2: -0.0000
  Episode_Reward/wheel_action_rate: 0.0000
  Episode_Reward/wheel_forward_use: 0.0107
 Episode_Reward/wheel_turn_support: 0.0202
   Metrics/locomotion/error_vel_xy: 0.3639
  Metrics/locomotion/error_vel_yaw: 0.5042
      Episode_Termination/time_out: 0.6198
   Episode_Termination/bad_contact: 0.0000
          Episode_Termination/tilt: 0.1484
    Episode_Termination/low_height: 0.0000
--------------------------------------------------------------------------------
                   Total timesteps: 27648
                    Iteration time: 3.50s
                      Time elapsed: 00:00:32
                               ETA: 00:02:31

################################################################################
                     [1m Learning iteration 1131/1172 [0m                     

                       Computation: 915 steps/s (collection: 3.273s, learning 0.083s)
             Mean action noise std: 0.06
          Mean value_function loss: 2.5275
               Mean surrogate loss: 0.0287
                 Mean entropy loss: -23.0408
                       Mean reward: -60.02
               Mean episode length: 92.26
   Episode_Reward/term_bad_contact: 0.0000
          Episode_Reward/term_tilt: 0.0000
    Episode_Reward/term_low_height: 0.0000
      Episode_Reward/leg_action_l2: -0.0358
   Episode_Reward/tracking_lin_vel: 0.0000
Episode_Reward/tracking_lin_vel_x_exp: 0.1521
Episode_Reward/tracking_ang_vel_yaw_l1: 0.0000
Episode_Reward/tracking_ang_vel_yaw_exp: 0.1323
Episode_Reward/tracking_lin_vel_y_l2: 0.0000
Episode_Reward/tracking_lin_vel_z_l2: 0.0000
            Episode_Reward/survive: 0.0000
    Episode_Reward/foot_contacts_z: 0.0000
            Episode_Reward/torques: -0.1570
 Episode_Reward/tracking_lin_vel_y: 0.0000
          Episode_Reward/lin_vel_z: -0.0032
         Episode_Reward/ang_vel_xy: -0.0119
   Episode_Reward/tracking_ang_vel: 0.0267
               Episode_Reward/work: -0.3306
            Episode_Reward/dof_acc: -0.5122
        Episode_Reward/action_rate: -0.0215
     Episode_Reward/dof_pos_limits: -0.0002
      Episode_Reward/delta_torques: -0.0003
          Episode_Reward/collision: -4.4167
        Episode_Reward/walking_dof: 0.0806
            Episode_Reward/hip_pos: -0.0397
          Episode_Reward/feet_jerk: 0.0000
              Episode_Reward/alive: 0.2238
          Episode_Reward/feet_drag: -0.0074
Episode_Reward/feet_contact_forces: -0.1461
               Episode_Reward/roll: -0.0247
        Episode_Reward/base_height: -0.1512
Episode_Reward/tracking_lin_vel_max: 0.0134
Episode_Reward/flat_orientation_l2: -0.0103
  Episode_Reward/air_time_variance: -0.0005
        Episode_Reward/feet_height: 0.0000
      Episode_Reward/feet_air_time: -0.0000
Episode_Reward/update_last_buffers: 0.0000
   Episode_Reward/wheel_idle_speed: -0.0003
    Episode_Reward/wheel_action_l2: -0.0000
  Episode_Reward/wheel_action_rate: 0.0000
  Episode_Reward/wheel_forward_use: 0.0067
 Episode_Reward/wheel_turn_support: 0.0259
   Metrics/locomotion/error_vel_xy: 0.4340
  Metrics/locomotion/error_vel_yaw: 0.5137
      Episode_Termination/time_out: 0.6751
   Episode_Termination/bad_contact: 0.0000
          Episode_Termination/tilt: 0.1484
    Episode_Termination/low_height: 0.0000
--------------------------------------------------------------------------------
                   Total timesteps: 30720
                    Iteration time: 3.36s
                      Time elapsed: 00:00:35
                               ETA: 00:02:27
