[INFO][AppLauncher]: Using device: cuda:0
[INFO][AppLauncher]: Loading experience file: /workspace/isaaclab/apps/isaaclab.python.headless.kit
[INFO]: Parsing configuration from: quadruped_arm.tasks.manager_based.maniploco.maniploco_env_cfg:ManipLocoEnvCfg
======Missing terms====== 
[]
 =======================
[INFO]: Parsing configuration from: quadruped_arm.tasks.manager_based.maniploco.agents.rsl_rl_ppo_cfg:ManiPLocoPPORunnerCfg
[INFO] Logging experiment in directory: /root/gpufree-data/tandem_hrl_620d798/logs/rsl_rl/maniploco
Exact experiment name requested from command line: 2026-08-17_21-33-44

[36m======================================================================================[0m
[36m[1m[INFO][IsaacLab]: Logging to file: /tmp/isaaclab/logs/isaaclab_2026-08-17_21-33-44.log[0m
[36m======================================================================================[0m

[33m21:33:45 [simulation_context.py] WARNING: The `enable_external_forces_every_iteration` parameter in the PhysxCfg is set to False. If you are experiencing noisy velocities, consider enabling this flag. You may need to slightly increase the number of velocity iterations (setting it to 1 or 2 rather than 0), together with this flag, to improve the accuracy of velocity updates.[0m
[INFO]: Base environment:
	Environment device    : cuda:0
	Environment seed      : 271828
	Physics step-size     : 0.008333333333333333
	Rendering step-size   : 0.03333333333333333
	Environment step-size : 0.03333333333333333
[33m21:33:45 [terrain_importer.py] WARNING: Visual material specified for ground plane but no diffuse color found. Using default color: (0.0, 0.0, 0.0)[0m
[INFO]: Time taken for scene creation : 10.711477 seconds
[INFO]: Scene manager:  <class InteractiveScene>
	Number of environments: 128
	Environment spacing   : 4.0
	Source prim name      : /World/envs/env_0
	Global prim paths     : ['/World/ground']
	Replicate physics     : True
[INFO]: Starting the simulation. This may take a few seconds. Please wait...
[INFO]: Time taken for simulation start : 1.256402 seconds
[33m21:34:00 [velocity_command.py] WARNING: The velocity command has the 'ranges.heading' attribute set to '(-3.141592653589793, 3.141592653589793)' but the heading command is not active. Consider setting the flag for the heading command to True.[0m
[INFO] Command Manager:  <CommandManager> contains 2 active terms.
+---------------------------------------------+
|             Active Command Terms            |
+-------+------------+------------------------+
| Index | Name       |          Type          |
+-------+------------+------------------------+
|   0   | locomotion | UniformVelocityCommand |
|   1   | ee_goal    | EeSphericalGoalCommand |
+-------+------------+------------------------+

[INFO] Event Manager:  <EventManager> contains 1 active terms.
+------------------------------------+
| Active Event Terms in Mode: 'reset' |
+-----------+------------------------+
|   Index   | Name                   |
+-----------+------------------------+
|     0     | reset_root             |
|     1     | reset_joints           |
|     2     | init_priv              |
|     3     | reset_rewards          |
+-----------+------------------------+

[INFO] Recorder Manager:  <RecorderManager> contains 0 active terms.
+---------------------+
| Active Recorder Terms |
+-----------+---------+
|   Index   | Name    |
+-----------+---------+
+-----------+---------+

[INFO] Action Manager:  <ActionManager> contains 3 active terms.
+------------------------------------+
|  Active Action Terms (shape: 16)   |
+--------+-------------+-------------+
| Index  | Name        |   Dimension |
+--------+-------------+-------------+
|   0    | leg_pos     |          12 |
|   1    | wheel_vel   |           4 |
|   2    | arm_ik      |           0 |
+--------+-------------+-------------+

[INFO] Observation Manager: <ObservationManager> contains 1 groups.
+--------------------------------------------------+
| Active Observation Terms in Group: 'policy' (shape: (876,)) |
+----------------+-------------+-------------------+
|     Index      | Name        |       Shape       |
+----------------+-------------+-------------------+
|       0        | obs         |       (876,)      |
+----------------+-------------+-------------------+

[INFO] Termination Manager:  <TerminationManager> contains 4 active terms.
+--------------------------------+
|    Active Termination Terms    |
+-------+-------------+----------+
| Index | Name        | Time Out |
+-------+-------------+----------+
|   0   | time_out    |   True   |
|   1   | bad_contact |  False   |
|   2   | tilt        |  False   |
|   3   | low_height  |  False   |
+-------+-------------+----------+

[INFO] Reward Manager:  <RewardManager> contains 42 active terms.
+---------------------------------------------------------+
|                   Active Reward Terms                   |
+-------+--------------------------+----------------------+
| Index | Name                     |               Weight |
+-------+--------------------------+----------------------+
|   0   | term_bad_contact         |              -3000.0 |
|   1   | term_tilt                |              -3000.0 |
|   2   | term_low_height          |              -3000.0 |
|   3   | leg_action_l2            |               -0.003 |
|   4   | tracking_lin_vel         |                  0.0 |
|   5   | tracking_lin_vel_x_exp   |   0.8999999999999999 |
|   6   | tracking_ang_vel_yaw_l1  |                  0.0 |
|   7   | tracking_ang_vel_yaw_exp |   0.8999999999999999 |
|   8   | tracking_lin_vel_y_l2    |                  0.0 |
|   9   | tracking_lin_vel_z_l2    |                  0.0 |
|   10  | survive                  |                  0.0 |
|   11  | foot_contacts_z          |                  0.0 |
|   12  | torques                  |             -7.5e-06 |
|   13  | tracking_lin_vel_y       |                  0.0 |
|   14  | lin_vel_z                | -0.44999999999999996 |
|   15  | ang_vel_xy               |                -0.06 |
|   16  | tracking_ang_vel         |                0.075 |
|   17  | work                     |              -0.0009 |
|   18  | dof_acc                  |            -2.25e-07 |
|   19  | action_rate              |              -0.0045 |
|   20  | dof_pos_limits           |                 -3.0 |
|   21  | delta_torques            |               -3e-08 |
|   22  | collision                |                 -3.0 |
|   23  | walking_dof              |                 0.15 |
|   24  | hip_pos                  |                -0.06 |
|   25  | feet_jerk                |               -6e-05 |
|   26  | alive                    |                  0.3 |
|   27  | feet_drag                |               -0.024 |
|   28  | feet_contact_forces      |              -0.0003 |
|   29  | roll                     |                 -0.3 |
|   30  | base_height              |                 -1.5 |
|   31  | tracking_lin_vel_max     |                  0.3 |
|   32  | flat_orientation_l2      |                -0.15 |
|   33  | air_time_variance        | -0.44999999999999996 |
|   34  | feet_height              |                  0.0 |
|   35  | feet_air_time            |                0.015 |
|   36  | update_last_buffers      |                  0.0 |
|   37  | wheel_idle_speed         |              -0.0009 |
|   38  | wheel_action_l2          |              -0.0003 |
|   39  | wheel_action_rate        |              -0.0006 |
|   40  | wheel_forward_use        |                 0.18 |
|   41  | wheel_turn_support       |                0.135 |
+-------+--------------------------+----------------------+

[INFO] Curriculum Manager:  <CurriculumManager> contains 0 active terms.
+----------------------+
| Active Curriculum Terms |
+-----------+----------+
|   Index   | Name     |
+-----------+----------+
+-----------+----------+

[INFO]: Completed setting up the environment...
--------------------------------------------------------------------------------
Resolved observation sets: 
	 policy :  ['policy']
	 critic :  ['policy']
--------------------------------------------------------------------------------
Actor MLP: MLP(
  (0): Linear(in_features=876, out_features=256, bias=True)
  (1): ELU(alpha=1.0)
  (2): Linear(in_features=256, out_features=128, bias=True)
  (3): ELU(alpha=1.0)
  (4): Linear(in_features=128, out_features=16, bias=True)
)
Critic MLP: MLP(
  (0): Linear(in_features=876, out_features=256, bias=True)
  (1): ELU(alpha=1.0)
  (2): Linear(in_features=256, out_features=128, bias=True)
  (3): ELU(alpha=1.0)
  (4): Linear(in_features=128, out_features=1, bias=True)
)
[INFO]: Loading model checkpoint from: /root/gpufree-data/zyb_v0_lower_init_zero_wheel.pt
[INFO] Action exploration std fixed to: 0.120000
[INFO] Leg action exploration std set to: 0.080000
[INFO] Wheel action exploration std fixed to: 0.100000
################################################################################
                     [1m Learning iteration 1122/1222 [0m                     

                       Computation: 577 steps/s (collection: 5.132s, learning 0.191s)
             Mean action noise std: 0.09
          Mean value_function loss: 3282.7021
               Mean surrogate loss: 0.0477
                 Mean entropy loss: -16.8161
                       Mean reward: -79.09
               Mean episode length: 13.45
   Episode_Reward/term_bad_contact: 0.0000
          Episode_Reward/term_tilt: -4.2778
    Episode_Reward/term_low_height: 0.0000
      Episode_Reward/leg_action_l2: -0.0038
   Episode_Reward/tracking_lin_vel: 0.0000
Episode_Reward/tracking_lin_vel_x_exp: 0.0097
Episode_Reward/tracking_ang_vel_yaw_l1: 0.0000
Episode_Reward/tracking_ang_vel_yaw_exp: 0.0071
Episode_Reward/tracking_lin_vel_y_l2: 0.0000
Episode_Reward/tracking_lin_vel_z_l2: 0.0000
            Episode_Reward/survive: 0.0000
    Episode_Reward/foot_contacts_z: 0.0000
            Episode_Reward/torques: -0.0150
 Episode_Reward/tracking_lin_vel_y: 0.0000
          Episode_Reward/lin_vel_z: -0.0019
         Episode_Reward/ang_vel_xy: -0.0110
   Episode_Reward/tracking_ang_vel: 0.0012
               Episode_Reward/work: -0.3484
            Episode_Reward/dof_acc: -0.6428
        Episode_Reward/action_rate: -0.0039
     Episode_Reward/dof_pos_limits: -0.0000
      Episode_Reward/delta_torques: -0.0001
          Episode_Reward/collision: -0.1617
        Episode_Reward/walking_dof: 0.0034
            Episode_Reward/hip_pos: -0.0018
          Episode_Reward/feet_jerk: 0.0000
              Episode_Reward/alive: 0.0121
          Episode_Reward/feet_drag: -0.0018
Episode_Reward/feet_contact_forces: -0.0079
               Episode_Reward/roll: -0.0013
        Episode_Reward/base_height: -0.0037
Episode_Reward/tracking_lin_vel_max: 0.0007
Episode_Reward/flat_orientation_l2: -0.0008
  Episode_Reward/air_time_variance: -0.0001
        Episode_Reward/feet_height: 0.0000
      Episode_Reward/feet_air_time: -0.0000
Episode_Reward/update_last_buffers: 0.0000
   Episode_Reward/wheel_idle_speed: -0.8226
    Episode_Reward/wheel_action_l2: -0.0000
  Episode_Reward/wheel_action_rate: 0.0000
  Episode_Reward/wheel_forward_use: 0.0003
 Episode_Reward/wheel_turn_support: 0.0002
   Metrics/locomotion/error_vel_xy: 0.0284
  Metrics/locomotion/error_vel_yaw: 0.0416
      Episode_Termination/time_out: 0.0518
   Episode_Termination/bad_contact: 0.0000
          Episode_Termination/tilt: 0.0573
    Episode_Termination/low_height: 0.0000
--------------------------------------------------------------------------------
                   Total timesteps: 3072
                    Iteration time: 5.32s
                      Time elapsed: 00:00:05
                               ETA: 00:08:52

Could not find git repository in /workspace/isaaclab/_isaac_sim/kit/python/lib/python3.11/site-packages/rsl_rl/__init__.py. Skipping.
Could not find git repository in /root/gpufree-data/tandem_hrl_620d798/scripts/rsl_rl/train.py. Skipping.
################################################################################
                     [1m Learning iteration 1123/1222 [0m                     

                       Computation: 870 steps/s (collection: 3.432s, learning 0.097s)
             Mean action noise std: 0.09
          Mean value_function loss: 52.0258
               Mean surrogate loss: 0.0199
                 Mean entropy loss: -16.8161
                       Mean reward: -71.22
               Mean episode length: 21.09
   Episode_Reward/term_bad_contact: 0.0000
          Episode_Reward/term_tilt: -1.6667
    Episode_Reward/term_low_height: 0.0000
      Episode_Reward/leg_action_l2: -0.0079
   Episode_Reward/tracking_lin_vel: 0.0000
Episode_Reward/tracking_lin_vel_x_exp: 0.0474
Episode_Reward/tracking_ang_vel_yaw_l1: 0.0000
Episode_Reward/tracking_ang_vel_yaw_exp: 0.0233
Episode_Reward/tracking_lin_vel_y_l2: 0.0000
Episode_Reward/tracking_lin_vel_z_l2: 0.0000
            Episode_Reward/survive: 0.0000
    Episode_Reward/foot_contacts_z: 0.0000
            Episode_Reward/torques: -0.0345
 Episode_Reward/tracking_lin_vel_y: 0.0000
          Episode_Reward/lin_vel_z: -0.0033
         Episode_Reward/ang_vel_xy: -0.0147
   Episode_Reward/tracking_ang_vel: 0.0037
               Episode_Reward/work: -0.4466
            Episode_Reward/dof_acc: -0.8399
        Episode_Reward/action_rate: -0.0084
     Episode_Reward/dof_pos_limits: -0.0001
      Episode_Reward/delta_torques: -0.0001
          Episode_Reward/collision: -0.6119
        Episode_Reward/walking_dof: 0.0085
            Episode_Reward/hip_pos: -0.0061
          Episode_Reward/feet_jerk: 0.0000
              Episode_Reward/alive: 0.0349
          Episode_Reward/feet_drag: -0.0036
Episode_Reward/feet_contact_forces: -0.0232
               Episode_Reward/roll: -0.0029
        Episode_Reward/base_height: -0.0171
Episode_Reward/tracking_lin_vel_max: 0.0215
Episode_Reward/flat_orientation_l2: -0.0018
  Episode_Reward/air_time_variance: -0.0003
        Episode_Reward/feet_height: 0.0000
      Episode_Reward/feet_air_time: -0.0000
Episode_Reward/update_last_buffers: 0.0000
   Episode_Reward/wheel_idle_speed: -2.0996
    Episode_Reward/wheel_action_l2: -0.0000
  Episode_Reward/wheel_action_rate: 0.0000
  Episode_Reward/wheel_forward_use: 0.0014
 Episode_Reward/wheel_turn_support: 0.0013
   Metrics/locomotion/error_vel_xy: 0.0534
  Metrics/locomotion/error_vel_yaw: 0.1196
      Episode_Termination/time_out: 0.1663
   Episode_Termination/bad_contact: 0.0000
          Episode_Termination/tilt: 0.1406
    Episode_Termination/low_height: 0.0000
--------------------------------------------------------------------------------
                   Total timesteps: 6144
                    Iteration time: 3.53s
                      Time elapsed: 00:00:08
                               ETA: 00:07:18

################################################################################
                     [1m Learning iteration 1124/1222 [0m                     

                       Computation: 905 steps/s (collection: 3.303s, learning 0.091s)
             Mean action noise std: 0.09
          Mean value_function loss: 15.7052
               Mean surrogate loss: 0.0416
                 Mean entropy loss: -16.8161
                       Mean reward: -65.31
               Mean episode length: 27.39
   Episode_Reward/term_bad_contact: 0.0000
          Episode_Reward/term_tilt: -1.6667
    Episode_Reward/term_low_height: 0.0000
      Episode_Reward/leg_action_l2: -0.0121
   Episode_Reward/tracking_lin_vel: 0.0000
Episode_Reward/tracking_lin_vel_x_exp: 0.0582
Episode_Reward/tracking_ang_vel_yaw_l1: 0.0000
Episode_Reward/tracking_ang_vel_yaw_exp: 0.0522
Episode_Reward/tracking_lin_vel_y_l2: 0.0000
Episode_Reward/tracking_lin_vel_z_l2: 0.0000
            Episode_Reward/survive: 0.0000
    Episode_Reward/foot_contacts_z: 0.0000
            Episode_Reward/torques: -0.0524
 Episode_Reward/tracking_lin_vel_y: 0.0000
          Episode_Reward/lin_vel_z: -0.0014
         Episode_Reward/ang_vel_xy: -0.0156
   Episode_Reward/tracking_ang_vel: 0.0077
               Episode_Reward/work: -0.4275
            Episode_Reward/dof_acc: -0.7244
        Episode_Reward/action_rate: -0.0114
     Episode_Reward/dof_pos_limits: -0.0001
      Episode_Reward/delta_torques: -0.0001
          Episode_Reward/collision: -1.1499
        Episode_Reward/walking_dof: 0.0199
            Episode_Reward/hip_pos: -0.0104
          Episode_Reward/feet_jerk: 0.0000
              Episode_Reward/alive: 0.0585
          Episode_Reward/feet_drag: -0.0043
Episode_Reward/feet_contact_forces: -0.0381
               Episode_Reward/roll: -0.0086
        Episode_Reward/base_height: -0.0300
Episode_Reward/tracking_lin_vel_max: 0.0106
Episode_Reward/flat_orientation_l2: -0.0049
  Episode_Reward/air_time_variance: -0.0010
        Episode_Reward/feet_height: 0.0000
      Episode_Reward/feet_air_time: -0.0000
Episode_Reward/update_last_buffers: 0.0000
   Episode_Reward/wheel_idle_speed: -0.8732
    Episode_Reward/wheel_action_l2: -0.0000
  Episode_Reward/wheel_action_rate: 0.0000
  Episode_Reward/wheel_forward_use: 0.0043
 Episode_Reward/wheel_turn_support: 0.0036
   Metrics/locomotion/error_vel_xy: 0.1142
  Metrics/locomotion/error_vel_yaw: 0.1527
      Episode_Termination/time_out: 0.2467
   Episode_Termination/bad_contact: 0.0000
          Episode_Termination/tilt: 0.1497
    Episode_Termination/low_height: 0.0000
--------------------------------------------------------------------------------
                   Total timesteps: 9216
                    Iteration time: 3.39s
                      Time elapsed: 00:00:12
                               ETA: 00:06:40

################################################################################
                     [1m Learning iteration 1125/1222 [0m                     

                       Computation: 888 steps/s (collection: 3.369s, learning 0.087s)
             Mean action noise std: 0.09
          Mean value_function loss: 5.0099
               Mean surrogate loss: 0.0315
                 Mean entropy loss: -16.8161
                       Mean reward: -60.36
               Mean episode length: 36.34
   Episode_Reward/term_bad_contact: 0.0000
          Episode_Reward/term_tilt: -0.4167
    Episode_Reward/term_low_height: 0.0000
      Episode_Reward/leg_action_l2: -0.0123
   Episode_Reward/tracking_lin_vel: 0.0000
Episode_Reward/tracking_lin_vel_x_exp: 0.0860
Episode_Reward/tracking_ang_vel_yaw_l1: 0.0000
Episode_Reward/tracking_ang_vel_yaw_exp: 0.0609
Episode_Reward/tracking_lin_vel_y_l2: 0.0000
Episode_Reward/tracking_lin_vel_z_l2: 0.0000
            Episode_Reward/survive: 0.0000
    Episode_Reward/foot_contacts_z: 0.0000
            Episode_Reward/torques: -0.0580
 Episode_Reward/tracking_lin_vel_y: 0.0000
          Episode_Reward/lin_vel_z: -0.0045
         Episode_Reward/ang_vel_xy: -0.0085
   Episode_Reward/tracking_ang_vel: 0.0112
               Episode_Reward/work: -0.3615
            Episode_Reward/dof_acc: -0.6948
        Episode_Reward/action_rate: -0.0103
     Episode_Reward/dof_pos_limits: -0.0001
      Episode_Reward/delta_torques: -0.0001
          Episode_Reward/collision: -1.5790
        Episode_Reward/walking_dof: 0.0283
            Episode_Reward/hip_pos: -0.0143
          Episode_Reward/feet_jerk: 0.0000
              Episode_Reward/alive: 0.0832
          Episode_Reward/feet_drag: -0.0048
Episode_Reward/feet_contact_forces: -0.0547
               Episode_Reward/roll: -0.0072
        Episode_Reward/base_height: -0.0588
Episode_Reward/tracking_lin_vel_max: 0.0243
Episode_Reward/flat_orientation_l2: -0.0024
  Episode_Reward/air_time_variance: -0.0007
        Episode_Reward/feet_height: 0.0000
      Episode_Reward/feet_air_time: -0.0000
Episode_Reward/update_last_buffers: 0.0000
   Episode_Reward/wheel_idle_speed: -0.5243
    Episode_Reward/wheel_action_l2: -0.0000
  Episode_Reward/wheel_action_rate: 0.0000
  Episode_Reward/wheel_forward_use: 0.0046
 Episode_Reward/wheel_turn_support: 0.0082
   Metrics/locomotion/error_vel_xy: 0.1407
  Metrics/locomotion/error_vel_yaw: 0.1822
      Episode_Termination/time_out: 0.3275
   Episode_Termination/bad_contact: 0.0000
          Episode_Termination/tilt: 0.1562
    Episode_Termination/low_height: 0.0000
--------------------------------------------------------------------------------
                   Total timesteps: 12288
                    Iteration time: 3.46s
                      Time elapsed: 00:00:15
                               ETA: 00:06:20

################################################################################
                     [1m Learning iteration 1126/1222 [0m                     

                       Computation: 884 steps/s (collection: 3.377s, learning 0.095s)
             Mean action noise std: 0.09
          Mean value_function loss: 1.5298
               Mean surrogate loss: 0.0325
                 Mean entropy loss: -16.8161
                       Mean reward: -58.11
               Mean episode length: 43.00
   Episode_Reward/term_bad_contact: 0.0000
          Episode_Reward/term_tilt: 0.0000
    Episode_Reward/term_low_height: 0.0000
      Episode_Reward/leg_action_l2: -0.0169
   Episode_Reward/tracking_lin_vel: 0.0000
Episode_Reward/tracking_lin_vel_x_exp: 0.0812
Episode_Reward/tracking_ang_vel_yaw_l1: 0.0000
Episode_Reward/tracking_ang_vel_yaw_exp: 0.0990
Episode_Reward/tracking_lin_vel_y_l2: 0.0000
Episode_Reward/tracking_lin_vel_z_l2: 0.0000
            Episode_Reward/survive: 0.0000
    Episode_Reward/foot_contacts_z: 0.0000
            Episode_Reward/torques: -0.0777
 Episode_Reward/tracking_lin_vel_y: 0.0000
          Episode_Reward/lin_vel_z: -0.0043
         Episode_Reward/ang_vel_xy: -0.0113
   Episode_Reward/tracking_ang_vel: 0.0152
               Episode_Reward/work: -0.4553
            Episode_Reward/dof_acc: -0.9757
        Episode_Reward/action_rate: -0.0127
     Episode_Reward/dof_pos_limits: -0.0001
      Episode_Reward/delta_torques: -0.0002
          Episode_Reward/collision: -2.0263
        Episode_Reward/walking_dof: 0.0384
            Episode_Reward/hip_pos: -0.0195
          Episode_Reward/feet_jerk: 0.0000
              Episode_Reward/alive: 0.1057
          Episode_Reward/feet_drag: -0.0057
Episode_Reward/feet_contact_forces: -0.0696
               Episode_Reward/roll: -0.0074
        Episode_Reward/base_height: -0.0675
Episode_Reward/tracking_lin_vel_max: 0.0188
Episode_Reward/flat_orientation_l2: -0.0037
  Episode_Reward/air_time_variance: -0.0014
        Episode_Reward/feet_height: 0.0000
      Episode_Reward/feet_air_time: -0.0000
Episode_Reward/update_last_buffers: 0.0000
   Episode_Reward/wheel_idle_speed: -0.3231
    Episode_Reward/wheel_action_l2: -0.0000
  Episode_Reward/wheel_action_rate: 0.0000
  Episode_Reward/wheel_forward_use: 0.0116
 Episode_Reward/wheel_turn_support: 0.0081
   Metrics/locomotion/error_vel_xy: 0.1926
  Metrics/locomotion/error_vel_yaw: 0.2233
      Episode_Termination/time_out: 0.3919
   Episode_Termination/bad_contact: 0.0000
          Episode_Termination/tilt: 0.1562
    Episode_Termination/low_height: 0.0000
--------------------------------------------------------------------------------
                   Total timesteps: 15360
                    Iteration time: 3.47s
                      Time elapsed: 00:00:19
                               ETA: 00:06:08

################################################################################
                     [1m Learning iteration 1127/1222 [0m                     

                       Computation: 873 steps/s (collection: 3.434s, learning 0.083s)
             Mean action noise std: 0.09
          Mean value_function loss: 12.9979
               Mean surrogate loss: -0.0003
                 Mean entropy loss: -16.8161
                       Mean reward: -57.97
               Mean episode length: 53.04
   Episode_Reward/term_bad_contact: 0.0000
          Episode_Reward/term_tilt: -0.4167
    Episode_Reward/term_low_height: 0.0000
      Episode_Reward/leg_action_l2: -0.0238
   Episode_Reward/tracking_lin_vel: 0.0000
Episode_Reward/tracking_lin_vel_x_exp: 0.1301
Episode_Reward/tracking_ang_vel_yaw_l1: 0.0000
Episode_Reward/tracking_ang_vel_yaw_exp: 0.0525
Episode_Reward/tracking_lin_vel_y_l2: 0.0000
Episode_Reward/tracking_lin_vel_z_l2: 0.0000
            Episode_Reward/survive: 0.0000
    Episode_Reward/foot_contacts_z: 0.0000
            Episode_Reward/torques: -0.0996
 Episode_Reward/tracking_lin_vel_y: 0.0000
          Episode_Reward/lin_vel_z: -0.0059
         Episode_Reward/ang_vel_xy: -0.0075
   Episode_Reward/tracking_ang_vel: 0.0110
               Episode_Reward/work: -0.3636
            Episode_Reward/dof_acc: -0.6883
        Episode_Reward/action_rate: -0.0163
     Episode_Reward/dof_pos_limits: -0.0002
      Episode_Reward/delta_torques: -0.0002
          Episode_Reward/collision: -2.6478
        Episode_Reward/walking_dof: 0.0453
            Episode_Reward/hip_pos: -0.0231
          Episode_Reward/feet_jerk: 0.0000
              Episode_Reward/alive: 0.1302
          Episode_Reward/feet_drag: -0.0068
Episode_Reward/feet_contact_forces: -0.0868
               Episode_Reward/roll: -0.0077
        Episode_Reward/base_height: -0.0897
Episode_Reward/tracking_lin_vel_max: 0.0533
Episode_Reward/flat_orientation_l2: -0.0032
  Episode_Reward/air_time_variance: -0.0009
        Episode_Reward/feet_height: 0.0000
      Episode_Reward/feet_air_time: -0.0001
Episode_Reward/update_last_buffers: 0.0000
   Episode_Reward/wheel_idle_speed: -0.4825
    Episode_Reward/wheel_action_l2: -0.0000
  Episode_Reward/wheel_action_rate: 0.0000
  Episode_Reward/wheel_forward_use: 0.0010
 Episode_Reward/wheel_turn_support: 0.0161
   Metrics/locomotion/error_vel_xy: 0.2013
  Metrics/locomotion/error_vel_yaw: 0.3722
      Episode_Termination/time_out: 0.4385
   Episode_Termination/bad_contact: 0.0000
          Episode_Termination/tilt: 0.1595
    Episode_Termination/low_height: 0.0000
--------------------------------------------------------------------------------
                   Total timesteps: 18432
                    Iteration time: 3.52s
                      Time elapsed: 00:00:22
                               ETA: 00:05:59

################################################################################
                     [1m Learning iteration 1128/1222 [0m                     

                       Computation: 893 steps/s (collection: 3.347s, learning 0.091s)
             Mean action noise std: 0.09
          Mean value_function loss: 7.2889
               Mean surrogate loss: -0.0032
                 Mean entropy loss: -16.8161
                       Mean reward: -60.97
               Mean episode length: 59.44
   Episode_Reward/term_bad_contact: 0.0000
          Episode_Reward/term_tilt: -1.2500
    Episode_Reward/term_low_height: 0.0000
      Episode_Reward/leg_action_l2: -0.0227
   Episode_Reward/tracking_lin_vel: 0.0000
Episode_Reward/tracking_lin_vel_x_exp: 0.1774
Episode_Reward/tracking_ang_vel_yaw_l1: 0.0000
Episode_Reward/tracking_ang_vel_yaw_exp: 0.1198
Episode_Reward/tracking_lin_vel_y_l2: 0.0000
Episode_Reward/tracking_lin_vel_z_l2: 0.0000
            Episode_Reward/survive: 0.0000
    Episode_Reward/foot_contacts_z: 0.0000
            Episode_Reward/torques: -0.1092
 Episode_Reward/tracking_lin_vel_y: 0.0000
          Episode_Reward/lin_vel_z: -0.0038
         Episode_Reward/ang_vel_xy: -0.0122
   Episode_Reward/tracking_ang_vel: 0.0200
               Episode_Reward/work: -0.5797
            Episode_Reward/dof_acc: -1.2789
        Episode_Reward/action_rate: -0.0144
     Episode_Reward/dof_pos_limits: -0.0003
      Episode_Reward/delta_torques: -0.0002
          Episode_Reward/collision: -3.0533
        Episode_Reward/walking_dof: 0.0290
            Episode_Reward/hip_pos: -0.0278
          Episode_Reward/feet_jerk: 0.0000
              Episode_Reward/alive: 0.1504
          Episode_Reward/feet_drag: -0.0084
Episode_Reward/feet_contact_forces: -0.0997
               Episode_Reward/roll: -0.0186
        Episode_Reward/base_height: -0.1257
Episode_Reward/tracking_lin_vel_max: 0.0687
Episode_Reward/flat_orientation_l2: -0.0073
  Episode_Reward/air_time_variance: -0.0025
        Episode_Reward/feet_height: 0.0000
      Episode_Reward/feet_air_time: -0.0001
Episode_Reward/update_last_buffers: 0.0000
   Episode_Reward/wheel_idle_speed: -4.2743
    Episode_Reward/wheel_action_l2: -0.0000
  Episode_Reward/wheel_action_rate: 0.0000
  Episode_Reward/wheel_forward_use: 0.0001
 Episode_Reward/wheel_turn_support: 0.0121
   Metrics/locomotion/error_vel_xy: 0.2381
  Metrics/locomotion/error_vel_yaw: 0.3237
      Episode_Termination/time_out: 0.5010
   Episode_Termination/bad_contact: 0.0000
          Episode_Termination/tilt: 0.1641
    Episode_Termination/low_height: 0.0000
--------------------------------------------------------------------------------
                   Total timesteps: 21504
                    Iteration time: 3.44s
                      Time elapsed: 00:00:26
                               ETA: 00:05:50

################################################################################
                     [1m Learning iteration 1129/1222 [0m                     

                       Computation: 877 steps/s (collection: 3.411s, learning 0.089s)
             Mean action noise std: 0.09
          Mean value_function loss: 1.8959
               Mean surrogate loss: 0.0118
                 Mean entropy loss: -16.8161
                       Mean reward: -60.10
               Mean episode length: 70.48
   Episode_Reward/term_bad_contact: 0.0000
          Episode_Reward/term_tilt: 0.0000
    Episode_Reward/term_low_height: 0.0000
      Episode_Reward/leg_action_l2: -0.0259
   Episode_Reward/tracking_lin_vel: 0.0000
Episode_Reward/tracking_lin_vel_x_exp: 0.1883
Episode_Reward/tracking_ang_vel_yaw_l1: 0.0000
Episode_Reward/tracking_ang_vel_yaw_exp: 0.2304
Episode_Reward/tracking_lin_vel_y_l2: 0.0000
Episode_Reward/tracking_lin_vel_z_l2: 0.0000
            Episode_Reward/survive: 0.0000
    Episode_Reward/foot_contacts_z: 0.0000
            Episode_Reward/torques: -0.1179
 Episode_Reward/tracking_lin_vel_y: 0.0000
          Episode_Reward/lin_vel_z: -0.0052
         Episode_Reward/ang_vel_xy: -0.0124
   Episode_Reward/tracking_ang_vel: 0.0330
               Episode_Reward/work: -0.4114
            Episode_Reward/dof_acc: -0.6377
        Episode_Reward/action_rate: -0.0169
     Episode_Reward/dof_pos_limits: -0.0002
      Episode_Reward/delta_torques: -0.0002
          Episode_Reward/collision: -3.5756
        Episode_Reward/walking_dof: 0.0476
            Episode_Reward/hip_pos: -0.0331
          Episode_Reward/feet_jerk: 0.0000
              Episode_Reward/alive: 0.1788
          Episode_Reward/feet_drag: -0.0081
Episode_Reward/feet_contact_forces: -0.1189
               Episode_Reward/roll: -0.0152
        Episode_Reward/base_height: -0.1383
Episode_Reward/tracking_lin_vel_max: 0.0565
Episode_Reward/flat_orientation_l2: -0.0053
  Episode_Reward/air_time_variance: -0.0013
        Episode_Reward/feet_height: 0.0000
      Episode_Reward/feet_air_time: -0.0000
Episode_Reward/update_last_buffers: 0.0000
   Episode_Reward/wheel_idle_speed: -1.3992
    Episode_Reward/wheel_action_l2: -0.0000
  Episode_Reward/wheel_action_rate: 0.0000
  Episode_Reward/wheel_forward_use: 0.0267
 Episode_Reward/wheel_turn_support: 0.0039
   Metrics/locomotion/error_vel_xy: 0.2759
  Metrics/locomotion/error_vel_yaw: 0.2431
      Episode_Termination/time_out: 0.5547
   Episode_Termination/bad_contact: 0.0000
          Episode_Termination/tilt: 0.1641
    Episode_Termination/low_height: 0.0000
--------------------------------------------------------------------------------
                   Total timesteps: 24576
                    Iteration time: 3.50s
                      Time elapsed: 00:00:29
                               ETA: 00:05:44

################################################################################
                     [1m Learning iteration 1130/1222 [0m                     

                       Computation: 884 steps/s (collection: 3.374s, learning 0.100s)
             Mean action noise std: 0.09
          Mean value_function loss: 0.3913
               Mean surrogate loss: 0.0208
                 Mean entropy loss: -16.8161
                       Mean reward: -61.14
               Mean episode length: 83.31
   Episode_Reward/term_bad_contact: 0.0000
          Episode_Reward/term_tilt: 0.0000
    Episode_Reward/term_low_height: 0.0000
      Episode_Reward/leg_action_l2: -0.0309
   Episode_Reward/tracking_lin_vel: 0.0000
Episode_Reward/tracking_lin_vel_x_exp: 0.1655
Episode_Reward/tracking_ang_vel_yaw_l1: 0.0000
Episode_Reward/tracking_ang_vel_yaw_exp: 0.1284
Episode_Reward/tracking_lin_vel_y_l2: 0.0000
Episode_Reward/tracking_lin_vel_z_l2: 0.0000
            Episode_Reward/survive: 0.0000
    Episode_Reward/foot_contacts_z: 0.0000
            Episode_Reward/torques: -0.1446
 Episode_Reward/tracking_lin_vel_y: 0.0000
          Episode_Reward/lin_vel_z: -0.0046
         Episode_Reward/ang_vel_xy: -0.0125
   Episode_Reward/tracking_ang_vel: 0.0237
               Episode_Reward/work: -0.3708
            Episode_Reward/dof_acc: -0.5551
        Episode_Reward/action_rate: -0.0189
     Episode_Reward/dof_pos_limits: -0.0002
      Episode_Reward/delta_torques: -0.0003
          Episode_Reward/collision: -3.9742
        Episode_Reward/walking_dof: 0.0760
            Episode_Reward/hip_pos: -0.0362
          Episode_Reward/feet_jerk: 0.0000
              Episode_Reward/alive: 0.2027
          Episode_Reward/feet_drag: -0.0085
Episode_Reward/feet_contact_forces: -0.1334
               Episode_Reward/roll: -0.0156
        Episode_Reward/base_height: -0.1585
Episode_Reward/tracking_lin_vel_max: 0.0450
Episode_Reward/flat_orientation_l2: -0.0056
  Episode_Reward/air_time_variance: -0.0007
        Episode_Reward/feet_height: 0.0000
      Episode_Reward/feet_air_time: -0.0000
Episode_Reward/update_last_buffers: 0.0000
   Episode_Reward/wheel_idle_speed: -0.1110
    Episode_Reward/wheel_action_l2: -0.0000
  Episode_Reward/wheel_action_rate: 0.0000
  Episode_Reward/wheel_forward_use: 0.0163
 Episode_Reward/wheel_turn_support: 0.0149
   Metrics/locomotion/error_vel_xy: 0.3945
  Metrics/locomotion/error_vel_yaw: 0.4866
      Episode_Termination/time_out: 0.6061
   Episode_Termination/bad_contact: 0.0000
          Episode_Termination/tilt: 0.1641
    Episode_Termination/low_height: 0.0000
--------------------------------------------------------------------------------
                   Total timesteps: 27648
                    Iteration time: 3.47s
                      Time elapsed: 00:00:33
                               ETA: 00:05:38

################################################################################
                     [1m Learning iteration 1131/1222 [0m                     

                       Computation: 899 steps/s (collection: 3.325s, learning 0.088s)
             Mean action noise std: 0.09
          Mean value_function loss: 0.4324
               Mean surrogate loss: 0.0132
                 Mean entropy loss: -16.8161
                       Mean reward: -58.97
               Mean episode length: 89.68
   Episode_Reward/term_bad_contact: 0.0000
          Episode_Reward/term_tilt: 0.0000
    Episode_Reward/term_low_height: 0.0000
      Episode_Reward/leg_action_l2: -0.0373
   Episode_Reward/tracking_lin_vel: 0.0000
Episode_Reward/tracking_lin_vel_x_exp: 0.2074
Episode_Reward/tracking_ang_vel_yaw_l1: 0.0000
Episode_Reward/tracking_ang_vel_yaw_exp: 0.0870
Episode_Reward/tracking_lin_vel_y_l2: 0.0000
Episode_Reward/tracking_lin_vel_z_l2: 0.0000
            Episode_Reward/survive: 0.0000
    Episode_Reward/foot_contacts_z: 0.0000
            Episode_Reward/torques: -0.1695
 Episode_Reward/tracking_lin_vel_y: 0.0000
          Episode_Reward/lin_vel_z: -0.0031
         Episode_Reward/ang_vel_xy: -0.0163
   Episode_Reward/tracking_ang_vel: 0.0198
               Episode_Reward/work: -0.4810
            Episode_Reward/dof_acc: -0.9285
        Episode_Reward/action_rate: -0.0230
     Episode_Reward/dof_pos_limits: -0.0003
      Episode_Reward/delta_torques: -0.0003
          Episode_Reward/collision: -4.3450
        Episode_Reward/walking_dof: 0.0848
            Episode_Reward/hip_pos: -0.0420
          Episode_Reward/feet_jerk: 0.0000
              Episode_Reward/alive: 0.2238
          Episode_Reward/feet_drag: -0.0089
Episode_Reward/feet_contact_forces: -0.1477
               Episode_Reward/roll: -0.0232
        Episode_Reward/base_height: -0.1763
Episode_Reward/tracking_lin_vel_max: 0.0376
Episode_Reward/flat_orientation_l2: -0.0065
  Episode_Reward/air_time_variance: -0.0026
        Episode_Reward/feet_height: 0.0000
      Episode_Reward/feet_air_time: -0.0000
Episode_Reward/update_last_buffers: 0.0000
   Episode_Reward/wheel_idle_speed: -0.0001
    Episode_Reward/wheel_action_l2: -0.0000
  Episode_Reward/wheel_action_rate: 0.0000
  Episode_Reward/wheel_forward_use: 0.0000
 Episode_Reward/wheel_turn_support: 0.0360
   Metrics/locomotion/error_vel_xy: 0.3711
  Metrics/locomotion/error_vel_yaw: 0.6193
      Episode_Termination/time_out: 0.6595
   Episode_Termination/bad_contact: 0.0000
          Episode_Termination/tilt: 0.1641
    Episode_Termination/low_height: 0.0000
--------------------------------------------------------------------------------
                   Total timesteps: 30720
                    Iteration time: 3.41s
                      Time elapsed: 00:00:36
                               ETA: 00:05:32
